NOTICE:  topology.canonical_enforcement: examined 0 canonical tables []
topology: seven application roles reconciled and verified
[2026-09-20T12:54:27.718-04:00] Build ID: b1251d1d-ebe7-4651-971c-af31b876aa9d
[2026-09-20T12:54:27.718-04:00] File Watcher fresh instance: cleared graph state
[2026-09-20T12:54:34.817-04:00] Waiting on root//third-party/rust:pem-3.0.6.crate (prelude//platforms:default#39893c7e49283da4) -- action (write pem-3.0.6.crate_unpack.sh), and 625 other actions
[2026-09-20T12:54:41.917-04:00] Waiting on root//third-party/rust:proc-macro2-1-build-script-run (prelude//platforms:default#39893c7e49283da4) -- action (write __ld_shim.sh), and 705 other actions
[2026-09-20T12:54:49.017-04:00] Waiting on root//third-party/rust:object-0.37-build-script-build (prelude//platforms:default#5732820ad45f622d) -- action (write XIPL/build_script_build-link-diag.args), and 185 other actions
[2026-09-20T12:54:53.286-04:00] Network: Up: 0B  Down: 0B
BUILD SUCCEEDED
[2026-09-20T12:54:53.394-04:00] Build ID: 6d5d2b72-cc32-420e-9172-4a3eb1bd2a7d
[2026-09-20T12:54:53.394-04:00] File Watcher fresh instance: cleared graph state
[2026-09-20T12:55:00.493-04:00] Waiting on root//third-party/rust:atoi_simd-0.17.0.crate (prelude//platforms:default#39893c7e49283da4) -- action (download_file archive.tar.gz), and 803 other actions
[2026-09-20T12:55:07.693-04:00] Waiting on root//third-party/rust:nu-ansi-term-0.50 (prelude//platforms:default#39893c7e49283da4) -- action (write_json LPPF-depsfull-symlinked_dirs.json), and 760 other actions
[2026-09-20T12:55:16.092-04:00] Waiting on root//third-party/rust:const_format-0.2 (prelude//platforms:default#39893c7e49283da4) -- action (write_json LPPF-depsfull-symlinked_dirs.json), and 270 other actions
[2026-09-20T12:55:23.394-04:00] Waiting on Test app-auth-rest-pg --  [local_execute]
[2026-09-20T12:55:30.492-04:00] Waiting on Test app-auth-rest-pg --  [local_execute]
[2026-09-20T12:55:37.493-04:00] Waiting on Test app-auth-rest-pg --  [local_execute]
[2026-09-20T12:55:44.494-04:00] Waiting on Test app-auth-rest-pg --  [local_execute]
[2026-09-20T12:55:51.593-04:00] Waiting on Test app-auth-rest-pg --  [local_execute]
[2026-09-20T12:55:53.910-04:00] ✓ Pass: root//tools/buck:app-auth-rest-pg (32.8s)
[2026-09-20T12:55:53.910-04:00] ---- STDOUT ----
[2026-09-20T12:55:53.910-04:00]
[2026-09-20T12:55:53.910-04:00] running 1 test
[2026-09-20T12:55:53.910-04:00] test legacy_platform_list_reads::histories::legacy_platform_group_reads::legacy_platform_group_credentials::direct_group_owner_reverifies_raw_credentials_and_current_role ... ok
[2026-09-20T12:55:53.910-04:00]
[2026-09-20T12:55:53.910-04:00] test result: ok. 1 passed; 0 failed; 0 ignored; 0 measured; 475 filtered out; finished in 32.70s
[2026-09-20T12:55:53.910-04:00]
[2026-09-20T12:55:53.910-04:00]
[2026-09-20T12:55:53.910-04:00] ---- STDERR ----
[2026-09-20T12:55:53.910-04:00]
[2026-09-20T12:55:53.940-04:00] Network: Up: 0B  Down: 0B
Tests finished: [mPass 1[m. Fail 0. Timeout 0. Fatal 0. Skip 0. Omit 0. Infra Failure 0. Build failure 0
