NOTICE:  topology.canonical_enforcement: examined 0 canonical tables []
topology: seven application roles reconciled and verified
[2026-09-20T12:51:29.168-04:00] Build ID: fde50706-2b30-4479-9798-ad7d23b16460
[2026-09-20T12:51:29.169-04:00] File Watcher fresh instance: cleared graph state
[2026-09-20T12:51:36.264-04:00] Waiting on root//third-party/rust:event-listener-5.4.1.crate (prelude//platforms:default#39893c7e49283da4) -- action (write event-listener-5.4.1.crate_unpack.sh), and 783 other actions
[2026-09-20T12:51:45.383-04:00] Waiting on root//third-party/rust:prost-0.14 (prelude//platforms:default#39893c7e49283da4) -- action (write_json LPPF-depsfull-symlinked_dirs.json), and 779 other actions
[2026-09-20T12:51:52.764-04:00] Waiting on root//third-party/rust:asn1-rs-0.6 (prelude//platforms:default#39893c7e49283da4) -- action (write_json LPPL-depsfull-symlinked_dirs.json), and 348 other actions
[2026-09-20T12:51:55.958-04:00] Network: Up: 0B  Down: 0B
BUILD SUCCEEDED
[2026-09-20T12:51:56.058-04:00] Build ID: 0c822d1d-a0fa-45fd-b4c5-9b272f2a8c8a
[2026-09-20T12:51:56.061-04:00] File Watcher fresh instance: cleared graph state
[2026-09-20T12:52:03.108-04:00] Waiting on root//third-party/rust:_wasm-bindgen-macro-0.2 (prelude//platforms:default#11a256c53bf8083e) -- action (write linker_wrapper.sh), and 591 other actions
[2026-09-20T12:52:10.208-04:00] Waiting on root//third-party/rust:futures-channel-0.3 (prelude//platforms:default#39893c7e49283da4) -- action (write_json LPPF-depsfull-symlinked_dirs.json), and 754 other actions
[2026-09-20T12:52:17.908-04:00] Waiting on root//third-party/rust:getrandom-0.3 (prelude//platforms:default#39893c7e49283da4) -- action (write LPPL/getrandom-link-diag.args), and 227 other actions
[2026-09-20T12:52:22.271-04:00] ✓ Pass: root//tools/buck:app-auth-rest-pg (0.1s)
[2026-09-20T12:52:22.271-04:00] ---- STDOUT ----
[2026-09-20T12:52:22.271-04:00]
[2026-09-20T12:52:22.271-04:00] running 1 test
[2026-09-20T12:52:22.271-04:00] test legacy_platform_list_reads::histories::legacy_platform_group_reads::group_audit_allstate_oracle_rejects_omission_corruption_and_rewritten_history ... ok
[2026-09-20T12:52:22.271-04:00]
[2026-09-20T12:52:22.271-04:00] test result: ok. 1 passed; 0 failed; 0 ignored; 0 measured; 475 filtered out; finished in 0.01s
[2026-09-20T12:52:22.271-04:00]
[2026-09-20T12:52:22.271-04:00]
[2026-09-20T12:52:22.271-04:00] ---- STDERR ----
[2026-09-20T12:52:22.271-04:00]
[2026-09-20T12:52:22.371-04:00] Network: Up: 0B  Down: 0B
Tests finished: [mPass 1[m. Fail 0. Timeout 0. Fatal 0. Skip 0. Omit 0. Infra Failure 0. Build failure 0
