NOTICE:  topology.canonical_enforcement: examined 0 canonical tables []
topology: seven application roles reconciled and verified
[2026-09-20T12:53:21.223-04:00] Build ID: d43441a7-e8ea-4788-9c20-a76af07be73e
[2026-09-20T12:53:21.223-04:00] File Watcher fresh instance: cleared graph state
[2026-09-20T12:53:28.321-04:00] Waiting on root//third-party/rust:_paste-1 (prelude//platforms:default#11a256c53bf8083e) -- action (write linker_wrapper.sh), and 781 other actions
[2026-09-20T12:53:35.421-04:00] Waiting on root//third-party/rust:crossbeam-utils-0.8-build-script-run (prelude//platforms:default#39893c7e49283da4) -- action (write __ld_shim.sh), and 840 other actions
[2026-09-20T12:53:42.522-04:00] Waiting on root//third-party/rust:block-buffer-0.12 (prelude//platforms:default#39893c7e49283da4) -- action (write_json LPPL-depsfull-symlinked_dirs.json), and 253 other actions
[2026-09-20T12:53:47.442-04:00] Network: Up: 0B  Down: 0B
BUILD SUCCEEDED
[2026-09-20T12:53:47.570-04:00] Build ID: b4a42bde-e9dd-4194-b3f0-00f9db7a6619
[2026-09-20T12:53:47.571-04:00] File Watcher fresh instance: cleared graph state
[2026-09-20T12:53:54.649-04:00] Waiting on root//third-party/rust:tower-layer-0.3 (prelude//platforms:default#39893c7e49283da4) -- action (write_json LPPF-depsfull-symlinked_dirs.json), and 697 other actions
[2026-09-20T12:54:01.748-04:00] Waiting on root//third-party/rust:hashbrown-0.16 (prelude//platforms:default#39893c7e49283da4) -- action (write_json LPPF-depsfull-symlinked_dirs.json), and 670 other actions
[2026-09-20T12:54:09.149-04:00] Waiting on root//third-party/rust:indexmap-2 (prelude//platforms:default#5732820ad45f622d) -- action (write_json LPPF-depsfull-symlinked_dirs.json), and 404 other actions
[2026-09-20T12:54:16.549-04:00] Waiting on Test app-auth-rest-pg --  [local_execute]
[2026-09-20T12:54:23.648-04:00] Waiting on Test app-auth-rest-pg --  [local_execute]
[2026-09-20T12:54:25.864-04:00] ✓ Pass: root//tools/buck:app-auth-rest-pg (10.5s)
[2026-09-20T12:54:25.864-04:00] ---- STDOUT ----
[2026-09-20T12:54:25.864-04:00]
[2026-09-20T12:54:25.864-04:00] running 1 test
[2026-09-20T12:54:25.864-04:00] test legacy_platform_list_reads::histories::legacy_platform_group_reads::mounted_group_list_current_member_denies_and_recovers ... ok
[2026-09-20T12:54:25.864-04:00]
[2026-09-20T12:54:25.864-04:00] test result: ok. 1 passed; 0 failed; 0 ignored; 0 measured; 475 filtered out; finished in 10.43s
[2026-09-20T12:54:25.864-04:00]
[2026-09-20T12:54:25.864-04:00]
[2026-09-20T12:54:25.864-04:00] ---- STDERR ----
[2026-09-20T12:54:25.864-04:00]
[2026-09-20T12:54:25.890-04:00] Network: Up: 0B  Down: 0B
Tests finished: [mPass 1[m. Fail 0. Timeout 0. Fatal 0. Skip 0. Omit 0. Infra Failure 0. Build failure 0
