NOTICE:  topology.canonical_enforcement: examined 0 canonical tables []
topology: seven application roles reconciled and verified
[2026-09-20T12:50:29.884-04:00] Build ID: 52995feb-f307-43d6-bbe9-9c68049047a4
[2026-09-20T12:50:29.884-04:00] File Watcher fresh instance: cleared graph state
[2026-09-20T12:50:36.983-04:00] Waiting on root//third-party/rust:core-foundation-sys-0.8.7.crate (prelude//platforms:default#39893c7e49283da4) -- action (write core-foundation-sys-0.8.7.crate_unpack.sh), and 615 other actions
[2026-09-20T12:50:44.782-04:00] Waiting on root//third-party/rust:cfg-if-1 (prelude//platforms:default#39893c7e49283da4) -- action (write_json LPPF-depsfull-symlinked_dirs.json), and 701 other actions
[2026-09-20T12:50:51.880-04:00] Waiting on root//third-party/rust:siphasher-1.0.3.crate (prelude//platforms:default#5732820ad45f622d) -- action (write siphasher-1.0.3.crate_unpack.sh), and 311 other actions
[2026-09-20T12:50:56.911-04:00] Network: Up: 0B  Down: 0B
BUILD SUCCEEDED
[2026-09-20T12:50:57.012-04:00] Build ID: 8ab94b4f-b0e2-430c-b2a1-b7978ae55dcc
[2026-09-20T12:50:57.012-04:00] File Watcher fresh instance: cleared graph state
[2026-09-20T12:51:04.111-04:00] Waiting on root//third-party/rust:ryu-1 (prelude//platforms:default#39893c7e49283da4) -- action (write_json LPPF-depsfull-symlinked_dirs.json), and 621 other actions
[2026-09-20T12:51:11.210-04:00] Waiting on root//third-party/rust:base64-0.23 (prelude//platforms:default#39893c7e49283da4) -- action (write_json LPPL-depsfull-symlinked_dirs.json), and 713 other actions
[2026-09-20T12:51:19.510-04:00] Waiting on root//third-party/rust:serde_with-3.21.0.crate (prelude//platforms:default#39893c7e49283da4) -- action (write serde_with-3.21.0.crate_unpack.sh), and 505 other actions
[2026-09-20T12:51:26.610-04:00] Waiting on root//backend/crates/platform/provisioning:console-platform-provisioning (prelude//platforms:default#39893c7e49283da4) -- action (write LPPF/console_platform_provisioning-metadata-full-diag.args), and 167 other actions
[2026-09-20T12:51:27.103-04:00] ✓ Pass: root//tools/buck:app-auth-rest-pg (0.2s)
[2026-09-20T12:51:27.103-04:00] ---- STDOUT ----
[2026-09-20T12:51:27.103-04:00]
[2026-09-20T12:51:27.103-04:00] running 1 test
[2026-09-20T12:51:27.103-04:00] test legacy_platform_list_reads::histories::legacy_platform_list_credentials::list_transport_selection_preserves_sibling_routes_and_methods ... ok
[2026-09-20T12:51:27.103-04:00]
[2026-09-20T12:51:27.103-04:00] test result: ok. 1 passed; 0 failed; 0 ignored; 0 measured; 475 filtered out; finished in 0.00s
[2026-09-20T12:51:27.103-04:00]
[2026-09-20T12:51:27.103-04:00]
[2026-09-20T12:51:27.103-04:00] ---- STDERR ----
[2026-09-20T12:51:27.103-04:00]
[2026-09-20T12:51:27.200-04:00] Network: Up: 0B  Down: 0B
Tests finished: [mPass 1[m. Fail 0. Timeout 0. Fatal 0. Skip 0. Omit 0. Infra Failure 0. Build failure 0
