NOTICE:  topology.canonical_enforcement: examined 0 canonical tables []
topology: seven application roles reconciled and verified
[2026-09-20T12:55:55.782-04:00] Build ID: 74a826fa-609a-46f8-ae14-63fcd5a4a0e6
[2026-09-20T12:55:55.782-04:00] File changed (since mergebase): root//docs/specs/foundation-gates.md
[2026-09-20T12:55:55.782-04:00] File changed (since mergebase): root//docs/specs/review-fix-merge-governance.md
[2026-09-20T12:55:55.782-04:00] File changed (since mergebase): root//docs/CI-GATES.md
[2026-09-20T12:55:55.782-04:00] 4 additional file change events (since mergebase)
[2026-09-20T12:55:55.782-04:00] File Watcher fresh instance: cleared graph state
[2026-09-20T12:56:02.880-04:00] Waiting on root//third-party/rust:moka-0.12.15.crate (prelude//platforms:default#39893c7e49283da4) -- action (download_file archive.tar.gz), and 804 other actions
[2026-09-20T12:56:10.081-04:00] Waiting on root//third-party/rust:futures-sink-0.3 (prelude//platforms:default#39893c7e49283da4) -- action (write_json LPPL-depsfull-symlinked_dirs.json), and 565 other actions
[2026-09-20T12:56:17.280-04:00] Waiting on root//backend/crates/platform/audit-chain:console-platform-audit-chain (prelude//platforms:default#39893c7e49283da4) -- action (write_json LPPL-depsfull-symlinked_dirs.json), and 15 other actions
[2026-09-20T12:56:18.076-04:00] Network: Up: 0B  Down: 0B
BUILD SUCCEEDED
[2026-09-20T12:56:18.183-04:00] Build ID: 8a1d8c5f-0bed-4a6a-8043-3f679064a633
[2026-09-20T12:56:18.183-04:00] File Watcher fresh instance: cleared graph state
[2026-09-20T12:56:25.282-04:00] Waiting on root//third-party/rust:cipher-0.4.4.crate (prelude//platforms:default#39893c7e49283da4) -- action (write cipher-0.4.4.crate_unpack.sh), and 669 other actions
[2026-09-20T12:56:32.381-04:00] Waiting on root//third-party/rust:generic-array-0.14-build-script-build (prelude//platforms:default#5732820ad45f622d) -- action (write linker_wrapper.sh), and 703 other actions
[2026-09-20T12:56:39.881-04:00] Waiting on root//third-party/rust:rand_core-0.9 (prelude//platforms:default#39893c7e49283da4) -- action (write_json LPPL-depsfull-symlinked_dirs.json), and 183 other actions
[2026-09-20T12:56:46.980-04:00] Waiting on Test app-auth-rest-pg --  [local_execute]
[2026-09-20T12:56:53.981-04:00] Waiting on Test app-auth-rest-pg --  [local_execute]
[2026-09-20T12:57:01.081-04:00] Waiting on Test app-auth-rest-pg --  [local_execute]
[2026-09-20T12:57:01.748-04:00] ✓ Pass: root//tools/buck:app-auth-rest-pg (17.7s)
[2026-09-20T12:57:01.748-04:00] ---- STDOUT ----
[2026-09-20T12:57:01.748-04:00]
[2026-09-20T12:57:01.748-04:00] running 1 test
[2026-09-20T12:57:01.748-04:00] test legacy_platform_list_reads::histories::legacy_platform_group_reads::legacy_platform_group_credentials::bound_group_rotation_preserves_access_and_exact_logout_refuses_only_selected_family ... ok
[2026-09-20T12:57:01.748-04:00]
[2026-09-20T12:57:01.748-04:00] test result: ok. 1 passed; 0 failed; 0 ignored; 0 measured; 475 filtered out; finished in 17.63s
[2026-09-20T12:57:01.748-04:00]
[2026-09-20T12:57:01.748-04:00]
[2026-09-20T12:57:01.748-04:00] ---- STDERR ----
[2026-09-20T12:57:01.748-04:00]
[2026-09-20T12:57:01.777-04:00] Network: Up: 0B  Down: 0B
Tests finished: [mPass 1[m. Fail 0. Timeout 0. Fatal 0. Skip 0. Omit 0. Infra Failure 0. Build failure 0
