NOTICE:  topology.canonical_enforcement: examined 0 canonical tables []
topology: seven application roles reconciled and verified
[2026-09-21T06:20:29.037-04:00] Build ID: 7a98cdf4-5abb-4043-ade4-02262efd8693
[2026-09-21T06:20:36.138-04:00] Waiting on root//third-party/rust:time-core-0.1 (prelude//platforms:default#39893c7e49283da4) -- action (write_json LPPL-depsfull-symlinked_dirs.json), and 515 other actions
[2026-09-21T06:20:44.611-04:00] Cache hits: 0%
[2026-09-21T06:20:44.611-04:00] Commands: 12 (cached: 0, remote: 0, local: 12)
[2026-09-21T06:20:44.611-04:00] Network: Up: 0B  Down: 0B
BUILD SUCCEEDED
[2026-09-21T06:20:44.624-04:00] Build ID: c3c13d8f-c9fa-42f8-923e-4eb374cc8bfb
[2026-09-21T06:20:44.626-04:00] File Watcher fresh instance: cleared graph state
[2026-09-21T06:20:51.627-04:00] Waiting on root//third-party/rust:dotenvy-0.15 (prelude//platforms:default#11a256c53bf8083e) -- action (write_json LPPF-depsfull-symlinked_dirs.json), and 976 other actions
[2026-09-21T06:20:57.496-04:00] ✓ Pass: root//tools/buck:payroll-adapter-postgres-pay-run-port-as-runtime-role-pg (1.4s)
[2026-09-21T06:20:57.496-04:00] ---- STDOUT ----
[2026-09-21T06:20:57.496-04:00]
[2026-09-21T06:20:57.496-04:00] running 1 test
[2026-09-21T06:20:57.496-04:00] test actual_business_login_can_lock_person_bindings_without_mutating_them ... ok
[2026-09-21T06:20:57.496-04:00]
[2026-09-21T06:20:57.496-04:00] test result: ok. 1 passed; 0 failed; 0 ignored; 0 measured; 17 filtered out; finished in 1.07s
[2026-09-21T06:20:57.496-04:00]
[2026-09-21T06:20:57.496-04:00]
[2026-09-21T06:20:57.496-04:00] ---- STDERR ----
[2026-09-21T06:20:57.496-04:00]
[2026-09-21T06:20:57.502-04:00] Network: Up: 0B  Down: 0B
Tests finished: [mPass 1[m. Fail 0. Timeout 0. Fatal 0. Skip 0. Omit 0. Infra Failure 0. Build failure 0
