✔ accepts local links and ignores external/anchor links (41.504834ms)
✔ fails with file and line for missing local target (37.367125ms)
✔ ignores fenced code (37.201416ms)
✔ ignores link-shaped examples inside inline code (36.404917ms)
✔ still checks links beside inline code (35.172875ms)
✔ ignores Buck output trees, including dangling artifact symlinks (37.525458ms)
✔ rejects missing extensionless and reference-style targets (36.899ms)
✔ accepts one tracked entry record plus three current authorities (153.647333ms)
✔ rejects unknown root completeness and document-manifest fields (320.887416ms)
✔ rejects unknown entry, authority, and transition record fields (479.500458ms)
✔ rejects a fourth README current authority (167.81525ms)
✔ rejects a prose declaration of a fourth README current authority (159.816ms)
✔ rejects reordered README current authorities (155.535125ms)
✔ reads index and Markdown from the exact Git index tree, not unstaged worktree bytes (255.515ms)
✔ rejects a Git worktree with no documentation index (67.832459ms)
✔ rejects an untracked or ignored documentation index (179.50475ms)
✔ cannot be redirected to an attacker-selected Git index (144.561333ms)
✔ rejects a tracked entry or authority symlink to uncustodied bytes (299.763209ms)
✔ rejects an extensionless link whose tracked target is a symlink (157.507667ms)
✔ rejects a missing current authority path (151.764375ms)
✔ rejects duplicate concerns and admitted paths (321.364875ms)
✔ rejects authority outside the allowed three concern/path pairs (168.422333ms)
✔ rejects invalid redirect and frozen replacements (548.056208ms)
✔ rejects untracked and ignored path admission (400.006667ms)
✔ rejects every premature complete-coverage claim (204.284584ms)
✔ large Git index: generator preserves complete custody beyond 1 MiB (463.289042ms)
✔ large Git index: checker preserves complete custody beyond 1 MiB (482.332459ms)
✔ accepts a green schema-v2 exact first-party manifest fixture (214.362916ms)
✔ duplicated first-party universe and class constants cannot drift (1.125ms)
✔ all seven authority-slice records require exact document projections (1501.563167ms)
✔ P1 rejects a newly staged unclassified Markdown blob by path (169.332542ms)
✔ P2 rejects staged Markdown blob drift until regeneration (172.6505ms)
✔ P3 rejects a missing full-manifest document record by path (210.924625ms)
✔ P4 keeps complete coverage fail-closed (226.09925ms)
✔ P5 rejects non-null archive tags that are not exact pinned objects (231.451625ms)
✔ P6 root field allowlist drift still rejects documents (225.004875ms)
✔ P7 write preserves a missing semantic class and check remains red (245.019542ms)
✔ custom manifest diagnostics preserve the exact custom scope command (158.775625ms)
✔ A1 archive validation keeps an all-null manifest offline (104.585458ms)
✔ A2 validates an exact freshly fetched signed annotated archive tag (536.129167ms)
✔ A3 rejects an archive tag signed by an untrusted SSH key (449.535208ms)
✔ A4 rejects an unsigned annotated archive tag (392.938167ms)
✔ A5 rejects a lightweight archive tag (412.775792ms)
✔ A6 rejects a remote archive ref moved away from its pinned tag object (468.902375ms)
✔ A7 rejects a pinned archive ref absent from the fresh remote (306.466167ms)
✔ A8 rejects an annotated archive tag that targets a tree instead of a commit (437.02375ms)
✔ A9 rejects an archive commit missing the exact manifest path (485.275542ms)
✔ A10 rejects an archive commit whose document bytes differ (479.174584ms)
✔ A11 rejects an archive commit whose document mode is executable (505.211667ms)
✔ A12 rejects two document records claiming one annotated tag object (363.586209ms)
✔ A13 rejects malformed pins, derived-ref drift, OID drift, and internal tag-name drift (944.948041ms)
✔ A14 rejects a signed tag whose message is not canonical archive metadata (463.169833ms)
✔ A15 treats hostile paths as literals and never executes archived document bytes (551.889208ms)
✔ A16 rejects indexed trust drift, replacement objects, and stale local archive refs (1066.166083ms)
✔ A17 rejects an archive-tree symlink while the live manifest path remains 100644 (487.668083ms)
✔ A18 rejects an archive-tree gitlink while the live manifest path remains 100644 (518.343083ms)
ℹ tests 56
ℹ suites 0
ℹ pass 56
ℹ fail 0
ℹ cancelled 0
ℹ skipped 0
ℹ todo 0
ℹ duration_ms 17920.303333
