NOTICE:  topology.canonical_enforcement: examined 0 canonical tables []
topology: seven application roles reconciled and verified
NOTICE:  database "canonical_probe_75931" does not exist, skipping
NOTICE:  topology.canonical_enforcement: examined 0 canonical tables []
topology: seven application roles reconciled and verified
psql:/canonical-migrations/0023_coldstart_revoke_fixed_seed.sql:29: NOTICE:  extension "pgcrypto" already exists, skipping
psql:/canonical-migrations/0118_search_trgm_indexes.sql:7: NOTICE:  extension "pg_trgm" already exists, skipping
psql:/canonical-migrations/0193_maintenance_gaps.sql:136: NOTICE:  identifier "equipment_maintenance_history_evidence_require_verified_snapshot" will be truncated to "equipment_maintenance_history_evidence_require_verified_snapsho"
psql:/canonical-migrations/0193_maintenance_gaps.sql:167: NOTICE:  identifier "equipment_maintenance_history_evidence_require_verified_snapshot" will be truncated to "equipment_maintenance_history_evidence_require_verified_snapsho"
psql:/canonical-migrations/0207_create_erasure_ledger.sql:131: NOTICE:  extension "pgcrypto" already exists, skipping
NOTICE:  topology.canonical_enforcement: examined 20 canonical tables [company_revisions,employee_person_bindings,employees,employment_heads,employment_revisions,employment_source_bindings,job_position_revisions,job_positions,org_unit_revisions,org_unit_source_bindings,org_units,organizations,payroll_disbursements,payroll_draft_lines,payroll_draft_runs,payroll_line_calculations,payroll_payslip_deliveries,payroll_run_exceptions,person_revisions,persons]
topology: seven application roles reconciled and verified
canonical-enforce: enforced on canonical_probe_75931, examined 20 tables [company_revisions,employee_person_bindings,employees,employment_heads,employment_revisions,employment_source_bindings,job_position_revisions,job_positions,org_unit_revisions,org_unit_source_bindings,org_units,organizations,payroll_disbursements,payroll_draft_lines,payroll_draft_runs,payroll_line_calculations,payroll_payslip_deliveries,payroll_run_exceptions,person_revisions,persons]
SELECT 27
SELECT 5
SELECT 415
DO
ALTER ROLE
DO
cargo-postgres: running 1 cargo test invocations (threads=1)
cargo-postgres: building packages...
[1m[92m   Compiling[0m console-platform-test-support v0.1.0 (/private/tmp/console-production-tdd-preparation-20260913/backend/crates/platform/test-support)
[1m[33mwarning[0m[1m: linker stderr: ld: __eh_frame section too large (max 16MB) to encode dwarf unwind offsets in compact unwind table, performance of exception handling might be affected[0m
  [1m[94m|[0m
  [1m[94m= [0m[1mnote[0m: `#[warn(linker_messages)]` on by default

[1m[33mwarning[0m: `console-app` (bin "console-app") generated 1 warning
[1m[92m   Compiling[0m console-app v0.1.0 (/private/tmp/console-production-tdd-preparation-20260913/backend/app)
[1m[91merror[E0521][0m[1m: borrowed data escapes outside of function[0m
   [1m[94m--> [0mapp/tests/account_migration.rs:583:20
    [1m[94m|[0m
[1m[94m574[0m [1m[94m|[0m async fn require_replay_tamper_rejected_and_rolled_back(pool: PgPool, mutation: &str) {
    [1m[94m|[0m                                                                       [1m[94m--------[0m  [1m[94m-[0m [1m[94mlet's call the lifetime of this reference `'1`[0m
    [1m[94m|[0m                                                                       [1m[94m|[0m
    [1m[94m|[0m                                                                       [1m[94m`mutation` is a reference that is only valid in the function body[0m
[1m[94m...[0m
[1m[94m583[0m [1m[94m|[0m     let affected = sqlx::query(mutation)
    [1m[94m|[0m                    [1m[91m^^^^^^^^^^^^^^^^^^^^^[0m
    [1m[94m|[0m                    [1m[91m|[0m
    [1m[94m|[0m                    [1m[91m`mutation` escapes the function body here[0m
    [1m[94m|[0m                    [1m[91margument requires that `'1` must outlive `'static`[0m

[1mFor more information about this error, try `rustc --explain E0521`.[0m
[1m[91merror[0m: could not compile `console-app` (test "account_migration") due to 1 previous error
