    Checking futures-io v0.3.34
    Checking smallvec v1.15.2
    Checking crossbeam-utils v0.8.21
   Compiling displaydoc v0.2.6
   Compiling proc-macro-utils v0.10.0
    Checking serde v1.0.229
    Checking wasm-bindgen v0.2.123
    Checking serde_json v1.0.151
    Checking either v1.16.0
    Checking tokio v1.53.1
    Checking tracing v0.1.44
   Compiling sha2 v0.10.9
   Compiling getrandom v0.4.2
    Checking sync_wrapper v1.0.2
    Checking futures-util v0.3.34
   Compiling uuid v1.26.1
    Checking concurrent-queue v2.5.0
    Checking axum-core v0.5.6
   Compiling wasm_split_macros v0.2.2
   Compiling itertools v0.14.0
   Compiling manyhow-macros v0.11.4
   Compiling quote-use-macros v0.8.4
    Checking tinystr v0.8.3
    Checking zerotrie v0.2.4
    Checking icu_collections v2.2.0
    Checking event-listener v5.4.1
    Checking oco_ref v0.2.1
    Checking serde_qs v1.1.3
    Checking codee v0.3.5
    Checking serde_urlencoded v0.7.1
    Checking wasm_split_helpers v0.2.3
   Compiling manyhow v0.11.4
   Compiling quote-use v0.8.4
   Compiling leptos_hot_reload v0.9.0-beta
    Checking leptos_config v0.9.0-beta
    Checking event-listener-strategy v0.5.4
    Checking hyper v1.10.1
    Checking async-lock v3.4.2
    Checking js-sys v0.3.100
    Checking futures-executor v0.3.34
    Checking tower v0.5.3
    Checking hyper-util v0.1.20
    Checking futures v0.3.34
    Checking axum v0.8.9
    Checking icu_locale_core v2.2.0
    Checking icu_provider v2.2.0
    Checking wasm-bindgen-futures v0.4.73
    Checking web-sys v0.3.100
    Checking hydration_context v0.4.0-beta
    Checking any_spawner v0.3.0
    Checking icu_properties v2.2.0
    Checking icu_normalizer v2.2.0
    Checking reactive_graph v0.3.0-beta2
    Checking idna_adapter v1.2.2
    Checking idna v1.1.0
    Checking reactive_stores v0.5.0-beta
    Checking url v2.5.8
   Compiling attribute-derive-macro v0.10.5
   Compiling attribute-derive v0.10.5
   Compiling leptos_macro v0.9.0-beta
    Checking gloo-utils v0.3.0
    Checking wasm-streams v0.5.0
    Checking tachys v0.3.0-beta2
    Checking gloo-net v0.7.0
    Checking server_fn v0.9.0-beta
    Checking leptos_dom v0.9.0-beta
    Checking leptos_server v0.9.0-beta2
    Checking leptos v0.9.0-beta
    Checking console-payroll-ui v0.1.0 (/private/tmp/console-client-release-20260919/backend/crates/payroll/ui)
    Finished `dev` profile [unoptimized + debuginfo] target(s) in 23.13s
warning: the following packages contain code that will be rejected by a future version of Rust: proc-macro-error2 v2.0.1
note: to see what the problems were, use the option `--future-incompat-report`, or run `cargo report future-incompatibilities --id 1`
