   Compiling console-payroll-ui v0.1.0 (/private/tmp/console-client-release-20260919/backend/crates/payroll/ui)
    Finished `test` profile [unoptimized + debuginfo] target(s) in 9.99s
warning: the following packages contain code that will be rejected by a future version of Rust: proc-macro-error2 v2.0.1
note: to see what the problems were, use the option `--future-incompat-report`, or run `cargo report future-incompatibilities --id 1`
     Running unittests src/lib.rs (/private/tmp/console-rust1981-owner-target/debug/deps/console_payroll_ui-941fd558c1238788)

running 5 tests
test private_document_tests::ssr_private_frame_oracle_rejects_missing_permissive_and_duplicate_policies ... ok
test private_document_tests::ssr_private_shell_response_preserves_anonymous_document ... FAILED
test private_document_tests::ssr_private_screens_response_preserves_all_focus_and_disclosure_states ... FAILED
test private_document_tests::ssr_private_runs_response_preserves_empty_and_authorized_documents ... FAILED
test private_document_tests::ssr_private_native_documents_retain_status_bytes_and_restrictive_csp ... FAILED

failures:

---- private_document_tests::ssr_private_shell_response_preserves_anonymous_document stdout ----

thread 'private_document_tests::ssr_private_shell_response_preserves_anonymous_document' (66581251) panicked at crates/payroll/ui/src/lib.rs:1600:13:
assertion `left == right` failed: missing or duplicate cache-control
  left: 0
 right: 1

---- private_document_tests::ssr_private_screens_response_preserves_all_focus_and_disclosure_states stdout ----

thread 'private_document_tests::ssr_private_screens_response_preserves_all_focus_and_disclosure_states' (66581250) panicked at crates/payroll/ui/src/lib.rs:1600:13:
assertion `left == right` failed: missing or duplicate cache-control
  left: 0
 right: 1
note: run with `RUST_BACKTRACE=1` environment variable to display a backtrace

---- private_document_tests::ssr_private_runs_response_preserves_empty_and_authorized_documents stdout ----

thread 'private_document_tests::ssr_private_runs_response_preserves_empty_and_authorized_documents' (66581249) panicked at crates/payroll/ui/src/lib.rs:1600:13:
assertion `left == right` failed: missing or duplicate cache-control
  left: 0
 right: 1

---- private_document_tests::ssr_private_native_documents_retain_status_bytes_and_restrictive_csp stdout ----

thread 'private_document_tests::ssr_private_native_documents_retain_status_bytes_and_restrictive_csp' (66581248) panicked at crates/payroll/ui/src/lib.rs:1615:13:
missing Vary authorization


failures:
    private_document_tests::ssr_private_native_documents_retain_status_bytes_and_restrictive_csp
    private_document_tests::ssr_private_runs_response_preserves_empty_and_authorized_documents
    private_document_tests::ssr_private_screens_response_preserves_all_focus_and_disclosure_states
    private_document_tests::ssr_private_shell_response_preserves_anonymous_document

test result: FAILED. 1 passed; 4 failed; 0 ignored; 0 measured; 8 filtered out; finished in 0.00s

error: test failed, to rerun pass `-p console-payroll-ui --lib`
