restore_drill_backup=ops/backup/artifacts/daily/20260612T102439Z
scratch_project=console-scratch-t09
 Network console-scratch-t09_default Creating
 Network console-scratch-t09_default Created
 Volume console-scratch-t09_seaweedfs-data Creating
 Volume console-scratch-t09_seaweedfs-data Created
 Volume console-scratch-t09_postgres-data Creating
 Volume console-scratch-t09_postgres-data Created
 Container console-scratch-t09-seaweedfs-1 Creating
 Container console-scratch-t09-postgres-1 Creating
 Container console-scratch-t09-seaweedfs-1 Created
 Container console-scratch-t09-postgres-1 Created
 Container console-scratch-t09-postgres-1 Starting
 Container console-scratch-t09-seaweedfs-1 Starting
 Container console-scratch-t09-seaweedfs-1 Started
 Container console-scratch-t09-postgres-1 Started
postgres_status=healthy
seaweedfs_status=healthy
 Container console-scratch-t09-seaweedfs-1 Stopping
 Container console-scratch-t09-seaweedfs-1 Stopped
verify_sqlx_migrations=match
verify_postgres_row_counts=match
verify_seaweedfs_manifest=match
 Container console-scratch-t09-seaweedfs-1 Starting
 Container console-scratch-t09-seaweedfs-1 Started
seaweedfs_status=healthy
verify_seaweedfs_service=healthy
restore_drill_complete=ok
scratch_teardown=complete project=console-scratch-t09
