✖ live Argo, base, prod, and secret wiring remain DARK-topology-free (35.58925ms)
ℹ tests 1
ℹ suites 0
ℹ pass 0
ℹ fail 1
ℹ cancelled 0
ℹ skipped 0
ℹ todo 0
ℹ duration_ms 77.420791

✖ failing tests:

test at scripts/check-command-database-wiring.test.mjs:93:1
✖ live Argo, base, prod, and secret wiring remain DARK-topology-free (35.58925ms)
  AssertionError [ERR_ASSERTION]: live GitOps inputs changed without a declaration. ArgoCD syncs these from main, so 4 path(s) would take effect on merge:
    deploy/apps/console/base/account-finalize-job.yaml
    deploy/apps/console/base/kustomization.yaml
    deploy/apps/console/base/migrate-job.yaml
    deploy/apps/console/base/migration-networkpolicy.yaml
  
  Add an entry to deploy/apps/console/LIVE-GITOPS-CHANGES.md naming each path and why it changed.
  + actual - expected
  
  + [
  +   'deploy/apps/console/base/account-finalize-job.yaml',
  +   'deploy/apps/console/base/kustomization.yaml',
  +   'deploy/apps/console/base/migrate-job.yaml',
  +   'deploy/apps/console/base/migration-networkpolicy.yaml'
  + ]
  - []
  
      at TestContext.<anonymous> (file:///private/tmp/console-production-tdd-preparation-20260913/scripts/check-command-database-wiring.test.mjs:171:12)
      at Test.runInAsyncScope (node:async_hooks:226:14)
      at Test.run (node:internal/test_runner/test:1397:25)
      at Test.start (node:internal/test_runner/test:1257:17)
      at startSubtestAfterBootstrap (node:internal/test_runner/harness:387:17) {
    generatedMessage: false,
    code: 'ERR_ASSERTION',
    actual: [ 'deploy/apps/console/base/account-finalize-job.yaml', 'deploy/apps/console/base/kustomization.yaml', 'deploy/apps/console/base/migrate-job.yaml', 'deploy/apps/console/base/migration-networkpolicy.yaml' ],
    expected: [],
    operator: 'deepStrictEqual',
    diff: 'simple'
  }
