   Compiling serde_core v1.0.228
   Compiling generic-array v0.14.7
   Compiling time-macros v0.2.27
   Compiling crossbeam-utils v0.8.21
    Checking zeroize v1.9.0
   Compiling zerofrom v0.1.8
   Compiling aws-lc-rs v1.18.1
    Checking digest v0.11.3
    Checking once_cell v1.21.4
   Compiling tracing v0.1.44
   Compiling thiserror v2.0.18
   Compiling num-traits v0.2.19
    Checking futures-sink v0.3.32
    Checking form_urlencoded v1.2.2
   Compiling rustls v0.23.40
    Checking deranged v0.5.8
    Checking tokio v1.52.3
    Checking tracing-core v0.1.36
    Checking rustls-pki-types v1.14.1
   Compiling concurrent-queue v2.5.0
   Compiling yoke v0.8.3
   Compiling crossbeam-queue v0.3.12
    Checking block-buffer v0.10.4
   Compiling crypto-common v0.1.7
   Compiling time v0.3.47
   Compiling event-listener v5.4.1
   Compiling atoi v2.0.0
    Checking log v0.4.32
    Checking subtle v2.6.1
    Checking slab v0.4.12
    Checking hashbrown v0.17.1
   Compiling digest v0.10.7
    Checking webpki-roots v1.0.8
   Compiling zerovec v0.11.6
   Compiling zerotrie v0.2.4
   Compiling sha2 v0.10.9
    Checking futures-util v0.3.32
    Checking hmac v0.13.0
    Checking rustls-webpki v0.103.13
    Checking indexmap v2.14.0
    Checking base64 v0.22.1
    Checking uuid v1.23.3
    Checking hkdf v0.13.0
    Checking sha2 v0.11.0
    Checking md-5 v0.11.0
    Checking serde v1.0.228
    Checking serde_json v1.0.150
    Checking futures-channel v0.3.32
    Checking bitflags v2.13.0
    Checking byteorder v1.5.0
    Checking console-gate-tenant-isolation v0.1.0 (/private/tmp/console-production-tdd-preparation-20260913/backend/ci/gates/tenant-isolation)
    Checking tinystr v0.8.3
    Checking potential_utf v0.1.5
    Checking icu_collections v2.2.0
    Checking icu_locale_core v2.2.0
    Checking smallvec v1.15.2
    Checking either v1.16.0
    Checking parking_lot_core v0.9.12
    Checking parking_lot v0.12.5
    Checking futures-intrusive v0.5.0
    Checking icu_provider v2.2.0
    Checking icu_normalizer v2.2.0
    Checking icu_properties v2.2.0
    Checking tokio-stream v0.1.18
    Checking idna_adapter v1.2.2
    Checking idna v1.1.0
    Checking url v2.5.8
    Checking sqlx-core v0.9.0
    Checking sqlx-postgres v0.9.0
   Compiling sqlx-macros-core v0.9.0
   Compiling sqlx-macros v0.9.0
    Checking sqlx v0.9.0
    Finished `dev` profile [unoptimized + debuginfo] target(s) in 19.30s
