   Compiling futures-io v0.3.32
   Compiling serde v1.0.228
   Compiling crossbeam-utils v0.8.21
   Compiling smallvec v1.15.2
   Compiling libc v0.2.186
   Compiling wasm-bindgen-macro-support v0.2.123
   Compiling displaydoc v0.2.6
   Compiling typenum v1.20.1
   Compiling serde_json v1.0.150
   Compiling either v1.16.0
   Compiling server_fn_macro v0.9.0-beta
   Compiling serde_core v1.0.228
   Compiling getrandom v0.4.2
   Compiling tokio v1.52.3
   Compiling tracing v0.1.44
   Compiling futures-util v0.3.32
   Compiling proc-macro-utils v0.10.0
   Compiling itertools v0.14.0
   Compiling axum-core v0.5.6
   Compiling server_fn_macro_default v0.9.0-beta
   Compiling tinystr v0.8.3
   Compiling zerotrie v0.2.4
   Compiling icu_collections v2.2.0
   Compiling cpufeatures v0.2.17
   Compiling quote-use-macros v0.8.4
   Compiling manyhow-macros v0.11.4
   Compiling generic-array v0.14.7
   Compiling uuid v1.23.3
   Compiling manyhow v0.11.4
   Compiling concurrent-queue v2.5.0
   Compiling quote-use v0.8.4
   Compiling oco_ref v0.2.1
   Compiling serde_qs v1.1.3
   Compiling codee v0.3.5
   Compiling serde_urlencoded v0.7.1
   Compiling block-buffer v0.10.4
   Compiling crypto-common v0.1.7
   Compiling leptos_hot_reload v0.9.0-beta
   Compiling event-listener v5.4.1
   Compiling leptos_config v0.9.0-beta
   Compiling icu_locale_core v2.2.0
   Compiling digest v0.10.7
   Compiling event-listener-strategy v0.5.4
   Compiling sha2 v0.10.9
   Compiling async-lock v3.4.2
   Compiling wasm_split_macros v0.2.2
   Compiling futures-executor v0.3.32
   Compiling hyper v1.10.1
   Compiling tower v0.5.3
   Compiling wasm-bindgen-macro v0.2.123
   Compiling icu_provider v2.2.0
   Compiling wasm_split_helpers v0.2.3
   Compiling futures v0.3.32
   Compiling wasm-bindgen v0.2.123
   Compiling icu_properties v2.2.0
   Compiling icu_normalizer v2.2.0
   Compiling attribute-derive-macro v0.10.5
   Compiling hyper-util v0.1.20
   Compiling axum v0.8.9
   Compiling attribute-derive v0.10.5
   Compiling idna_adapter v1.2.2
   Compiling idna v1.1.0
   Compiling url v2.5.8
   Compiling js-sys v0.3.100
   Compiling leptos_macro v0.9.0-beta
   Compiling wasm-bindgen-futures v0.4.73
   Compiling web-sys v0.3.100
   Compiling hydration_context v0.4.0-beta
   Compiling any_spawner v0.3.0
   Compiling reactive_graph v0.3.0-beta2
   Compiling reactive_stores v0.5.0-beta
   Compiling gloo-utils v0.3.0
   Compiling tachys v0.3.0-beta2
   Compiling gloo-net v0.7.0
   Compiling wasm-streams v0.5.0
   Compiling server_fn v0.9.0-beta
   Compiling leptos_server v0.9.0-beta2
   Compiling leptos_dom v0.9.0-beta
   Compiling leptos v0.9.0-beta
   Compiling console-payroll-ui v0.1.0 (/private/tmp/console-production-tdd-preparation-20260913/backend/crates/payroll/ui)
    Finished `test` profile [unoptimized + debuginfo] target(s) in 18.18s
warning: the following packages contain code that will be rejected by a future version of Rust: proc-macro-error2 v2.0.1
note: to see what the problems were, use the option `--future-incompat-report`, or run `cargo report future-incompatibilities --id 1`
     Running tests/common_action_composer.rs (backend/target/debug/deps/common_action_composer-93c2d478a41e1a4e)

running 17 tests
test address_encoding_is_injective_for_sequence_and_optional_item_boundaries ... ok
test local_tag_oracle_rejects_missing_duplicate_and_prefix_controls ... ok
test save_only_projection_never_offers_submit ... ok
test unresolved_editor_can_save_and_retry_after_no_js_correction ... ok
test read_only_projection_has_no_mutation_controls_or_tokens ... ok
test no_js_composer_uses_one_post_form_and_distinct_explicit_intents ... ok
test submit_only_validation_error_retains_retry_without_inventing_save_authority ... ok
test repeated_item_addresses_survive_reorder_without_aliasing ... ok
test exact_command_expected_draft_and_csrf_tokens_are_successful_hidden_controls ... ok
test escaped_labels_values_errors_and_tokens_never_create_markup ... ok
test unsafe_action_paths_never_create_mutation_or_serialize_tokens ... ok
test optional_selected_enum_can_be_cleared_without_javascript ... ok
test conflict_preserves_editor_and_original_tokens_with_authorized_recovery ... ok
test incomplete_decimal_is_not_coerced_and_error_links_to_exact_field ... ok
test only_projected_fields_and_choices_exist_in_document ... ok
test composer_form_has_accessible_business_name ... ok
test unsafe_recovery_paths_never_become_active_links ... ok

test result: ok. 17 passed; 0 failed; 0 ignored; 0 measured; 0 filtered out; finished in 0.00s

