▶ CI preflight contract
  ✔ ignores an inherited alternate Git index (130.493791ms)
  ✔ isolates fixture Git from hostile external repository controls (104.608041ms)
  ✔ classifies docs-only narrowly and keeps unmapped or product paths heavy (0.462667ms)
  ✔ path-gates live Postgres like oyatie pg-gate (5.369209ms)
  ✔ resolves a merge group's diff range, and fails closed without its SHAs (0.21875ms)
  ✔ classifies only the complete release metadata shape as thin (0.151209ms)
  ✔ empty successful changed-path list keeps runHeavy / non-docs-only (0.039917ms)
  ✔ lists rename sources so product→docs rename is not docs-only (82.163459ms)
  ✔ lists deletions so docs edit + product delete is mixed / runHeavy (79.494958ms)
  ✔ preserves exact Git pathname bytes so whitespace cannot alias a release path (84.040084ms)
  ✔ fails closed on malformed or non-UTF-8 NUL-delimited Git path output (0.177042ms)
  ✔ invokes Git with an exact NUL-delimited no-helper path inventory (0.090333ms)
  ✔ accepts the workflow's cheap preflight and protected expensive jobs (69.6935ms)
  ✔ locks Required / CI to the oyatie-style presubmit proofs (246.010834ms)
  ✔ keeps PostgreSQL reachability non-evaluated when preflight fails (57.829334ms)
  ✔ rejects every run-step condition, soft-failure, and retained-text early-exit bypass (7253.15075ms)
  ✔ rejects every setup-action condition and soft-failure bypass (1369.618208ms)
  ✔ locks every setup action's identity, inputs, totality, and interleaving (4509.91375ms)
  ✔ locks the candidate-controlled local free-runner-disk action body (35.462416ms)
  ✔ locks every required job's complete execution envelope (374.506666ms)
  ✔ locks the top-level trigger, permission, concurrency, and job-id envelope (70.710417ms)
  ✔ forbids push and pull-request path filters so every required context is created (69.025917ms)
  ✔ locks both reasoning-lens steps to one occurrence each, gated on npm ci (68.740959ms)
  ✔ rejects Buck2 jobs that do not bootstrap pinned DotSlash before invocation (17.846375ms)
  ✔ resolves the backend DotSlash bootstrap from its effective working directory (17.153458ms)
  ✔ requires backend test runners to run from the repository root (71.101ms)
  ✔ rejects CONSOLE_APP_BIN anywhere in the text-only API contract job (70.209041ms)
  ✔ rejects every GITHUB_ENV handoff surface in the API contract job (53.409ms)
  ✔ rejects any build or executable surface added to the text-only API contract job (137.772875ms)
  ✔ rejects a duplicated platform contract drift gate (17.257125ms)
  ✔ accepts the text-only API contract surface (17.473333ms)
  ✔ rejects services and job-level environment on the text-only API contract (35.029666ms)
  ✔ requires backend DotSlash bootstrap before any Buck or DotSlash invocation (34.227167ms)
  ✔ rejects a generated-face authority job without the complete closure (16.764ms)
  ✔ requires the lock-sourced Reindeer toolchain before the full generated-face closure (103.500958ms)
  ✔ requires the pinned Rust toolchain before Cargo-dependent preflight tests (17.510458ms)
  ✔ requires a full-history checkout for fail-closed path classification (16.741917ms)
  ✔ keeps authority regressions without live C/T/M admission in general CI (104.119541ms)
  ✔ runs release metadata semantics, custody, and links on the exact thin boundary (119.648792ms)
  ✔ rejects omission and comment-only reachability regressions (103.645875ms)
  ✔ rejects conditional and continue-on-error reachability regressions (100.658084ms)
  ✔ rejects a preflight that does not run npm and Cargo lock consistency gates (34.020708ms)
  ✔ rejects a dependency missing from Cargo.lock while the clean lock passes (135.363ms)
  ✔ rejects a preflight command that appears only in a comment (19.237417ms)
  ✔ rejects a required preflight step guarded by a condition (16.794667ms)
  ✔ rejects a required preflight step allowed to continue on error (16.922ms)
  ✔ rejects any expensive job without the preflight dependency (86.734584ms)
  ✔ rejects failure-insensitive job-level conditions on protected jobs (190.354333ms)
  ✔ rejects job-level preflight failure bypasses (67.024625ms)
  ✔ rejects workflow-level environment and shell overrides (35.91875ms)
  ✔ locks exact job-level environment and defaults metadata (85.659666ms)
  ✔ rejects step environment injection across every protected proof class (154.928375ms)
  ✔ locks post-preflight test reachability targets and disallows added run surfaces (2990.382125ms)
  ✔ keeps both payroll release-gate halves reachable from domain-unit (117.2895ms)
  ✔ rejects non-executing or non-gating domain-unit command surfaces (156.194917ms)
  ✔ derives the ordered domain-unit integration inventory and checks its baseline (175.857834ms)
  ✔ preserves fail-fast backend ordering (34.889125ms)
  ✔ locks the company-conformance proof and its execution semantics (86.555ms)
  ✔ locks the Kubernetes production-hardening proof (71.384166ms)
  ✔ fails closed when optimized gates or targets are commented, weakened, or duplicated (84.32025ms)
  ✔ keeps protected backend steps fail-slow and runs PR 473 contract tests before topology (52.376125ms)
  ✔ locks the documentation manifest gate and its doc-test to doc-link position (173.47275ms)
  ✔ locks the undeclared-imports gate step in repo-gates (18.077334ms)
  ✔ locks the request-body-contract gate step in repo-gates (34.426959ms)
  ✔ locks the console-app OpenAPI drift suite step in backend (50.712291ms)
  ✔ locks app PostgreSQL source features and bootstrap identity in independent steps (139.409208ms)
✔ CI preflight contract (20696.612833ms)
✔ every mirrored CI run-step is classified (5.921458ms)
✔ hosted hardening dependency bootstrap is explicit and lifecycle-script free (0.277375ms)
✔ local verification mirrors release content proofs without deriving an authority train (0.223958ms)
✔ a new CI step that nobody classified fails the guard (2.127584ms)
✔ every CI job is declared mirrored or explicitly not mirrored (1.337125ms)
✔ Required / CI is orchestration-only while every leaf proof remains classified (1.102833ms)
✔ a whole new CI job that nobody declared fails the guard (1.037166ms)
✔ a declared job that CI no longer runs fails the guard (0.953208ms)
✔ a plan entry whose CI step disappeared fails the guard (0.871542ms)
✔ domain-unit is part of the local mirror (1.018083ms)
✔ the reasoning-lens manifest check is a fast-tier local gate (0.047292ms)
✔ PostgreSQL provisioning keeps generated credentials out of Docker argv (0.303208ms)
✔ secret-bearing temporary files are private at creation (0.461167ms)
✔ topology env assembly requires pairwise-distinct role credentials (0.1115ms)
✔ the topology script rejects duplicate role passwords before DB access (21.166417ms)
✔ app Cargo runner preserves all four test selections (1.067125ms)
ℹ tests 82
ℹ suites 1
ℹ pass 82
ℹ fail 0
ℹ cancelled 0
ℹ skipped 0
ℹ todo 0
ℹ duration_ms 20755.02475
