NOTICE:  topology.canonical_enforcement: examined 0 canonical tables []
topology: seven application roles reconciled and verified
[2026-09-21T15:39:29.874-04:00] Build ID: cb80375b-2fd6-4fba-934e-67faafeec74c
[2026-09-21T15:39:29.880-04:00] File changed (since mergebase): root//backend/crates/payroll/adapter-postgres/src/lib.rs
[2026-09-21T15:39:29.880-04:00] File changed (since mergebase): root//backend/crates/payroll/application/src/read.rs
[2026-09-21T15:39:29.880-04:00] File changed (since mergebase): root//backend/crates/payroll/application/src/lib.rs
[2026-09-21T15:39:29.880-04:00] 348 additional file change events (since mergebase)
[2026-09-21T15:39:29.880-04:00] File Watcher fresh instance: cleared graph state
[2026-09-21T15:39:36.974-04:00] Waiting on root//third-party/rust:zmij-1-build-script-run (prelude//platforms:default#39893c7e49283da4) -- action (write __ld_shim.sh), and 765 other actions
[2026-09-21T15:39:43.974-04:00] Waiting on root//third-party/rust:zerocopy-0.8.52.crate (prelude//platforms:default#11a256c53bf8083e) -- action (write zerocopy-0.8.52.crate_unpack.sh), and 297 other actions
[2026-09-21T15:39:51.074-04:00] Waiting on root//backend/crates/payroll/application:console-payroll-application (prelude//platforms:default#39893c7e49283da4) -- action (rustc metadata [pic]) [local_execute], and 1 other actions
[2026-09-21T15:39:58.174-04:00] Waiting on root//backend/app:console-app-lib (prelude//platforms:default#39893c7e49283da4) -- action (rustc rlib [pic]) [local_execute]
[2026-09-21T15:40:05.274-04:00] Waiting on root//backend/app:console-app-lib (prelude//platforms:default#39893c7e49283da4) -- action (rustc rlib [pic]) [local_execute]
[2026-09-21T15:40:12.375-04:00] Waiting on root//backend/app:console-app-itest-health_readiness-browser (prelude//platforms:default#39893c7e49283da4) -- action (rustc link [pic]) [local_execute]
[2026-09-21T15:40:16.120-04:00] Cache hits: 0%
[2026-09-21T15:40:16.123-04:00] Commands: 16 (cached: 0, remote: 0, local: 16)
[2026-09-21T15:40:16.123-04:00] Network: Up: 0B  Down: 0B
BUILD SUCCEEDED
[2026-09-21T15:40:16.141-04:00] Build ID: 523f88b2-4190-43a5-863b-51c9b72c99bf
[2026-09-21T15:40:16.144-04:00] File Watcher fresh instance: cleared graph state
[2026-09-21T15:40:23.242-04:00] Waiting on root//third-party/rust:chrono-0.4.45.crate (prelude//platforms:default#39893c7e49283da4) -- action (write chrono-0.4.45.crate_unpack.sh), and 751 other actions
[2026-09-21T15:40:30.542-04:00] Waiting on root//third-party/rust:icu_properties_data-2 (prelude//platforms:default#11a256c53bf8083e) -- action (write_json LPPF-depsfull-symlinked_dirs.json), and 442 other actions
[2026-09-21T15:40:38.342-04:00] Waiting on Test app-health-readiness-browser-pg --  [local_execute]
[2026-09-21T15:40:45.343-04:00] Waiting on Test app-health-readiness-browser-pg --  [local_execute]
[2026-09-21T15:40:45.921-04:00] ✓ Pass: root//tools/buck:app-health-readiness-browser-pg (8.2s)
[2026-09-21T15:40:45.921-04:00] ---- STDOUT ----
[2026-09-21T15:40:45.921-04:00]
[2026-09-21T15:40:45.921-04:00] running 1 test
[2026-09-21T15:40:45.921-04:00] test authorized::payroll_listing_audit_failure_is_recoverable_and_never_empty ... ok
[2026-09-21T15:40:45.921-04:00]
[2026-09-21T15:40:45.921-04:00] test result: ok. 1 passed; 0 failed; 0 ignored; 0 measured; 16 filtered out; finished in 6.18s
[2026-09-21T15:40:45.921-04:00]
[2026-09-21T15:40:45.921-04:00]
[2026-09-21T15:40:45.921-04:00] ---- STDERR ----
[2026-09-21T15:40:45.921-04:00]
[2026-09-21T15:40:45.933-04:00] Network: Up: 0B  Down: 0B
Tests finished: [mPass 1[m. Fail 0. Timeout 0. Fatal 0. Skip 0. Omit 0. Infra Failure 0. Build failure 0
