▶ CI preflight contract
  ✔ ignores an inherited alternate Git index (113.628625ms)
  ✔ isolates fixture Git from hostile external repository controls (89.601ms)
  ✔ classifies docs-only narrowly and keeps unmapped or product paths heavy (0.373083ms)
  ✔ path-gates live Postgres like oyatie pg-gate (4.131542ms)
  ✔ resolves a merge group's diff range, and fails closed without its SHAs (0.193875ms)
  ✔ classifies only the complete release metadata shape as thin (0.142208ms)
  ✔ empty successful changed-path list keeps runHeavy / non-docs-only (0.037125ms)
  ✔ lists rename sources so product→docs rename is not docs-only (70.638334ms)
  ✔ lists deletions so docs edit + product delete is mixed / runHeavy (71.085416ms)
  ✔ preserves exact Git pathname bytes so whitespace cannot alias a release path (67.315125ms)
  ✔ fails closed on malformed or non-UTF-8 NUL-delimited Git path output (0.166042ms)
  ✔ invokes Git with an exact NUL-delimited no-helper path inventory (0.086667ms)
  ✔ accepts the workflow's cheap preflight and protected expensive jobs (63.060958ms)
  ✔ requires all four native authz, provisioning, cipher, and SDK suites (93.411833ms)
  ✔ locks Required / CI to the oyatie-style presubmit proofs (216.142125ms)
  ✔ keeps PostgreSQL reachability non-evaluated when preflight fails (49.090709ms)
  ✔ rejects every run-step condition, soft-failure, and retained-text early-exit bypass (6796.844958ms)
  ✔ rejects every setup-action condition and soft-failure bypass (1293.094375ms)
  ✔ locks every setup action's identity, inputs, totality, and interleaving (3987.615417ms)
  ✔ locks the setup-rust action body, which is now the only namer of a Rust version (31.972958ms)
  ✔ locks the candidate-controlled local free-runner-disk action body (32.449792ms)
  ✔ locks every required job's complete execution envelope (348.279458ms)
  ✔ locks the top-level trigger, permission, concurrency, and job-id envelope (61.772334ms)
  ✔ forbids push and pull-request path filters so every required context is created (63.720958ms)
  ✔ locks both reasoning-lens steps to one occurrence each, gated on npm ci (62.2815ms)
  ✔ rejects Buck2 jobs that do not bootstrap pinned DotSlash before invocation (15.351375ms)
  ✔ resolves the backend DotSlash bootstrap from its effective working directory (15.580375ms)
  ✔ requires backend Buck2 commands to run from the repository root (46.409958ms)
  ✔ rejects CONSOLE_APP_BIN anywhere in the text-only API contract job (62.203542ms)
  ✔ rejects every GITHUB_ENV handoff surface in the API contract job (46.622042ms)
  ✔ rejects any build or executable surface added to the text-only API contract job (124.408917ms)
  ✔ rejects a duplicated platform contract drift gate (16.051041ms)
  ✔ accepts the text-only API contract surface (15.572542ms)
  ✔ rejects services and job-level environment on the text-only API contract (31.112ms)
  ✔ requires backend DotSlash bootstrap before any Buck or DotSlash invocation (31.405292ms)
  ✔ rejects a generated-face authority job without the complete closure (15.838ms)
  ✔ requires the lock-sourced Reindeer toolchain before the full generated-face closure (95.491083ms)
  ✔ requires the pinned Rust toolchain before Cargo-dependent preflight tests (16.696ms)
  ✔ requires a full-history checkout for fail-closed path classification (16.334667ms)
  ✔ keeps authority regressions without live C/T/M admission in general CI (95.399584ms)
  ✔ runs release metadata semantics, custody, and links on the exact thin boundary (110.161083ms)
  ✔ rejects omission and comment-only reachability regressions (92.858125ms)
  ✔ rejects conditional and continue-on-error reachability regressions (92.629291ms)
  ✔ rejects a preflight that does not run npm and Cargo lock consistency gates (30.725834ms)
  ✔ rejects a dependency missing from Cargo.lock while the clean lock passes (143.488958ms)
  ✔ rejects a preflight command that appears only in a comment (16.536417ms)
  ✔ rejects a required preflight step guarded by a condition (15.600291ms)
  ✔ rejects a required preflight step allowed to continue on error (15.746416ms)
  ✔ rejects any expensive job without the preflight dependency (78.506584ms)
  ✔ rejects failure-insensitive job-level conditions on protected jobs (172.322917ms)
  ✔ rejects job-level preflight failure bypasses (61.907375ms)
  ✔ rejects workflow-level environment and shell overrides (31.719292ms)
  ✔ locks exact job-level environment and defaults metadata (78.754416ms)
  ✔ rejects step environment injection across every protected proof class (139.136584ms)
  ✔ locks post-preflight Buck2 reachability targets and disallows added run surfaces (2717.381958ms)
  ✔ keeps both payroll release-gate halves reachable from domain-unit (104.260458ms)
  ✔ rejects non-executing or non-gating domain-unit command surfaces (139.844208ms)
  ✔ derives the ordered domain-unit integration inventory and checks its baseline (154.820417ms)
  ✔ preserves fail-fast backend ordering (31.018292ms)
  ✔ locks the company-conformance proof and its execution semantics (79.240667ms)
  ✔ locks the Kubernetes production-hardening proof (62.125833ms)
  ✔ fails closed when optimized gates or targets are commented, weakened, or duplicated (77.63525ms)
  ✔ requires both native platform authorization and topology codec unit suites (46.677875ms)
  ✔ requires the native credential cipher unit suite in the existing protected platform step (31.535083ms)
  ✔ keeps protected backend steps fail-slow and runs PR 473 contract tests before topology (46.472792ms)
  ✔ locks the documentation manifest gate and its doc-test to doc-link position (154.7305ms)
  ✔ locks the undeclared-imports gate step in repo-gates (15.590958ms)
  ✔ locks the request-body-contract gate step in repo-gates (31.164917ms)
  ✔ locks the console-app OpenAPI drift suite step in backend (46.30025ms)
✔ CI preflight contract (18982.460375ms)
▶ native browser evidence retention
  ✔ retains exactly26 public files in one pinned action before failure collection (113.972ms)
  ✔ fails every successful-leaf evidence guard on a missing empty or symlinked allowlisted file (167.104709ms)
✔ native browser evidence retention (281.156542ms)
✔ requires Company preview machinery execution in its protected browser step (79.687333ms)
ℹ tests 72
ℹ suites 2
ℹ pass 72
ℹ fail 0
ℹ cancelled 0
ℹ skipped 0
ℹ todo 0
ℹ duration_ms 19398.510834
