✖ requires Company preview machinery execution in its protected browser step (5.05925ms)
ℹ tests 1
ℹ suites 0
ℹ pass 0
ℹ fail 1
ℹ cancelled 0
ℹ skipped 0
ℹ todo 0
ℹ duration_ms 51.252708

✖ failing tests:

test at scripts/check-ci-preflight.test.mjs:2816:1
✖ requires Company preview machinery execution in its protected browser step (5.05925ms)
  AssertionError [ERR_ASSERTION]: Expected values to be strictly equal:
  + actual - expected
  
  + 'CONSOLE_BUCK_NEEDS_POSTGRES_TEST_EXACT=account_browser::deployment_operator_designation::company_setup::native_company_real_browser_preview_preserves_enter_without_commands tools/buck/test_needs_postgres.sh //tools/buck:app-auth-rest-browser-pg'
  - 'node --test tools/browser/company-preview.test.cjs'
  
      at TestContext.<anonymous> (file:///private/tmp/console-mvp-dev-integrate-20260921/scripts/check-ci-preflight.test.mjs:2822:10)
      at Test.runInAsyncScope (node:async_hooks:226:14)
      at Test.run (node:internal/test_runner/test:1397:25)
      at Test.start (node:internal/test_runner/test:1257:17)
      at startSubtestAfterBootstrap (node:internal/test_runner/harness:387:17) {
    generatedMessage: true,
    code: 'ERR_ASSERTION',
    actual: 'CONSOLE_BUCK_NEEDS_POSTGRES_TEST_EXACT=account_browser::deployment_operator_designation::company_setup::native_company_real_browser_preview_preserves_enter_without_commands tools/buck/test_needs_postgres.sh //tools/buck:app-auth-rest-browser-pg',
    expected: 'node --test tools/browser/company-preview.test.cjs',
    operator: 'strictEqual',
    diff: 'simple'
  }
