NOTICE:  topology.canonical_enforcement: examined 0 canonical tables []
topology: seven application roles reconciled and verified
NOTICE:  database "canonical_probe_69794" does not exist, skipping
NOTICE:  topology.canonical_enforcement: examined 0 canonical tables []
topology: seven application roles reconciled and verified
psql:/canonical-migrations/0023_coldstart_revoke_fixed_seed.sql:29: NOTICE:  extension "pgcrypto" already exists, skipping
psql:/canonical-migrations/0118_search_trgm_indexes.sql:7: NOTICE:  extension "pg_trgm" already exists, skipping
psql:/canonical-migrations/0193_maintenance_gaps.sql:136: NOTICE:  identifier "equipment_maintenance_history_evidence_require_verified_snapshot" will be truncated to "equipment_maintenance_history_evidence_require_verified_snapsho"
psql:/canonical-migrations/0193_maintenance_gaps.sql:167: NOTICE:  identifier "equipment_maintenance_history_evidence_require_verified_snapshot" will be truncated to "equipment_maintenance_history_evidence_require_verified_snapsho"
psql:/canonical-migrations/0207_create_erasure_ledger.sql:131: NOTICE:  extension "pgcrypto" already exists, skipping
NOTICE:  topology.canonical_enforcement: examined 20 canonical tables [company_revisions,employee_person_bindings,employees,employment_heads,employment_revisions,employment_source_bindings,job_position_revisions,job_positions,org_unit_revisions,org_unit_source_bindings,org_units,organizations,payroll_disbursements,payroll_draft_lines,payroll_draft_runs,payroll_line_calculations,payroll_payslip_deliveries,payroll_run_exceptions,person_revisions,persons]
topology: seven application roles reconciled and verified
canonical-enforce: enforced on canonical_probe_69794, examined 20 tables [company_revisions,employee_person_bindings,employees,employment_heads,employment_revisions,employment_source_bindings,job_position_revisions,job_positions,org_unit_revisions,org_unit_source_bindings,org_units,organizations,payroll_disbursements,payroll_draft_lines,payroll_draft_runs,payroll_line_calculations,payroll_payslip_deliveries,payroll_run_exceptions,person_revisions,persons]
SELECT 27
SELECT 5
SELECT 415
DO
ALTER ROLE
DO
cargo-postgres: running 1 cargo test invocations (threads=1)
cargo-postgres: building packages...
[1m[92m   Compiling[0m console-app v0.1.0 (/private/tmp/console-production-tdd-preparation-20260913/backend/app)
[1m[33mwarning[0m[1m: linker stderr: ld: __eh_frame section too large (max 16MB) to encode dwarf unwind offsets in compact unwind table, performance of exception handling might be affected[0m
  [1m[94m|[0m
  [1m[94m= [0m[1mnote[0m: `#[warn(linker_messages)]` on by default

[1m[33mwarning[0m: `console-app` (bin "console-app") generated 1 warning
[1m[33mwarning[0m: `console-app` (test "auth_rest") generated 1 warning (1 duplicate)
[1m[92m    Finished[0m ]8;;https://doc.rust-lang.org/cargo/reference/profiles.html#default-profiles\`test` profile [unoptimized + debuginfo]]8;;\ target(s) in 1m 23s
[1m[33mwarning[0m: the following packages contain code that will be rejected by a future version of Rust: proc-macro-error2 v2.0.1
[1m[92mnote[0m: to see what the problems were, use the option `--future-incompat-report`, or run `cargo report future-incompatibilities --id 1`
[1m[92m  Executable[0m tests/auth_rest.rs (/private/tmp/console-account30-cargo/debug/deps/auth_rest-1c2af398acf7d944)
cargo-postgres: === app-auth-rest-pg ===
cargo-postgres: cargo test --locked --manifest-path backend/Cargo.toml -p console-app --test auth_rest account_fence_projection_ -- --test-threads=1
[1m[33mwarning[0m[1m: linker stderr: ld: __eh_frame section too large (max 16MB) to encode dwarf unwind offsets in compact unwind table, performance of exception handling might be affected[0m
  [1m[94m|[0m
  [1m[94m= [0m[1mnote[0m: `#[warn(linker_messages)]` on by default

[1m[33mwarning[0m: `console-app` (bin "console-app") generated 1 warning
[1m[33mwarning[0m: `console-app` (test "auth_rest") generated 1 warning (1 duplicate)
[1m[92m    Finished[0m ]8;;https://doc.rust-lang.org/cargo/reference/profiles.html#default-profiles\`test` profile [unoptimized + debuginfo]]8;;\ target(s) in 1.07s
[1m[33mwarning[0m: the following packages contain code that will be rejected by a future version of Rust: proc-macro-error2 v2.0.1
[1m[92mnote[0m: to see what the problems were, use the option `--future-incompat-report`, or run `cargo report future-incompatibilities --id 1`
[1m[92m     Running[0m tests/auth_rest.rs (/private/tmp/console-account30-cargo/debug/deps/auth_rest-1c2af398acf7d944)

running 37 tests
test account_fence_projection::account_fence_projection_dormant_finalized_v1_is_upgradeable_without_data_change ... ok
test account_fence_projection::account_fence_projection_execute_only_and_no_custody_business_grants ... ok
test account_fence_projection::account_fence_projection_finalizer_refuses_body_drift ... ok
test account_fence_projection::account_fence_projection_finalizer_refuses_default_argument_drift ... ok
test account_fence_projection::account_fence_projection_finalizer_refuses_duplicate_owner_acl_without_auth ... ok
test account_fence_projection::account_fence_projection_finalizer_refuses_invoker_drift ... ok
test account_fence_projection::account_fence_projection_finalizer_refuses_overload_drift ... ok
test account_fence_projection::account_fence_projection_finalizer_refuses_owner_drift ... ok
test account_fence_projection::account_fence_projection_finalizer_refuses_public_execute_drift ... ok
test account_fence_projection::account_fence_projection_finalizer_refuses_row_security_drift ... ok
test account_fence_projection::account_fence_projection_finalizer_refuses_search_path_drift ... ok
test account_fence_projection::account_fence_projection_finalizer_replay_is_exactly_unchanged ... ok
test account_fence_projection::account_fence_projection_installation_failure_rolls_back_custody_and_created_function ... ok
test account_fence_projection::account_fence_projection_null_and_database_failure_never_return_false ... ok
test account_fence_projection::account_fence_projection_operator_refuses_serving_and_migration_logins ... ok
test account_fence_projection::account_fence_projection_postinstall_dormant_drift_rolls_back_every_custody_change ... ok
test account_fence_projection::account_fence_projection_prepared_profile_has_only_two_exact_owner_reads ... ok
test account_fence_projection::account_fence_projection_presence_is_state_independent_and_not_rls_absence ... ok
test account_fence_projection::account_fence_projection_real_login_is_restricted_and_database_bound ... ok
test account_fence_projection::account_fence_projection_refuses_broad_parent_owner_update ... ok
test account_fence_projection::account_fence_projection_refuses_extra_owner_column_update ... ok
test account_fence_projection::account_fence_projection_refuses_function_with_all_owner_reads_removed ... ok
test account_fence_projection::account_fence_projection_refuses_half_profile_without_accounts_read ... ok
test account_fence_projection::account_fence_projection_refuses_half_profile_without_security_read ... ok
test account_fence_projection::account_fence_projection_refuses_key_lock_grant_on_wrong_column ... ok
test account_fence_projection::account_fence_projection_refuses_key_lock_grant_option ... ok
test account_fence_projection::account_fence_projection_refuses_key_lock_serving_grantee ... ok
test account_fence_projection::account_fence_projection_refuses_key_lock_wrong_grantor ... ok
test account_fence_projection::account_fence_projection_refuses_owner_grant_option ... ok
test account_fence_projection::account_fence_projection_refuses_owner_write ... ok
test account_fence_projection::account_fence_projection_refuses_owner_wrong_grantor ... ok
test account_fence_projection::account_fence_projection_refuses_prepared_acl_with_function_deleted ... ok
test account_fence_projection::account_fence_projection_refuses_required_key_lock_grant_missing ... ok
test account_fence_projection::account_fence_projection_refuses_security_events_read ... ok
test account_fence_projection::account_fence_projection_refuses_terms_acceptances_read ... ok
test account_fence_projection::account_fence_projection_refuses_terms_head_read ... ok
test account_fence_projection::account_fence_projection_refuses_terms_receipts_read ... ok

test result: ok. 37 passed; 0 failed; 0 ignored; 0 measured; 109 filtered out; finished in 139.07s

cargo-postgres-timing: {"name": "app-auth-rest-pg", "package": "console-app", "seconds": 146.285, "shard": "", "status": "pass"}

cargo-postgres: summary
  PASS  app-auth-rest-pg
cargo-postgres: 1 passed, 0 failed
cargo-postgres: all 1 invocations passed
