✔ actual required recovery commands resolve nine owners, the isolated installer and eight app cases (30.576208ms)
✔ recovery executor refuses wrong checkout (22.508ms)
✔ recovery executor refuses no run (14.992291ms)
✔ recovery executor refuses list only (14.436417ms)
✔ recovery executor refuses skip selected test (12.175958ms)
✔ recovery executor refuses success-only second case (13.228041ms)
✔ recovery executor refuses continued failure (15.037458ms)
✔ recovery executor refuses echo shell (13.969667ms)
✔ recovery executor refuses echo command (13.984542ms)
✔ recovery executor refuses missing scenario (13.82925ms)
✔ recovery executor refuses duplicate scenario (11.494291ms)
✔ recovery executor refuses wrong cut (12.903375ms)
✔ recovery executor refuses late image setup (3.783125ms)
✔ recovery executor refuses fake setup id (5.067458ms)
✔ recovery executor refuses unbound checkout ref (4.572167ms)
✔ recovery executor refuses wrong setup guard (12.766375ms)
✔ an additional real owner test cannot silently fall outside selected filters (2.364292ms)
✔ new recovery case replay_cannot_acknowledge_a_locally_visible_receipt_before_remote_apply must have a real required executor (15.804708ms)
✔ new recovery case lost_commit_transport_reply_replays_one_real_payroll_effect must have a real required executor (12.2205ms)
✔ new recovery case fresh_commit_wait_release_requires_explicit_remote_confirmation must have a real required executor (13.082667ms)
✔ new recovery case staging_success_and_idempotent_restage_wait_for_remote_confirmation must have a real required executor (13.154417ms)
✔ new recovery case required_remote_unknown_is_bounded_and_never_local_fallback must have a real required executor (11.6865ms)
✔ new recovery case finite_remote_bound_and_repeated_replay_preserve_exact_rows must have a real required executor (12.318042ms)
✔ new recovery case fresh_commit_deadline_retains_capacity_until_replay_resumes must have a real required executor (11.56325ms)
✔ new recovery case aborted_fresh_stage_retains_capacity_until_native_wait_ends must have a real required executor (12.7275ms)
✔ new recovery case fresh_stage_transport_error_closes_pool_before_reconciliation must have a real required executor (11.162917ms)
✔ new recovery case real_observer_installer_is_atomic_replay_exact_and_drift_refusing must have a real required executor (13.059542ms)
✔ new recovery case durability_composition_tests::required_app_startup_admits_only_the_installed_observer must have a real required executor (11.954583ms)
✔ new recovery case durability_composition_tests::required_api_projected_payroll_dispatch_waits_for_remote_apply must have a real required executor (12.410458ms)
✔ new recovery case durability_composition_tests::required_workflow_spawn_keeps_unknown_staging_pending_until_retry must have a real required executor (12.717625ms)
✔ new recovery case durability_composition_tests::required_api_completion_unknown_reconciles_same_command_after_replay must have a real required executor (11.678625ms)
✔ new recovery case durability_composition_tests::required_api_receipt_absent_unknown_renews_approval_with_same_command must have a real required executor (11.145542ms)
✔ new recovery case durability_composition_tests::required_api_confirmed_owner_audit_failure_replays_and_repairs must have a real required executor (11.271875ms)
✔ new recovery case durability_composition_tests::required_workflow_typed_unknown_preserves_pending_and_failed_events must have a real required executor (11.369458ms)
✔ new recovery case durability_composition_tests::required_workflow_provenance_refusal_is_operation_not_unknown must have a real required executor (11.021208ms)
✔ observer execution refuses  --no-run (14.041458ms)
✔ observer execution refuses  --list (12.326625ms)
✔ observer execution refuses  --skip real_observer (10.757333ms)
✔ observer execution refuses  --ignored (12.445708ms)
✔ an additional real app case cannot silently fall outside selected filters (3.081791ms)
✔ app durability_composition_tests::required_app_startup_admits_only_the_installed_observer refuses ordinary feature (12.881ms)
✔ app durability_composition_tests::required_app_startup_admits_only_the_installed_observer refuses missing feature (10.910417ms)
✔ app durability_composition_tests::required_app_startup_admits_only_the_installed_observer refuses substring filter (11.318ms)
✔ app durability_composition_tests::required_app_startup_admits_only_the_installed_observer refuses list only (12.487958ms)
✔ app durability_composition_tests::required_app_startup_admits_only_the_installed_observer refuses all lib tests (15.615375ms)
✔ app durability_composition_tests::required_api_projected_payroll_dispatch_waits_for_remote_apply refuses ordinary feature (13.19875ms)
✔ app durability_composition_tests::required_api_projected_payroll_dispatch_waits_for_remote_apply refuses missing feature (12.659083ms)
✔ app durability_composition_tests::required_api_projected_payroll_dispatch_waits_for_remote_apply refuses substring filter (14.809375ms)
✔ app durability_composition_tests::required_api_projected_payroll_dispatch_waits_for_remote_apply refuses list only (15.1875ms)
✔ app durability_composition_tests::required_api_projected_payroll_dispatch_waits_for_remote_apply refuses all lib tests (14.696875ms)
✔ app durability_composition_tests::required_workflow_spawn_keeps_unknown_staging_pending_until_retry refuses ordinary feature (11.754959ms)
✔ app durability_composition_tests::required_workflow_spawn_keeps_unknown_staging_pending_until_retry refuses missing feature (11.910667ms)
✔ app durability_composition_tests::required_workflow_spawn_keeps_unknown_staging_pending_until_retry refuses substring filter (13.539875ms)
✔ app durability_composition_tests::required_workflow_spawn_keeps_unknown_staging_pending_until_retry refuses list only (11.456083ms)
✔ app durability_composition_tests::required_workflow_spawn_keeps_unknown_staging_pending_until_retry refuses all lib tests (11.088375ms)
✔ app durability_composition_tests::required_api_completion_unknown_reconciles_same_command_after_replay refuses ordinary feature (12.029041ms)
✔ app durability_composition_tests::required_api_completion_unknown_reconciles_same_command_after_replay refuses missing feature (14.626ms)
✔ app durability_composition_tests::required_api_completion_unknown_reconciles_same_command_after_replay refuses substring filter (11.702167ms)
✔ app durability_composition_tests::required_api_completion_unknown_reconciles_same_command_after_replay refuses list only (10.679625ms)
✔ app durability_composition_tests::required_api_completion_unknown_reconciles_same_command_after_replay refuses all lib tests (12.042417ms)
✔ app durability_composition_tests::required_api_receipt_absent_unknown_renews_approval_with_same_command refuses ordinary feature (14.443833ms)
✔ app durability_composition_tests::required_api_receipt_absent_unknown_renews_approval_with_same_command refuses missing feature (11.786042ms)
✔ app durability_composition_tests::required_api_receipt_absent_unknown_renews_approval_with_same_command refuses substring filter (15.786791ms)
✔ app durability_composition_tests::required_api_receipt_absent_unknown_renews_approval_with_same_command refuses list only (14.286958ms)
✔ app durability_composition_tests::required_api_receipt_absent_unknown_renews_approval_with_same_command refuses all lib tests (14.316416ms)
✔ app durability_composition_tests::required_api_confirmed_owner_audit_failure_replays_and_repairs refuses ordinary feature (11.965625ms)
✔ app durability_composition_tests::required_api_confirmed_owner_audit_failure_replays_and_repairs refuses missing feature (11.740042ms)
✔ app durability_composition_tests::required_api_confirmed_owner_audit_failure_replays_and_repairs refuses substring filter (13.926083ms)
✔ app durability_composition_tests::required_api_confirmed_owner_audit_failure_replays_and_repairs refuses list only (14.995541ms)
✔ app durability_composition_tests::required_api_confirmed_owner_audit_failure_replays_and_repairs refuses all lib tests (12.837166ms)
✔ app durability_composition_tests::required_workflow_typed_unknown_preserves_pending_and_failed_events refuses ordinary feature (13.615833ms)
✔ app durability_composition_tests::required_workflow_typed_unknown_preserves_pending_and_failed_events refuses missing feature (12.823458ms)
✔ app durability_composition_tests::required_workflow_typed_unknown_preserves_pending_and_failed_events refuses substring filter (14.52875ms)
✔ app durability_composition_tests::required_workflow_typed_unknown_preserves_pending_and_failed_events refuses list only (10.422125ms)
✔ app durability_composition_tests::required_workflow_typed_unknown_preserves_pending_and_failed_events refuses all lib tests (12.021292ms)
✔ app durability_composition_tests::required_workflow_provenance_refusal_is_operation_not_unknown refuses ordinary feature (17.968167ms)
✔ app durability_composition_tests::required_workflow_provenance_refusal_is_operation_not_unknown refuses missing feature (14.545583ms)
✔ app durability_composition_tests::required_workflow_provenance_refusal_is_operation_not_unknown refuses substring filter (12.74875ms)
✔ app durability_composition_tests::required_workflow_provenance_refusal_is_operation_not_unknown refuses list only (12.409417ms)
✔ app durability_composition_tests::required_workflow_provenance_refusal_is_operation_not_unknown refuses all lib tests (12.842584ms)
✔ app cases cannot share one supervisor or one failure-sensitive step (15.450125ms)
✔ app order must follow the isolated observer in the reviewed order (14.789416ms)
✔ app source refuses extra tokio test (3.61575ms)
✔ app source refuses extra ordinary test (3.794833ms)
✔ app source refuses module cfg (3.096917ms)
✔ app source refuses module cfg_attr (2.985084ms)
✔ app source refuses selected ignore (4.037958ms)
✔ app source refuses selected cfg (2.457875ms)
✔ app source refuses selected cfg_attr (2.49825ms)
✔ app source refuses nested cases (2.945125ms)
✔ app source ignores fake attributes and names in comments and literals (3.130042ms)
✔ app module refuses commented correct guard (16.0295ms)
✔ app module refuses literal correct guard (19.483208ms)
✔ app module refuses additional disabling guard (18.57075ms)
✔ app module refuses ordinary feature guard (17.115041ms)
✔ comment/literal module examples cannot create a second live declaration (10.114167ms)
✔ owner source refuses extra tokio test (2.413292ms)
✔ owner source refuses extra ordinary test (4.064792ms)
✔ owner source refuses module cfg (1.926125ms)
✔ owner source refuses module cfg_attr (2.436ms)
✔ owner source refuses selected ignore (2.76575ms)
✔ owner source refuses selected cfg (2.255833ms)
✔ owner source refuses selected cfg_attr (2.317583ms)
✔ owner source refuses nested cases (2.765292ms)
✔ owner census ignores spoofed comments/literals without accepting a missing real case (4.192125ms)
✔ observer source refuses extra tokio test (2.676667ms)
✔ observer source refuses extra ordinary test (3.902208ms)
✔ observer source refuses module cfg (2.642958ms)
✔ observer source refuses module cfg_attr (2.627ms)
✔ observer source refuses selected ignore (2.864833ms)
✔ observer source refuses selected cfg (4.271917ms)
✔ observer source refuses selected cfg_attr (2.674459ms)
✔ observer source refuses nested cases (3.238208ms)
✔ observer census ignores spoofed comments/literals without accepting a missing real case (0.785625ms)
ℹ tests 114
ℹ suites 0
ℹ pass 114
ℹ fail 0
ℹ cancelled 0
ℹ skipped 0
ℹ todo 0
ℹ duration_ms 1296.018584
