✔ complete observation positive control accepts (0.477542ms)
✔ new keyboard_logout omission is rejected (0.06ms)
✔ new keyboard_logout refuses false (0.044916ms)
✔ new keyboard_logout refuses null (0.0345ms)
✔ new keyboard_logout refuses "true" (0.034208ms)
✔ new keyboard_logout refuses 1 (0.041ms)
✔ new keyboard_login_entry omission is rejected (0.031667ms)
✔ new keyboard_login_entry refuses false (0.038375ms)
✔ new keyboard_login_entry refuses null (0.034708ms)
✔ new keyboard_login_entry refuses "true" (0.052917ms)
✔ new keyboard_login_entry refuses 1 (0.03125ms)
✔ new keyboard_login_submit omission is rejected (0.025792ms)
✔ new keyboard_login_submit refuses false (0.030083ms)
✔ new keyboard_login_submit refuses null (0.019041ms)
✔ new keyboard_login_submit refuses "true" (0.014834ms)
✔ new keyboard_login_submit refuses 1 (0.014667ms)
✔ retained registration_wire omission still fails (0.020625ms)
✔ retained resident omission still fails (0.015958ms)
✔ retained cookie_security omission still fails (0.014417ms)
✔ retained literal_secret_absent omission still fails (0.013667ms)
✔ retained logout_cookie_clear omission still fails (0.024958ms)
✔ retained login_wire omission still fails (0.01975ms)
✔ retained same_account omission still fails (0.01575ms)
✔ retained active_after_login omission still fails (0.014708ms)
✔ retained reflow_root_320 omission still fails (0.015958ms)
✔ retained reflow_register_320 omission still fails (0.014916ms)
✔ retained reflow_account_320 omission still fails (0.019583ms)
✔ retained keyboard_skip omission still fails (0.01525ms)
✔ retained keyboard_registration omission still fails (0.017792ms)
✔ retained keyboard_terms omission still fails (0.017125ms)
✔ retained keyboard_registration_submit omission still fails (0.017125ms)
✔ missing actual request count /api/v2/auth/registration/start fails (0.028958ms)
✔ missing actual request count /api/v2/auth/registration/finish fails (0.014584ms)
✔ missing actual request count /api/v2/auth/passkey/login/start fails (0.013583ms)
✔ missing actual request count /api/v2/auth/passkey/login/finish fails (0.0175ms)
✔ missing actual request count /api/v2/auth/logout fails (0.015084ms)
✔ missing owner acknowledgement ENROLLED fails (0.030375ms)
✔ missing owner acknowledgement LOGGED_OUT fails (0.0145ms)
✔ missing owner acknowledgement LOGGED_IN fails (0.01375ms)
✔ retained cleanup unconfirmed prevents success (0.021208ms)
✔ retained explicit failure prevents success (0.027625ms)
✔ retained unexpected post prevents success (0.016041ms)
✔ retained external request prevents success (0.016792ms)
✔ retained browser drift prevents success (0.0165ms)
✔ retained relay failure prevents success (0.016042ms)
✔ retained TLS error prevents success (0.022084ms)
ℹ tests 46
ℹ suites 0
ℹ pass 46
ℹ fail 0
ℹ cancelled 0
ℹ skipped 0
ℹ todo 0
ℹ duration_ms 39.697958
