NOTICE:  topology.canonical_enforcement: examined 0 canonical tables []
topology: seven application roles reconciled and verified
NOTICE:  database "canonical_probe_90386" does not exist, skipping
NOTICE:  topology.canonical_enforcement: examined 0 canonical tables []
topology: seven application roles reconciled and verified
psql:/canonical-migrations/0023_coldstart_revoke_fixed_seed.sql:29: NOTICE:  extension "pgcrypto" already exists, skipping
psql:/canonical-migrations/0118_search_trgm_indexes.sql:7: NOTICE:  extension "pg_trgm" already exists, skipping
psql:/canonical-migrations/0193_maintenance_gaps.sql:136: NOTICE:  identifier "equipment_maintenance_history_evidence_require_verified_snapshot" will be truncated to "equipment_maintenance_history_evidence_require_verified_snapsho"
psql:/canonical-migrations/0193_maintenance_gaps.sql:167: NOTICE:  identifier "equipment_maintenance_history_evidence_require_verified_snapshot" will be truncated to "equipment_maintenance_history_evidence_require_verified_snapsho"
psql:/canonical-migrations/0207_create_erasure_ledger.sql:131: NOTICE:  extension "pgcrypto" already exists, skipping
NOTICE:  topology.canonical_enforcement: examined 20 canonical tables [company_revisions,employee_person_bindings,employees,employment_heads,employment_revisions,employment_source_bindings,job_position_revisions,job_positions,org_unit_revisions,org_unit_source_bindings,org_units,organizations,payroll_disbursements,payroll_draft_lines,payroll_draft_runs,payroll_line_calculations,payroll_payslip_deliveries,payroll_run_exceptions,person_revisions,persons]
topology: seven application roles reconciled and verified
canonical-enforce: enforced on canonical_probe_90386, examined 20 tables [company_revisions,employee_person_bindings,employees,employment_heads,employment_revisions,employment_source_bindings,job_position_revisions,job_positions,org_unit_revisions,org_unit_source_bindings,org_units,organizations,payroll_disbursements,payroll_draft_lines,payroll_draft_runs,payroll_line_calculations,payroll_payslip_deliveries,payroll_run_exceptions,person_revisions,persons]
SELECT 27
SELECT 5
SELECT 415
DO
ALTER ROLE
DO
cargo-postgres: running 1 cargo test invocations (threads=1)
cargo-postgres: building packages...
[1m[92m   Compiling[0m console-platform-test-support v0.1.0 (/private/tmp/console-production-tdd-preparation-20260913/backend/crates/platform/test-support)
[1m[92m   Compiling[0m console-identity-adapter-postgres v0.1.0 (/private/tmp/console-production-tdd-preparation-20260913/backend/crates/identity/adapter-postgres)
[1m[92m    Finished[0m ]8;;https://doc.rust-lang.org/cargo/reference/profiles.html#default-profiles\`test` profile [unoptimized + debuginfo]]8;;\ target(s) in 4.51s
[1m[92m  Executable[0m tests/deactivate_revokes_credentials.rs (/private/tmp/console-account30-cargo/debug/deps/deactivate_revokes_credentials-7f1d12c6a5032217)
cargo-postgres: === identity-adapter-postgres-deactivate-revokes-credentials-pg ===
cargo-postgres: cargo test --locked --manifest-path backend/Cargo.toml -p console-identity-adapter-postgres --test deactivate_revokes_credentials -- --test-threads=1
[1m[92m    Finished[0m ]8;;https://doc.rust-lang.org/cargo/reference/profiles.html#default-profiles\`test` profile [unoptimized + debuginfo]]8;;\ target(s) in 0.32s
[1m[92m     Running[0m tests/deactivate_revokes_credentials.rs (/private/tmp/console-account30-cargo/debug/deps/deactivate_revokes_credentials-7f1d12c6a5032217)

running 14 tests
test account_custody_deactivation::active_account_custody_survives_company_deactivation_and_replay ... ok
test account_custody_deactivation::guard_races::business_backend_death_rolls_back_partial_company_and_credential_effects ... ok
test account_custody_deactivation::guard_races::company_commit_holds_native_fk_until_legacy_sweep_commits ... ok
test account_custody_deactivation::guard_races::enrollment_commit_winner_uses_fresh_fenced_snapshot ... ok
test account_custody_deactivation::guard_races::enrollment_rollback_winner_selects_exact_legacy_sweep ... ok
test account_custody_deactivation::guard_races::exact_guard_profile_upgrades_finalized_root_replays_and_refuses_drift ... ok
test account_custody_deactivation::guard_races::guard_requires_company_subject_context_and_business_only_execution ... ok
test account_custody_deactivation::guard_races::immediate_security_fk_waits_for_account_root_update_lock ... ok
test account_custody_deactivation::guard_races::repeatable_read_and_serializable_refuse_without_effects ... ok
test account_custody_deactivation::nonactive_account_security_is_not_reclassified_by_company_deactivation ... ok
test account_custody_deactivation::unavailable_account_authority_cannot_select_unfenced_legacy_revocation ... ok
test account_custody_deactivation::unavailable_account_authority_preserves_fenced_subject_before_company_effect ... ok
test account_custody_deactivation::unfenced_legacy_subject_still_loses_keys_families_and_refresh_after_company_deactivation ... ok
test deactivate_revokes_passkeys_and_sessions_as_runtime_role ... ok

test result: ok. 14 passed; 0 failed; 0 ignored; 0 measured; 0 filtered out; finished in 36.51s

cargo-postgres-timing: {"name": "identity-adapter-postgres-deactivate-revokes-credentials-pg", "package": "console-identity-adapter-postgres", "seconds": 38.01, "shard": "", "status": "pass"}

cargo-postgres: summary
  PASS  identity-adapter-postgres-deactivate-revokes-credentials-pg
cargo-postgres: 1 passed, 0 failed
cargo-postgres: all 1 invocations passed
