    Checking serde_core v1.0.229
   Compiling generic-array v0.14.7
   Compiling zerofrom v0.1.8
   Compiling crossbeam-utils v0.8.21
    Checking zeroize v1.9.0
   Compiling aws-lc-rs v1.18.1
    Checking thiserror v2.0.20
    Checking num-traits v0.2.19
    Checking once_cell v1.21.4
    Checking regex-automata v0.4.18
   Compiling tracing v0.1.44
   Compiling base64 v0.22.1
    Checking futures-sink v0.3.34
   Compiling rustls v0.23.45
   Compiling yoke v0.8.3
    Checking tokio v1.53.1
    Checking form_urlencoded v1.2.2
    Checking rustls-pki-types v1.14.1
    Checking tracing-core v0.1.36
   Compiling logos-codegen v0.16.1
   Compiling concurrent-queue v2.5.0
   Compiling crossbeam-queue v0.3.12
    Checking block-buffer v0.10.4
   Compiling crypto-common v0.1.7
   Compiling zerovec v0.11.6
   Compiling zerotrie v0.2.4
    Checking serde v1.0.229
    Checking serde_json v1.0.151
   Compiling rustls-webpki v0.103.15
   Compiling event-listener v5.4.1
    Checking deranged v0.5.8
    Checking uuid v1.26.1
   Compiling atoi v2.0.0
   Compiling digest v0.10.7
   Compiling tinystr v0.8.3
   Compiling potential_utf v0.1.5
   Compiling sha3 v0.10.9
   Compiling sha2 v0.10.9
    Checking log v0.4.32
    Checking slab v0.4.12
    Checking subtle v2.6.1
   Compiling logos-derive v0.16.1
    Checking smallvec v1.15.2
    Checking either v1.16.0
   Compiling icu_locale_core v2.2.0
   Compiling icu_collections v2.2.0
    Checking time v0.3.55
    Checking linked-hash-map v0.5.6
    Checking futures-util v0.3.34
    Checking tokio-stream v0.1.18
    Checking serde_with v3.21.0
    Checking miette v7.6.0
    Checking parking_lot_core v0.9.12
    Checking nonempty v0.12.0
    Checking itertools v0.15.0
   Compiling itertools v0.14.0
    Checking linked_hash_set v0.1.6
    Checking ref-cast v1.0.25
    Checking icu_provider v2.2.0
    Checking parking_lot v0.12.5
    Checking lalrpop-util v0.22.2
    Checking regex v1.12.4
    Checking smol_str v0.3.6
    Checking webpki-roots v1.0.9
    Checking chrono v0.4.45
    Checking rand v0.10.1
    Checking futures-intrusive v0.5.0
    Checking icu_normalizer v2.2.0
    Checking icu_properties v2.2.0
    Checking logos v0.16.1
    Checking futures-channel v0.3.34
   Compiling string_cache v0.8.9
    Checking md-5 v0.11.0
    Checking whoami v2.1.2
    Checking bitflags v2.13.0
    Checking byteorder v1.5.0
    Checking console-kernel-core v0.1.0 (/private/tmp/console-client-release-20260919/backend/crates/kernel/core)
   Compiling lalrpop v0.22.2
    Checking idna_adapter v1.2.2
    Checking idna v1.1.0
    Checking url v2.5.8
    Checking sqlx-core v0.9.0
    Checking sqlx-postgres v0.9.0
   Compiling cedar-policy-core v4.12.0
   Compiling sqlx-macros-core v0.9.0
   Compiling sqlx-macros v0.9.0
    Checking sqlx v0.9.0
    Checking cedar-policy-formatter v4.12.0
    Checking cedar-policy v4.12.0
    Checking console-platform-authz v0.1.0 (/private/tmp/console-client-release-20260919/backend/crates/platform/authz)
    Finished `dev` profile [unoptimized + debuginfo] target(s) in 19.39s
