   Compiling console-platform-authz v0.1.0 (/private/tmp/console-client-release-20260919/backend/crates/platform/authz)
    Finished `test` profile [unoptimized + debuginfo] target(s) in 1.91s
     Running unittests src/lib.rs (/private/tmp/console-rust1981-owner-target/debug/deps/console_platform_authz-3106da887e48cc3e)

running 96 tests
test cedar_pbac::authoring::tests::schema_splice_anchor_is_exact ... ok
test cedar_pbac::authoring::tests::submit_requires_valid_and_review_blocks_self ... ok
test cedar_pbac::engine::tests::matrix_generated_role_manage_policy_is_single_super_admin_rule ... ok
test cedar_pbac::authoring::tests::non_whitelisted_attr_is_invalid ... ok
test cedar_pbac::authoring::tests::undeclared_object_property_is_still_rejected ... ok
test cedar_pbac::authoring::tests::unknown_action_is_invalid ... ok
test cedar_pbac::map::tests::canonical_map_entries_are_legacy_only_with_no_bundle_and_derived_ids ... ok
test cedar_pbac::map::tests::canonical_map_json_uses_snake_case_canonical_action_ids ... ok
test cedar_pbac::map::tests::canonical_map_expands_only_feature_backed_actions_and_scopes_out_the_rest ... ok
test cedar_pbac::map::tests::cedar_requiring_mode_fails_closed_without_per_org_bundle ... ok
test cedar_pbac::map::tests::unknown_action_id_fails_closed ... ok
test cedar_pbac::map::tests::unknown_mode_and_empty_resource_type_fail_closed ... ok
test cedar_pbac::mode_contract::cedar_only_lets_cedar_decide_and_a_cedar_error_denies ... ok
test cedar_pbac::mode_contract::compare_lets_cedar_decide ... ok
test cedar_pbac::mode_contract::every_cedar_mode_denies_a_stale_identity ... ok
test cedar_pbac::mode_contract::every_cedar_mode_denies_an_invalid_enrollment_map ... ok
test cedar_pbac::mode_contract::every_cedar_mode_denies_an_rls_mismatch ... ok
test cedar_pbac::mode_contract::legacy_only_is_the_only_mode_exempt_from_the_fail_closed_guards ... ok
test cedar_pbac::mode_contract::every_cedar_mode_denies_an_unavailable_bundle ... ok
test cedar_pbac::mode_contract::legacy_only_lets_legacy_decide_and_cedar_can_neither_grant_nor_veto ... ok
test cedar_pbac::mode_contract::shadow_lets_legacy_enforce_and_the_cedar_policy_outcome_cannot_grant ... ok
test cedar_pbac::mode_contract::shadow_lets_no_cedar_shape_grant_and_credits_every_allow_to_legacy ... ok
test cedar_pbac::residual::tests::ge_requires_numeric_and_casts_on_instance ... ok
test cedar_pbac::residual::tests::membership_lowers_to_any_over_a_bound_array ... ok
test cedar_pbac::residual::tests::forbid_is_and_not_and_can_never_be_out_permitted ... ok
test cedar_pbac::residual::tests::no_permit_denies_by_omission ... ok
test cedar_pbac::residual::tests::owner_scoping_lowers_subject_attr_to_a_bound_literal ... ok
test cedar_pbac::residual::tests::projected_target_maps_field_to_a_gate_checked_column ... ok
test cedar_pbac::residual::tests::unconditional_forbid_collapses_whole_filter_to_false ... ok
test cedar_pbac::residual::tests::unsafe_attributes_column_denies_all ... ok
test cedar_pbac::residual::tests::untranslatable_term_collapses_whole_filter_never_drops ... ok
test resource_branch::tests::a_resource_branch_carries_the_branch_and_tenant_it_was_read_from ... ok
test resource_branch::tests::every_resource_kind_reads_exactly_one_resource_side_table_by_org_and_id ... ok
test temporal::tests::a_grant_with_no_recorded_interval_is_always_effective ... ok
test temporal::tests::an_empty_assignment_set_is_not_an_overlap ... ok
test temporal::tests::an_empty_interval_is_rejected_on_the_wire_too ... ok
test temporal::tests::an_empty_or_inverted_interval_is_rejected ... ok
test temporal::tests::a_half_null_interval_does_not_deserialize_into_an_always_effective_grant ... ok
test temporal::tests::an_absent_bound_is_a_refusal_not_a_default ... ok
test temporal::tests::an_inverted_interval_is_rejected_on_the_wire_too ... ok
test temporal::tests::an_open_ended_interval_closes_only_its_lower_end ... ok
test temporal::tests::every_constructible_validity_round_trips_through_serde ... ok
test temporal::tests::intervals_sharing_a_single_instant_for_one_role_are_rejected ... ok
test temporal::tests::overlap_detection_does_not_depend_on_input_order ... ok
test temporal::tests::the_same_interval_on_two_roles_is_not_an_overlap ... ok
test temporal::tests::touching_half_open_intervals_for_one_role_do_not_overlap ... ok
test temporal::tests::two_interval_less_rows_for_one_role_are_rejected ... ok
test temporal::tests::two_open_ended_intervals_for_one_role_are_rejected ... ok
test temporal::tests::valid_from_is_inside_the_interval_and_valid_to_is_outside ... ok
test tests::a_dated_grant_is_effective_from_valid_from_inclusive_to_valid_to_exclusive ... ok
test tests::a_resource_branch_read_under_another_tenant_is_denied_however_wide_the_scope ... ok
test tests::an_effective_dated_grant_is_invisible_to_authorize_org_wide ... ok
test tests::an_ambiguous_assignment_set_refuses_to_produce_grants ... ok
test tests::an_effective_dated_grant_is_invisible_to_the_time_blind_entry_points ... ok
test tests::an_expired_grant_is_unreachable_from_the_time_blind_grant_list ... ok
test tests::attendance_management_features_are_admin_and_super_admin_only ... ok
test tests::authorize_still_denies_a_resource_branch_outside_scope ... ok
test tests::capability_allows_grant_covering_principal_scope ... ok
test tests::capability_denies_empty_branch_scope_regardless_of_role ... ok
test tests::capability_denies_grant_narrower_than_principal_scope ... ok
test tests::capability_denies_partial_grant_for_all_scoped_principal ... ok
test tests::capability_honors_request_only_permission_level ... ok
group-admin ADMIN ({Admin}+All): before=205 after=205 allows
branch-scoped ADMIN: before=205 after=205 allows
MECHANIC: before=44 after=44 allows
RECEPTIONIST: before=44 after=44 allows
test tests::an_interval_less_grant_decides_identically_on_every_entry_point ... ok
test tests::capability_preserves_builtin_admin_on_completion_review ... ok
test tests::capability_replaces_an_order_dependent_grant_verdict_with_a_deny ... ok
test tests::custom_role_runtime_feature_allowed_blocks_only_the_safety_set ... ok
test tests::capability_agrees_with_authorize_on_every_in_scope_branch ... ok
test tests::effective_scope_branch_claim_intersects_live_memberships ... ok
test tests::effective_scope_branch_claim_narrows_live_all ... ok
test tests::effective_scope_fails_closed_on_org_mismatch ... ok
test tests::effective_scope_preserves_legacy_org_live_scope ... ok
test tests::effective_scope_rejects_group_on_ordinary_tenant_routes ... ok
test tests::effective_scope_sub_org_levels_without_projection_fail_closed ... ok
test tests::migrated_sites_keep_todays_admin_verdict ... ok
Executive: before=101 after=101 allows
test tests::one_assignment_is_one_entry_however_many_permissions_it_carries ... ok
test tests::service_authorization_requires_exact_feature_and_branch ... ok
SuperAdmin: before=228 after=228 allows
empty-scope principal: before=0 after=0 allows
grant-only (covering): before=6 after=6 allows
grant-only (partial, 2 branches): before=6 after=3 allows
test tests::capability_is_stricter_or_equal_for_every_principal_shape ... ok
test tests::some_is_branch_authorization_for_every_principal_shape ... ok
test tests::the_branch_arm_honors_both_interval_ends_too ... ok
test tests::the_grant_set_resolves_at_decision_time_not_once_per_principal ... ok
test tests::none_is_branchless_capability_authorization_for_every_principal_shape ... ok
test cedar_pbac::engine::tests::invalid_schema_is_not_activated ... ok
test cedar_pbac::engine::tests::matrix_generated_bundle_compiles_and_passes_strict_validation ... ok
test cedar_pbac::engine::tests::invalid_policy_fails_strict_validation_and_is_not_activated ... ok
test cedar_pbac::authoring::tests::authorize_denies_by_omission_with_no_policies ... ok
test cedar_pbac::authoring::tests::declared_object_property_authors_and_strict_validates ... ok
test cedar_pbac::engine::tests::evaluate_allows_super_admin_and_denies_others ... ok
test cedar_pbac::authoring::tests::owner_permit_generates_and_validates ... ok
test cedar_pbac::authoring::tests::declared_property_type_mismatch_fails_cedar_validation ... ok
test cedar_pbac::authoring::tests::simulate_reports_determining_policy_and_no_errors ... ok
test cedar_pbac::engine::tests::per_feature_bundle_keys_differ_across_features ... ok
test cedar_pbac::engine::tests::bundle_digest_is_deterministic_across_compiles ... ok
test cedar_pbac::authoring::tests::object_policy_hides_cross_principal_row ... ok
test cedar_pbac::authoring::tests::forbid_always_wins_over_permit ... ok
test cedar_pbac::engine::tests::per_feature_bundle_matches_the_legacy_matrix ... ok
test cedar_pbac::authoring::tests::resource_type_accepts_dotted_stable_keys_and_still_refuses_everything_else ... ok

test result: ok. 96 passed; 0 failed; 0 ignored; 0 measured; 0 filtered out; finished in 0.02s

     Running tests/cedar_diagnostic_fail_closed.rs (/private/tmp/console-rust1981-owner-target/debug/deps/cedar_diagnostic_fail_closed-a4d9465ba94a751e)

running 5 tests
test clean_compiled_permit_with_nonoverflowing_forbid_allows ... ok
test field_visibility_fails_closed_when_allow_has_diagnostics ... ok
test valid_field_policy_controls_show_clean_allow_and_matching_forbid ... ok
test compiled_allow_with_runtime_overflow_diagnostic_fails_closed ... ok
test row_visibility_fails_closed_when_allow_has_diagnostics ... ok

test result: ok. 5 passed; 0 failed; 0 ignored; 0 measured; 0 filtered out; finished in 0.02s

     Running tests/cedar_pbac_legacy_only_observe_and_record.rs (/private/tmp/console-rust1981-owner-target/debug/deps/cedar_pbac_legacy_only_observe_and_record-6c52042e8e2f4fbb)

running 5 tests
test shadow_allow_on_a_denied_request_is_recorded_but_cannot_grant ... ok
test legacy_only_boundary_is_byte_identical_to_legacy_for_a_would_be_deny ... ok
test shadow_deny_is_recorded_but_carries_zero_enforcement_weight ... ok
test legacy_only_boundary_is_byte_identical_to_legacy_for_a_would_be_allow ... ok
test observation_yields_exactly_one_audit_event_per_guarded_decision ... ok

test result: ok. 5 passed; 0 failed; 0 ignored; 0 measured; 0 filtered out; finished in 0.00s

     Running tests/policy.rs (/private/tmp/console-rust1981-owner-target/debug/deps/policy-01b5263af10392d1)

running 45 tests
test cedar_pbac_boundary_denies_missing_coexistence_map ... ok
test cedar_pbac_boundary_denies_missing_freshness_before_policy_allow ... ok
test cedar_pbac_boundary_denies_stale_subject_before_legacy_allow ... ok
test cedar_pbac_boundary_denies_malformed_map_action_before_policy_allow ... ok
test cedar_pbac_legacy_contract_preserves_current_authorize_behavior ... ok
test cedar_pbac_boundary_denies_stale_policy_bundle ... ok
test cedar_pbac_compare_mode_denies_engine_disagreement ... ok
test cedar_compiled_bundle_cache_key_requires_versioned_identity ... ok
test cedar_pbac_boundary_denies_cedar_errors ... ok
test cedar_pbac_boundary_denies_missing_rls_scope_proof_before_policy_allow ... ok
test cedar_pbac_boundary_denies_malformed_map_domain_before_policy_allow ... ok
test cedar_pbac_observation_preserves_raw_cedar_reason_detail ... ok
test cedar_pbac_boundary_denies_cross_org_resource_before_policy_allow ... ok

thread 'a_resource_branch_read_under_another_tenant_does_not_authorize' (66209776) panicked at /Users/jasonlee/.cargo/registry/src/index.crates.io-1949cf8c6b5b557f/sqlx-postgres-0.9.0/src/testing/mod.rs:93:44:
DATABASE_URL must be set: EnvVar(NotPresent)
note: run with `RUST_BACKTRACE=1` environment variable to display a backtrace
test cedar_pbac_observation_records_metric_labels_and_full_audit_context ... ok

thread 'every_resource_kind_names_a_table_and_branch_column_that_exist' (66209802) panicked at /Users/jasonlee/.cargo/registry/src/index.crates.io-1949cf8c6b5b557f/sqlx-postgres-0.9.0/src/testing/mod.rs:93:44:
DATABASE_URL must be set: EnvVar(NotPresent)
test cedar_pbac_shadow_mode_cannot_use_cedar_allow_to_grant ... ok

thread 'a_missing_resource_row_is_a_typed_refusal_not_a_branchless_pass' (66209773) panicked at /Users/jasonlee/.cargo/registry/src/index.crates.io-1949cf8c6b5b557f/sqlx-postgres-0.9.0/src/testing/mod.rs:93:44:
DATABASE_URL must be set: EnvVar(NotPresent)
test cedar_pbac_shadow_mode_denies_cedar_deny_before_legacy_allow ... ok

thread 'a_resource_branch_lookup_cannot_resolve_another_tenants_resource' (66209775) panicked at /Users/jasonlee/.cargo/registry/src/index.crates.io-1949cf8c6b5b557f/sqlx-postgres-0.9.0/src/testing/mod.rs:93:44:
DATABASE_URL must be set: EnvVar(NotPresent)
test cedar_pbac_shadow_mode_denies_cedar_error_before_legacy_allow ... 
thread 'a_resource_branch_looked_up_by_id_decides_as_the_resources_branch' (66209774) panicked at /Users/jasonlee/.cargo/registry/src/index.crates.io-1949cf8c6b5b557f/sqlx-postgres-0.9.0/src/testing/mod.rs:93:44:
DATABASE_URL must be set: EnvVar(NotPresent)
ok

thread 'assignment_validity_is_stamped_only_while_the_schema_has_no_intervals' (66209777) panicked at /Users/jasonlee/.cargo/registry/src/index.crates.io-1949cf8c6b5b557f/sqlx-postgres-0.9.0/src/testing/mod.rs:93:44:
DATABASE_URL must be set: EnvVar(NotPresent)
test cross_branch_reads_and_writes_are_denied_by_default ... ok
test daily_plan_list_gate_requires_daily_plan_or_org_wide_triage ... ok
test cedar_pbac_readiness_fixture_cases_are_structurally_typed ... ok
test default_authorize_requires_full_allowance_and_matching_branch_scope ... ok
test effective_custom_grant_extends_authorize_without_widening_branch_scope ... ok
test effective_custom_grant_honors_permission_level_semantics ... ok
test empty_scope_denies_even_allowed_features ... ok

thread 'resolves_active_custom_policy_role_grants_fail_closed' (66209813) panicked at /Users/jasonlee/.cargo/registry/src/index.crates.io-1949cf8c6b5b557f/sqlx-postgres-0.9.0/src/testing/mod.rs:93:44:
DATABASE_URL must be set: EnvVar(NotPresent)
test executive_is_read_only_even_with_all_branch_scope ... ok

thread 'resolves_super_admin_to_all_scope_without_memberships' (66209814) panicked at /Users/jasonlee/.cargo/registry/src/index.crates.io-1949cf8c6b5b557f/sqlx-postgres-0.9.0/src/testing/mod.rs:93:44:
DATABASE_URL must be set: EnvVar(NotPresent)
test exit_workflow_capabilities_enforce_separation_of_duties ... ok
test member_role_is_default_deny_except_login ... ok

thread 'resolves_user_branch_scope_from_memberships' (66209815) panicked at /Users/jasonlee/.cargo/registry/src/index.crates.io-1949cf8c6b5b557f/sqlx-postgres-0.9.0/src/testing/mod.rs:93:44:
DATABASE_URL must be set: EnvVar(NotPresent)
test org_wide_authorize_rejects_builtin_admin_even_with_all_branch_scope ... ok
test org_wide_authorize_uses_effective_grants_but_never_widens_branch_grants ... ok
test org_wide_queue_triage_is_executive_and_super_admin_only ... ok
test permission_matrix_is_exhaustive_and_matches_inherited_table ... ok
test repository_filter_rejects_unsafe_column_names ... ok
test repository_filter_helper_is_default_deny_and_uses_binds ... ok
test request_only_permission_can_use_request_action_but_not_full_action ... ok
test a_missing_resource_row_is_a_typed_refusal_not_a_branchless_pass ... FAILED
test every_resource_kind_names_a_table_and_branch_column_that_exist ... FAILED
test a_resource_branch_looked_up_by_id_decides_as_the_resources_branch ... FAILED
test a_resource_branch_read_under_another_tenant_does_not_authorize ... FAILED
test assignment_validity_is_stamped_only_while_the_schema_has_no_intervals ... FAILED
test a_resource_branch_lookup_cannot_resolve_another_tenants_resource ... FAILED
test role_enum_uses_canonical_database_codes ... ok
test resolves_active_custom_policy_role_grants_fail_closed ... FAILED
test resolves_super_admin_to_all_scope_without_memberships ... FAILED
test super_admin_spans_branches ... ok
test resolves_user_branch_scope_from_memberships ... FAILED

failures:

failures:
    a_missing_resource_row_is_a_typed_refusal_not_a_branchless_pass
    a_resource_branch_looked_up_by_id_decides_as_the_resources_branch
    a_resource_branch_lookup_cannot_resolve_another_tenants_resource
    a_resource_branch_read_under_another_tenant_does_not_authorize
    assignment_validity_is_stamped_only_while_the_schema_has_no_intervals
    every_resource_kind_names_a_table_and_branch_column_that_exist
    resolves_active_custom_policy_role_grants_fail_closed
    resolves_super_admin_to_all_scope_without_memberships
    resolves_user_branch_scope_from_memberships

test result: FAILED. 36 passed; 9 failed; 0 ignored; 0 measured; 0 filtered out; finished in 0.00s

error: test failed, to rerun pass `-p console-platform-authz --test policy`
