NOTICE:  topology.canonical_enforcement: examined 0 canonical tables []
topology: seven application roles reconciled and verified
NOTICE:  database "canonical_probe_35530" does not exist, skipping
NOTICE:  topology.canonical_enforcement: examined 0 canonical tables []
topology: seven application roles reconciled and verified
psql:/canonical-migrations/0023_coldstart_revoke_fixed_seed.sql:29: NOTICE:  extension "pgcrypto" already exists, skipping
psql:/canonical-migrations/0118_search_trgm_indexes.sql:7: NOTICE:  extension "pg_trgm" already exists, skipping
psql:/canonical-migrations/0193_maintenance_gaps.sql:136: NOTICE:  identifier "equipment_maintenance_history_evidence_require_verified_snapshot" will be truncated to "equipment_maintenance_history_evidence_require_verified_snapsho"
psql:/canonical-migrations/0193_maintenance_gaps.sql:167: NOTICE:  identifier "equipment_maintenance_history_evidence_require_verified_snapshot" will be truncated to "equipment_maintenance_history_evidence_require_verified_snapsho"
psql:/canonical-migrations/0207_create_erasure_ledger.sql:131: NOTICE:  extension "pgcrypto" already exists, skipping
NOTICE:  topology.canonical_enforcement: examined 20 canonical tables [company_revisions,employee_person_bindings,employees,employment_heads,employment_revisions,employment_source_bindings,job_position_revisions,job_positions,org_unit_revisions,org_unit_source_bindings,org_units,organizations,payroll_disbursements,payroll_draft_lines,payroll_draft_runs,payroll_line_calculations,payroll_payslip_deliveries,payroll_run_exceptions,person_revisions,persons]
topology: seven application roles reconciled and verified
canonical-enforce: enforced on canonical_probe_35530, examined 20 tables [company_revisions,employee_person_bindings,employees,employment_heads,employment_revisions,employment_source_bindings,job_position_revisions,job_positions,org_unit_revisions,org_unit_source_bindings,org_units,organizations,payroll_disbursements,payroll_draft_lines,payroll_draft_runs,payroll_line_calculations,payroll_payslip_deliveries,payroll_run_exceptions,person_revisions,persons]
SELECT 27
SELECT 5
SELECT 415
DO
ALTER ROLE
DO
cargo-postgres: running 1 cargo test invocations (threads=1)
cargo-postgres: building packages...
[1m[92m   Compiling[0m console-reporting-adapter-postgres v0.1.0 (/private/tmp/console-production-tdd-preparation-20260913/backend/crates/reporting/adapter-postgres)
[1m[92m   Compiling[0m console-registry-adapter-postgres v0.1.0 (/private/tmp/console-production-tdd-preparation-20260913/backend/crates/registry/adapter-postgres)
[1m[92m   Compiling[0m console-reporting-rest v0.1.0 (/private/tmp/console-production-tdd-preparation-20260913/backend/crates/reporting/rest)
[1m[92m   Compiling[0m console-registry-rest v0.1.0 (/private/tmp/console-production-tdd-preparation-20260913/backend/crates/registry/rest)
[1m[92m   Compiling[0m console-app v0.1.0 (/private/tmp/console-production-tdd-preparation-20260913/backend/app)
[1m[33mwarning[0m[1m: linker stderr: ld: __eh_frame section too large (max 16MB) to encode dwarf unwind offsets in compact unwind table, performance of exception handling might be affected[0m
  [1m[94m|[0m
  [1m[94m= [0m[1mnote[0m: `#[warn(linker_messages)]` on by default

[1m[33mwarning[0m: `console-app` (bin "console-app") generated 1 warning
[1m[33mwarning[0m: `console-app` (test "auth_rest") generated 1 warning (1 duplicate)
[1m[92m    Finished[0m ]8;;https://doc.rust-lang.org/cargo/reference/profiles.html#default-profiles\`test` profile [unoptimized + debuginfo]]8;;\ target(s) in 24.09s
[1m[33mwarning[0m: the following packages contain code that will be rejected by a future version of Rust: proc-macro-error2 v2.0.1
[1m[92mnote[0m: to see what the problems were, use the option `--future-incompat-report`, or run `cargo report future-incompatibilities --id 1`
[1m[92m  Executable[0m tests/auth_rest.rs (/private/tmp/console-account30-cargo/debug/deps/auth_rest-1c2af398acf7d944)
cargo-postgres: === app-auth-rest-pg ===
cargo-postgres: cargo test --locked --manifest-path backend/Cargo.toml -p console-app --test auth_rest account_fence_transport::account_fence_refresh_ -- --test-threads=1
[1m[33mwarning[0m[1m: linker stderr: ld: __eh_frame section too large (max 16MB) to encode dwarf unwind offsets in compact unwind table, performance of exception handling might be affected[0m
  [1m[94m|[0m
  [1m[94m= [0m[1mnote[0m: `#[warn(linker_messages)]` on by default

[1m[33mwarning[0m: `console-app` (bin "console-app") generated 1 warning
[1m[33mwarning[0m: `console-app` (test "auth_rest") generated 1 warning (1 duplicate)
[1m[92m    Finished[0m ]8;;https://doc.rust-lang.org/cargo/reference/profiles.html#default-profiles\`test` profile [unoptimized + debuginfo]]8;;\ target(s) in 0.53s
[1m[33mwarning[0m: the following packages contain code that will be rejected by a future version of Rust: proc-macro-error2 v2.0.1
[1m[92mnote[0m: to see what the problems were, use the option `--future-incompat-report`, or run `cargo report future-incompatibilities --id 1`
[1m[92m     Running[0m tests/auth_rest.rs (/private/tmp/console-account30-cargo/debug/deps/auth_rest-1c2af398acf7d944)

running 6 tests
test account_fence_transport::account_fence_refresh_auth_only_outage_preserves_token_and_audit_then_recovers ... FAILED
test account_fence_transport::account_fence_refresh_body_refuses_before_issuance ... FAILED
test account_fence_transport::account_fence_refresh_canonical_writer_refuses_fenced_subject_and_rotates_control ... FAILED
test account_fence_transport::account_fence_refresh_cookie_refuses_before_issuance ... FAILED
test account_fence_transport::account_fence_refresh_effective_cookie_subject_controls_conflicting_body ... FAILED
test account_fence_transport::account_fence_refresh_snapshot_detects_real_rotation_both_transports ... ok

failures:

---- account_fence_transport::account_fence_refresh_auth_only_outage_preserves_token_and_audit_then_recovers stdout ----

thread 'account_fence_transport::account_fence_refresh_auth_only_outage_preserves_token_and_audit_then_recovers' (32418078) panicked at app/tests/auth_rest/account_fence_transport.rs:860:9:
FENCE_OUTAGE_PREWRITE: indeterminate auth consumed token or changed audit
note: run with `RUST_BACKTRACE=1` environment variable to display a backtrace

---- account_fence_transport::account_fence_refresh_body_refuses_before_issuance stdout ----

thread 'account_fence_transport::account_fence_refresh_body_refuses_before_issuance' (32418116) panicked at app/tests/auth_rest/account_fence_transport.rs:189:5:
FENCE_PREWRITE: refusal created, removed, rewrote or replaced refresh issuance material

---- account_fence_transport::account_fence_refresh_canonical_writer_refuses_fenced_subject_and_rotates_control stdout ----

thread 'account_fence_transport::account_fence_refresh_canonical_writer_refuses_fenced_subject_and_rotates_control' (32418238) panicked at app/tests/auth_rest/account_fence_transport.rs:696:9:
FENCE_CANONICAL_PREWRITE: direct owner changed refresh or audit material

---- account_fence_transport::account_fence_refresh_cookie_refuses_before_issuance stdout ----

thread 'account_fence_transport::account_fence_refresh_cookie_refuses_before_issuance' (32418269) panicked at app/tests/auth_rest/account_fence_transport.rs:189:5:
FENCE_PREWRITE: refusal created, removed, rewrote or replaced refresh issuance material

---- account_fence_transport::account_fence_refresh_effective_cookie_subject_controls_conflicting_body stdout ----

thread 'account_fence_transport::account_fence_refresh_effective_cookie_subject_controls_conflicting_body' (32418342) panicked at app/tests/auth_rest/account_fence_transport.rs:946:5:
FENCE_COOKIE_SUBJECT: fenced cookie must preserve both subjects despite valid body


failures:
    account_fence_transport::account_fence_refresh_auth_only_outage_preserves_token_and_audit_then_recovers
    account_fence_transport::account_fence_refresh_body_refuses_before_issuance
    account_fence_transport::account_fence_refresh_canonical_writer_refuses_fenced_subject_and_rotates_control
    account_fence_transport::account_fence_refresh_cookie_refuses_before_issuance
    account_fence_transport::account_fence_refresh_effective_cookie_subject_controls_conflicting_body

test result: FAILED. 1 passed; 5 failed; 0 ignored; 0 measured; 145 filtered out; finished in 13.06s

[1m[91merror[0m: test failed, to rerun pass `-p console-app --test auth_rest`
cargo-postgres-timing: {"name": "app-auth-rest-pg", "package": "console-app", "seconds": 17.085, "shard": "", "status": "fail"}

cargo-postgres: summary
  FAIL  app-auth-rest-pg
cargo-postgres: 0 passed, 1 failed
cargo-postgres: one or more invocations failed
