✖ Media catalogue rejects changed reference rate (164.664458ms)
ℹ tests 1
ℹ suites 0
ℹ pass 0
ℹ fail 1
ℹ cancelled 0
ℹ skipped 0
ℹ todo 0
ℹ duration_ms 219.90775

✖ failing tests:

test at scripts/console/validate-console-truth-ledger.test.mjs:1842:3
✖ Media catalogue rejects changed reference rate (164.664458ms)
  AssertionError [ERR_ASSERTION]: Missing expected exception: N16 variant 1: actual owning validator rejects
      at assertMediaRejection (file:///private/tmp/console-client-release-20260919/scripts/console/validate-console-truth-ledger.test.mjs:1658:10)
      at TestContext.<anonymous> (file:///private/tmp/console-client-release-20260919/scripts/console/validate-console-truth-ledger.test.mjs:1843:56)
      at Test.runInAsyncScope (node:async_hooks:226:14)
      at Test.run (node:internal/test_runner/test:1397:25)
      at Test.start (node:internal/test_runner/test:1257:17)
      at startSubtestAfterBootstrap (node:internal/test_runner/harness:387:17) {
    generatedMessage: false,
    code: 'ERR_ASSERTION',
    actual: undefined,
    expected: /release inventory.*Media/i,
    operator: 'throws',
    diff: 'simple'
  }
