    Checking typenum v1.20.1
   Compiling libc v0.2.186
    Checking getrandom v0.2.17
   Compiling aws-lc-rs v1.18.1
    Checking secrecy v0.10.3
    Checking console-comms-domain v0.1.0 (/private/tmp/console-client-release-20260919/backend/crates/comms/domain)
    Checking rand_core v0.6.4
    Checking generic-array v0.14.7
   Compiling jobserver v0.1.35
   Compiling cc v1.2.63
    Checking crypto-common v0.1.7
    Checking inout v0.1.4
    Checking universal-hash v0.5.1
    Checking aead v0.5.2
    Checking cipher v0.4.4
   Compiling cmake v0.1.58
    Checking poly1305 v0.8.0
    Checking chacha20 v0.9.1
   Compiling aws-lc-sys v0.45.0
    Checking console-comms-application v0.1.0 (/private/tmp/console-client-release-20260919/backend/crates/comms/application)
    Checking chacha20poly1305 v0.10.1
    Checking console-comms-credential-cipher v0.1.0 (/private/tmp/console-client-release-20260919/backend/crates/comms/credential-cipher)
    Finished `dev` profile [unoptimized + debuginfo] target(s) in 13.48s
