[2026-09-20T21:55:02.508-04:00] Build ID: 3524b196-600b-4f82-b5c3-47822e406cbc
[2026-09-20T21:55:02.525-04:00] File changed: root//backend/target/.rustc_info.json
[2026-09-20T21:55:02.525-04:00] Directory changed: root//backend/target/debug/.fingerprint/console-comms-credential-cipher-d728b99d0cab6b21
[2026-09-20T21:55:02.525-04:00] Directory changed: root//backend/target/debug/.fingerprint/aws-lc-rs-7ea6bc5285420192
[2026-09-20T21:55:02.525-04:00] 4017 additional file change events
[2026-09-20T21:55:04.275-04:00] ✓ Pass: root//backend/crates/comms/application:console-comms-application-unit (0.2s)
[2026-09-20T21:55:04.275-04:00] ---- STDOUT ----
[2026-09-20T21:55:04.275-04:00]
[2026-09-20T21:55:04.275-04:00] running 15 tests
[2026-09-20T21:55:04.275-04:00] test tests::rate_bucket_caps_are_sane ... ok
[2026-09-20T21:55:04.275-04:00] test tests::floor_to_window_aligns_to_grid ... ok
[2026-09-20T21:55:04.275-04:00] test tests::send_kind_audit_actions ... ok
[2026-09-20T21:55:04.275-04:00] test tests::thread_grouping_subjectless_is_singleton_by_uid ... ok
[2026-09-20T21:55:04.275-04:00] test tests::port_allowlists_reject_non_mail_ports ... ok
[2026-09-20T21:55:04.275-04:00] test tests::mail_attachment_key_is_org_prefixed_and_sanitized ... ok
[2026-09-20T21:55:04.275-04:00] test tests::references_group_a_korean_reply_with_stripped_headers ... ok
[2026-09-20T21:55:04.275-04:00] test tests::thread_grouping_prefers_references_root ... ok
[2026-09-20T21:55:04.275-04:00] test tests::sanitize_filename_neutralizes_paths_and_empties ... ok
[2026-09-20T21:55:04.275-04:00] test tests::thread_grouping_falls_back_to_in_reply_to_then_subject ... ok
[2026-09-20T21:55:04.275-04:00] test tests::reply_requires_in_reply_to ... ok
[2026-09-20T21:55:04.275-04:00] test tests::account_view_omits_password_fields ... ok
[2026-09-20T21:55:04.275-04:00] test tests::send_rejects_empty_to_and_over_cap ... ok
[2026-09-20T21:55:04.275-04:00] test tests::uidvalidity_reset_refetches_from_floor ... ok
[2026-09-20T21:55:04.275-04:00] test tests::sync_is_idempotent_over_the_same_uid_range ... ok
[2026-09-20T21:55:04.275-04:00]
[2026-09-20T21:55:04.275-04:00] test result: ok. 15 passed; 0 failed; 0 ignored; 0 measured; 0 filtered out; finished in 0.00s
[2026-09-20T21:55:04.275-04:00]
[2026-09-20T21:55:04.275-04:00]
[2026-09-20T21:55:04.275-04:00] ---- STDERR ----
[2026-09-20T21:55:04.275-04:00]
[2026-09-20T21:55:04.277-04:00] Cache hits: 0%
[2026-09-20T21:55:04.277-04:00] Commands: 2 (cached: 0, remote: 0, local: 2)
[2026-09-20T21:55:04.277-04:00] Network: Up: 0B  Down: 0B
Tests finished: [mPass 1[m. Fail 0. Timeout 0. Fatal 0. Skip 0. Omit 0. Infra Failure 0. Build failure 0
