    Checking crypto-common v0.1.7
    Checking aws-lc-rs v1.18.1
   Compiling rustls v0.23.45
    Checking inout v0.1.4
    Checking console-comms-domain v0.1.0 (/private/tmp/console-client-release-20260919/backend/crates/comms/domain)
    Checking secrecy v0.10.3
    Checking digest v0.10.7
    Checking universal-hash v0.5.1
    Checking aead v0.5.2
    Checking console-comms-application v0.1.0 (/private/tmp/console-client-release-20260919/backend/crates/comms/application)
    Checking cipher v0.4.4
    Checking rustls-webpki v0.103.15
    Checking poly1305 v0.8.0
    Checking sha2 v0.10.9
    Checking hmac v0.12.1
    Checking signature v2.2.0
    Checking curve25519-dalek v4.1.3
    Checking chacha20 v0.9.1
   Compiling sqlx-core v0.9.0
    Checking ed25519 v2.2.3
    Checking rsa v0.9.10
    Checking hkdf v0.12.4
    Checking rfc6979 v0.4.0
    Checking chacha20poly1305 v0.10.1
    Checking elliptic-curve v0.13.8
    Checking console-comms-credential-cipher v0.1.0 (/private/tmp/console-client-release-20260919/backend/crates/comms/credential-cipher)
    Checking ed25519-dalek v2.2.0
    Checking ecdsa v0.16.9
    Checking primeorder v0.13.6
    Checking p256 v0.13.2
    Checking p384 v0.13.1
    Checking jsonwebtoken v11.0.0
   Compiling sqlx-postgres v0.9.0
   Compiling sqlx-macros-core v0.9.0
   Compiling sqlx-macros v0.9.0
    Checking sqlx v0.9.0
    Checking console-platform-db v0.1.0 (/private/tmp/console-client-release-20260919/backend/crates/platform/db)
    Checking console-platform-authz v0.1.0 (/private/tmp/console-client-release-20260919/backend/crates/platform/authz)
    Checking console-platform-group v0.1.0 (/private/tmp/console-client-release-20260919/backend/crates/platform/group)
    Checking console-platform-auth v0.1.0 (/private/tmp/console-client-release-20260919/backend/crates/platform/auth)
    Checking console-platform-request-context v0.1.0 (/private/tmp/console-client-release-20260919/backend/crates/platform/request-context)
    Checking console-comms-adapter-postgres v0.1.0 (/private/tmp/console-client-release-20260919/backend/crates/comms/adapter-postgres)
error: very complex type used. Consider factoring parts into `type` definitions
   --> crates/comms/adapter-postgres/tests/mail_account_rls_surfaces_as_runtime_role/mixed_format.rs:124:13
    |
124 |     let row:(Vec<u8>,Vec<u8>,Vec<u8>,Vec<u8>,Vec<u8>,Vec<u8>,Vec<u8>,Vec<u8>,i16)=sqlx::query_as("SELECT smtp_password_ct,smtp_pass...
    |             ^^^^^^^^^^^^^^^^^^^^^^^^^^^^^^^^^^^^^^^^^^^^^^^^^^^^^^^^^^^^^^^^^^^^^
    |
    = help: for further information visit https://rust-lang.github.io/rust-clippy/rust-1.98.0/index.html#type_complexity
    = note: `-D clippy::type-complexity` implied by `-D warnings`
    = help: to override `-D warnings` add `#[allow(clippy::type_complexity)]`

error: could not compile `console-comms-adapter-postgres` (test "mail_account_rls_surfaces_as_runtime_role") due to 1 previous error
