▶ CI preflight contract
  ✔ ignores an inherited alternate Git index (151.59075ms)
  ✔ isolates fixture Git from hostile external repository controls (100.082917ms)
  ✔ classifies docs-only narrowly and keeps unmapped or product paths heavy (0.474ms)
  ✔ path-gates live Postgres like oyatie pg-gate (5.118167ms)
  ✔ resolves a merge group's diff range, and fails closed without its SHAs (0.246291ms)
  ✔ classifies only the complete release metadata shape as thin (0.154208ms)
  ✔ empty successful changed-path list keeps runHeavy / non-docs-only (0.040084ms)
  ✔ lists rename sources so product→docs rename is not docs-only (80.804417ms)
  ✔ lists deletions so docs edit + product delete is mixed / runHeavy (78.696583ms)
  ✔ preserves exact Git pathname bytes so whitespace cannot alias a release path (73.247625ms)
  ✔ fails closed on malformed or non-UTF-8 NUL-delimited Git path output (0.146458ms)
  ✔ invokes Git with an exact NUL-delimited no-helper path inventory (0.081667ms)
  ✔ accepts the workflow's cheap preflight and protected expensive jobs (69.361833ms)
  ✔ locks Required / CI to the oyatie-style presubmit proofs (246.4565ms)
  ✔ keeps PostgreSQL reachability non-evaluated when preflight fails (56.399166ms)
  ✔ rejects every run-step condition, soft-failure, and retained-text early-exit bypass (13563.289167ms)
  ✔ rejects every setup-action condition and soft-failure bypass (2158.077208ms)
  ✔ locks every setup action's identity, inputs, totality, and interleaving (4600.695708ms)
  ✔ locks the setup-rust action body, which is now the only namer of a Rust version (34.316791ms)
  ✔ locks the candidate-controlled local free-runner-disk action body (33.083625ms)
  ✔ locks every required job's complete execution envelope (378.679375ms)
  ✔ locks the top-level trigger, permission, concurrency, and job-id envelope (68.239917ms)
  ✔ forbids push and pull-request path filters so every required context is created (69.528125ms)
  ✔ locks both reasoning-lens steps to one occurrence each, gated on npm ci (70.585375ms)
  ✔ rejects Buck2 jobs that do not bootstrap pinned DotSlash before invocation (17.658333ms)
  ✔ resolves the backend DotSlash bootstrap from its effective working directory (16.59325ms)
  ✔ requires backend Buck2 commands to run from the repository root (50.615625ms)
  ✔ rejects CONSOLE_APP_BIN anywhere in the text-only API contract job (70.011167ms)
  ✔ rejects every GITHUB_ENV handoff surface in the API contract job (49.605875ms)
  ✔ rejects any build or executable surface added to the text-only API contract job (138.117041ms)
  ✔ rejects a duplicated platform contract drift gate (17.410292ms)
  ✔ accepts the text-only API contract surface (16.351041ms)
  ✔ rejects services and job-level environment on the text-only API contract (34.335916ms)
  ✔ requires backend DotSlash bootstrap before any Buck or DotSlash invocation (34.710875ms)
  ✔ rejects a generated-face authority job without the complete closure (16.370583ms)
  ✔ requires the lock-sourced Reindeer toolchain before the full generated-face closure (101.236ms)
  ✔ requires the pinned Rust toolchain before Cargo-dependent preflight tests (17.627917ms)
  ✔ requires a full-history checkout for fail-closed path classification (16.70025ms)
  ✔ keeps authority regressions without live C/T/M admission in general CI (101.857958ms)
  ✔ runs release metadata semantics, custody, and links on the exact thin boundary (117.5915ms)
  ✔ rejects omission and comment-only reachability regressions (100.06475ms)
  ✔ rejects conditional and continue-on-error reachability regressions (100.640667ms)
  ✔ rejects a preflight that does not run npm and Cargo lock consistency gates (33.413ms)
  ✔ rejects a dependency missing from Cargo.lock while the clean lock passes (283.39575ms)
  ✔ rejects a preflight command that appears only in a comment (17.008167ms)
  ✔ rejects a required preflight step guarded by a condition (16.799375ms)
  ✔ rejects a required preflight step allowed to continue on error (16.920834ms)
  ✔ rejects any expensive job without the preflight dependency (85.408666ms)
  ✔ rejects failure-insensitive job-level conditions on protected jobs (186.816833ms)
  ✔ rejects job-level preflight failure bypasses (66.270709ms)
  ✔ rejects workflow-level environment and shell overrides (34.195416ms)
  ✔ locks exact job-level environment and defaults metadata (84.741875ms)
  ✔ rejects step environment injection across every protected proof class (150.387833ms)
  ✔ locks post-preflight Buck2 reachability targets and disallows added run surfaces (3000.412958ms)
  ✔ keeps both payroll release-gate halves reachable from domain-unit (114.75175ms)
  ✔ rejects non-executing or non-gating domain-unit command surfaces (150.121542ms)
  ✔ derives the ordered domain-unit integration inventory and checks its baseline (171.299917ms)
  ✔ preserves fail-fast backend ordering (33.917333ms)
  ✔ locks the company-conformance proof and its execution semantics (87.368875ms)
  ✔ locks the Kubernetes production-hardening proof (68.547958ms)
  ✔ fails closed when optimized gates or targets are commented, weakened, or duplicated (82.284083ms)
  ✔ requires both native platform authorization and topology codec unit suites (53.337292ms)
  ✔ requires the native credential cipher unit suite in the existing protected platform step (33.464458ms)
  ✔ keeps protected backend steps fail-slow and runs PR 473 contract tests before topology (51.0215ms)
  ✔ locks the documentation manifest gate and its doc-test to doc-link position (168.096292ms)
  ✔ locks the undeclared-imports gate step in repo-gates (17.325292ms)
  ✔ locks the request-body-contract gate step in repo-gates (34.677292ms)
  ✔ locks the console-app OpenAPI drift suite step in backend (54.524708ms)
✔ CI preflight contract (27955.771958ms)
▶ native browser evidence retention
  ✔ retains exactly26 public files in one pinned action before failure collection (124.377375ms)
  ✔ fails every successful-leaf evidence guard on a missing empty or symlinked allowlisted file (252.44525ms)
✔ native browser evidence retention (376.918166ms)
ℹ tests 70
ℹ suites 2
ℹ pass 70
ℹ fail 0
ℹ cancelled 0
ℹ skipped 0
ℹ todo 0
ℹ duration_ms 28391.924375
