[2026-09-20T21:53:31.162-04:00] Build ID: 8e75d683-8a07-4432-bd32-32fff77f1469
[2026-09-20T21:53:31.166-04:00] File changed: root//backend/crates/comms/credential-cipher/Cargo.toml
[2026-09-20T21:53:31.166-04:00] File changed: root//backend/crates/comms/application/src/lib.rs
[2026-09-20T21:53:31.166-04:00] File changed: root//backend/crates/comms/credential-cipher/src/lib.rs
[2026-09-20T21:53:31.166-04:00] 178 additional file change events
[2026-09-20T21:53:33.186-04:00] ✓ Pass: root//backend/crates/comms/credential-cipher:console-comms-credential-cipher-unit (0.2s)
[2026-09-20T21:53:33.186-04:00] ---- STDOUT ----
[2026-09-20T21:53:33.186-04:00]
[2026-09-20T21:53:33.186-04:00] running 22 tests
[2026-09-20T21:53:33.186-04:00] test tests::aad_encoding_is_unambiguous ... ok
[2026-09-20T21:53:33.186-04:00] test tests::bad_master_key_inputs_are_rejected ... ok
[2026-09-20T21:53:33.186-04:00] test tests::aes256_gcm_known_answer_opens_through_production_primitive ... ok
[2026-09-20T21:53:33.186-04:00] test tests::frozen_legacy_smtp_and_imap_remain_readable_without_mutation ... ok
[2026-09-20T21:53:33.186-04:00] test tests::wrong_aad_org_fails_auth ... ok
[2026-09-20T21:53:33.186-04:00] test tests::secret_debug_is_redacted ... ok
[2026-09-20T21:53:33.186-04:00] test tests::aes_v2_binds_domain_row_field_and_distinct_payload_wrap_purposes ... ok
[2026-09-20T21:53:33.186-04:00] test tests::tampered_dek_nonce_fails_auth ... ok
[2026-09-20T21:53:33.186-04:00] test tests::fresh_dek_and_nonce_per_call_yield_distinct_ciphertext ... ok
[2026-09-20T21:53:33.186-04:00] test tests::wrong_key_version_is_rejected ... ok
[2026-09-20T21:53:33.186-04:00] test tests::empty_plaintext_round_trips ... ok
[2026-09-20T21:53:33.186-04:00] test tests::ciphertext_is_not_plaintext_and_aes_v2_format_is_explicit ... ok
[2026-09-20T21:53:33.186-04:00] test tests::wrong_kek_fails_to_decrypt ... ok
[2026-09-20T21:53:33.186-04:00] test tests::wrong_aad_field_fails_auth ... ok
[2026-09-20T21:53:33.186-04:00] test tests::wrong_aad_account_fails_auth ... ok
[2026-09-20T21:53:33.186-04:00] test tests::aes_v2_fresh_wrapping_nonces_and_actual_deks_are_independent ... ok
[2026-09-20T21:53:33.186-04:00] test tests::wrong_nonce_length_is_rejected ... ok
[2026-09-20T21:53:33.186-04:00] test tests::round_trip_recovers_plaintext ... ok
[2026-09-20T21:53:33.186-04:00] test tests::tampered_wrapped_dek_fails_auth ... ok
[2026-09-20T21:53:33.186-04:00] test tests::tampered_ciphertext_fails_auth ... ok
[2026-09-20T21:53:33.186-04:00] test tests::tampered_nonce_fails_auth ... ok
[2026-09-20T21:53:33.186-04:00] test tests::aes_v2_rejects_mixed_formats_unknown_markers_and_every_bundle_corruption ... ok
[2026-09-20T21:53:33.186-04:00]
[2026-09-20T21:53:33.186-04:00] test result: ok. 22 passed; 0 failed; 0 ignored; 0 measured; 0 filtered out; finished in 0.03s
[2026-09-20T21:53:33.186-04:00]
[2026-09-20T21:53:33.186-04:00]
[2026-09-20T21:53:33.186-04:00] ---- STDERR ----
[2026-09-20T21:53:33.186-04:00]
[2026-09-20T21:53:33.191-04:00] Cache hits: 0%
[2026-09-20T21:53:33.191-04:00] Commands: 3 (cached: 0, remote: 0, local: 3)
[2026-09-20T21:53:33.191-04:00] Network: Up: 0B  Down: 0B
Tests finished: [mPass 1[m. Fail 0. Timeout 0. Fatal 0. Skip 0. Omit 0. Infra Failure 0. Build failure 0
