▶ CI preflight contract
  ✖ requires the native credential cipher unit suite in the existing protected platform step (108.752958ms)
✖ CI preflight contract (109.583ms)
ℹ tests 1
ℹ suites 1
ℹ pass 0
ℹ fail 1
ℹ cancelled 0
ℹ skipped 0
ℹ todo 0
ℹ duration_ms 157.59475

✖ failing tests:

test at scripts/check-ci-preflight.test.mjs:2495:3
✖ requires the native credential cipher unit suite in the existing protected platform step (108.752958ms)
  AssertionError [ERR_ASSERTION]: Expected values to be strictly equal:
  
  1 !== 2
  
      at file:///private/tmp/console-client-release-20260919/scripts/check-ci-preflight.test.mjs:2506:16
      at file:///private/tmp/console-client-release-20260919/scripts/check-ci-preflight.test.mjs:125:21
      at replaceJob (file:///private/tmp/console-client-release-20260919/scripts/check-ci-preflight.test.mjs:114:35)
      at mutateNamedStep (file:///private/tmp/console-client-release-20260919/scripts/check-ci-preflight.test.mjs:118:10)
      at TestContext.<anonymous> (file:///private/tmp/console-client-release-20260919/scripts/check-ci-preflight.test.mjs:2505:7)
      at Test.runInAsyncScope (node:async_hooks:226:14)
      at Test.run (node:internal/test_runner/test:1397:25)
      at Test.start (node:internal/test_runner/test:1257:17)
      at node:internal/test_runner/test:1887:71
      at node:internal/per_context/primordials:504:82 {
    generatedMessage: true,
    code: 'ERR_ASSERTION',
    actual: 1,
    expected: 2,
    operator: 'strictEqual',
    diff: 'simple'
  }
