NOTICE:  topology.canonical_enforcement: examined 0 canonical tables []
topology: seven application roles reconciled and verified
[2026-09-20T22:06:05.083-04:00] Build ID: 3efb0472-bdc6-419e-8f4c-52edcef62317
[2026-09-20T22:06:05.086-04:00] Directory changed (since mergebase): root//backend/target/debug/.fingerprint/console-comms-adapter-postgres-d3f667051b16f277
[2026-09-20T22:06:05.086-04:00] Directory changed (since mergebase): root//backend/target/debug/.fingerprint/console-comms-adapter-postgres-f5c72f17de1250ba
[2026-09-20T22:06:05.086-04:00] Directory changed (since mergebase): root//backend/target/debug/.fingerprint/console-comms-application-cf6d0ffb64d00db6
[2026-09-20T22:06:05.086-04:00] 1724 additional file change events (since mergebase)
[2026-09-20T22:06:05.086-04:00] File Watcher fresh instance: cleared graph state
[2026-09-20T22:06:12.182-04:00] Waiting on toolchains//:cpython_archive (prelude//platforms:default#11a256c53bf8083e) -- action (download_file archive.tar.gz), and 592 other actions
[2026-09-20T22:06:19.381-04:00] Waiting on root//backend/crates/comms/adapter-postgres:console-comms-adapter-postgres-itest-mail_account_rls_surfaces_as_runtime_role (prelude//platforms:default#39893c7e49283da4) -- action (rustc link [pic]) [local_execute]
[2026-09-20T22:06:23.406-04:00] Cache hits: 0%
[2026-09-20T22:06:23.406-04:00] Commands: 1 (cached: 0, remote: 0, local: 1)
[2026-09-20T22:06:23.406-04:00] Network: Up: 0B  Down: 0B
BUILD SUCCEEDED
[2026-09-20T22:06:23.451-04:00] Build ID: b4fcbdc0-0a00-43f2-aef3-43a749be9589
[2026-09-20T22:06:23.455-04:00] File Watcher fresh instance: cleared graph state
[2026-09-20T22:06:30.553-04:00] Waiting on root//backend/crates/comms/adapter-postgres:console-comms-adapter-postgres-itest-mail_account_rls_surfaces_as_runtime_role (prelude//platforms:default#39893c7e49283da4) -- action (write linker_wrapper.sh), and 616 other actions
[2026-09-20T22:06:37.653-04:00] Waiting on root//third-party/rust:base64-0.23 (prelude//platforms:default#39893c7e49283da4) -- action (write_json LPPF-depsfull-symlinked_dirs.json), and 514 other actions
[2026-09-20T22:06:44.851-04:00] Waiting on Test comms-adapter-postgres-mail-account-rls-surfaces-as-runtime-role-pg --  [local_execute]
[2026-09-20T22:06:48.725-04:00] ✓ Pass: root//tools/buck:comms-adapter-postgres-mail-account-rls-surfaces-as-runtime-role-pg (7.7s)
[2026-09-20T22:06:48.725-04:00] ---- STDOUT ----
[2026-09-20T22:06:48.725-04:00]
[2026-09-20T22:06:48.725-04:00] running 5 tests
[2026-09-20T22:06:48.725-04:00] test account_is_invisible_to_another_org_as_runtime_role ... ok
[2026-09-20T22:06:48.725-04:00] test mixed_format::legacy_mailbox_reopens_then_smtp_only_and_imap_only_updates_preserve_other_bundle ... ok
[2026-09-20T22:06:48.725-04:00] test persist_outbound_writes_direction_out_and_audits ... ok
[2026-09-20T22:06:48.725-04:00] test smtp_port_check_rejects_25_accepts_submission_ports ... ok
[2026-09-20T22:06:48.725-04:00] test upsert_and_get_account_as_runtime_role_persist_ciphertext_only ... ok
[2026-09-20T22:06:48.725-04:00]
[2026-09-20T22:06:48.725-04:00] test result: ok. 5 passed; 0 failed; 0 ignored; 0 measured; 0 filtered out; finished in 7.31s
[2026-09-20T22:06:48.725-04:00]
[2026-09-20T22:06:48.725-04:00]
[2026-09-20T22:06:48.725-04:00] ---- STDERR ----
[2026-09-20T22:06:48.725-04:00]
[2026-09-20T22:06:48.748-04:00] Network: Up: 0B  Down: 0B
Tests finished: [mPass 1[m. Fail 0. Timeout 0. Fatal 0. Skip 0. Omit 0. Infra Failure 0. Build failure 0
