[2026-09-20T21:50:16.638-04:00] Build ID: 20f44982-8319-4465-9986-f48e6a559d84
[2026-09-20T21:50:16.638-04:00] File changed: root//backend/crates/comms/credential-cipher/src/lib.rs
[2026-09-20T21:50:16.638-04:00] File changed: root//rustfmt.toml
[2026-09-20T21:50:16.638-04:00] File changed: root//backend/crates/comms/credential-cipher/src/aes_tests.rs
[2026-09-20T21:50:17.792-04:00] ✗ Fail: root//backend/crates/comms/credential-cipher:console-comms-credential-cipher-unit (0.2s)
[2026-09-20T21:50:17.792-04:00] ---- STDOUT ----
[2026-09-20T21:50:17.792-04:00]
[2026-09-20T21:50:17.792-04:00] running 18 tests
[2026-09-20T21:50:17.792-04:00] test tests::aad_encoding_is_unambiguous ... ok
[2026-09-20T21:50:17.792-04:00] test tests::bad_master_key_inputs_are_rejected ... ok
[2026-09-20T21:50:17.792-04:00] test tests::tampered_dek_nonce_fails_auth ... ok
[2026-09-20T21:50:17.792-04:00] test tests::ciphertext_is_not_plaintext_and_nonces_are_24_bytes ... ok
[2026-09-20T21:50:17.792-04:00] test tests::wrong_aad_account_fails_auth ... ok
[2026-09-20T21:50:17.792-04:00] test tests::empty_plaintext_round_trips ... ok
[2026-09-20T21:50:17.792-04:00] test tests::tampered_wrapped_dek_fails_auth ... ok
[2026-09-20T21:50:17.792-04:00] test tests::secret_debug_is_redacted ... ok
[2026-09-20T21:50:17.792-04:00] test tests::tampered_nonce_fails_auth ... ok
[2026-09-20T21:50:17.792-04:00] test tests::round_trip_recovers_plaintext ... ok
[2026-09-20T21:50:17.792-04:00] test tests::tampered_ciphertext_fails_auth ... ok
[2026-09-20T21:50:17.792-04:00] test tests::wrong_kek_fails_to_decrypt ... ok
[2026-09-20T21:50:17.792-04:00] test tests::wrong_key_version_is_rejected ... ok
[2026-09-20T21:50:17.792-04:00] test tests::ciphertext_is_not_plaintext_and_aes_v2_format_is_explicit ... FAILED
[2026-09-20T21:50:17.792-04:00] test tests::wrong_aad_org_fails_auth ... ok
[2026-09-20T21:50:17.792-04:00] test tests::wrong_aad_field_fails_auth ... ok
[2026-09-20T21:50:17.792-04:00] test tests::fresh_dek_and_nonce_per_call_yield_distinct_ciphertext ... ok
[2026-09-20T21:50:17.792-04:00] test tests::wrong_nonce_length_is_rejected ... ok
[2026-09-20T21:50:17.792-04:00]
[2026-09-20T21:50:17.792-04:00] failures:
[2026-09-20T21:50:17.792-04:00]
[2026-09-20T21:50:17.792-04:00] ---- tests::ciphertext_is_not_plaintext_and_aes_v2_format_is_explicit stdout ----
[2026-09-20T21:50:17.792-04:00]
[2026-09-20T21:50:17.792-04:00] thread 'tests::ciphertext_is_not_plaintext_and_aes_v2_format_is_explicit' (72895791) panicked at backend/crates/comms/credential-cipher/backend/crates/comms/credential-cipher/src/lib.rs:448:9:
[2026-09-20T21:50:17.792-04:00] assertion `left == right` failed
[2026-09-20T21:50:17.792-04:00]   left: 24
[2026-09-20T21:50:17.792-04:00]  right: 12
[2026-09-20T21:50:17.792-04:00] note: run with `RUST_BACKTRACE=1` environment variable to display a backtrace
[2026-09-20T21:50:17.792-04:00]
[2026-09-20T21:50:17.792-04:00]
[2026-09-20T21:50:17.792-04:00] failures:
[2026-09-20T21:50:17.792-04:00]     tests::ciphertext_is_not_plaintext_and_aes_v2_format_is_explicit
[2026-09-20T21:50:17.792-04:00]
[2026-09-20T21:50:17.792-04:00] test result: FAILED. 17 passed; 1 failed; 0 ignored; 0 measured; 0 filtered out; finished in 0.00s
[2026-09-20T21:50:17.792-04:00]
[2026-09-20T21:50:17.792-04:00]
[2026-09-20T21:50:17.792-04:00] ---- STDERR ----
[2026-09-20T21:50:17.792-04:00]
[2026-09-20T21:50:17.794-04:00] Cache hits: 0%
[2026-09-20T21:50:17.794-04:00] Commands: 1 (cached: 0, remote: 0, local: 1)
[2026-09-20T21:50:17.794-04:00] Network: Up: 0B  Down: 0B
Tests finished: Pass 0. [mFail 1[m. Timeout 0. Fatal 0. Skip 0. Omit 0. Infra Failure 0. Build failure 0
1 TESTS FAILED
  ✗ root//backend/crates/comms/credential-cipher:console-comms-credential-cipher-unit
