NOTICE:  topology.canonical_enforcement: examined 0 canonical tables []
topology: seven application roles reconciled and verified
[2026-09-20T22:00:20.025-04:00] Build ID: 867f81fc-4219-44ad-b8d2-58bd974a44ab
[2026-09-20T22:00:20.025-04:00] Directory changed (since mergebase): root//tools/buck/_probe_envmain
[2026-09-20T22:00:20.025-04:00] Directory changed (since mergebase): root//tools/buck/_probe_envmain/src
[2026-09-20T22:00:20.025-04:00] Directory changed (since mergebase): root//tools/buck/_probe_envmain/tests
[2026-09-20T22:00:20.025-04:00] 294 additional file change events (since mergebase)
[2026-09-20T22:00:20.025-04:00] File Watcher fresh instance: cleared graph state
[2026-09-20T22:00:27.121-04:00] Waiting on root//backend -- loading package file tree
[2026-09-20T22:00:35.051-04:00] Waiting on toolchains//:cpython_archive (prelude//platforms:default#11a256c53bf8083e) -- action (download_file archive.tar.gz), and 822 other actions
[2026-09-20T22:00:36.301-04:00] 2026-09-21T02:00:35.765047Z  WARN buck2_http::retries: Retrying a HTTP error after 2 seconds: Error performing http_head request: HTTP: Error sending request to https://github.com/astral-sh/python-build-standalone/releases/download/20250807/cpython-3.13.6+20250807-aarch64-apple-darwin-install_only_stripped.tar.gz: client error (SendRequest): http2 error: connection error received: not a result of an error
[2026-09-20T22:00:42.796-04:00] Action failed: root//backend/crates/comms/adapter-postgres:console-comms-adapter-postgres-itest-mail_account_rls_surfaces_as_runtime_role (prelude//platforms:default#39893c7e49283da4) (rustc link [pic])
[2026-09-20T22:00:42.796-04:00] Local command returned non-zero exit code 1
[2026-09-20T22:00:42.796-04:00] Local command: env -C "$(buck2 root --kind project)" -- 'BUCK_SCRATCH_PATH=buck-out/v2/tmp/root/1337c2d4b931a15f/rustc/_buck_c5a998e79d3a718a' buck-out/v2/art/toolchains/11a256c53bf8083e/__cpython_archive__/cpython_archive/bin/python buck-out/v2/art/prelude/rust/tools/__rustc_action__/00cc8eff58bfacd6/__rustc_action__/rustc_action.py @buck-out/v2/art/root/backend/crates/comms/adapter-postgres/__console-comms-adapter-postgres-itest-mail_account_rls_surfaces_as_runtime_role__/1352ae8842496dbb/XIPL/mail_account_rls_surfaces_as_runtime_role-link-diag.args
[2026-09-20T22:00:42.796-04:00] Stdout: <empty>
[2026-09-20T22:00:42.796-04:00] Stderr:
error: couldn't read `buck-out/v2/art/root/backend/crates/comms/adapter-postgres/__console-comms-adapter-postgres-itest-mail_account_rls_surfaces_as_runtime_role__/2243cbaa2ef05686/__srcs/backend/crates/comms/adapter-postgres/tests/mail_account_rls_surfaces_as_runtime_role/fixtures/credential-legacy-v1.json`: No such file or directory (os error 2)
  --> backend/crates/comms/adapter-postgres/backend/crates/comms/adapter-postgres/tests/mail_account_rls_surfaces_as_runtime_role/mixed_format.rs:18:30
   |
18 |         serde_json::from_str(include_str!("fixtures/credential-legacy-v1.json")).unwrap();
   |                              ^^^^^^^^^^^^^^^^^^^^^^^^^^^^^^^^^^^^^^^^^^^^^^^^^^


error: aborting due to 1 previous error



[2026-09-20T22:00:42.847-04:00] Cache hits: 0%
[2026-09-20T22:00:42.847-04:00] Commands: 1 (cached: 0, remote: 0, local: 1)
[2026-09-20T22:00:42.847-04:00] Network: Up: 0B  Down: 0B
[2026-09-20T22:00:42.867-04:00]
[2026-09-20T22:00:42.867-04:00] BUILD ERRORS (1)
[2026-09-20T22:00:42.867-04:00] The following actions failed during the execution of this command:
[2026-09-20T22:00:42.867-04:00] Action failed: root//backend/crates/comms/adapter-postgres:console-comms-adapter-postgres-itest-mail_account_rls_surfaces_as_runtime_role (prelude//platforms:default#39893c7e49283da4) (rustc link [pic])
[2026-09-20T22:00:42.867-04:00] Local command returned non-zero exit code 1
[2026-09-20T22:00:42.867-04:00] Local command: env -C "$(buck2 root --kind project)" -- 'BUCK_SCRATCH_PATH=buck-out/v2/tmp/root/1337c2d4b931a15f/rustc/_buck_c5a998e79d3a718a' buck-out/v2/art/toolchains/11a256c53bf8083e/__cpython_archive__/cpython_archive/bin/python buck-out/v2/art/prelude/rust/tools/__rustc_action__/00cc8eff58bfacd6/__rustc_action__/rustc_action.py @buck-out/v2/art/root/backend/crates/comms/adapter-postgres/__console-comms-adapter-postgres-itest-mail_account_rls_surfaces_as_runtime_role__/1352ae8842496dbb/XIPL/mail_account_rls_surfaces_as_runtime_role-link-diag.args
[2026-09-20T22:00:42.867-04:00] Stdout: <empty>
[2026-09-20T22:00:42.867-04:00] Stderr:
error: couldn't read `buck-out/v2/art/root/backend/crates/comms/adapter-postgres/__console-comms-adapter-postgres-itest-mail_account_rls_surfaces_as_runtime_role__/2243cbaa2ef05686/__srcs/backend/crates/comms/adapter-postgres/tests/mail_account_rls_surfaces_as_runtime_role/fixtures/credential-legacy-v1.json`: No such file or directory (os error 2)
  --> backend/crates/comms/adapter-postgres/backend/crates/comms/adapter-postgres/tests/mail_account_rls_surfaces_as_runtime_role/mixed_format.rs:18:30
   |
18 |         serde_json::from_str(include_str!("fixtures/credential-legacy-v1.json")).unwrap();
   |                              ^^^^^^^^^^^^^^^^^^^^^^^^^^^^^^^^^^^^^^^^^^^^^^^^^^


error: aborting due to 1 previous error



[2026-09-20T22:00:42.867-04:00]
BUILD FAILED
Failed to build 'root//backend/crates/comms/adapter-postgres:console-comms-adapter-postgres-itest-mail_account_rls_surfaces_as_runtime_role (prelude//platforms:default#39893c7e49283da4)'
