✔ only literal paths plus terminal subtree suffix are canonical ownership syntax (0.663375ms)
✔ unsupported authority intersections fail closed (0.599583ms)
✔ migration roots are excluded from leaves and serialised (6.310042ms)
✔ per-lane resource declarations are mandatory while source admission creates no verification jobs (1.0755ms)
✔ cold Rust capacity does not create expensive jobs from selected source writers (1.081791ms)
✔ same writer, worktree, or branch cannot be co-selected (0.426875ms)
✔ completed source cannot bypass invalid roots or exact review receipts (0.396375ms)
✔ completed source checks unowned private roots before its review shortcut (0.21625ms)
✔ consolidation is blocked until exact independent review and valid consolidation identity (0.222125ms)
✔ quality-weighted maximal independent set is deterministic (0.424375ms)
✔ Buck isolation directories include a stable full-lane hash and reject caller-controlled traversal (0.247167ms)
✔ review receipts fail closed unless an independent reviewer custody-binds the exact leaf result (1.139917ms)
✔ review authority rejects duplicate IDs or fingerprints and incomplete exact identities (0.139958ms)
✔ format-discriminated SSH authority requires the exact verified principal and SHA256 fingerprint (0.205583ms)
✔ SSH verification fails closed for absent or non-Git status output (0.042375ms)
✔ hermetic signed-candidate smoke ignores an unsigned synthetic HEAD and global config (130.214ms)
✔ real SSH-signed admission train excludes reviewed leaves and caps cold Buck jobs (371.763959ms)
✔ immutable JSON rejects duplicate object keys before canonicalization (0.591375ms)
✔ admission manifests are single-parent manifest-only commits with unique connected references (0.26975ms)
✔ epoch admission closure rejects unreviewed, unrelated, and divergent-train commits (0.186333ms)
✔ private lane roots that intersect protected authority are held instead of partially admitted (0.182083ms)
✔ lane assignment roots must be covered by exactly one private capability root (0.103416ms)
✔ completed and legacy lanes remain held before completion shortcuts (0.306334ms)
✔ runtime-ineligible lanes are held before ranking so lower safe lanes fill capacity (0.229042ms)
✔ source revision syntax requires a full immutable baseline SHA (0.165375ms)
✔ source provenance admits only an existing immutable ancestor and non-conflicting ref (0.132875ms)
✔ exact-SHA verification scheduling groups only compatible validated work and uses deterministic density (0.217917ms)
✔ receipt-controlled grouping ignores caller-provided consolidated-tip hints (0.086625ms)
✔ v2 truth ledger cannot bypass validated admission (0.118958ms)
ℹ tests 29
ℹ suites 0
ℹ pass 29
ℹ fail 0
ℹ cancelled 0
ℹ skipped 0
ℹ todo 0
ℹ duration_ms 565.727875
