buck-preflight: pinned release 2026-07-15
buck2 2026-07-14-1560aca2002865cd73d7cafb22c705cfb640b2bc
[2026-09-14T21:17:24.352-04:00] Build ID: 7c6db0b6-1f8e-4ee8-b720-6c24b63307a5
[2026-09-14T21:17:24.368-04:00] File changed (since mergebase): root//docs/evidence/console/preparation/2026-09-13-production-tdd/load-mapping-green.log.gz
[2026-09-14T21:17:24.368-04:00] File changed (since mergebase): root//docs/evidence/console/preparation/2026-09-13-production-tdd/load-mapping-completion.json
[2026-09-14T21:17:24.368-04:00] Directory changed (since mergebase): root//docs/evidence/console/preparation/2026-09-13-production-tdd/readiness-review
[2026-09-14T21:17:24.368-04:00] 4686 additional file change events (since mergebase)
[2026-09-14T21:17:24.368-04:00] File Watcher fresh instance: cleared graph state
prelude: /private/tmp/console-production-tdd-preparation-20260913/prelude
root: /private/tmp/console-production-tdd-preparation-20260913
none: /private/tmp/console-production-tdd-preparation-20260913/none
toolchains: /private/tmp/console-production-tdd-preparation-20260913/toolchains
[2026-09-14T21:17:24.425-04:00] Build ID: 24e0770c-9b9f-465d-9e20-749272b68dd2
buck-preflight: enumerated 381 Rust test target(s)
generated-face-registry: PASS
snapshot-node-deps: linked verified dependencies at /private/tmp/console-production-tdd-preparation-20260913/buck-out/buck-preflight-snapshots/snapshot-_zyu47j6/node_modules
generated 174 first-party BUCK files
buckify.sh: local patch boundary verified
patching file 'src/config.rs'
patching file 'src/index.rs'
patching file 'src/buckify.rs'
patching file Cargo.toml
patching file 'src/cargo.rs'
   Compiling proc-macro2 v1.0.106
   Compiling unicode-ident v1.0.24
   Compiling quote v1.0.45
   Compiling libc v0.2.186
   Compiling cfg-if v1.0.4
   Compiling memchr v2.8.1
   Compiling serde_core v1.0.228
   Compiling regex-syntax v0.8.10
   Compiling smallvec v1.15.1
   Compiling version_check v0.9.5
   Compiling typenum v1.20.1
   Compiling thiserror v2.0.18
   Compiling bitflags v2.13.0
   Compiling zeroize v1.8.2
   Compiling stable_deref_trait v1.2.1
   Compiling rand_core v0.10.1
   Compiling getrandom v0.4.2
   Compiling once_cell v1.21.4
   Compiling crossbeam-utils v0.8.21
   Compiling scopeguard v1.2.0
   Compiling parking_lot_core v0.9.12
   Compiling subtle v2.6.1
   Compiling lock_api v0.4.14
   Compiling const-oid v0.9.6
   Compiling fastrand v2.4.1
   Compiling tinyvec_macros v0.1.1
   Compiling generic-array v0.14.7
   Compiling gix-trace v0.1.20
   Compiling tinyvec v1.11.0
   Compiling crc32fast v1.5.0
   Compiling same-file v1.0.6
   Compiling bytes v1.11.1
   Compiling walkdir v2.5.0
   Compiling itoa v1.0.18
   Compiling aho-corasick v1.1.4
   Compiling unicode-normalization v0.1.25
   Compiling shlex v2.0.1
   Compiling find-msvc-tools v0.1.9
   Compiling zlib-rs v0.6.3
   Compiling foldhash v0.2.0
   Compiling byteorder v1.5.0
   Compiling rustix v1.1.4
   Compiling heapless v0.8.0
   Compiling hash32 v0.3.1
   Compiling hashbrown v0.17.0
   Compiling syn v2.0.117
   Compiling pkg-config v0.3.33
   Compiling vcpkg v0.2.15
   Compiling allocator-api2 v0.2.21
   Compiling zerocopy v0.8.50
   Compiling ahash v0.8.12
   Compiling equivalent v1.0.2
   Compiling serde v1.0.228
   Compiling nonempty v0.12.0
   Compiling value-bag v1.12.0
   Compiling log v0.4.32
   Compiling percent-encoding v2.3.2
   Compiling hashbrown v0.16.1
   Compiling crossbeam-channel v0.5.15
   Compiling unicode-bom v2.0.3
   Compiling writeable v0.6.3
   Compiling regex-automata v0.4.14
   Compiling cpufeatures v0.2.17
   Compiling parking_lot v0.12.5
   Compiling errno v0.3.14
   Compiling prodash v31.0.0
   Compiling memmap2 v0.9.10
   Compiling getrandom v0.2.17
   Compiling block-buffer v0.10.4
   Compiling crypto-common v0.1.7
   Compiling jobserver v0.1.34
   Compiling rand_core v0.6.4
   Compiling digest v0.10.7
   Compiling litemap v0.8.2
   Compiling zmij v1.0.21
   Compiling cc v1.2.63
   Compiling icu_normalizer_data v2.2.0
   Compiling sha1 v0.10.6
   Compiling base64ct v1.8.3
   Compiling sha1-checked v0.10.0
   Compiling static_assertions v1.1.0
   Compiling icu_properties_data v2.2.0
   Compiling serde_json v1.0.150
   Compiling utf8_iter v1.0.4
   Compiling pem-rfc7468 v0.7.0
   Compiling kstring v2.0.2
   Compiling faster-hex v0.10.0
   Compiling jiff v0.2.28
   Compiling gix-sec v0.14.1
   Compiling shell-words v1.1.1
   Compiling strsim v0.11.1
   Compiling pin-project-lite v0.2.17
   Compiling autocfg v1.5.1
   Compiling ident_case v1.0.1
   Compiling der v0.7.10
   Compiling filetime v0.2.29
   Compiling hmac v0.12.1
   Compiling hybrid-array v0.4.12
   Compiling anstyle v1.0.14
   Compiling utf8parse v0.2.2
   Compiling ff v0.13.1
   Compiling num-traits v0.2.19
   Compiling anstyle-parse v1.0.0
   Compiling is_terminal_polyfill v1.70.2
   Compiling fnv v1.0.7
   Compiling objc2 v0.6.4
   Compiling base16ct v0.2.0
   Compiling winnow v1.0.1
   Compiling cmov v0.5.4
   Compiling colorchoice v1.0.5
   Compiling anyhow v1.0.102
   Compiling curl v0.4.49
   Compiling anstyle-query v1.1.5
   Compiling ctutils v0.4.2
   Compiling anstream v1.0.0
   Compiling group v0.13.0
   Compiling libz-sys v1.1.29
   Compiling openssl-sys v0.9.116
   Compiling libnghttp2-sys v0.1.13+1.68.1
   Compiling curl-sys v0.4.90+curl-8.21.0
   Compiling libssh2-sys v0.3.1 (https://github.com/alexcrichton/ssh2-rs?rev=5219ffbaa5b0a170376d6d1896c5cb5367bdedb8#5219ffba)
   Compiling crypto-common v0.2.1
   Compiling block-buffer v0.12.0
   Compiling libgit2-sys v0.18.4+1.9.3
   Compiling hkdf v0.12.4
   Compiling serde_spanned v1.1.1
   Compiling tempfile v3.27.0
   Compiling crypto-bigint v0.5.5
   Compiling socket2 v0.6.4
   Compiling spki v0.7.3
   Compiling crossbeam-epoch v0.9.18
   Compiling pkcs8 v0.10.2
   Compiling form_urlencoded v1.2.2
   Compiling indexmap v2.14.0
   Compiling sec1 v0.7.3
   Compiling synstructure v0.13.2
   Compiling toml_parser v1.1.2+spec-1.1.0
   Compiling tracing-core v0.1.36
   Compiling futures-core v0.3.32
   Compiling openssl-probe v0.1.6
   Compiling unicode-width v0.2.2
   Compiling objc2-encode v4.1.0
   Compiling powerfmt v0.2.0
   Compiling toml_writer v1.1.2+spec-1.1.0
   Compiling rustversion v1.0.22
   Compiling const-oid v0.10.2
   Compiling core-foundation-sys v0.8.7
   Compiling typeid v1.0.3
   Compiling futures-sink v0.3.32
   Compiling heck v0.5.0
   Compiling futures-channel v0.3.32
   Compiling thiserror-impl v2.0.18
   Compiling zerofrom-derive v0.1.7
   Compiling yoke-derive v0.8.2
   Compiling serde_derive v1.0.228
   Compiling zerovec-derive v0.11.3
   Compiling displaydoc v0.2.6
   Compiling tracing-attributes v0.1.31
   Compiling futures-macro v0.3.32
   Compiling digest v0.11.2
   Compiling elliptic-curve v0.13.8
   Compiling deranged v0.5.8
   Compiling encoding_rs v0.8.35
   Compiling zerofrom v0.1.8
   Compiling bstr v1.12.1
   Compiling futures-task v0.3.32
   Compiling yoke v0.8.3
   Compiling time-core v0.1.8
   Compiling num-conv v0.2.2
   Compiling futures-io v0.3.32
   Compiling cfg_aliases v0.2.1
   Compiling erased-serde v0.4.10
   Compiling parking_lot_core v0.8.6
   Compiling slab v0.4.12
   Compiling nix v0.31.3
   Compiling zerovec v0.11.6
   Compiling zerotrie v0.2.4
   Compiling futures-util v0.3.32
   Compiling tracing v0.1.44
   Compiling darling_core v0.20.11
   Compiling gix-validate v0.11.3
   Compiling gix-utils v0.3.5
   Compiling gix-error v0.2.5
   Compiling gix-path v0.12.2
   Compiling hashbrown v0.14.5
   Compiling gix-chunk v0.7.3
   Compiling gix-quote v0.7.2
   Compiling tinystr v0.8.3
   Compiling potential_utf v0.1.5
   Compiling gix-bitmap v0.3.3
   Compiling icu_locale_core v2.2.0
   Compiling icu_collections v2.2.0
   Compiling gix-packetline v0.21.5
   Compiling gix-features v0.48.1
   Compiling gix-config-value v0.18.1
   Compiling gix-command v0.9.1
   Compiling gix-url v0.36.2
   Compiling time v0.3.47
   Compiling gix-imara-diff v0.2.4
   Compiling gix-date v0.15.6
   Compiling gix-hash v0.25.1
   Compiling dashmap v6.2.1
   Compiling gix-fs v0.21.2
   Compiling gix-glob v0.26.1
   Compiling gix-actor v0.41.2
   Compiling gix-hashtable v0.15.1
   Compiling gix-object v0.60.0
   Compiling gix-tempfile v23.0.2
   Compiling gix-commitgraph v0.37.1
   Compiling icu_provider v2.2.0
   Compiling gix-attributes v0.33.2
   Compiling gix-lock v23.0.1
   Compiling icu_properties v2.2.0
   Compiling icu_normalizer v2.2.0
   Compiling gix-ignore v0.21.1
   Compiling gix-prompt v0.15.1
   Compiling gix-pathspec v0.18.1
   Compiling gix-credentials v0.38.2
   Compiling regex v1.12.3
   Compiling core-foundation v0.10.1
   Compiling darling_core v0.23.0
   Compiling gix-revwalk v0.31.0
   Compiling gix-ref v0.63.0
   Compiling gix-filter v0.30.0
   Compiling gix-traverse v0.57.0
   Compiling gix-revision v0.45.0
   Compiling idna_adapter v1.2.2
   Compiling idna v1.1.0
   Compiling terminal_size v0.4.4
   Compiling libsqlite3-sys v0.37.0
   Compiling gix-refspec v0.41.0
   Compiling rfc6979 v0.4.0
   Compiling gix-index v0.51.0
   Compiling toml_datetime v1.1.1+spec-1.1.0
   Compiling signature v2.2.0
   Compiling clru v0.6.3
   Compiling cpufeatures v0.3.0
   Compiling url v2.5.8
   Compiling instant v0.1.13
   Compiling unicase v2.9.0
   Compiling minimal-lexical v0.2.1
   Compiling lazy_static v1.5.0
   Compiling base64 v0.22.1
   Compiling portable-atomic v1.13.1
   Compiling clap_lex v1.1.0
   Compiling gix-discover v0.51.0
   Compiling nom v7.1.3
   Compiling clap_builder v4.6.0
   Compiling gix-transport v0.57.2
   Compiling gix-worktree v0.52.0
   Compiling gix-config v0.56.0
   Compiling sharded-slab v0.1.7
   Compiling darling_macro v0.23.0
   Compiling gix-dir v0.25.0
   Compiling gix-diff v0.63.0
   Compiling futures-executor v0.3.32
   Compiling gix-pack v0.70.0
   Compiling ecdsa v0.16.9
   Compiling gix-negotiate v0.31.0
   Compiling arc-swap v1.9.1
   Compiling tar v0.4.46
   Compiling globset v0.4.18
   Compiling gix-shallow v0.12.1
   Compiling darling_macro v0.20.11
   Compiling block2 v0.6.2
   Compiling objc2-core-foundation v0.3.2
   Compiling primeorder v0.13.6
   Compiling matchers v0.2.0
   Compiling clap_derive v4.6.1
   Compiling maybe-async v0.2.11
   Compiling security-framework-sys v2.17.0
   Compiling tracing-log v0.2.0
   Compiling crossbeam-deque v0.8.6
   Compiling ordered-float v2.10.0
   Compiling blake3 v1.8.5
   Compiling sha2 v0.10.9
   Compiling bitmaps v2.1.0
   Compiling im-rc v15.1.0
   Compiling flate2 v1.1.9
   Compiling thread_local v1.1.9
   Compiling hex v0.4.3
   Compiling fiat-crypto v0.3.0
   Compiling option-ext v0.2.0
   Compiling simd-adler32 v0.3.9
   Compiling nu-ansi-term v0.50.3
   Compiling adler2 v2.0.1
   Compiling miniz_oxide v0.8.8
   Compiling tracing-subscriber v0.3.23
   Compiling objc2-foundation v0.3.2
   Compiling sized-chunks v0.6.5
   Compiling clap v4.6.1
   Compiling dirs-sys v0.5.0
   Compiling cargo v0.98.0
   Compiling gix-odb v0.80.0
   Compiling p384 v0.13.1
   Compiling serde-value v0.7.0
   Compiling gix-protocol v0.61.0
   Compiling ignore v0.4.26
   Compiling security-framework v3.7.0
   Compiling gix-submodule v0.30.0
   Compiling darling v0.20.11
   Compiling serde-untagged v0.1.9
   Compiling gix-status v0.30.0
   Compiling color-print-proc-macro v0.3.7
   Compiling parking_lot v0.11.2
   Compiling futures v0.3.32
   Compiling darling v0.23.0
   Compiling toml v1.1.3+spec-1.1.0
   Compiling sha2 v0.11.0
   Compiling cargo-credential v0.4.10
   Compiling async-trait v0.1.89
   Compiling tokio-macros v2.7.0
   Compiling annotate-snippets v0.12.15
   Compiling rmp v0.8.15
   Compiling xattr v1.6.1
   Compiling toml_datetime v0.7.5+spec-1.1.0
   Compiling semver v1.0.28
   Compiling rand_xoshiro v0.6.0
   Compiling hashlink v0.11.1
   Compiling ed25519-compact v2.3.0
   Compiling anstyle-hyperlink v1.0.2
   Compiling fs2 v0.4.3
   Compiling fxhash v0.2.1
   Compiling http v1.4.2
   Compiling chacha20 v0.10.1
   Compiling anstyle-progress v0.1.3
   Compiling arrayvec v0.7.6
   Compiling supports-hyperlinks v3.2.0
   Compiling is_executable v1.0.5
   Compiling constant_time_eq v0.4.2
   Compiling ct-codecs v1.1.7
   Compiling shell-escape v0.1.5
   Compiling supports-unicode v3.0.0
   Compiling rlimit v0.11.0
   Compiling shlex v1.3.0
   Compiling fallible-iterator v0.3.0
   Compiling winnow v0.7.15
   Compiling arrayref v0.3.9
   Compiling fallible-streaming-iterator v0.1.9
   Compiling either v1.16.0
   Compiling itertools v0.14.0
   Compiling crates-io v0.41.0
   Compiling clap_complete v4.6.5
   Compiling cargo-util-terminal v0.1.0
   Compiling cargo-util v0.2.30
   Compiling rand v0.10.2
   Compiling sled v0.34.7
   Compiling cargo-util-schemas v0.14.1
   Compiling rmp-serde v1.3.1
   Compiling tokio v1.52.3
   Compiling cargo-credential-macos-keychain v0.4.23
   Compiling serde_with_macros v3.20.0
   Compiling color-print v0.3.7
   Compiling gix v0.83.0
   Compiling toml v0.9.12+spec-1.1.0
   Compiling tracing-chrome v0.7.2
   Compiling cached_proc_macro v0.24.0
   Compiling directories v6.0.0
   Compiling toml_edit v0.25.13+spec-1.1.0
   Compiling sha1 v0.11.0
   Compiling env_filter v1.0.0
   Compiling rustfix v0.9.7
   Compiling hmac v0.13.0
   Compiling strum_macros v0.28.0
   Compiling monostate-impl v1.0.2
   Compiling serde_ignored v0.1.14
   Compiling cargo-platform v0.3.3
   Compiling nom v8.0.0
   Compiling http-auth v0.1.10
   Compiling rustc-hash v2.1.2
   Compiling glob v0.3.3
   Compiling home v0.5.12
   Compiling pathdiff v0.2.3
   Compiling futures-timer v3.0.4
   Compiling cached_proc_macro_types v0.1.1
   Compiling opener v0.8.4
   Compiling web-time v1.1.0
   Compiling rustc-stable-hash v0.1.2
   Compiling cached v0.55.1
   Compiling monostate v1.0.2
   Compiling cargo_toml v0.22.3
   Compiling env_logger v0.11.10
   Compiling serde_with v3.20.0
   Compiling strum v0.28.0
   Compiling serde_starlark v0.1.19
   Compiling measure_time v0.9.0
   Compiling spdx v0.13.4
   Compiling foldhash v0.1.5
   Compiling termcolor v1.4.1
   Compiling indoc v2.0.7
   Compiling dunce v1.0.5
   Compiling dyn-clone v1.0.20
   Compiling nom-language v0.1.0
   Compiling orion v0.17.15
   Compiling pasetors v0.7.8
   Compiling git2 v0.20.4
   Compiling os_info v3.15.0
   Compiling git2-curl v0.21.0
   Compiling rusqlite v0.39.0
   Compiling reindeer v0.0.0 (/var/folders/66/4qlvtbgn6r1gl9bvfttp6sww0000gn/T/maintenance-reindeer.fBrvOH/reindeer)
    Finished `release` profile [optimized] target(s) in 2m 13s
buckify.sh: renamed duplicate sqlx-0.8 alias -> sqlx-0_8 (public)
buckify.sh: third-party/rust/BUCK regenerated
generated-face-gate: tier=all selected=2 deferred=0
generated-face-gate: first-party-buck (cheap) PASS
generated-face-gate: reindeer-third-party-rust (expensive) PASS
buck-preflight: all PASS
