    Checking console-workorder-domain v0.1.0 (/private/tmp/console-client-release-20260919/backend/crates/workorder/domain)
    Checking console-platform-authz v0.1.0 (/private/tmp/console-client-release-20260919/backend/crates/platform/authz)
    Checking console-payroll-ui v0.1.0 (/private/tmp/console-client-release-20260919/backend/crates/payroll/ui)
    Checking console-workorder-application v0.1.0 (/private/tmp/console-client-release-20260919/backend/crates/workorder/application)
    Checking console-dispatch-application v0.1.0 (/private/tmp/console-client-release-20260919/backend/crates/dispatch/application)
    Checking console-platform-request-context v0.1.0 (/private/tmp/console-client-release-20260919/backend/crates/platform/request-context)
    Checking console-workflow-runtime v0.1.0 (/private/tmp/console-client-release-20260919/backend/crates/workflow/runtime)
    Checking console-platform-storage v0.1.0 (/private/tmp/console-client-release-20260919/backend/crates/platform/storage)
    Checking console-governance-adapter-postgres v0.0.0 (/private/tmp/console-client-release-20260919/backend/crates/governance/adapter-postgres)
    Checking console-inbox-adapter-postgres v0.1.0 (/private/tmp/console-client-release-20260919/backend/crates/inbox/adapter-postgres)
    Checking console-dispatch-adapter-postgres v0.1.0 (/private/tmp/console-client-release-20260919/backend/crates/dispatch/adapter-postgres)
    Checking console-payroll-adapter-postgres v0.1.0 (/private/tmp/console-client-release-20260919/backend/crates/payroll/adapter-postgres)
    Checking console-reporting-adapter-postgres v0.1.0 (/private/tmp/console-client-release-20260919/backend/crates/reporting/adapter-postgres)
    Checking console-workorder-adapter-postgres v0.1.0 (/private/tmp/console-client-release-20260919/backend/crates/workorder/adapter-postgres)
    Checking console-compliance-adapter-postgres v0.1.0 (/private/tmp/console-client-release-20260919/backend/crates/compliance/adapter-postgres)
    Checking console-notices-adapter-postgres v0.1.0 (/private/tmp/console-client-release-20260919/backend/crates/notices/adapter-postgres)
    Checking console-benefit-adapter-postgres v0.1.0 (/private/tmp/console-client-release-20260919/backend/crates/benefit/adapter-postgres)
    Checking console-support-adapter-postgres v0.1.0 (/private/tmp/console-client-release-20260919/backend/crates/support/adapter-postgres)
    Checking console-logistics-adapter-postgres v0.1.0 (/private/tmp/console-client-release-20260919/backend/crates/logistics/adapter-postgres)
    Checking console-financial-adapter-postgres v0.0.0 (/private/tmp/console-client-release-20260919/backend/crates/financial/adapter-postgres)
    Checking console-recruiting-adapter-postgres v0.1.0 (/private/tmp/console-client-release-20260919/backend/crates/recruiting/adapter-postgres)
    Checking console-ontology-adapter-postgres v0.0.0 (/private/tmp/console-client-release-20260919/backend/crates/ontology/adapter-postgres)
    Checking console-identity-adapter-postgres v0.1.0 (/private/tmp/console-client-release-20260919/backend/crates/identity/adapter-postgres)
    Checking console-orgchange-adapter-postgres v0.1.0 (/private/tmp/console-client-release-20260919/backend/crates/orgchange/adapter-postgres)
    Checking console-todos-adapter-postgres v0.1.0 (/private/tmp/console-client-release-20260919/backend/crates/todos/adapter-postgres)
    Checking console-platform-authz-rest v0.0.0 (/private/tmp/console-client-release-20260919/backend/crates/platform/authz-rest)
    Checking console-equipment-adapter-postgres v0.1.0 (/private/tmp/console-client-release-20260919/backend/crates/equipment/adapter-postgres)
    Checking console-comms-adapter-postgres v0.1.0 (/private/tmp/console-client-release-20260919/backend/crates/comms/adapter-postgres)
    Checking console-inspection-adapter-postgres v0.0.0 (/private/tmp/console-client-release-20260919/backend/crates/inspection/adapter-postgres)
    Checking console-evaluation-adapter-postgres v0.1.0 (/private/tmp/console-client-release-20260919/backend/crates/evaluation/adapter-postgres)
    Checking console-docs-adapter-postgres v0.1.0 (/private/tmp/console-client-release-20260919/backend/crates/docs/adapter-postgres)
    Checking console-sales-adapter-postgres v0.1.0 (/private/tmp/console-client-release-20260919/backend/crates/sales/adapter-postgres)
    Checking console-inventory-adapter-postgres v0.1.0 (/private/tmp/console-client-release-20260919/backend/crates/inventory/adapter-postgres)
    Checking console-messenger-adapter-postgres v0.1.0 (/private/tmp/console-client-release-20260919/backend/crates/messenger/adapter-postgres)
    Checking console-notifications-adapter-postgres v0.1.0 (/private/tmp/console-client-release-20260919/backend/crates/notifications/adapter-postgres)
    Checking console-finance-gl-adapter-postgres v0.0.0 (/private/tmp/console-client-release-20260919/backend/crates/finance-gl/adapter-postgres)
    Checking console-leave-adapter-postgres v0.1.0 (/private/tmp/console-client-release-20260919/backend/crates/leave/adapter-postgres)
    Checking console-registry-adapter-postgres v0.1.0 (/private/tmp/console-client-release-20260919/backend/crates/registry/adapter-postgres)
    Checking console-dispatch-rest v0.1.0 (/private/tmp/console-client-release-20260919/backend/crates/dispatch/rest)
    Checking console-identity-rest v0.1.0 (/private/tmp/console-client-release-20260919/backend/crates/identity/rest)
    Checking console-compliance-rest v0.1.0 (/private/tmp/console-client-release-20260919/backend/crates/compliance/rest)
    Checking console-dispatch-worker v0.1.0 (/private/tmp/console-client-release-20260919/backend/crates/dispatch/worker)
    Checking console-inspection-rest v0.0.0 (/private/tmp/console-client-release-20260919/backend/crates/inspection/rest)
    Checking console-sales-rest v0.1.0 (/private/tmp/console-client-release-20260919/backend/crates/sales/rest)
    Checking console-equipment-rest v0.1.0 (/private/tmp/console-client-release-20260919/backend/crates/equipment/rest)
    Checking console-comms-rest v0.1.0 (/private/tmp/console-client-release-20260919/backend/crates/comms/rest)
    Checking console-notifications-rest v0.1.0 (/private/tmp/console-client-release-20260919/backend/crates/notifications/rest)
    Checking console-evaluation-rest v0.1.0 (/private/tmp/console-client-release-20260919/backend/crates/evaluation/rest)
    Checking console-finance-gl-rest v0.0.0 (/private/tmp/console-client-release-20260919/backend/crates/finance-gl/rest)
    Checking console-inventory-rest v0.1.0 (/private/tmp/console-client-release-20260919/backend/crates/inventory/rest)
    Checking console-docs-rest v0.0.0 (/private/tmp/console-client-release-20260919/backend/crates/docs/rest)
    Checking console-leave-rest v0.1.0 (/private/tmp/console-client-release-20260919/backend/crates/leave/rest)
    Checking console-messenger-rest v0.1.0 (/private/tmp/console-client-release-20260919/backend/crates/messenger/rest)
    Checking console-ontology-rest v0.0.0 (/private/tmp/console-client-release-20260919/backend/crates/ontology/rest)
    Checking console-registry-rest v0.1.0 (/private/tmp/console-client-release-20260919/backend/crates/registry/rest)
    Checking console-financial-rest v0.0.0 (/private/tmp/console-client-release-20260919/backend/crates/financial/rest)
    Checking console-workorder-rest v0.1.0 (/private/tmp/console-client-release-20260919/backend/crates/workorder/rest)
    Checking console-reporting-rest v0.1.0 (/private/tmp/console-client-release-20260919/backend/crates/reporting/rest)
    Checking console-support-rest v0.1.0 (/private/tmp/console-client-release-20260919/backend/crates/support/rest)
    Checking console-payroll-rest v0.1.0 (/private/tmp/console-client-release-20260919/backend/crates/payroll/rest)
    Checking console-orgchange-rest v0.1.0 (/private/tmp/console-client-release-20260919/backend/crates/orgchange/rest)
    Checking console-governance-rest v0.0.0 (/private/tmp/console-client-release-20260919/backend/crates/governance/rest)
    Checking console-notices-rest v0.1.0 (/private/tmp/console-client-release-20260919/backend/crates/notices/rest)
    Checking console-recruiting-rest v0.1.0 (/private/tmp/console-client-release-20260919/backend/crates/recruiting/rest)
    Checking console-logistics-rest v0.1.0 (/private/tmp/console-client-release-20260919/backend/crates/logistics/rest)
    Checking console-benefit-rest v0.1.0 (/private/tmp/console-client-release-20260919/backend/crates/benefit/rest)
    Checking console-todos-rest v0.1.0 (/private/tmp/console-client-release-20260919/backend/crates/todos/rest)
    Checking console-inbox-rest v0.1.0 (/private/tmp/console-client-release-20260919/backend/crates/inbox/rest)
    Checking console-analytics-quant-rest v0.1.0 (/private/tmp/console-client-release-20260919/backend/crates/analytics-quant/rest)
    Checking console-platform-auth-rest v0.1.0 (/private/tmp/console-client-release-20260919/backend/crates/platform/auth-rest)
    Checking console-platform-rest v0.1.0 (/private/tmp/console-client-release-20260919/backend/crates/platform/platform-rest)
    Checking console-production-rest v0.0.0 (/private/tmp/console-client-release-20260919/backend/crates/production/rest)
    Checking console-integrity v0.1.0 (/private/tmp/console-client-release-20260919/backend/crates/compliance/integrity)
    Checking console-ontology-canonical-adapter-postgres v0.1.0 (/private/tmp/console-client-release-20260919/backend/crates/ontology/canonical-adapter-postgres)
    Checking console-consulting-rest v0.1.0 (/private/tmp/console-client-release-20260919/backend/crates/consulting/rest)
    Checking console-attendance-rest v0.1.0 (/private/tmp/console-client-release-20260919/backend/crates/attendance/rest)
    Checking console-facilities-rest v0.1.0 (/private/tmp/console-client-release-20260919/backend/crates/facilities/rest)
    Checking console-platform-realtime v0.1.0 (/private/tmp/console-client-release-20260919/backend/crates/platform/realtime)
    Checking console-app v0.1.0 (/private/tmp/console-client-release-20260919/backend/app)
    Finished `dev` profile [unoptimized + debuginfo] target(s) in 29.44s
warning: the following packages contain code that will be rejected by a future version of Rust: proc-macro-error2 v2.0.1
note: to see what the problems were, use the option `--future-incompat-report`, or run `cargo report future-incompatibilities --id 1`
