   Compiling const-oid v0.9.6
   Compiling subtle v2.6.1
   Compiling zeroize_derive v1.5.0
   Compiling displaydoc v0.2.6
   Compiling serde v1.0.229
   Compiling crypto-common v0.1.7
   Compiling zerocopy-derive v0.8.52
   Compiling tokio-macros v2.7.0
   Compiling aws-lc-rs v1.18.1
   Compiling tokio-stream v0.1.18
   Compiling futures-channel v0.3.34
   Compiling thiserror-impl v1.0.69
   Compiling spin v0.9.9
   Compiling asn1-rs-derive v0.5.1
   Compiling asn1-rs-impl v0.2.0
   Compiling openssl-macros v0.1.1
   Compiling ff v0.13.1
   Compiling digest v0.10.7
   Compiling lazy_static v1.5.0
   Compiling serde_with v3.21.0
   Compiling chrono v0.4.45
   Compiling simple_asn1 v0.6.4
   Compiling openssl v0.10.81
   Compiling axum-core v0.5.6
   Compiling zeroize v1.9.0
   Compiling smallvec v1.15.2
   Compiling either v1.16.0
   Compiling tokio v1.53.1
   Compiling tinystr v0.8.3
   Compiling zerotrie v0.2.4
   Compiling icu_collections v2.2.0
   Compiling zerocopy v0.8.52
   Compiling rustls-webpki v0.103.15
   Compiling group v0.13.0
   Compiling sha2 v0.10.9
   Compiling parking_lot_core v0.9.12
   Compiling itertools v0.14.0
   Compiling sha3 v0.10.9
   Compiling thiserror v1.0.69
   Compiling linked-hash-map v0.5.6
   Compiling base64urlsafedata v0.5.5
   Compiling itertools v0.15.0
   Compiling nonempty v0.12.0
   Compiling console-kernel-core v0.1.0 (/private/tmp/console-client-release-20260919/backend/crates/kernel/core)
   Compiling parking_lot v0.12.5
   Compiling rustls v0.23.45
   Compiling miette v7.6.0
   Compiling linked_hash_set v0.1.6
   Compiling serde_urlencoded v0.7.1
   Compiling ipnet v2.12.2
   Compiling futures-intrusive v0.5.0
   Compiling string_cache v0.8.9
   Compiling generic-array v0.14.7
   Compiling der v0.7.10
   Compiling rustls-pki-types v1.14.1
   Compiling lalrpop v0.22.2
   Compiling webpki-roots v1.0.9
   Compiling block-buffer v0.10.4
   Compiling crypto-bigint v0.5.5
   Compiling spki v0.7.3
   Compiling pkcs8 v0.10.2
   Compiling hmac v0.12.1
   Compiling signature v2.2.0
   Compiling curve25519-dalek v4.1.3
   Compiling sec1 v0.7.3
   Compiling pkcs1 v0.7.5
   Compiling hkdf v0.12.4
   Compiling rfc6979 v0.4.0
   Compiling ed25519 v2.2.3
   Compiling webauthn-attestation-ca v0.5.5
   Compiling elliptic-curve v0.13.8
   Compiling ed25519-dalek v2.2.0
   Compiling icu_locale_core v2.2.0
   Compiling primeorder v0.13.6
   Compiling ecdsa v0.16.9
   Compiling cedar-policy-core v4.12.0
   Compiling icu_provider v2.2.0
   Compiling p384 v0.13.1
   Compiling p256 v0.13.2
   Compiling icu_properties v2.2.0
   Compiling icu_normalizer v2.2.0
   Compiling idna_adapter v1.2.2
   Compiling idna v1.1.0
   Compiling hyper v1.10.1
   Compiling tower v0.5.3
   Compiling url v2.5.8
   Compiling hyper-util v0.1.20
   Compiling sqlx-core v0.9.0
   Compiling webauthn-rs-proto v0.5.5
   Compiling ppv-lite86 v0.2.21
   Compiling half v2.7.1
   Compiling asn1-rs v0.6.2
   Compiling axum v0.8.9
   Compiling rand_chacha v0.3.1
   Compiling rand_chacha v0.9.0
   Compiling serde_cbor_2 v0.13.0
   Compiling rand v0.9.4
   Compiling rand v0.8.6
   Compiling sqlx-postgres v0.9.0
   Compiling num-bigint-dig v0.8.6
   Compiling rsa v0.9.10
   Compiling jsonwebtoken v11.0.0
   Compiling oid-registry v0.7.1
   Compiling der-parser v9.0.0
   Compiling sqlx-macros-core v0.9.0
   Compiling x509-parser v0.16.0
   Compiling sqlx-macros v0.9.0
   Compiling webauthn-rs-core v0.5.5
   Compiling sqlx v0.9.0
   Compiling webauthn-rs v0.5.5
   Compiling console-platform-db v0.1.0 (/private/tmp/console-client-release-20260919/backend/crates/platform/db)
   Compiling console-platform-group v0.1.0 (/private/tmp/console-client-release-20260919/backend/crates/platform/group)
   Compiling console-platform-auth v0.1.0 (/private/tmp/console-client-release-20260919/backend/crates/platform/auth)
   Compiling cedar-policy-formatter v4.12.0
   Compiling cedar-policy v4.12.0
   Compiling console-platform-authz v0.1.0 (/private/tmp/console-client-release-20260919/backend/crates/platform/authz)
   Compiling console-platform-request-context v0.1.0 (/private/tmp/console-client-release-20260919/backend/crates/platform/request-context)
error[E0277]: the trait bound `{closure@native_error_envelope.rs:149:22}: Handler<(..., ...), ()>` is not satisfied
   --> crates/platform/request-context/tests/native_error_envelope.rs:149:22
    |
149 |                   post(|_: Bytes| async {
    |  ______________________^
150 | |                     panic!("oversized body reached handler");
151 | |                 }),
    | |_________________^ unsatisfied trait bound
    |
    = help: the trait `Handler<(axum_core::extract::private::ViaRequest, axum::body::Bytes), ()>` is not implemented for closure `{closure@crates/platform/request-context/tests/native_error_envelope.rs:149:22: 149:32}`
    = note: Consider using `#[axum::debug_handler]` to improve the error message
note: required by a bound in `post`
   --> /Users/jasonlee/.cargo/registry/src/index.crates.io-1949cf8c6b5b557f/axum-0.8.9/src/routing/method_routing.rs:167:16
    |
167 |             H: Handler<T, S>,
    |                ^^^^^^^^^^^^^ required by this bound in `post`
...
445 | top_level_handler_fn!(post, POST);
    | ---------------------------------
    | |                     |
    | |                     required by a bound in this function
    | in this macro invocation
    = note: the full name for the type has been written to '/private/tmp/console-rust1981-owner-target/debug/deps/native_error_envelope-8ae9e94152583221.long-type-7500779585394105500.txt'
    = note: consider using `--verbose` to print the full type name to the console
    = note: this error originates in the macro `top_level_handler_fn` (in Nightly builds, run with -Z macro-backtrace for more info)

For more information about this error, try `rustc --explain E0277`.
error: could not compile `console-platform-request-context` (test "native_error_envelope") due to 1 previous error
warning: build failed, waiting for other jobs to finish...
