   Compiling proc-macro2 v1.0.106
   Compiling quote v1.0.45
   Compiling unicode-ident v1.0.24
   Compiling libc v0.2.186
   Compiling serde v1.0.229
    Checking cfg-if v1.0.4
   Compiling serde_core v1.0.229
    Checking memchr v2.8.2
    Checking equivalent v1.0.2
   Compiling thiserror v2.0.20
    Checking hashbrown v0.17.1
    Checking itoa v1.0.18
   Compiling zmij v1.0.23
   Compiling getrandom v0.4.2
   Compiling serde_json v1.0.151
   Compiling version_check v0.9.5
    Checking rand_core v0.10.1
   Compiling time-core v0.1.9
   Compiling num-conv v0.2.2
    Checking pin-project-lite v0.2.17
    Checking powerfmt v0.2.0
   Compiling portable-atomic v1.13.1
   Compiling time-macros v0.2.32
    Checking futures-core v0.3.34
    Checking critical-section v1.2.0
    Checking futures-sink v0.3.34
    Checking slab v0.4.12
   Compiling find-msvc-tools v0.1.9
    Checking log v0.4.32
    Checking typenum v1.20.1
   Compiling shlex v2.0.1
    Checking futures-channel v0.3.34
    Checking indexmap v2.14.0
    Checking futures-io v0.3.34
    Checking futures-task v0.3.34
    Checking bytes v1.12.1
   Compiling autocfg v1.5.1
   Compiling generic-array v0.14.7
   Compiling pkg-config v0.3.33
    Checking subtle v2.6.1
   Compiling icu_properties_data v2.2.0
   Compiling icu_normalizer_data v2.2.0
    Checking percent-encoding v2.3.2
   Compiling libm v0.2.16
   Compiling num-traits v0.2.19
    Checking stable_deref_trait v1.2.1
    Checking const-oid v0.9.6
    Checking base64 v0.22.1
   Compiling fs_extra v1.3.0
   Compiling dunce v1.0.5
   Compiling crossbeam-utils v0.8.21
    Checking writeable v0.6.3
    Checking litemap v0.8.2
   Compiling parking_lot_core v0.9.12
    Checking utf8_iter v1.0.4
    Checking form_urlencoded v1.2.2
    Checking bitflags v2.13.0
   Compiling rustversion v1.0.22
   Compiling zerocopy v0.8.52
    Checking tinyvec_macros v0.1.1
    Checking tinyvec v1.11.0
    Checking deranged v0.5.8
   Compiling semver v1.0.28
    Checking getrandom v0.2.17
    Checking uuid v1.26.1
    Checking rand_core v0.6.4
    Checking time v0.3.55
    Checking errno v0.3.14
    Checking mio v1.2.1
    Checking signal-hook-registry v1.4.8
   Compiling jobserver v0.1.35
    Checking socket2 v0.6.4
   Compiling cpufeatures v0.2.17
   Compiling cc v1.2.63
   Compiling scopeguard v1.2.0
   Compiling rustc_version v0.4.1
   Compiling lock_api v0.4.14
    Checking parking v2.2.1
   Compiling aws-lc-rs v1.18.1
    Checking once_cell v1.21.4
   Compiling syn v2.0.119
   Compiling syn v3.0.5
    Checking tracing-core v0.1.36
   Compiling zeroize v1.9.0
    Checking http v1.5.0
   Compiling cmake v0.1.58
   Compiling rustls-pki-types v1.14.1
    Checking unicode-normalization v0.1.25
   Compiling rustls v0.23.45
    Checking untrusted v0.9.0
   Compiling aws-lc-sys v0.45.0
   Compiling allocator-api2 v0.2.21
    Checking hybrid-array v0.4.12
    Checking core-foundation-sys v0.8.7
    Checking byteorder v1.5.0
    Checking cmov v0.5.4
    Checking crypto-common v0.2.2
    Checking ctutils v0.4.2
   Compiling tokio v1.53.1
    Checking block-buffer v0.12.1
   Compiling webpki-roots v1.0.9
    Checking concurrent-queue v2.5.0
    Checking chacha20 v0.10.2
    Checking event-listener v5.4.1
   Compiling getrandom v0.3.4
   Compiling crc-catalog v2.5.0
    Checking tower-service v0.3.3
    Checking const-oid v0.10.2
    Checking digest v0.11.3
   Compiling futures-util v0.3.34
   Compiling crc v3.4.0
    Checking rand v0.10.1
   Compiling synstructure v0.13.2
   Compiling block-buffer v0.10.4
   Compiling crypto-common v0.1.7
    Checking tower-layer v0.3.3
   Compiling digest v0.10.7
    Checking unicode-bidi v0.3.18
   Compiling unicode-properties v0.1.4
   Compiling serde_derive v1.0.229
   Compiling thiserror-impl v2.0.20
   Compiling futures-macro v0.3.34
   Compiling sha2 v0.10.9
   Compiling heck v0.5.0
    Checking stringprep v0.1.5
   Compiling dotenvy v0.15.7
    Checking base64ct v1.8.3
   Compiling hex v0.4.3
    Checking fnv v1.0.7
    Checking pem-rfc7468 v0.7.0
    Checking hmac v0.13.0
    Checking iana-time-zone v0.1.65
    Checking cpufeatures v0.3.0
   Compiling httparse v1.10.1
   Compiling crossbeam-queue v0.3.12
    Checking flagset v0.4.7
    Checking sha2 v0.11.0
   Compiling zeroize_derive v1.5.0
   Compiling zerofrom-derive v0.1.7
   Compiling yoke-derive v0.8.2
   Compiling displaydoc v0.2.6
   Compiling zerovec-derive v0.11.3
   Compiling tracing-attributes v0.1.31
   Compiling tokio-macros v2.7.0
   Compiling zerocopy-derive v0.8.52
   Compiling atoi v2.0.0
   Compiling der_derive v0.7.3
    Checking http-body v1.0.1
   Compiling tokio-stream v0.1.18
   Compiling unicode-xid v0.2.6
    Checking foldhash v0.2.0
    Checking rand_core v0.9.5
    Checking hashbrown v0.16.1
    Checking md-5 v0.11.0
    Checking zerofrom v0.1.8
    Checking tracing v0.1.44
    Checking objc2-core-foundation v0.3.2
    Checking spin v0.9.9
    Checking httpdate v1.0.3
   Compiling ident_case v1.0.1
   Compiling strsim v0.11.1
    Checking objc2-system-configuration v0.3.2
   Compiling hashlink v0.11.1
    Checking der v0.7.10
    Checking sync_wrapper v1.0.2
   Compiling thiserror v1.0.69
   Compiling hkdf v0.13.0
    Checking whoami v2.1.2
   Compiling thiserror-impl v1.0.69
    Checking hmac v0.12.1
   Compiling siphasher v1.0.3
    Checking try-lock v0.2.5
    Checking atomic-waker v1.1.2
    Checking data-encoding v2.11.0
    Checking yoke v0.8.3
   Compiling phf_shared v0.11.3
    Checking want v0.3.1
    Checking num-integer v0.1.46
   Compiling openssl-src v300.6.1+3.6.3
   Compiling aho-corasick v1.1.4
   Compiling regex-syntax v0.8.11
    Checking minimal-lexical v0.2.1
   Compiling vcpkg v0.2.15
    Checking hkdf v0.12.4
    Checking lazy_static v1.5.0
    Checking nom v7.1.3
   Compiling same-file v1.0.6
    Checking http-body-util v0.1.3
   Compiling walkdir v2.5.0
   Compiling object v0.37.3
    Checking ryu v1.0.23
    Checking num-bigint v0.4.8
    Checking signature v2.2.0
    Checking console-kernel-core v0.1.0 (/private/tmp/console-client-release-20260919/backend/crates/kernel/core)
    Checking smallvec v1.15.2
   Compiling either v1.16.0
    Checking ipnet v2.12.2
   Compiling itertools v0.14.0
    Checking parking_lot v0.12.5
    Checking chrono v0.4.45
   Compiling openssl-sys v0.9.117
    Checking futures-intrusive v0.5.0
    Checking ff v0.13.1
    Checking regex-automata v0.4.18
    Checking base16ct v0.2.0
    Checking group v0.13.0
    Checking rusticata-macros v4.1.0
    Checking crypto-bigint v0.5.5
   Compiling darling_core v0.23.0
    Checking spki v0.7.3
   Compiling asn1-rs-impl v0.2.0
    Checking zerovec v0.11.6
    Checking zerotrie v0.2.4
    Checking pkcs8 v0.10.2
   Compiling asn1-rs-derive v0.5.1
    Checking tokio-util v0.7.18
    Checking sec1 v0.7.3
   Compiling keccak v0.1.6
   Compiling precomputed-hash v0.1.1
   Compiling new_debug_unreachable v1.0.6
   Compiling bit-vec v0.8.0
   Compiling term v1.2.1
   Compiling fixedbitset v0.5.7
    Checking elliptic-curve v0.13.8
   Compiling sha3 v0.10.9
    Checking tower v0.5.3
    Checking h2 v0.4.16
   Compiling petgraph v0.7.1
   Compiling ascii-canvas v4.0.0
    Checking asn1-rs v0.6.2
   Compiling bit-set v0.8.0
   Compiling string_cache v0.8.9
   Compiling ena v0.14.4
    Checking encoding_rs v0.8.35
   Compiling console-platform-db v0.1.0 (/private/tmp/console-client-release-20260919/backend/crates/platform/db)
   Compiling pastey v0.1.1
   Compiling oid-registry v0.7.1
    Checking foreign-types-shared v0.1.1
   Compiling openssl v0.10.81
    Checking base64 v0.21.7
    Checking tinystr v0.8.3
    Checking potential_utf v0.1.5
    Checking ppv-lite86 v0.2.21
   Compiling pico-args v0.5.0
    Checking foreign-types v0.3.2
    Checking icu_collections v2.2.0
    Checking base64urlsafedata v0.5.5
    Checking icu_locale_core v2.2.0
    Checking rand_chacha v0.9.0
    Checking rand_chacha v0.3.1
    Checking serde_urlencoded v0.7.1
    Checking rfc6979 v0.4.0
   Compiling openssl-macros v0.1.1
    Checking rand v0.9.4
    Checking rand v0.8.6
   Compiling enum-ordinalize-derive v4.4.1
   Compiling lalrpop-util v0.22.2
   Compiling regex v1.12.4
   Compiling darling_macro v0.23.0
   Compiling stacker v0.1.24
   Compiling curve25519-dalek v4.1.3
    Checking mime v0.3.17
   Compiling num-bigint-dig v0.8.6
   Compiling darling v0.23.0
   Compiling webauthn-attestation-ca v0.5.5
   Compiling lalrpop v0.22.2
    Checking icu_provider v2.2.0
   Compiling ref-cast v1.0.25
   Compiling enum-ordinalize v4.4.1
   Compiling logos-codegen v0.16.1
    Checking icu_normalizer v2.2.0
    Checking icu_properties v2.2.0
   Compiling ar_archive_writer v0.5.2
    Checking ecdsa v0.16.9
    Checking half v2.7.1
   Compiling serde_with_macros v3.21.0
    Checking primeorder v0.13.6
    Checking der-parser v9.0.0
    Checking hyper v1.10.1
    Checking idna_adapter v1.2.2
    Checking linked-hash-map v0.5.6
    Checking num-iter v0.1.45
    Checking idna v1.1.0
   Compiling miette-derive v7.6.0
   Compiling ref-cast-impl v1.0.25
    Checking unicode-script v0.5.8
   Compiling webauthn-rs-core v0.5.5
   Compiling psm v0.1.31
    Checking url v2.5.8
    Checking unicode-width v0.1.14
   Compiling logos-derive v0.16.1
    Checking unicode-security v0.1.2
    Checking x509-parser v0.16.0
    Checking linked_hash_set v0.1.6
   Compiling educe v0.7.6
    Checking serde_with v3.21.0
    Checking serde_cbor_2 v0.13.0
    Checking webauthn-rs-proto v0.5.5
    Checking ed25519 v2.2.3
    Checking hyper-util v0.1.20
    Checking pkcs1 v0.7.5
    Checking itertools v0.15.0
    Checking nonempty v0.12.0
    Checking smol_str v0.3.6
    Checking miette v7.6.0
    Checking unicode-width v0.2.2
    Checking typed-arena v2.0.2
    Checking rustc-literal-escaper v0.0.8
    Checking arrayvec v0.5.2
    Checking ed25519-dalek v2.2.0
    Checking logos v0.16.1
    Checking p384 v0.13.1
    Checking p256 v0.13.2
    Checking simple_asn1 v0.6.4
    Checking sha1 v0.10.6
    Checking pretty v0.12.5
    Checking pem v3.0.6
   Compiling multer v3.1.0
   Compiling cedar-policy v4.12.0
    Checking tungstenite v0.29.0
   Compiling console-platform-authz v0.1.0 (/private/tmp/console-client-release-20260919/backend/crates/platform/authz)
    Checking axum-core v0.5.6
    Checking rsa v0.9.10
    Checking serde_path_to_error v0.1.20
    Checking tokio-tungstenite v0.29.0
    Checking matchit v0.8.4
    Checking console-contracts v0.1.0 (/private/tmp/console-client-release-20260919/backend/crates/contracts)
    Checking jsonwebtoken v11.0.0
    Checking futures-executor v0.3.34
    Checking base64 v0.23.1
   Compiling pin-project-internal v1.1.13
   Compiling wasm-bindgen-shared v0.2.123
   Compiling async-trait v0.1.89
    Checking futures v0.3.34
   Compiling bumpalo v3.20.3
   Compiling wasm-bindgen v0.2.123
    Checking console-workorder-domain v0.1.0 (/private/tmp/console-client-release-20260919/backend/crates/workorder/domain)
   Compiling anyhow v1.0.103
    Checking tower-http v0.6.11
   Compiling proc-macro-error-attr2 v2.0.0
   Compiling paste v1.0.15
    Checking pin-project v1.1.13
    Checking reqwest v0.13.5
   Compiling unicode-segmentation v1.13.3
   Compiling proc-macro-error2 v2.0.1
    Checking block-padding v0.3.3
    Checking event-listener-strategy v0.5.4
   Compiling foldhash v0.1.5
   Compiling crc32fast v1.5.0
   Compiling hashbrown v0.15.5
   Compiling convert_case v0.11.0
    Checking inout v0.1.4
    Checking axum v0.8.9
    Checking md-5 v0.10.6
    Checking cipher v0.4.4
    Checking console-notifications-domain v0.1.0 (/private/tmp/console-client-release-20260919/backend/crates/notifications/domain)
   Compiling hashlink v0.10.0
   Compiling webpki-roots v0.26.11
   Compiling proc-macro2-diagnostics v0.10.1
    Checking simd-adler32 v0.3.9
    Checking or_poisoned v0.1.0
    Checking zlib-rs v0.6.3
    Checking console-notifications-application v0.1.0 (/private/tmp/console-client-release-20260919/backend/crates/notifications/application)
   Compiling proc-macro-utils v0.10.0
   Compiling wasm-bindgen-macro-support v0.2.123
   Compiling const_format_proc_macros v0.2.34
   Compiling slotmap v1.1.1
    Checking throw_error v0.4.0-beta
   Compiling konst_macro_rules v0.2.19
   Compiling whoami v1.6.1
    Checking futures-timer v3.0.4
   Compiling crossbeam-epoch v0.9.20
    Checking flate2 v1.1.9
   Compiling ucd-trie v0.1.7
    Checking typed-path v0.12.3
   Compiling home v0.5.12
   Compiling pest v2.8.6
   Compiling konst v0.2.20
    Checking apalis-core v1.0.0-rc.9
    Checking console-governance-domain v0.0.0 (/private/tmp/console-client-release-20260919/backend/crates/governance/domain)
   Compiling derive-where v1.6.1
   Compiling server_fn_macro v0.9.0-beta
   Compiling reactive_graph v0.3.0-beta2
    Checking send_wrapper v0.6.0
   Compiling camino v1.2.5
    Checking web-time v1.1.0
    Checking cfb v0.14.0
   Compiling pest_meta v2.8.6
   Compiling syn_derive v0.2.0
    Checking zopfli v0.8.3
   Compiling const_format v0.2.36
    Checking async-lock v3.4.2
    Checking console-workorder-application v0.1.0 (/private/tmp/console-client-release-20260919/backend/crates/workorder/application)
    Checking quick-xml v0.41.0 (/private/tmp/console-client-release-20260919/third-party/rust/vendor/quick-xml-0.41.0-compat)
   Compiling cedar-policy-core v4.12.0
    Checking console-comms-domain v0.1.0 (/private/tmp/console-client-release-20260919/backend/crates/comms/domain)
    Checking secrecy v0.10.3
    Checking guardian v1.3.0
   Compiling doc-comment v0.3.4
   Compiling xxhash-rust v0.8.18
   Compiling system-configuration-sys v0.6.0
    Checking rustc-hash v2.1.3
    Checking console-comms-application v0.1.0 (/private/tmp/console-client-release-20260919/backend/crates/comms/application)
   Compiling pest_generator v2.8.6
    Checking infer v0.22.0
   Compiling wasm-bindgen-macro v0.2.123
   Compiling reactive_stores_macro v0.5.0-beta
   Compiling prost-derive v0.14.4
   Compiling quote-use-macros v0.8.4
   Compiling manyhow-macros v0.11.4
    Checking console-inbox-domain v0.1.0 (/private/tmp/console-client-release-20260919/backend/crates/inbox/domain)
    Checking console-ontology-canonical-domain v0.1.0 (/private/tmp/console-client-release-20260919/backend/crates/ontology/canonical-domain)
    Checking prefix-trie v0.8.4
   Compiling darling_core v0.20.11
   Compiling typed-builder-macro v0.23.2
    Checking rapidhash v4.4.1
   Compiling phf_generator v0.11.3
   Compiling tachys v0.3.0-beta2
   Compiling apalis-postgres v1.0.0-rc.8
    Checking winnow v1.0.4
   Compiling prettyplease v0.2.37
   Compiling yansi v1.0.1
    Checking hickory-proto v0.26.3
    Checking metrics v0.24.6
    Checking prost v0.14.4
   Compiling phf_macros v0.11.3
   Compiling manyhow v0.11.4
    Checking toml_parser v1.1.3+spec-1.1.0
   Compiling quote-use v0.8.4
    Checking typed-builder v0.23.2
    Checking console-inbox-application v0.1.0 (/private/tmp/console-client-release-20260919/backend/crates/inbox/application)
   Compiling pest_derive v2.8.6
    Checking apalis-codec v0.1.0-rc.9
    Checking apalis-sql v1.0.0-rc.9
    Checking either_of v0.1.9
    Checking hyper-timeout v0.5.2
    Checking ulid v1.2.1
    Checking console-workflow-domain v0.1.0 (/private/tmp/console-client-release-20260919/backend/crates/workflow/domain)
    Checking oco_ref v0.2.1
    Checking opentelemetry v0.32.0
   Compiling darling_macro v0.20.11
    Checking crossbeam-channel v0.5.15
    Checking core-foundation v0.9.4
   Compiling server_fn v0.9.0-beta
    Checking serde_spanned v1.1.1
    Checking toml_datetime v1.1.1+spec-1.1.0
    Checking email-encoding v0.4.1
    Checking nom v8.0.0
   Compiling interpolator v0.5.0
    Checking bytemuck v1.25.0
    Checking event-listener v2.5.3
    Checking erased v0.1.2
    Checking fastrand v2.4.1
    Checking drain_filter_polyfill v0.1.3
    Checking tagptr v0.2.0
    Checking email_address v0.2.9
    Checking html-escape v0.2.15
    Checking quoted_printable v0.5.2
   Compiling collection_literals v1.0.3
    Checking next_tuple v0.1.0
    Checking const_str_slice_concat v0.1.0
    Checking moka v0.12.15
    Checking rgb v0.8.53
    Checking async-channel v1.9.0
    Checking convert_case v0.6.0
    Checking toml v1.1.4+spec-1.1.0
    Checking system-configuration v0.7.0
   Compiling darling v0.20.11
    Checking tonic v0.14.6
    Checking js-sys v0.3.100
    Checking html_parser v0.7.0
    Checking phf v0.11.3
    Checking hickory-net v0.26.3
   Compiling server_fn_macro_default v0.9.0-beta
   Compiling rstml v0.12.1
    Checking fancy-regex v0.14.0
    Checking apalis v1.0.0-rc.9
    Checking zip v8.6.0
    Checking console-governance-application v0.0.0 (/private/tmp/console-client-release-20260919/backend/crates/governance/application)
    Checking cbc v0.1.2
   Compiling attribute-derive-macro v0.10.5
    Checking aes v0.8.4
    Checking console-messenger-domain v0.1.0 (/private/tmp/console-client-release-20260919/backend/crates/messenger/domain)
    Checking console-dispatch-domain v0.1.0 (/private/tmp/console-client-release-20260919/backend/crates/dispatch/domain)
    Checking serde_qs v1.1.3
    Checking universal-hash v0.5.1
    Checking cfb v0.10.0
   Compiling leptos_macro v0.9.0-beta
    Checking jiff v0.2.28
    Checking opaque-debug v0.3.1
    Checking fallible-iterator v0.2.0
    Checking thousands v0.2.0
    Checking const-str v1.1.0
   Compiling console-platform-provisioning v0.1.0 (/private/tmp/console-client-release-20260919/backend/crates/platform/provisioning)
    Checking imagesize v0.14.0
    Checking inventory v0.3.24
    Checking resolv-conf v0.7.6
   Compiling base16 v0.2.1
    Checking pathdiff v0.2.3
    Checking debug_unsafe v0.1.4
   Compiling attribute-derive v0.10.5
    Checking config v0.15.25
    Checking postgres-protocol v0.6.12
    Checking atoi_simd v0.17.0
   Compiling wasm_split_macros v0.2.2
   Compiling derive_builder_core v0.20.2
    Checking poly1305 v0.8.0
    Checking console-dispatch-application v0.1.0 (/private/tmp/console-client-release-20260919/backend/crates/dispatch/application)
    Checking console-messenger-application v0.1.0 (/private/tmp/console-client-release-20260919/backend/crates/messenger/application)
    Checking stop-token v0.7.0
    Checking zip v7.2.0
    Checking chacha20 v0.9.1
    Checking console-platform-push v0.1.0 (/private/tmp/console-client-release-20260919/backend/crates/platform/push)
    Checking hickory-resolver v0.26.3
   Compiling convert_case_extras v0.2.0
    Checking async-channel v2.5.0
    Checking phf_shared v0.13.1
    Checking umya-spreadsheet v3.0.0 (/private/tmp/console-client-release-20260919/third-party/rust/vendor/umya-spreadsheet-3.0.0-quickxml41)
    Checking codepage v0.1.2
    Checking console-ontology-domain v0.0.0 (/private/tmp/console-client-release-20260919/backend/crates/ontology/domain)
    Checking console-docs-domain v0.1.0 (/private/tmp/console-client-release-20260919/backend/crates/docs/domain)
    Checking console-identity-domain v0.1.0 (/private/tmp/console-client-release-20260919/backend/crates/identity/domain)
    Checking console-benefit-domain v0.1.0 (/private/tmp/console-client-release-20260919/backend/crates/benefit/domain)
    Checking console-evaluation-domain v0.1.0 (/private/tmp/console-client-release-20260919/backend/crates/evaluation/domain)
    Checking console-leave-domain v0.1.0 (/private/tmp/console-client-release-20260919/backend/crates/leave/domain)
    Checking console-todos-domain v0.1.0 (/private/tmp/console-client-release-20260919/backend/crates/todos/domain)
    Checking console-notices-domain v0.1.0 (/private/tmp/console-client-release-20260919/backend/crates/notices/domain)
    Checking console-finance-gl-domain v0.0.0 (/private/tmp/console-client-release-20260919/backend/crates/finance-gl/domain)
    Checking console-compliance-domain v0.1.0 (/private/tmp/console-client-release-20260919/backend/crates/compliance/domain)
    Checking console-financial-domain v0.0.0 (/private/tmp/console-client-release-20260919/backend/crates/financial/domain)
    Checking console-reporting-domain v0.1.0 (/private/tmp/console-client-release-20260919/backend/crates/reporting/domain)
    Checking console-inspection-domain v0.0.0 (/private/tmp/console-client-release-20260919/backend/crates/inspection/domain)
    Checking console-support-domain v0.1.0 (/private/tmp/console-client-release-20260919/backend/crates/support/domain)
    Checking console-inventory-domain v0.1.0 (/private/tmp/console-client-release-20260919/backend/crates/inventory/domain)
    Checking console-registry-domain v0.1.0 (/private/tmp/console-client-release-20260919/backend/crates/registry/domain)
    Checking console-recruiting-domain v0.1.0 (/private/tmp/console-client-release-20260919/backend/crates/recruiting/domain)
    Checking console-sales-domain v0.1.0 (/private/tmp/console-client-release-20260919/backend/crates/sales/domain)
    Checking imap-proto v0.16.7
    Checking codee v0.3.5
    Checking wasm-bindgen-futures v0.4.73
    Checking web-sys v0.3.100
    Checking any_spawner v0.3.0
    Checking hydration_context v0.4.0-beta
    Checking console-attendance-domain v0.1.0 (/private/tmp/console-client-release-20260919/backend/crates/attendance/domain)
    Checking aead v0.5.2
   Compiling hashify v0.2.9
   Compiling leptos v0.9.0-beta
    Checking fast-float2 v0.2.3
   Compiling console-platform-authz-rest v0.0.0 (/private/tmp/console-client-release-20260919/backend/crates/platform/authz-rest)
    Checking self_cell v1.2.2
    Checking pin-utils v0.1.0
    Checking async-once-cell v0.5.4
    Checking calamine v0.35.0 (/private/tmp/console-client-release-20260919/third-party/rust/vendor/calamine-0.35.0-quickxml41)
    Checking console-compliance-application v0.1.0 (/private/tmp/console-client-release-20260919/backend/crates/compliance/application)
    Checking wasm_split_helpers v0.2.3
    Checking console-reporting-application v0.1.0 (/private/tmp/console-client-release-20260919/backend/crates/reporting/application)
    Checking async-imap v0.11.3
    Checking console-attendance-application v0.1.0 (/private/tmp/console-client-release-20260919/backend/crates/attendance/application)
    Checking chacha20poly1305 v0.10.1
    Checking console-sales-application v0.1.0 (/private/tmp/console-client-release-20260919/backend/crates/sales/application)
    Checking mail-parser v0.11.9
    Checking console-recruiting-application v0.1.0 (/private/tmp/console-client-release-20260919/backend/crates/recruiting/application)
    Checking console-registry-application v0.1.0 (/private/tmp/console-client-release-20260919/backend/crates/registry/application)
    Checking console-support-application v0.1.0 (/private/tmp/console-client-release-20260919/backend/crates/support/application)
    Checking console-inventory-application v0.1.0 (/private/tmp/console-client-release-20260919/backend/crates/inventory/application)
    Checking console-leave-application v0.1.0 (/private/tmp/console-client-release-20260919/backend/crates/leave/application)
    Checking leptos_hot_reload v0.9.0-beta
    Checking console-financial-application v0.0.0 (/private/tmp/console-client-release-20260919/backend/crates/financial/application)
    Checking reactive_stores v0.5.0-beta
    Checking console-inspection-application v0.0.0 (/private/tmp/console-client-release-20260919/backend/crates/inspection/application)
    Checking console-finance-gl-application v0.0.0 (/private/tmp/console-client-release-20260919/backend/crates/finance-gl/application)
    Checking console-docs-application v0.1.0 (/private/tmp/console-client-release-20260919/backend/crates/docs/application)
    Checking console-evaluation-application v0.1.0 (/private/tmp/console-client-release-20260919/backend/crates/evaluation/application)
    Checking console-notices-application v0.1.0 (/private/tmp/console-client-release-20260919/backend/crates/notices/application)
    Checking console-todos-application v0.1.0 (/private/tmp/console-client-release-20260919/backend/crates/todos/application)
    Checking console-benefit-application v0.1.0 (/private/tmp/console-client-release-20260919/backend/crates/benefit/application)
    Checking console-identity-application v0.1.0 (/private/tmp/console-client-release-20260919/backend/crates/identity/application)
    Checking phf v0.13.1
    Checking tonic-prost v0.14.6
   Compiling derive_builder_macro v0.20.2
    Checking leptos_config v0.9.0-beta
    Checking postgres-types v0.2.14
    Checking prost-types v0.14.4
    Checking opentelemetry_sdk v0.32.1
    Checking phf_shared v0.12.1
    Checking matchers v0.2.0
    Checking console-equipment-domain v0.1.0 (/private/tmp/console-client-release-20260919/backend/crates/equipment/domain)
    Checking console-payroll-domain v0.1.0 (/private/tmp/console-client-release-20260919/backend/crates/payroll/domain)
    Checking console-orgchange-domain v0.1.0 (/private/tmp/console-client-release-20260919/backend/crates/orgchange/domain)
    Checking console-equipment-application v0.1.0 (/private/tmp/console-client-release-20260919/backend/crates/equipment/application)
    Checking console-logistics-domain v0.1.0 (/private/tmp/console-client-release-20260919/backend/crates/logistics/domain)
    Checking tracing-serde v0.2.0
    Checking sharded-slab v0.1.7
    Checking rand_xoshiro v0.7.0
   Compiling strum_macros v0.27.2
    Checking quanta v0.12.6
    Checking left-right v0.11.7
    Checking tracing-log v0.2.0
    Checking thread_local v1.1.9
   Compiling console-support-rest v0.1.0 (/private/tmp/console-client-release-20260919/backend/crates/support/rest)
   Compiling console-platform-audit-chain v0.1.0 (/private/tmp/console-client-release-20260919/backend/crates/platform/audit-chain)
   Compiling metrics-exporter-prometheus v0.18.3
    Checking hashbag v0.1.13
   Compiling console-comms-rest v0.1.0 (/private/tmp/console-client-release-20260919/backend/crates/comms/rest)
   Compiling chrono-tz v0.10.4
    Checking sketches-ddsketch v0.3.1
   Compiling console-docs-rest v0.0.0 (/private/tmp/console-client-release-20260919/backend/crates/docs/rest)
    Checking nu-ansi-term v0.50.3
   Compiling rustix v1.1.4
   Compiling console-platform-auth-rest v0.1.0 (/private/tmp/console-client-release-20260919/backend/crates/platform/auth-rest)
   Compiling console-platform-realtime v0.1.0 (/private/tmp/console-client-release-20260919/backend/crates/platform/realtime)
    Checking metrics-util v0.20.4
    Checking tonic-types v0.14.6
    Checking tracing-subscriber v0.3.23
    Checking evmap v11.0.0
    Checking tokio-postgres v0.7.18
    Checking phf v0.12.1
    Checking derive_builder v0.20.2
    Checking console-comms-credential-cipher v0.1.0 (/private/tmp/console-client-release-20260919/backend/crates/comms/credential-cipher)
    Checking console-ontology-application v0.0.0 (/private/tmp/console-client-release-20260919/backend/crates/ontology/application)
    Checking opentelemetry-http v0.32.0
    Checking console-comms-adapter-mox v0.1.0 (/private/tmp/console-client-release-20260919/backend/crates/comms/adapter-mox)
    Checking x509-cert v0.2.5
    Checking opentelemetry-proto v0.32.0
    Checking strum v0.27.2
    Checking console-analytics-quant-service v0.1.0 (/private/tmp/console-client-release-20260919/backend/crates/analytics-quant/service)
    Checking console-payroll-application v0.1.0 (/private/tmp/console-client-release-20260919/backend/crates/payroll/application)
    Checking tracing-opentelemetry v0.33.0
    Checking tower-http v0.7.1
    Checking console-action-inbox-application v0.1.0 (/private/tmp/console-client-release-20260919/backend/crates/action-inbox/application)
    Checking console-erp-domain v0.1.0 (/private/tmp/console-client-release-20260919/backend/crates/erp/domain)
   Compiling async-stream-impl v0.3.6
   Compiling webauthn-authenticator-rs v0.5.5
   Compiling console-platform-test-support v0.1.0 (/private/tmp/console-client-release-20260919/backend/crates/platform/test-support)
    Checking opentelemetry-otlp v0.32.0
   Compiling num-derive v0.4.2
    Checking serde_bytes v0.11.19
    Checking bitflags v1.3.2
    Checking console-platform-excel v0.1.0 (/private/tmp/console-client-release-20260919/backend/crates/platform/excel)
    Checking async-stream v0.3.6
    Checking croner v4.0.0
    Checking gloo-utils v0.3.0
    Checking gloo-net v0.7.0
    Checking wasm-streams v0.5.0
    Checking cedar-policy-formatter v4.12.0
    Checking rustls-webpki v0.103.15
    Checking leptos_server v0.9.0-beta2
    Checking leptos_dom v0.9.0-beta
    Checking sqlx-core v0.9.0
    Checking sqlx-core v0.8.6
    Checking tokio-rustls v0.26.5
    Checking lettre v0.11.23
    Checking console-comms-adapter-imap v0.1.0 (/private/tmp/console-client-release-20260919/backend/crates/comms/adapter-imap)
    Checking tokio-postgres-rustls v0.14.0
    Checking console-payroll-ui v0.1.0 (/private/tmp/console-client-release-20260919/backend/crates/payroll/ui)
    Checking console-comms-adapter-smtp v0.1.0 (/private/tmp/console-client-release-20260919/backend/crates/comms/adapter-smtp)
    Checking console-platform-email v0.1.0 (/private/tmp/console-client-release-20260919/backend/crates/platform/email)
    Checking sqlx-postgres v0.8.6
    Checking sqlx-postgres v0.9.0
   Compiling sqlx-macros-core v0.8.6
   Compiling sqlx-macros-core v0.9.0
   Compiling sqlx-macros v0.8.6
   Compiling sqlx-macros v0.9.0
    Checking sqlx v0.8.6
    Checking sqlx v0.9.0
    Checking console-platform-jobs v0.1.0 (/private/tmp/console-client-release-20260919/backend/crates/platform/jobs)
    Checking console-platform-group v0.1.0 (/private/tmp/console-client-release-20260919/backend/crates/platform/group)
    Checking console-workflow-runtime-adapter-postgres v0.1.0 (/private/tmp/console-client-release-20260919/backend/crates/workflow/adapter-postgres)
    Checking console-attendance-adapter-postgres v0.1.0 (/private/tmp/console-client-release-20260919/backend/crates/attendance/adapter-postgres)
    Checking console-workflow-runtime v0.1.0 (/private/tmp/console-client-release-20260919/backend/crates/workflow/runtime)
    Checking webauthn-rs v0.5.5
    Checking console-platform-auth v0.1.0 (/private/tmp/console-client-release-20260919/backend/crates/platform/auth)
    Checking console-platform-request-context v0.1.0 (/private/tmp/console-client-release-20260919/backend/crates/platform/request-context)
    Checking console-platform-storage v0.1.0 (/private/tmp/console-client-release-20260919/backend/crates/platform/storage)
    Checking console-governance-adapter-postgres v0.0.0 (/private/tmp/console-client-release-20260919/backend/crates/governance/adapter-postgres)
    Checking console-inbox-adapter-postgres v0.1.0 (/private/tmp/console-client-release-20260919/backend/crates/inbox/adapter-postgres)
    Checking console-dispatch-adapter-postgres v0.1.0 (/private/tmp/console-client-release-20260919/backend/crates/dispatch/adapter-postgres)
    Checking console-payroll-adapter-postgres v0.1.0 (/private/tmp/console-client-release-20260919/backend/crates/payroll/adapter-postgres)
    Checking console-registry-adapter-postgres v0.1.0 (/private/tmp/console-client-release-20260919/backend/crates/registry/adapter-postgres)
    Checking console-recruiting-adapter-postgres v0.1.0 (/private/tmp/console-client-release-20260919/backend/crates/recruiting/adapter-postgres)
    Checking console-comms-adapter-postgres v0.1.0 (/private/tmp/console-client-release-20260919/backend/crates/comms/adapter-postgres)
    Checking console-evaluation-adapter-postgres v0.1.0 (/private/tmp/console-client-release-20260919/backend/crates/evaluation/adapter-postgres)
    Checking console-notifications-adapter-postgres v0.1.0 (/private/tmp/console-client-release-20260919/backend/crates/notifications/adapter-postgres)
    Checking console-reporting-adapter-postgres v0.1.0 (/private/tmp/console-client-release-20260919/backend/crates/reporting/adapter-postgres)
    Checking console-identity-adapter-postgres v0.1.0 (/private/tmp/console-client-release-20260919/backend/crates/identity/adapter-postgres)
    Checking console-finance-gl-adapter-postgres v0.0.0 (/private/tmp/console-client-release-20260919/backend/crates/finance-gl/adapter-postgres)
    Checking console-docs-adapter-postgres v0.1.0 (/private/tmp/console-client-release-20260919/backend/crates/docs/adapter-postgres)
    Checking console-messenger-adapter-postgres v0.1.0 (/private/tmp/console-client-release-20260919/backend/crates/messenger/adapter-postgres)
    Checking console-logistics-adapter-postgres v0.1.0 (/private/tmp/console-client-release-20260919/backend/crates/logistics/adapter-postgres)
    Checking console-todos-adapter-postgres v0.1.0 (/private/tmp/console-client-release-20260919/backend/crates/todos/adapter-postgres)
    Checking console-ontology-adapter-postgres v0.0.0 (/private/tmp/console-client-release-20260919/backend/crates/ontology/adapter-postgres)
    Checking console-inspection-adapter-postgres v0.0.0 (/private/tmp/console-client-release-20260919/backend/crates/inspection/adapter-postgres)
    Checking console-financial-adapter-postgres v0.0.0 (/private/tmp/console-client-release-20260919/backend/crates/financial/adapter-postgres)
    Checking console-benefit-adapter-postgres v0.1.0 (/private/tmp/console-client-release-20260919/backend/crates/benefit/adapter-postgres)
    Checking console-inventory-adapter-postgres v0.1.0 (/private/tmp/console-client-release-20260919/backend/crates/inventory/adapter-postgres)
    Checking console-workorder-adapter-postgres v0.1.0 (/private/tmp/console-client-release-20260919/backend/crates/workorder/adapter-postgres)
    Checking console-sales-adapter-postgres v0.1.0 (/private/tmp/console-client-release-20260919/backend/crates/sales/adapter-postgres)
    Checking console-support-adapter-postgres v0.1.0 (/private/tmp/console-client-release-20260919/backend/crates/support/adapter-postgres)
    Checking console-compliance-adapter-postgres v0.1.0 (/private/tmp/console-client-release-20260919/backend/crates/compliance/adapter-postgres)
    Checking console-notices-adapter-postgres v0.1.0 (/private/tmp/console-client-release-20260919/backend/crates/notices/adapter-postgres)
    Checking console-equipment-adapter-postgres v0.1.0 (/private/tmp/console-client-release-20260919/backend/crates/equipment/adapter-postgres)
    Checking console-orgchange-adapter-postgres v0.1.0 (/private/tmp/console-client-release-20260919/backend/crates/orgchange/adapter-postgres)
    Checking console-leave-adapter-postgres v0.1.0 (/private/tmp/console-client-release-20260919/backend/crates/leave/adapter-postgres)
    Checking console-dispatch-worker v0.1.0 (/private/tmp/console-client-release-20260919/backend/crates/dispatch/worker)
    Checking console-reporting-rest v0.1.0 (/private/tmp/console-client-release-20260919/backend/crates/reporting/rest)
    Checking console-identity-rest v0.1.0 (/private/tmp/console-client-release-20260919/backend/crates/identity/rest)
    Checking console-sales-rest v0.1.0 (/private/tmp/console-client-release-20260919/backend/crates/sales/rest)
    Checking console-payroll-rest v0.1.0 (/private/tmp/console-client-release-20260919/backend/crates/payroll/rest)
    Checking console-notices-rest v0.1.0 (/private/tmp/console-client-release-20260919/backend/crates/notices/rest)
    Checking console-registry-rest v0.1.0 (/private/tmp/console-client-release-20260919/backend/crates/registry/rest)
    Checking console-dispatch-rest v0.1.0 (/private/tmp/console-client-release-20260919/backend/crates/dispatch/rest)
    Checking console-benefit-rest v0.1.0 (/private/tmp/console-client-release-20260919/backend/crates/benefit/rest)
    Checking console-inventory-rest v0.1.0 (/private/tmp/console-client-release-20260919/backend/crates/inventory/rest)
    Checking console-financial-rest v0.0.0 (/private/tmp/console-client-release-20260919/backend/crates/financial/rest)
    Checking console-messenger-rest v0.1.0 (/private/tmp/console-client-release-20260919/backend/crates/messenger/rest)
    Checking console-workorder-rest v0.1.0 (/private/tmp/console-client-release-20260919/backend/crates/workorder/rest)
    Checking console-equipment-rest v0.1.0 (/private/tmp/console-client-release-20260919/backend/crates/equipment/rest)
    Checking console-recruiting-rest v0.1.0 (/private/tmp/console-client-release-20260919/backend/crates/recruiting/rest)
    Checking console-leave-rest v0.1.0 (/private/tmp/console-client-release-20260919/backend/crates/leave/rest)
    Checking console-evaluation-rest v0.1.0 (/private/tmp/console-client-release-20260919/backend/crates/evaluation/rest)
    Checking console-inspection-rest v0.0.0 (/private/tmp/console-client-release-20260919/backend/crates/inspection/rest)
    Checking console-notifications-rest v0.1.0 (/private/tmp/console-client-release-20260919/backend/crates/notifications/rest)
    Checking console-orgchange-rest v0.1.0 (/private/tmp/console-client-release-20260919/backend/crates/orgchange/rest)
    Checking console-logistics-rest v0.1.0 (/private/tmp/console-client-release-20260919/backend/crates/logistics/rest)
    Checking console-platform-rest v0.1.0 (/private/tmp/console-client-release-20260919/backend/crates/platform/platform-rest)
    Checking console-finance-gl-rest v0.0.0 (/private/tmp/console-client-release-20260919/backend/crates/finance-gl/rest)
    Checking console-governance-rest v0.0.0 (/private/tmp/console-client-release-20260919/backend/crates/governance/rest)
    Checking console-compliance-rest v0.1.0 (/private/tmp/console-client-release-20260919/backend/crates/compliance/rest)
    Checking console-todos-rest v0.1.0 (/private/tmp/console-client-release-20260919/backend/crates/todos/rest)
    Checking console-inbox-rest v0.1.0 (/private/tmp/console-client-release-20260919/backend/crates/inbox/rest)
    Checking console-ontology-canonical-adapter-postgres v0.1.0 (/private/tmp/console-client-release-20260919/backend/crates/ontology/canonical-adapter-postgres)
    Checking console-facilities-rest v0.1.0 (/private/tmp/console-client-release-20260919/backend/crates/facilities/rest)
    Checking console-ontology-rest v0.0.0 (/private/tmp/console-client-release-20260919/backend/crates/ontology/rest)
    Checking console-attendance-rest v0.1.0 (/private/tmp/console-client-release-20260919/backend/crates/attendance/rest)
    Checking console-consulting-rest v0.1.0 (/private/tmp/console-client-release-20260919/backend/crates/consulting/rest)
    Checking console-analytics-quant-rest v0.1.0 (/private/tmp/console-client-release-20260919/backend/crates/analytics-quant/rest)
    Checking console-production-rest v0.0.0 (/private/tmp/console-client-release-20260919/backend/crates/production/rest)
    Checking console-integrity v0.1.0 (/private/tmp/console-client-release-20260919/backend/crates/compliance/integrity)
    Checking console-app v0.1.0 (/private/tmp/console-client-release-20260919/backend/app)
    Finished `dev` profile [unoptimized + debuginfo] target(s) in 57.77s
warning: the following packages contain code that will be rejected by a future version of Rust: proc-macro-error2 v2.0.1
note: to see what the problems were, use the option `--future-incompat-report`, or run `cargo report future-incompatibilities --id 1`
