[2026-09-21T21:16:29.206-04:00] Build ID: ca958b8e-c4ea-45fa-9bbb-81298bb0b15c
[2026-09-21T21:16:36.306-04:00] Waiting on root//third-party/rust:bytes-1 (prelude//platforms:default#39893c7e49283da4) -- action (rustc rlib [pic]) [local_execute], and 118 other actions
[2026-09-21T21:16:43.407-04:00] Waiting on root//third-party/rust:serde_core-1 (prelude//platforms:default#39893c7e49283da4) -- action (rustc metadata [pic]) [local_execute], and 84 other actions
[2026-09-21T21:16:50.507-04:00] Waiting on root//third-party/rust:async-once-cell-0.5 (prelude//platforms:default#39893c7e49283da4) -- action (rustc metadata [pic]) [local_execute], and 96 other actions
[2026-09-21T21:16:57.607-04:00] Waiting on root//third-party/rust:futures-util-0.3 (prelude//platforms:default#39893c7e49283da4) -- action (rustc metadata [pic]) [local_execute], and 73 other actions
[2026-09-21T21:17:04.706-04:00] Waiting on root//third-party/rust:tokio-1 (prelude//platforms:default#39893c7e49283da4) -- action (rustc rlib [pic]) [local_execute], and 38 other actions
[2026-09-21T21:17:11.707-04:00] Waiting on root//third-party/rust:js-sys-0.3 (prelude//platforms:default#39893c7e49283da4) -- action (rustc rlib [pic]) [local_execute], and 33 other actions
[2026-09-21T21:17:18.806-04:00] Waiting on root//third-party/rust:codee-0.3 (prelude//platforms:default#39893c7e49283da4) -- action (rustc rlib [pic]) [local_execute], and 39 other actions
[2026-09-21T21:17:25.807-04:00] Waiting on root//third-party/rust:codee-0.3 (prelude//platforms:default#39893c7e49283da4) -- action (rustc rlib [pic]) [local_execute], and 39 other actions
[2026-09-21T21:17:32.906-04:00] Waiting on root//third-party/rust:axum-core-0.5 (prelude//platforms:default#39893c7e49283da4) -- action (rustc rlib [pic]) [local_execute], and 37 other actions
[2026-09-21T21:17:39.907-04:00] Waiting on root//third-party/rust:web-sys-0.3 (prelude//platforms:default#39893c7e49283da4) -- action (rustc metadata [pic]) [local_execute], and 31 other actions
[2026-09-21T21:17:47.006-04:00] Waiting on root//third-party/rust:h2-0.4 (prelude//platforms:default#39893c7e49283da4) -- action (rustc metadata [pic]) [local_execute], and 26 other actions
[2026-09-21T21:17:54.006-04:00] Waiting on root//third-party/rust:tungstenite-0.29 (prelude//platforms:default#39893c7e49283da4) -- action (rustc metadata [pic]) [local_execute], and 15 other actions
[2026-09-21T21:18:01.007-04:00] Waiting on root//third-party/rust:tachys-0.3 (prelude//platforms:default#39893c7e49283da4) -- action (rustc metadata [pic]) [local_execute], and 6 other actions
[2026-09-21T21:18:08.106-04:00] Waiting on root//third-party/rust:tachys-0.3 (prelude//platforms:default#39893c7e49283da4) -- action (rustc metadata [pic]) [local_execute], and 6 other actions
[2026-09-21T21:18:15.107-04:00] Waiting on root//third-party/rust:tachys-0.3 (prelude//platforms:default#39893c7e49283da4) -- action (rustc metadata [pic]) [local_execute], and 6 other actions
[2026-09-21T21:18:22.207-04:00] Waiting on root//third-party/rust:tachys-0.3 (prelude//platforms:default#39893c7e49283da4) -- action (rustc metadata [pic]) [local_execute], and 6 other actions
[2026-09-21T21:18:29.307-04:00] Waiting on root//third-party/rust:axum-0.8 (prelude//platforms:default#39893c7e49283da4) -- action (rustc rlib [pic]) [local_execute], and 5 other actions
[2026-09-21T21:18:33.821-04:00] Cache hits: 0%
[2026-09-21T21:18:33.821-04:00] Commands: 715 (cached: 0, remote: 0, local: 715)
[2026-09-21T21:18:33.821-04:00] Network: Up: 0B  Down: 15MiB
BUILD SUCCEEDED
