[2026-09-21T21:18:33.841-04:00] Build ID: 26031ed4-f8e4-4f5f-9495-22ce34f06262
[2026-09-21T21:18:33.842-04:00] File changed (since mergebase): root//backend/crates/payroll/ui/pkg/console_payroll_ui.js
[2026-09-21T21:18:33.842-04:00] File Watcher fresh instance: cleared graph state
[2026-09-21T21:18:40.943-04:00] Waiting on root//third-party/rust:typenum-1 (prelude//platforms:default#11a256c53bf8083e) -- action (write_json LPPL-depsfull-symlinked_dirs.json), and 694 other actions
[2026-09-21T21:18:44.452-04:00] Action failed: root//backend/crates/payroll/ui:console-payroll-ui-validated-bundle (prelude//platforms:default#39893c7e49283da4) (hydration_validate)
[2026-09-21T21:18:44.452-04:00] Local command returned non-zero exit code 1
[2026-09-21T21:18:44.452-04:00] Local command: env -C "$(buck2 root --kind project)" -- 'BUCK_SCRATCH_PATH=buck-out/v2/tmp/root/ebf0ffff98a9acf4/hydration_validate' buck-out/v2/art/toolchains/11a256c53bf8083e/__cpython_archive__/cpython_archive/bin/python buck-out/v2/art/root/39893c7e49283da4/tools/ui/__hydration-wasm_bundle.py__/hydration-wasm_bundle.py validate --inputs buck-out/v2/art/root/39893c7e49283da4/backend/crates/payroll/ui/__console-payroll-ui-validated-bundle__/inputs.json --manifest backend/crates/payroll/ui/bundle.lock.json --js backend/crates/payroll/ui/pkg/console_payroll_ui.js --wasm backend/crates/payroll/ui/pkg/console_payroll_ui_bg.wasm --candidate buck-out/v2/art/root/39893c7e49283da4/backend/crates/payroll/ui/__console-payroll-ui-wasm-bundle__/bundle --out-dir buck-out/v2/art/root/39893c7e49283da4/backend/crates/payroll/ui/__console-payroll-ui-validated-bundle__/validated
[2026-09-21T21:18:44.452-04:00] Stdout: <empty>
[2026-09-21T21:18:44.452-04:00] Stderr:
Committed hydration bundle is stale:
- backend/crates/payroll/ui/pkg/console_payroll_ui.js does not match the hash recorded when it was built — it was edited by hand or partially rebuilt. Rebuild with: bash tools/ui/build-payroll-wasm.sh

[2026-09-21T21:18:44.462-04:00] Cache hits: 0%
[2026-09-21T21:18:44.462-04:00] Commands: 1 (cached: 0, remote: 0, local: 1)
[2026-09-21T21:18:44.462-04:00] Network: Up: 0B  Down: 0B
[2026-09-21T21:18:44.466-04:00]
[2026-09-21T21:18:44.466-04:00] BUILD ERRORS (1)
[2026-09-21T21:18:44.466-04:00] The following actions failed during the execution of this command:
[2026-09-21T21:18:44.466-04:00] Action failed: root//backend/crates/payroll/ui:console-payroll-ui-validated-bundle (prelude//platforms:default#39893c7e49283da4) (hydration_validate)
[2026-09-21T21:18:44.466-04:00] Local command returned non-zero exit code 1
[2026-09-21T21:18:44.466-04:00] Local command: env -C "$(buck2 root --kind project)" -- 'BUCK_SCRATCH_PATH=buck-out/v2/tmp/root/ebf0ffff98a9acf4/hydration_validate' buck-out/v2/art/toolchains/11a256c53bf8083e/__cpython_archive__/cpython_archive/bin/python buck-out/v2/art/root/39893c7e49283da4/tools/ui/__hydration-wasm_bundle.py__/hydration-wasm_bundle.py validate --inputs buck-out/v2/art/root/39893c7e49283da4/backend/crates/payroll/ui/__console-payroll-ui-validated-bundle__/inputs.json --manifest backend/crates/payroll/ui/bundle.lock.json --js backend/crates/payroll/ui/pkg/console_payroll_ui.js --wasm backend/crates/payroll/ui/pkg/console_payroll_ui_bg.wasm --candidate buck-out/v2/art/root/39893c7e49283da4/backend/crates/payroll/ui/__console-payroll-ui-wasm-bundle__/bundle --out-dir buck-out/v2/art/root/39893c7e49283da4/backend/crates/payroll/ui/__console-payroll-ui-validated-bundle__/validated
[2026-09-21T21:18:44.466-04:00] Stdout: <empty>
[2026-09-21T21:18:44.466-04:00] Stderr:
Committed hydration bundle is stale:
- backend/crates/payroll/ui/pkg/console_payroll_ui.js does not match the hash recorded when it was built — it was edited by hand or partially rebuilt. Rebuild with: bash tools/ui/build-payroll-wasm.sh

[2026-09-21T21:18:44.466-04:00]
BUILD FAILED
Failed to build 'root//backend/crates/payroll/ui:console-payroll-ui-validated-bundle (prelude//platforms:default#39893c7e49283da4)'
