   Compiling proc-macro2 v1.0.106
   Compiling quote v1.0.45
   Compiling unicode-ident v1.0.24
   Compiling version_check v0.9.5
   Compiling serde_core v1.0.229
   Compiling semver v1.0.28
   Compiling pin-project-lite v0.2.17
   Compiling wasm-bindgen-shared v0.2.123
   Compiling thiserror v2.0.20
   Compiling futures-core v0.3.34
   Compiling memchr v2.8.2
   Compiling rustversion v1.0.22
   Compiling futures-sink v0.3.34
   Compiling slab v0.4.12
   Compiling futures-io v0.3.34
   Compiling futures-task v0.3.34
   Compiling bumpalo v3.20.3
   Compiling serde v1.0.229
   Compiling once_cell v1.21.4
   Compiling futures-channel v0.3.34
   Compiling cfg-if v1.0.4
   Compiling stable_deref_trait v1.2.1
   Compiling crossbeam-utils v0.8.21
   Compiling unicode-segmentation v1.13.3
   Compiling writeable v0.6.3
   Compiling libc v0.2.186
   Compiling litemap v0.8.2
   Compiling proc-macro2-diagnostics v0.10.1
   Compiling generic-array v0.14.7
   Compiling rustc_version v0.4.1
   Compiling itoa v1.0.18
   Compiling icu_properties_data v2.2.0
   Compiling or_poisoned v0.1.0
   Compiling zmij v1.0.23
   Compiling smallvec v1.15.2
   Compiling paste v1.0.15
   Compiling convert_case v0.11.0
   Compiling icu_normalizer_data v2.2.0
   Compiling unicode-xid v0.2.6
   Compiling utf8_iter v1.0.4
   Compiling slotmap v1.1.1
   Compiling throw_error v0.4.0-beta
   Compiling anyhow v1.0.103
   Compiling camino v1.2.5
   Compiling konst_macro_rules v0.2.19
   Compiling serde_json v1.0.151
   Compiling hashbrown v0.17.1
   Compiling typenum v1.20.1
   Compiling equivalent v1.0.2
   Compiling konst v0.2.20
   Compiling server_fn_macro v0.9.0-beta
   Compiling reactive_graph v0.3.0-beta2
   Compiling syn v2.0.119
   Compiling syn v3.0.5
   Compiling proc-macro-error-attr2 v2.0.0
   Compiling const_format_proc_macros v0.2.34
   Compiling proc-macro-utils v0.10.0
   Compiling indexmap v2.14.0
   Compiling wasm-bindgen v0.2.123
   Compiling send_wrapper v0.6.0
   Compiling concurrent-queue v2.5.0
   Compiling const_format v0.2.36
   Compiling event-listener v5.4.1
   Compiling event-listener-strategy v0.5.4
   Compiling guardian v1.3.0
   Compiling async-lock v3.4.2
   Compiling either v1.16.0
   Compiling percent-encoding v2.3.2
   Compiling rustc-hash v2.1.3
   Compiling xxhash-rust v0.8.18
   Compiling itertools v0.14.0
   Compiling manyhow-macros v0.11.4
   Compiling tachys v0.3.0-beta2
   Compiling winnow v1.0.4
   Compiling getrandom v0.4.2
   Compiling yansi v1.0.1
   Compiling block-buffer v0.10.4
   Compiling crypto-common v0.1.7
   Compiling bytes v1.12.1
   Compiling prettyplease v0.2.37
   Compiling digest v0.10.7
   Compiling either_of v0.1.9
   Compiling synstructure v0.13.2
   Compiling wasm-bindgen-macro-support v0.2.123
   Compiling serde_derive v1.0.229
   Compiling thiserror-impl v2.0.20
   Compiling futures-macro v0.3.34
   Compiling proc-macro-error2 v2.0.1
   Compiling futures-util v0.3.34
   Compiling toml_parser v1.1.3+spec-1.1.0
   Compiling zerofrom-derive v0.1.7
   Compiling yoke-derive v0.8.2
   Compiling zerofrom v0.1.8
   Compiling zerovec-derive v0.11.3
   Compiling displaydoc v0.2.6
   Compiling derive-where v1.6.1
   Compiling wasm-bindgen-macro v0.2.123
   Compiling typed-builder-macro v0.23.2
   Compiling pin-project-internal v1.1.13
   Compiling quote-use-macros v0.8.4
   Compiling quote-use v0.8.4
   Compiling pin-project v1.1.13
   Compiling async-trait v0.1.89
   Compiling typed-builder v0.23.2
   Compiling http v1.5.0
   Compiling manyhow v0.11.4
   Compiling toml_datetime v1.1.1+spec-1.1.0
   Compiling serde_spanned v1.1.1
   Compiling form_urlencoded v1.2.2
   Compiling cpufeatures v0.2.17
   Compiling syn_derive v0.2.0
   Compiling reactive_stores_macro v0.5.0-beta
   Compiling server_fn v0.9.0-beta
   Compiling html-escape v0.2.15
   Compiling ryu v1.0.23
   Compiling interpolator v0.5.0
   Compiling next_tuple v0.1.0
   Compiling drain_filter_polyfill v0.1.3
   Compiling const_str_slice_concat v0.1.0
   Compiling collection_literals v1.0.3
   Compiling yoke v0.8.3
   Compiling same-file v1.0.6
   Compiling erased v0.1.2
   Compiling walkdir v2.5.0
   Compiling convert_case v0.6.0
   Compiling rstml v0.12.1
   Compiling sha2 v0.10.9
   Compiling oco_ref v0.2.1
   Compiling serde_qs v1.1.3
   Compiling toml v1.1.4+spec-1.1.0
   Compiling server_fn_macro_default v0.9.0-beta
   Compiling leptos_macro v0.9.0-beta
   Compiling base64 v0.22.1
   Compiling const-str v1.1.0
   Compiling futures-executor v0.3.34
   Compiling base16 v0.2.1
   Compiling futures v0.3.34
   Compiling pathdiff v0.2.3
   Compiling config v0.15.25
   Compiling wasm_split_macros v0.2.2
   Compiling uuid v1.26.1
   Compiling codee v0.3.5
   Compiling convert_case_extras v0.2.0
   Compiling attribute-derive-macro v0.10.5
   Compiling leptos v0.9.0-beta
   Compiling async-once-cell v0.5.4
   Compiling wasm_split_helpers v0.2.3
   Compiling leptos_config v0.9.0-beta
   Compiling zerovec v0.11.6
   Compiling zerotrie v0.2.4
   Compiling attribute-derive v0.10.5
   Compiling js-sys v0.3.100
   Compiling tinystr v0.8.3
   Compiling potential_utf v0.1.5
   Compiling icu_collections v2.2.0
   Compiling icu_locale_core v2.2.0
   Compiling icu_provider v2.2.0
   Compiling leptos_hot_reload v0.9.0-beta
   Compiling icu_normalizer v2.2.0
   Compiling icu_properties v2.2.0
   Compiling idna_adapter v1.2.2
   Compiling idna v1.1.0
   Compiling url v2.5.8
   Compiling wasm-bindgen-futures v0.4.73
   Compiling web-sys v0.3.100
   Compiling hydration_context v0.4.0-beta
   Compiling any_spawner v0.3.0
   Compiling gloo-utils v0.3.0
   Compiling gloo-net v0.7.0
   Compiling wasm-streams v0.5.0
   Compiling reactive_stores v0.5.0-beta
   Compiling leptos_dom v0.9.0-beta
   Compiling leptos_server v0.9.0-beta2
   Compiling console-payroll-ui v0.1.0 (/private/tmp/console-client-release-20260919/backend/crates/payroll/ui)
    Finished `release` profile [optimized] target(s) in 37.17s
warning: the following packages contain code that will be rejected by a future version of Rust: proc-macro-error2 v2.0.1
note: to see what the problems were, use the option `--future-incompat-report`, or run `cargo report future-incompatibilities --id 2`
wrote backend/crates/payroll/ui/bundle.lock.json: 7 inputs, 2 outputs, channel 1.98.1, wasm-bindgen CLI 0.2.123
