✔ actual required recovery commands resolve nine owners, the isolated installer and eight app cases (32.555708ms)
✔ recovery executor refuses wrong checkout (22.583583ms)
✔ recovery executor refuses no run (13.188458ms)
✔ recovery executor refuses list only (15.391584ms)
✔ recovery executor refuses skip selected test (13.163334ms)
✔ recovery executor refuses success-only second case (14.070834ms)
✔ recovery executor refuses continued failure (16.758958ms)
✔ recovery executor refuses echo shell (10.57475ms)
✔ recovery executor refuses echo command (12.473583ms)
✔ recovery executor refuses missing scenario (14.069042ms)
✔ recovery executor refuses duplicate scenario (10.847334ms)
✔ recovery executor refuses wrong cut (11.187208ms)
✔ recovery executor refuses late image setup (3.444875ms)
✔ recovery executor refuses fake setup id (3.697833ms)
✔ recovery executor refuses unbound checkout ref (3.280667ms)
✔ recovery executor refuses wrong setup guard (12.155ms)
✔ an additional real owner test cannot silently fall outside selected filters (1.929709ms)
✔ new recovery case replay_cannot_acknowledge_a_locally_visible_receipt_before_remote_apply must have a real required executor (13.328666ms)
✔ new recovery case lost_commit_transport_reply_replays_one_real_payroll_effect must have a real required executor (11.028083ms)
✔ new recovery case fresh_commit_wait_release_requires_explicit_remote_confirmation must have a real required executor (10.803959ms)
✔ new recovery case staging_success_and_idempotent_restage_wait_for_remote_confirmation must have a real required executor (10.755084ms)
✔ new recovery case required_remote_unknown_is_bounded_and_never_local_fallback must have a real required executor (11.060875ms)
✔ new recovery case finite_remote_bound_and_repeated_replay_preserve_exact_rows must have a real required executor (11.082667ms)
✔ new recovery case fresh_commit_deadline_retains_capacity_until_replay_resumes must have a real required executor (11.146ms)
✔ new recovery case aborted_fresh_stage_retains_capacity_until_native_wait_ends must have a real required executor (10.52475ms)
✔ new recovery case fresh_stage_transport_error_closes_pool_before_reconciliation must have a real required executor (11.401959ms)
✔ new recovery case real_observer_installer_is_atomic_replay_exact_and_drift_refusing must have a real required executor (12.217417ms)
✔ new recovery case durability_composition_tests::required_app_startup_admits_only_the_installed_observer must have a real required executor (11.561584ms)
✔ new recovery case durability_composition_tests::required_api_projected_payroll_dispatch_waits_for_remote_apply must have a real required executor (12.203875ms)
✔ new recovery case durability_composition_tests::required_workflow_spawn_keeps_unknown_staging_pending_until_retry must have a real required executor (11.321916ms)
✔ new recovery case durability_composition_tests::required_api_completion_unknown_reconciles_same_command_after_replay must have a real required executor (11.643833ms)
✔ new recovery case durability_composition_tests::required_api_receipt_absent_unknown_renews_approval_with_same_command must have a real required executor (11.303584ms)
✔ new recovery case durability_composition_tests::required_api_confirmed_owner_audit_failure_replays_and_repairs must have a real required executor (13.354625ms)
✔ new recovery case durability_composition_tests::required_workflow_typed_unknown_preserves_pending_and_failed_events must have a real required executor (11.702416ms)
✔ new recovery case durability_composition_tests::required_workflow_provenance_refusal_is_operation_not_unknown must have a real required executor (10.777708ms)
✔ observer execution refuses  --no-run (13.441292ms)
✔ observer execution refuses  --list (12.064792ms)
✔ observer execution refuses  --skip real_observer (11.569708ms)
✔ observer execution refuses  --ignored (11.88375ms)
✔ an additional real app case cannot silently fall outside selected filters (3.229958ms)
✔ app durability_composition_tests::required_app_startup_admits_only_the_installed_observer refuses ordinary feature (11.512417ms)
✔ app durability_composition_tests::required_app_startup_admits_only_the_installed_observer refuses missing feature (11.747584ms)
✔ app durability_composition_tests::required_app_startup_admits_only_the_installed_observer refuses substring filter (10.600541ms)
✔ app durability_composition_tests::required_app_startup_admits_only_the_installed_observer refuses list only (11.357458ms)
✔ app durability_composition_tests::required_app_startup_admits_only_the_installed_observer refuses all lib tests (12.898041ms)
✔ app durability_composition_tests::required_api_projected_payroll_dispatch_waits_for_remote_apply refuses ordinary feature (11.149375ms)
✔ app durability_composition_tests::required_api_projected_payroll_dispatch_waits_for_remote_apply refuses missing feature (10.21275ms)
✔ app durability_composition_tests::required_api_projected_payroll_dispatch_waits_for_remote_apply refuses substring filter (11.460375ms)
✔ app durability_composition_tests::required_api_projected_payroll_dispatch_waits_for_remote_apply refuses list only (17.352167ms)
✔ app durability_composition_tests::required_api_projected_payroll_dispatch_waits_for_remote_apply refuses all lib tests (14.734583ms)
✔ app durability_composition_tests::required_workflow_spawn_keeps_unknown_staging_pending_until_retry refuses ordinary feature (13.227667ms)
✔ app durability_composition_tests::required_workflow_spawn_keeps_unknown_staging_pending_until_retry refuses missing feature (13.410167ms)
✔ app durability_composition_tests::required_workflow_spawn_keeps_unknown_staging_pending_until_retry refuses substring filter (15.622667ms)
✔ app durability_composition_tests::required_workflow_spawn_keeps_unknown_staging_pending_until_retry refuses list only (12.550042ms)
✔ app durability_composition_tests::required_workflow_spawn_keeps_unknown_staging_pending_until_retry refuses all lib tests (11.094708ms)
✔ app durability_composition_tests::required_api_completion_unknown_reconciles_same_command_after_replay refuses ordinary feature (15.491125ms)
✔ app durability_composition_tests::required_api_completion_unknown_reconciles_same_command_after_replay refuses missing feature (14.930208ms)
✔ app durability_composition_tests::required_api_completion_unknown_reconciles_same_command_after_replay refuses substring filter (11.020208ms)
✔ app durability_composition_tests::required_api_completion_unknown_reconciles_same_command_after_replay refuses list only (10.624042ms)
✔ app durability_composition_tests::required_api_completion_unknown_reconciles_same_command_after_replay refuses all lib tests (12.187208ms)
✔ app durability_composition_tests::required_api_receipt_absent_unknown_renews_approval_with_same_command refuses ordinary feature (13.312709ms)
✔ app durability_composition_tests::required_api_receipt_absent_unknown_renews_approval_with_same_command refuses missing feature (11.177ms)
✔ app durability_composition_tests::required_api_receipt_absent_unknown_renews_approval_with_same_command refuses substring filter (10.830375ms)
✔ app durability_composition_tests::required_api_receipt_absent_unknown_renews_approval_with_same_command refuses list only (11.672375ms)
✔ app durability_composition_tests::required_api_receipt_absent_unknown_renews_approval_with_same_command refuses all lib tests (13.698917ms)
✔ app durability_composition_tests::required_api_confirmed_owner_audit_failure_replays_and_repairs refuses ordinary feature (10.791125ms)
✔ app durability_composition_tests::required_api_confirmed_owner_audit_failure_replays_and_repairs refuses missing feature (10.980875ms)
✔ app durability_composition_tests::required_api_confirmed_owner_audit_failure_replays_and_repairs refuses substring filter (10.799417ms)
✔ app durability_composition_tests::required_api_confirmed_owner_audit_failure_replays_and_repairs refuses list only (13.8865ms)
✔ app durability_composition_tests::required_api_confirmed_owner_audit_failure_replays_and_repairs refuses all lib tests (10.700167ms)
✔ app durability_composition_tests::required_workflow_typed_unknown_preserves_pending_and_failed_events refuses ordinary feature (11.007333ms)
✔ app durability_composition_tests::required_workflow_typed_unknown_preserves_pending_and_failed_events refuses missing feature (11.738292ms)
✔ app durability_composition_tests::required_workflow_typed_unknown_preserves_pending_and_failed_events refuses substring filter (12.937542ms)
✔ app durability_composition_tests::required_workflow_typed_unknown_preserves_pending_and_failed_events refuses list only (10.845833ms)
✔ app durability_composition_tests::required_workflow_typed_unknown_preserves_pending_and_failed_events refuses all lib tests (10.660208ms)
✔ app durability_composition_tests::required_workflow_provenance_refusal_is_operation_not_unknown refuses ordinary feature (11.860291ms)
✔ app durability_composition_tests::required_workflow_provenance_refusal_is_operation_not_unknown refuses missing feature (14.0405ms)
✔ app durability_composition_tests::required_workflow_provenance_refusal_is_operation_not_unknown refuses substring filter (11.580375ms)
✔ app durability_composition_tests::required_workflow_provenance_refusal_is_operation_not_unknown refuses list only (12.002ms)
✔ app durability_composition_tests::required_workflow_provenance_refusal_is_operation_not_unknown refuses all lib tests (11.487417ms)
✔ app cases cannot share one supervisor or one failure-sensitive step (13.04275ms)
✔ app order must follow the isolated observer in the reviewed order (12.9945ms)
✔ app source refuses extra tokio test (3.184209ms)
✔ app source refuses extra ordinary test (3.481625ms)
✔ app source refuses module cfg (3.320583ms)
✔ app source refuses module cfg_attr (2.908917ms)
✔ app source refuses selected ignore (4.089875ms)
✔ app source refuses selected cfg (2.954333ms)
✔ app source refuses selected cfg_attr (3.096708ms)
✔ app source refuses nested cases (3.596333ms)
✔ app source ignores fake attributes and names in comments and literals (3.154375ms)
✔ app module refuses commented correct guard (16.605ms)
✔ app module refuses literal correct guard (17.824875ms)
✔ app module refuses additional disabling guard (15.962083ms)
✔ app module refuses ordinary feature guard (15.691333ms)
✔ comment/literal module examples cannot create a second live declaration (7.868833ms)
✔ owner source refuses extra tokio test (2.381417ms)
✔ owner source refuses extra ordinary test (2.202458ms)
✔ owner source refuses module cfg (1.950041ms)
✔ owner source refuses module cfg_attr (2.737167ms)
✔ owner source refuses selected ignore (2.023291ms)
✔ owner source refuses selected cfg (2.219584ms)
✔ owner source refuses selected cfg_attr (2.25625ms)
✔ owner source refuses nested cases (2.144417ms)
✔ owner census ignores spoofed comments/literals without accepting a missing real case (3.082375ms)
✔ observer source refuses extra tokio test (2.196584ms)
✔ observer source refuses extra ordinary test (2.629042ms)
✔ observer source refuses module cfg (2.477792ms)
✔ observer source refuses module cfg_attr (2.559083ms)
✔ observer source refuses selected ignore (2.525625ms)
✔ observer source refuses selected cfg (2.300583ms)
✔ observer source refuses selected cfg_attr (2.313875ms)
✔ observer source refuses nested cases (2.966291ms)
✔ observer census ignores spoofed comments/literals without accepting a missing real case (0.888ms)
ℹ tests 114
ℹ suites 0
ℹ pass 114
ℹ fail 0
ℹ cancelled 0
ℹ skipped 0
ℹ todo 0
ℹ duration_ms 1211.061542
