test_connection_budget_refuses_without_upstream_access (test_commit_relay.RelayTests.test_connection_budget_refuses_without_upstream_access) ... ok
test_connection_deadline_is_fixture_error (test_commit_relay.RelayTests.test_connection_deadline_is_fixture_error) ... ok
test_extended_execute_commit_is_witnessed (test_commit_relay.RelayTests.test_extended_execute_commit_is_witnessed) ... ok
test_invalid_frame_size_fails (test_commit_relay.RelayTests.test_invalid_frame_size_fails) ... ok
test_simple_after_response_forwards_once_and_suppresses_success (test_commit_relay.RelayTests.test_simple_after_response_forwards_once_and_suppresses_success) ... ok
test_simple_before_send_does_not_forward_commit (test_commit_relay.RelayTests.test_simple_before_send_does_not_forward_commit) ... ok
test_failed_container_inventory_is_not_successful_absence (test_supervise_recovery.RecoveryCleanupTests.test_failed_container_inventory_is_not_successful_absence) ... ok
test_failed_container_inventory_partial_output_is_still_unavailable (test_supervise_recovery.RecoveryCleanupTests.test_failed_container_inventory_partial_output_is_still_unavailable) ... ok
test_failed_network_inventory_is_not_successful_absence (test_supervise_recovery.RecoveryCleanupTests.test_failed_network_inventory_is_not_successful_absence) ... ok
test_failed_network_inventory_partial_output_is_still_unavailable (test_supervise_recovery.RecoveryCleanupTests.test_failed_network_inventory_partial_output_is_still_unavailable) ... ok
test_failed_volume_inventory_is_not_successful_absence (test_supervise_recovery.RecoveryCleanupTests.test_failed_volume_inventory_is_not_successful_absence) ... ok
test_failed_volume_inventory_partial_output_is_still_unavailable (test_supervise_recovery.RecoveryCleanupTests.test_failed_volume_inventory_partial_output_is_still_unavailable) ... ok
test_remaining_container_refuses_success (test_supervise_recovery.RecoveryCleanupTests.test_remaining_container_refuses_success) ... ok
test_remaining_network_refuses_success (test_supervise_recovery.RecoveryCleanupTests.test_remaining_network_refuses_success) ... ok
test_remaining_volume_refuses_success (test_supervise_recovery.RecoveryCleanupTests.test_remaining_volume_refuses_success) ... ok
test_removal_error_can_reconcile_to_verified_absence (test_supervise_recovery.RecoveryCleanupTests.test_removal_error_can_reconcile_to_verified_absence) ... ok
test_successful_absence_preserves_original_failure (test_supervise_recovery.RecoveryCleanupTests.test_successful_absence_preserves_original_failure) ... ok
test_successful_absence_preserves_timeout_classification (test_supervise_recovery.RecoveryCleanupTests.test_successful_absence_preserves_timeout_classification) ... ok
test_successful_empty_inventory_preserves_success (test_supervise_recovery.RecoveryCleanupTests.test_successful_empty_inventory_preserves_success) ... ok
test_returns_child_nonzero_status (test_supervise_recovery.SupervisorTests.test_returns_child_nonzero_status) ... ok
test_timeout_kills_term_ignoring_process_group (test_supervise_recovery.SupervisorTests.test_timeout_kills_term_ignoring_process_group) ... {"recovery_supervisor": "wall_clock_timeout", "classification": "FIXTURE_INCOMPLETE"}
ERROR

======================================================================
ERROR: test_timeout_kills_term_ignoring_process_group (test_supervise_recovery.SupervisorTests.test_timeout_kills_term_ignoring_process_group)
----------------------------------------------------------------------
Traceback (most recent call last):
  File "/private/tmp/account14-app8-ci-0a625d32-inventory-v1/validation/tools/lanes/recovery/test_supervise_recovery.py", line 33, in test_timeout_kills_term_ignoring_process_group
    output = subprocess.run(["ps", "-o", "stat=", "-p", str(pid)], capture_output=True, text=True, check=False).stdout.strip()
             ~~~~~~~~~~~~~~^^^^^^^^^^^^^^^^^^^^^^^^^^^^^^^^^^^^^^^^^^^^^^^^^^^^^^^^^^^^^^^^^^^^^^^^^^^^^^^^^^^^
  File "/opt/homebrew/Cellar/python@3.14/3.14.7/Frameworks/Python.framework/Versions/3.14/lib/python3.14/subprocess.py", line 555, in run
    with Popen(*popenargs, **kwargs) as process:
         ~~~~~^^^^^^^^^^^^^^^^^^^^^^
  File "/opt/homebrew/Cellar/python@3.14/3.14.7/Frameworks/Python.framework/Versions/3.14/lib/python3.14/subprocess.py", line 1039, in __init__
    self._execute_child(args, executable, preexec_fn, close_fds,
    ~~~~~~~~~~~~~~~~~~~^^^^^^^^^^^^^^^^^^^^^^^^^^^^^^^^^^^^^^^^^
                        pass_fds, cwd, env,
                        ^^^^^^^^^^^^^^^^^^^
    ...<5 lines>...
                        gid, gids, uid, umask,
                        ^^^^^^^^^^^^^^^^^^^^^^
                        start_new_session, process_group)
                        ^^^^^^^^^^^^^^^^^^^^^^^^^^^^^^^^^
  File "/opt/homebrew/Cellar/python@3.14/3.14.7/Frameworks/Python.framework/Versions/3.14/lib/python3.14/subprocess.py", line 1990, in _execute_child
    raise child_exception_type(errno_num, err_msg, err_filename)
PermissionError: [Errno 1] Operation not permitted: 'ps'

----------------------------------------------------------------------
Ran 21 tests in 5.547s

FAILED (errors=1)
