recovery-fixture run=console-recovery-1423-d93825f1 evidence=/var/folders/66/4qlvtbgn6r1gl9bvfttp6sww0000gn/T//console-recovery.47BPnu
topology: PG primary plus exact synchronous standby; remote_apply enabled
SELECT 28
SELECT 5
SELECT 415
DO
ALTER ROLE
DO
    Finished `test` profile [unoptimized + debuginfo] target(s) in 0.40s
     Running tests/recovery.rs (/private/tmp/console-account30-cargo/debug/deps/recovery-ed6f34010a6cea16)

running 1 test
test fresh_commit_wait_release_requires_explicit_remote_confirmation ... topology: PG primary plus exact synchronous standby; remote_apply enabled
topology: PG primary plus exact synchronous standby; remote_apply enabled




ALTER SYSTEM
t


ALTER SYSTEM
t
recovery-accounting {"offered_intents":2,"attempts":2,"effects":2,"receipts":2,"fault_subcases_executed":2,"premature_successes":0}
ok

test result: ok. 1 passed; 0 failed; 0 ignored; 0 measured; 8 filtered out; finished in 7.41s

recovery-fixture evidence=/var/folders/66/4qlvtbgn6r1gl9bvfttp6sww0000gn/T//console-recovery.47BPnu exit=0
