docs/evidence/console/implementation/2026-09-14-owner-codec-auth-custody/followup/buffer/console-documentation-buffer-red.log:18: trailing whitespace.
+  
docs/evidence/console/implementation/2026-09-14-owner-codec-auth-custody/followup/buffer/console-documentation-buffer-red.log:39: trailing whitespace.
+  
docs/evidence/console/implementation/2026-09-14-owner-codec-auth-custody/followup/buffer/implementation-candidate.patch:21: trailing whitespace.
+ 
docs/evidence/console/implementation/2026-09-14-owner-codec-auth-custody/followup/buffer/test-candidate.patch:25: trailing whitespace.
+ 
docs/evidence/console/implementation/2026-09-14-owner-codec-auth-custody/followup/core/receipts/auth-caller-production-hardening.log:318: trailing whitespace.
+  
docs/evidence/console/implementation/2026-09-14-owner-codec-auth-custody/followup/core/receipts/auth-caller-production-hardening.log:323: trailing whitespace.
+  
docs/evidence/console/implementation/2026-09-14-owner-codec-auth-custody/followup/core/receipts/auth-parser-auth7.log:22: new blank line at EOF.
docs/evidence/console/implementation/2026-09-14-owner-codec-auth-custody/followup/core/receipts/auth-parser-first-green.log:24: new blank line at EOF.
docs/evidence/console/implementation/2026-09-14-owner-codec-auth-custody/followup/core/receipts/auth-parser-root-auth7.log:22: new blank line at EOF.
docs/evidence/console/implementation/2026-09-14-owner-codec-auth-custody/followup/core/receipts/auth-parser-root-siblings20.log:30: new blank line at EOF.
docs/evidence/console/implementation/2026-09-14-owner-codec-auth-custody/followup/core/receipts/auth-parser-root8.log:280: new blank line at EOF.
docs/evidence/console/implementation/2026-09-14-owner-codec-auth-custody/followup/core/receipts/auth-parser-sibling-config.log:30: new blank line at EOF.
docs/evidence/console/implementation/2026-09-14-owner-codec-auth-custody/followup/core/receipts/auth-root-clippy.log:271: trailing whitespace.
+3406 ~     
docs/evidence/console/implementation/2026-09-14-owner-codec-auth-custody/followup/core/receipts/ui-accessible-full17.log:26: new blank line at EOF.
docs/evidence/console/implementation/2026-09-14-owner-codec-auth-custody/followup/core/receipts/ui-accessible-probe-green.log:11: new blank line at EOF.
docs/evidence/console/implementation/2026-09-14-owner-codec-auth-custody/followup/core/receipts/ui-accessible-root17.log:27: new blank line at EOF.
docs/evidence/console/implementation/2026-09-14-owner-codec-auth-custody/followup/core/receipts/verify-hardening-command-original-red.log:318: trailing whitespace.
+  
docs/evidence/console/implementation/2026-09-14-owner-codec-auth-custody/followup/core/receipts/verify-hardening-command-original-red.log:323: trailing whitespace.
+  
docs/evidence/console/implementation/2026-09-14-owner-codec-auth-custody/followup/final/receipts/account-classification-disjoint-green.log:10: new blank line at EOF.
docs/evidence/console/implementation/2026-09-14-owner-codec-auth-custody/followup/final/receipts/account-classification-disjoint21.log:28: new blank line at EOF.
docs/evidence/console/implementation/2026-09-14-owner-codec-auth-custody/followup/final/receipts/account-classification-serial-diagnostic.log:9: new blank line at EOF.
docs/evidence/console/implementation/2026-09-14-owner-codec-auth-custody/followup/final/receipts/console-followup-verify-3f0c4e17.log:1286: trailing whitespace.
+[2026-09-14T23:24:35.749-04:00] Network: Up:   0B             Down:   0B           
docs/evidence/console/implementation/2026-09-14-owner-codec-auth-custody/followup/final/receipts/console-followup-verify-3f0c4e17.log:1290: trailing whitespace.
+[2026-09-14T23:24:42.849-04:00] Network: Up:   0B             Down:   0B           
docs/evidence/console/implementation/2026-09-14-owner-codec-auth-custody/followup/final/receipts/gitops-declaration-red.log:20: trailing whitespace.
+  
docs/evidence/console/implementation/2026-09-14-owner-codec-auth-custody/followup/final/receipts/gitops-declaration-red.log:23: trailing whitespace.
+  
docs/evidence/console/implementation/2026-09-14-owner-codec-auth-custody/followup/final/receipts/gitops-declaration-red.log:31: trailing whitespace.
+  
docs/evidence/console/implementation/2026-09-14-owner-codec-auth-custody/followup/final/receipts/tenant-classification-integration-green.log:27: new blank line at EOF.
docs/evidence/console/implementation/2026-09-14-owner-codec-auth-custody/followup/final/receipts/tenant-classification-root21.log:29: new blank line at EOF.
docs/evidence/console/implementation/2026-09-14-owner-codec-auth-custody/followup/final/receipts/verify-boundary-audit.log:42: new blank line at EOF.
docs/evidence/console/implementation/2026-09-14-owner-codec-auth-custody/followup/final/receipts/verify-boundary-leptos17.log:106: new blank line at EOF.
docs/evidence/console/implementation/2026-09-14-owner-codec-auth-custody/followup/final/receipts/verify-boundary-tenant19.log:41: new blank line at EOF.
docs/evidence/console/implementation/2026-09-14-owner-codec-auth-custody/followup/final/receipts/verify-boundary-wiring-regressions.log:99: trailing whitespace.
+  
docs/evidence/console/implementation/2026-09-14-owner-codec-auth-custody/followup/final/receipts/verify-boundary-wiring-regressions.log:101: trailing whitespace.
+  
docs/evidence/console/implementation/2026-09-14-owner-codec-auth-custody/followup/supplement/receipts/console-followup-verify-after-mirror.log:377: trailing whitespace.
+  AssertionError [ERR_ASSERTION]: 
docs/evidence/console/implementation/2026-09-14-owner-codec-auth-custody/followup/supplement/receipts/console-followup-verify-after-mirror.log:379: trailing whitespace.
+  
docs/evidence/console/implementation/2026-09-14-owner-codec-auth-custody/followup/supplement/receipts/console-followup-verify-after-mirror.log:381: trailing whitespace.
+  
docs/evidence/console/implementation/2026-09-14-owner-codec-auth-custody/followup/supplement/receipts/console-followup-verify-after-mirror.log:404: trailing whitespace.
+  
docs/evidence/console/implementation/2026-09-14-owner-codec-auth-custody/followup/supplement/receipts/console-followup-verify-after-mirror.log:409: trailing whitespace.
+  
docs/evidence/console/implementation/2026-09-14-owner-codec-auth-custody/followup/supplement/receipts/console-followup-verify-after-mirror.log:429: trailing whitespace.
+  
docs/evidence/console/implementation/2026-09-14-owner-codec-auth-custody/followup/supplement/receipts/console-followup-verify-after-mirror.log:434: trailing whitespace.
+  
docs/evidence/console/implementation/2026-09-14-owner-codec-auth-custody/followup/supplement/receipts/console-followup-verify-after-mirror.log:1150: trailing whitespace.
+  
docs/evidence/console/implementation/2026-09-14-owner-codec-auth-custody/followup/supplement/receipts/console-followup-verify-after-mirror.log:1155: trailing whitespace.
+  
docs/evidence/console/implementation/2026-09-14-owner-codec-auth-custody/followup/supplement/receipts/console-followup-verify-after-mirror.log:1257: trailing whitespace.
+  
docs/evidence/console/implementation/2026-09-14-owner-codec-auth-custody/followup/supplement/receipts/console-followup-verify-after-mirror.log:1259: trailing whitespace.
+  
docs/evidence/console/implementation/2026-09-14-owner-codec-auth-custody/followup/supplement/receipts/console-followup-verify-after-mirror.log:1312: trailing whitespace.
+  
docs/evidence/console/implementation/2026-09-14-owner-codec-auth-custody/followup/supplement/receipts/console-followup-verify-after-mirror.log:1314: trailing whitespace.
+  
docs/evidence/console/implementation/2026-09-14-owner-codec-auth-custody/followup/supplement/receipts/console-followup-verify-after-mirror.log:1339: trailing whitespace.
+  
docs/evidence/console/implementation/2026-09-14-owner-codec-auth-custody/followup/supplement/receipts/console-followup-verify-after-mirror.log:1341: trailing whitespace.
+  
docs/evidence/console/implementation/2026-09-14-owner-codec-auth-custody/followup/supplement/receipts/console-followup-verify-after-mirror.log:1366: trailing whitespace.
+  
docs/evidence/console/implementation/2026-09-14-owner-codec-auth-custody/followup/supplement/receipts/console-followup-verify-after-mirror.log:1368: trailing whitespace.
+  
docs/evidence/console/implementation/2026-09-14-owner-codec-auth-custody/followup/supplement/receipts/console-followup-verify-after-mirror.log:1393: trailing whitespace.
+  
docs/evidence/console/implementation/2026-09-14-owner-codec-auth-custody/followup/supplement/receipts/console-followup-verify-after-mirror.log:1395: trailing whitespace.
+  
docs/evidence/console/implementation/2026-09-14-owner-codec-auth-custody/followup/supplement/receipts/console-followup-verify-after-mirror.log:1420: trailing whitespace.
+  
docs/evidence/console/implementation/2026-09-14-owner-codec-auth-custody/followup/supplement/receipts/console-followup-verify-after-mirror.log:1422: trailing whitespace.
+  
docs/evidence/console/implementation/2026-09-14-owner-codec-auth-custody/followup/supplement/receipts/console-followup-verify-after-mirror.log:1826: trailing whitespace.
+ 
docs/evidence/console/implementation/2026-09-14-owner-codec-auth-custody/followup/supplement/receipts/console-followup-verify-after-mirror.log:1865: trailing whitespace.
+ 
docs/evidence/console/implementation/2026-09-14-owner-codec-auth-custody/followup/supplement/receipts/console-followup-verify-after-mirror.log:1920: trailing whitespace.
+ 
docs/evidence/console/implementation/2026-09-14-owner-codec-auth-custody/followup/supplement/receipts/console-followup-verify-after-mirror.log:1928: trailing whitespace.
+ 
docs/evidence/console/implementation/2026-09-14-owner-codec-auth-custody/followup/supplement/receipts/console-followup-verify-after-mirror.log:7160: trailing whitespace.
+  
docs/evidence/console/implementation/2026-09-14-owner-codec-auth-custody/followup/supplement/receipts/console-followup-verify-after-mirror.log:7248: trailing whitespace.
+  
docs/evidence/console/implementation/2026-09-14-owner-codec-auth-custody/followup/supplement/receipts/console-followup-verify-after-mirror.log:7408: trailing whitespace.
+  
docs/evidence/console/implementation/2026-09-14-owner-codec-auth-custody/followup/supplement/receipts/console-followup-verify-after-mirror.log:7409: trailing whitespace.
+  
docs/evidence/console/implementation/2026-09-14-owner-codec-auth-custody/followup/supplement/receipts/console-followup-verify-after-mirror.log:7411: trailing whitespace.
+  
docs/evidence/console/implementation/2026-09-14-owner-codec-auth-custody/followup/supplement/receipts/console-followup-verify-after-mirror.log:7456: trailing whitespace.
+  
docs/evidence/console/implementation/2026-09-14-owner-codec-auth-custody/followup/supplement/receipts/console-followup-verify-after-mirror.log:7459: trailing whitespace.
+  
docs/evidence/console/implementation/2026-09-14-owner-codec-auth-custody/followup/supplement/receipts/console-followup-verify-after-mirror.log:7467: trailing whitespace.
+  
docs/evidence/console/implementation/2026-09-14-owner-codec-auth-custody/followup/supplement/receipts/console-followup-verify-after-mirror.log:7848: trailing whitespace.
+  
docs/evidence/console/implementation/2026-09-14-owner-codec-auth-custody/followup/supplement/receipts/console-followup-verify-after-mirror.log:7853: trailing whitespace.
+  
docs/evidence/console/implementation/2026-09-14-owner-codec-auth-custody/followup/supplement/receipts/preparation-oracle-refinement-candidate.patch:5: trailing whitespace.
+ 
docs/evidence/console/implementation/2026-09-14-owner-codec-auth-custody/followup/supplement/receipts/preparation-oracle-refinement-candidate.patch:15: trailing whitespace.
+ 
docs/evidence/console/implementation/2026-09-14-owner-codec-auth-custody/followup/supplement/receipts/preparation-undeclared-oracle-red.log:38: trailing whitespace.
+  
docs/evidence/console/implementation/2026-09-14-owner-codec-auth-custody/followup/supplement/receipts/preparation-undeclared-oracle-red.log:126: trailing whitespace.
+  
docs/evidence/console/implementation/2026-09-14-owner-codec-auth-custody/followup/supplement/receipts/rls-annotation-gate-tests.log:30: new blank line at EOF.
docs/evidence/console/implementation/2026-09-14-owner-codec-auth-custody/followup/supplement/receipts/tenant-qualified-corrected-green.log:109: new blank line at EOF.
docs/evidence/console/implementation/2026-09-14-owner-codec-auth-custody/followup/supplement/receipts/tenant-qualified-final-lib.log:113: new blank line at EOF.
docs/evidence/console/implementation/2026-09-14-owner-codec-auth-custody/followup/supplement/receipts/tenant-qualified-first-source-attempt.patch:64: trailing whitespace.
+ 
docs/evidence/console/implementation/2026-09-14-owner-codec-auth-custody/followup/supplement/receipts/tenant-qualified-first-source-attempt.patch:76: trailing whitespace.
+ 
docs/evidence/console/implementation/2026-09-14-owner-codec-auth-custody/followup/supplement/receipts/tenant-qualified-first-source-attempt.patch:121: trailing whitespace.
+ 
docs/evidence/console/implementation/2026-09-14-owner-codec-auth-custody/followup/supplement/receipts/tenant-qualified-first-source-attempt.patch:144: trailing whitespace.
+ 
docs/evidence/console/implementation/2026-09-14-owner-codec-auth-custody/followup/supplement/receipts/tenant-qualified-first-source-attempt.patch:166: trailing whitespace.
+ 
docs/evidence/console/implementation/2026-09-14-owner-codec-auth-custody/followup/supplement/receipts/tenant-qualified-nineteen-final-lib.log:113: new blank line at EOF.
docs/evidence/console/implementation/2026-09-14-owner-codec-auth-custody/followup/supplement/receipts/tenant-qualified-nineteen-green.log:113: new blank line at EOF.
docs/evidence/console/implementation/2026-09-14-owner-codec-auth-custody/followup/supplement/receipts/tenant-qualified-old-lib.log:27: new blank line at EOF.
docs/evidence/console/implementation/2026-09-14-owner-codec-auth-custody/followup/supplement/receipts/tenant-qualified-second-source-attempt.patch:74: trailing whitespace.
+ 
docs/evidence/console/implementation/2026-09-14-owner-codec-auth-custody/followup/supplement/receipts/tenant-qualified-second-source-attempt.patch:86: trailing whitespace.
+ 
docs/evidence/console/implementation/2026-09-14-owner-codec-auth-custody/followup/supplement/receipts/tenant-qualified-second-source-attempt.patch:131: trailing whitespace.
+ 
docs/evidence/console/implementation/2026-09-14-owner-codec-auth-custody/followup/supplement/receipts/tenant-qualified-second-source-attempt.patch:154: trailing whitespace.
+ 
docs/evidence/console/implementation/2026-09-14-owner-codec-auth-custody/followup/supplement/receipts/tenant-qualified-second-source-attempt.patch:176: trailing whitespace.
+ 
docs/evidence/console/implementation/2026-09-14-owner-codec-auth-custody/followup/supplement/receipts/tenant-qualified-seventeen-green.log:111: new blank line at EOF.
docs/evidence/console/implementation/2026-09-14-owner-codec-auth-custody/followup/supplement/receipts/tenant-qualified-third-source-attempt.patch:76: trailing whitespace.
+ 
docs/evidence/console/implementation/2026-09-14-owner-codec-auth-custody/followup/supplement/receipts/tenant-qualified-third-source-attempt.patch:88: trailing whitespace.
+ 
docs/evidence/console/implementation/2026-09-14-owner-codec-auth-custody/followup/supplement/receipts/tenant-qualified-third-source-attempt.patch:130: trailing whitespace.
+ 
docs/evidence/console/implementation/2026-09-14-owner-codec-auth-custody/followup/supplement/receipts/tenant-qualified-third-source-attempt.patch:153: trailing whitespace.
+ 
docs/evidence/console/implementation/2026-09-14-owner-codec-auth-custody/followup/supplement/receipts/tenant-qualified-third-source-attempt.patch:175: trailing whitespace.
+ 
docs/evidence/console/implementation/2026-09-14-owner-codec-auth-custody/followup/supplement/receipts/verify-format-followup-red.log:20: trailing whitespace.
+ 
docs/evidence/console/implementation/2026-09-14-owner-codec-auth-custody/followup/supplement/receipts/verify-format-followup-red.log:59: trailing whitespace.
+ 
docs/evidence/console/implementation/2026-09-14-owner-codec-auth-custody/followup/supplement/receipts/verify-format-followup-red.log:114: trailing whitespace.
+ 
docs/evidence/console/implementation/2026-09-14-owner-codec-auth-custody/followup/supplement/receipts/verify-format-followup-red.log:122: trailing whitespace.
+ 
