▶ ADR governance gate
  ✔ uses node:path primitives instead of POSIX-only path splitting (0.69975ms)
  ✔ accepts a complete corpus and the reserved never-issued ADR-0013 index row (9.866834ms)
  ✔ rejects duplicate ADR IDs (1.444ms)
  ✔ rejects missing required id frontmatter (1.411917ms)
  ✔ rejects missing required status frontmatter (1.125416ms)
  ✔ rejects missing required doc_status frontmatter (0.935833ms)
  ✔ rejects missing required date frontmatter (0.911833ms)
  ✔ rejects missing required owner frontmatter (0.868458ms)
  ✔ rejects missing required related frontmatter (1.043958ms)
  ✔ rejects malformed and nonexistent local ADR relationship references (0.744208ms)
  ✔ rejects an impossible ADR calendar date (0.779292ms)
  ✔ rejects an impossible design-note calendar date (1.762958ms)
  ✔ rejects one-sided amend and supersession relationships (1.563875ms)
  ✔ rejects a proposed ADR that claims amendment or supersession authority (1.221166ms)
  ✔ rejects an accepted record that treats a proposed ADR as its superseder (1.251458ms)
  ✔ rejects an accepted ADR that amends a non-accepted target (1.280416ms)
  ✔ rejects an ADR that declares a superseder without becoming superseded (1.038958ms)
  ✔ rejects index status that promotes a proposed ADR to accepted (0.807667ms)
  ✔ rejects an index link that does not target the indexed ADR file (0.598833ms)
  ✔ rejects Markdown files that evade the ADR or design-note filename contracts (1.486125ms)
  ✔ rejects stale cross-repository references that still use ADR-0022 for portability (1.191334ms)
  ✔ scans tracked IaC text for retired ADR identities (1.244708ms)
  ✔ rejects a proposed ADR whose prose claims active supersession (1.150333ms)
  ✔ rejects a proposed ADR whose subject ID claims active supersession in prose (0.983541ms)
  ✔ rejects a proposed ADR whose bold subject ID claims active supersession (0.699791ms)
  ✔ rejects a proposed ADR whose inline-code subject ID claims active supersession (0.7855ms)
  ✔ allows conditional proposal language and ADR references in a design-note index row (1.369416ms)
  ✔ rejects design notes without a valid parent ADR (1.1145ms)
  ✔ rejects issuing the reserved ADR-0013 number (0.733208ms)
✔ ADR governance gate (41.373791ms)
▶ immutable execution evidence scope
  ✔ retains recorded rejected ADR inputs in machine evidence logs (1.296833ms)
  ✔ still rejects retired authority in docs/evidence/stale.md (0.8565ms)
  ✔ still rejects retired authority in deploy/stale.log (0.766916ms)
  ✔ still rejects retired authority in docs/evidence-other/stale.log (1.0395ms)
✔ immutable execution evidence scope (4.082917ms)
✔ database-backed CI and release probes reconcile, migrate, and serve with separate identities (7.835875ms)
✔ the dev boot path never aliases command URLs to DATABASE_URL (0.821583ms)
✔ append-only migration 0167 declares serving-role bounds and nonclaims (0.247083ms)
✔ topology reconciliation drains every serving role after changing defaults (0.158041ms)
✔ live Argo, base, prod, and secret wiring remain DARK-topology-free (23.780917ms)
✔ DARK overlays opt into the portable governed command-database component (0.572417ms)
✔ governed command-database component declares seven roles, topology readback, ordering, and bounded Job networking (1.28125ms)
✔ DARK OCI and self-host renders include the governed topology without changing live prod (257.572583ms)
✔ DARK operating contract locks whole-Application activation, credentials, rotation, and capacity (1.04775ms)
✔ DARK secrets component contains exactly three typed ExternalSecrets and live wiring does not reference it (0.980875ms)
✔ post-push proof polling accepts only the exact new tip with bounded old-tip retries (1.019375ms)
✔ pre-push validation rejects stable metadata drift before transport work (0.47925ms)
✔ post-push proof polling times out on a persistently stale old tip (0.113917ms)
✔ post-push proof polling defaults to twenty reads and 500 millisecond delays (0.489375ms)
✔ post-push proof polling fails immediately on any non-old, non-new head (0.190166ms)
✔ post-push proof polling never retries API, response, or sleep failures (0.194209ms)
✔ post-push proof polling validates all stable metadata before old/new SHA handling (0.884625ms)
✔ post-push proof polling validates all inputs before its first read (0.357125ms)
✔ binds an exact release action output to the generated core tip (0.628ms)
✔ binds recurring native updates to the exact pinned transport-created PR (0.573333ms)
✔ rejects a raced live PR or a tip detached from the triggering main SHA (0.12875ms)
✔ rejects PR metadata, repository, action body, or bot identity drift (0.11775ms)
✔ rejects release core bytes not deterministically represented by the action output (0.232584ms)
✔ rejects missing, malformed, or ambiguous release action output (0.063042ms)
✔ strips scheduling-capable push tokens from every non-transport child environment (0.05575ms)
✔ a fixed-clock custody transport commit is guaranteed to differ from the action tip (114.898875ms)
✔ keeps the push token out of argv, process errors, and non-password askpass responses (168.037125ms)
✔ protected producer validates before transport and accepts the exact post-push head before proof (0.175417ms)
✔ protected release workflow keeps the PAT transport-only and emits one native proof job (2.983084ms)
✔ protected release authority issuer executable closure is review-pinned (0.673458ms)
ℹ tests 63
ℹ suites 2
ℹ pass 63
ℹ fail 0
ℹ cancelled 0
ℹ skipped 0
ℹ todo 0
ℹ duration_ms 340.098667
