NOTICE:  topology.canonical_enforcement: examined 0 canonical tables []
topology: seven application roles reconciled and verified
[2026-09-21T06:06:21.189-04:00] Build ID: 8de7ae26-1182-448a-b983-9e3dfaa949ef
[2026-09-21T06:06:21.193-04:00] File changed: root//tools/buck/test_gen_first_party.py
[2026-09-21T06:06:21.193-04:00] File changed: root//tools/buck/BUCK
[2026-09-21T06:06:21.193-04:00] Directory changed: root//tools/buck/_probe_envmain
[2026-09-21T06:06:21.193-04:00] 279 additional file change events
[2026-09-21T06:06:28.289-04:00] Waiting on toolchains//:cpython_archive (prelude//platforms:default#11a256c53bf8083e) -- action (download_file archive.tar.gz), and 543 other actions
[2026-09-21T06:06:36.491-04:00] Waiting on root//backend/crates/payroll/adapter-postgres:console-payroll-adapter-postgres-itest-pay_run_port_as_runtime_role (prelude//platforms:default#39893c7e49283da4) -- action (rustc link [pic]) [local_execute]
[2026-09-21T06:06:39.884-04:00] Cache hits: 0%
[2026-09-21T06:06:39.884-04:00] Commands: 2 (cached: 0, remote: 0, local: 2)
[2026-09-21T06:06:39.884-04:00] Network: Up: 0B  Down: 0B
BUILD SUCCEEDED
[2026-09-21T06:06:39.898-04:00] Build ID: 8c236dad-f5dd-4d5c-8723-222ef6e06321
[2026-09-21T06:06:39.900-04:00] File Watcher fresh instance: cleared graph state
[2026-09-21T06:06:46.900-04:00] Waiting on root//third-party/rust:futures-io-0.3 (prelude//platforms:default#39893c7e49283da4) -- action (write_json LPPF-depsfull-symlinked_dirs.json), and 565 other actions
[2026-09-21T06:06:54.101-04:00] Waiting on Test payroll-adapter-postgres-pay-run-port-as-runtime-role-pg --  [local_execute]
[2026-09-21T06:07:01.202-04:00] Waiting on Test payroll-adapter-postgres-pay-run-port-as-runtime-role-pg --  [local_execute]
[2026-09-21T06:07:08.301-04:00] Waiting on Test payroll-adapter-postgres-pay-run-port-as-runtime-role-pg --  [local_execute]
[2026-09-21T06:07:15.400-04:00] Waiting on Test payroll-adapter-postgres-pay-run-port-as-runtime-role-pg --  [local_execute]
[2026-09-21T06:07:19.225-04:00] ✓ Pass: root//tools/buck:payroll-adapter-postgres-pay-run-port-as-runtime-role-pg (26.0s)
[2026-09-21T06:07:19.225-04:00] ---- STDOUT ----
[2026-09-21T06:07:19.225-04:00]
[2026-09-21T06:07:19.225-04:00] running 17 tests
[2026-09-21T06:07:19.225-04:00] test a_changed_provenance_on_the_same_run_and_period_is_refused ... ok
[2026-09-21T06:07:19.225-04:00] test a_decider_who_submitted_the_run_is_refused ... ok
[2026-09-21T06:07:19.225-04:00] test a_foreign_tenant_is_invisible_and_unwritable_to_the_runtime_role ... ok
[2026-09-21T06:07:19.225-04:00] test a_lock_committed_after_the_gate_read_but_before_the_write_is_refused ... ok
[2026-09-21T06:07:19.225-04:00] test a_noncanonical_stored_provenance_is_refused_not_absorbed ... ok
[2026-09-21T06:07:19.225-04:00] test a_pay_run_is_created_through_the_port_and_the_receipt_names_the_owner ... ok
[2026-09-21T06:07:19.225-04:00] test a_repeat_of_the_same_command_replays_the_receipt_and_stages_no_second_run ... ok
[2026-09-21T06:07:19.225-04:00] test a_stored_receipt_naming_no_dispatch_target_is_refused ... ok
[2026-09-21T06:07:19.225-04:00] test an_existing_draft_is_acknowledged_after_the_period_is_locked ... ok
[2026-09-21T06:07:19.225-04:00] test canonical_create_run_refuses_a_locked_period ... ok
[2026-09-21T06:07:19.225-04:00] test empty_tenant_pay_run_lifecycle_sits_on_canonical_org_tree ... ok
[2026-09-21T06:07:19.225-04:00] test preflight_is_pure_and_blocks_what_the_database_would_only_refuse_later ... ok
[2026-09-21T06:07:19.225-04:00] test submit_and_decide_drive_the_statements_this_crate_already_owned ... ok
[2026-09-21T06:07:19.225-04:00] test the_contract_identity_is_copied_verbatim_and_the_port_is_the_named_one ... ok
[2026-09-21T06:07:19.225-04:00] test the_create_receipt_alone_is_enough_to_submit ... ok
[2026-09-21T06:07:19.225-04:00] test the_workflow_staging_seam_is_idempotent_on_the_natural_key ... ok
[2026-09-21T06:07:19.225-04:00] test the_workflow_staging_seam_refuses_a_locked_period ... ok
[2026-09-21T06:07:19.225-04:00]
[2026-09-21T06:07:19.225-04:00] test result: ok. 17 passed; 0 failed; 0 ignored; 0 measured; 0 filtered out; finished in 25.65s
[2026-09-21T06:07:19.225-04:00]
[2026-09-21T06:07:19.225-04:00]
[2026-09-21T06:07:19.225-04:00] ---- STDERR ----
[2026-09-21T06:07:19.225-04:00]
[2026-09-21T06:07:19.231-04:00] Network: Up: 0B  Down: 0B
Tests finished: [mPass 1[m. Fail 0. Timeout 0. Fatal 0. Skip 0. Omit 0. Infra Failure 0. Build failure 0
