NOTICE:  topology.canonical_enforcement: examined 0 canonical tables []
topology: seven application roles reconciled and verified
[2026-09-19T22:53:45.901-04:00] Build ID: 6d80d957-69e9-4074-821d-7167ad97dccf
[2026-09-19T22:53:45.902-04:00] File changed (since mergebase): root//backend/app/BUCK
[2026-09-19T22:53:45.902-04:00] File changed (since mergebase): root//backend/ci/gates/audit-coverage/BUCK
[2026-09-19T22:53:45.902-04:00] File changed (since mergebase): root//backend/ci/gates/dev-auth-absence/BUCK
[2026-09-19T22:53:45.902-04:00] 336 additional file change events (since mergebase)
[2026-09-19T22:53:45.902-04:00] File Watcher fresh instance: cleared graph state
[2026-09-19T22:53:52.903-04:00] Waiting on toolchains//:cpython_archive (prelude//platforms:default#11a256c53bf8083e) -- action (download_file archive.tar.gz), and 742 other actions
[2026-09-19T22:54:01.302-04:00] Waiting on root//third-party/rust:anyhow-1 (prelude//platforms:default#11a256c53bf8083e) -- action (write_json LPPF-depsfull-symlinked_dirs.json), and 435 other actions
[2026-09-19T22:54:09.203-04:00] Waiting on root//backend/app:console-app-itest-auth_rest (prelude//platforms:default#39893c7e49283da4) -- action (rustc link [pic]) [local_execute]
[2026-09-19T22:54:16.204-04:00] Waiting on root//backend/app:console-app-itest-auth_rest (prelude//platforms:default#39893c7e49283da4) -- action (rustc link [pic]) [local_execute]
[2026-09-19T22:54:20.333-04:00] Cache hits: 0%
[2026-09-19T22:54:20.333-04:00] Commands: 1 (cached: 0, remote: 0, local: 1)
[2026-09-19T22:54:20.333-04:00] Network: Up: 0B  Down: 0B
BUILD SUCCEEDED
[2026-09-19T22:54:20.360-04:00] Build ID: 1bee5978-d652-44c4-bb27-1da30f99e191
[2026-09-19T22:54:20.360-04:00] File Watcher fresh instance: cleared graph state
[2026-09-19T22:54:27.461-04:00] Waiting on root//third-party/rust:rustix-1-build-script-run (prelude//platforms:default#39893c7e49283da4) -- action (write __rustc_shim.sh), and 711 other actions
[2026-09-19T22:54:36.260-04:00] Waiting on root//third-party/rust:jobserver-0.1 (prelude//platforms:default#5732820ad45f622d) -- action (write_json LPPF-depsfull-symlinked_dirs.json), and 414 other actions
[2026-09-19T22:54:43.861-04:00] Waiting on Test app-auth-rest-pg --  [local_execute]
[2026-09-19T22:54:49.675-04:00] ✓ Pass: root//tools/buck:app-auth-rest-pg (6.8s)
[2026-09-19T22:54:49.675-04:00] ---- STDOUT ----
[2026-09-19T22:54:49.675-04:00]
[2026-09-19T22:54:49.675-04:00] running 1 test
[2026-09-19T22:54:49.675-04:00] test account_browser::deployment_operator_designation::active_account_designation_replays_without_identity_or_company_effects ... ok
[2026-09-19T22:54:49.675-04:00]
[2026-09-19T22:54:49.675-04:00] test result: ok. 1 passed; 0 failed; 0 ignored; 0 measured; 352 filtered out; finished in 4.60s
[2026-09-19T22:54:49.675-04:00]
[2026-09-19T22:54:49.675-04:00]
[2026-09-19T22:54:49.675-04:00] ---- STDERR ----
[2026-09-19T22:54:49.675-04:00]
[2026-09-19T22:54:49.697-04:00] Network: Up: 0B  Down: 0B
Tests finished: [mPass 1[m. Fail 0. Timeout 0. Fatal 0. Skip 0. Omit 0. Infra Failure 0. Build failure 0
