NOTICE:  topology.canonical_enforcement: examined 0 canonical tables []
topology: seven application roles reconciled and verified
[2026-09-19T22:50:22.898-04:00] Build ID: 89cd8e56-2f1d-4a68-9acb-4a2299d3eb34
[2026-09-19T22:50:22.899-04:00] File Watcher fresh instance: cleared graph state
[2026-09-19T22:50:29.901-04:00] Waiting on root//third-party/rust:futures-channel-0.3 (prelude//platforms:default#39893c7e49283da4) -- action (write_json LPPF-depsfull-symlinked_dirs.json), and 790 other actions
[2026-09-19T22:50:37.599-04:00] Waiting on root//third-party/rust:rgb-0.8.53.crate (prelude//platforms:default#39893c7e49283da4) -- action (write rgb-0.8.53.crate_unpack.sh), and 610 other actions
[2026-09-19T22:50:45.299-04:00] Waiting on root//third-party/rust:apalis-core-1 (prelude//platforms:default#39893c7e49283da4) -- action (write_json LPPL-depsfull-symlinked_dirs.json), and 284 other actions
[2026-09-19T22:50:47.691-04:00] Action failed: root//backend/app:console-app-itest-auth_rest (prelude//platforms:default#39893c7e49283da4) (rustc link [pic])
[2026-09-19T22:50:47.691-04:00] Local command returned non-zero exit code 1
[2026-09-19T22:50:47.691-04:00] Local command: env -C "$(buck2 root --kind project)" -- 'BUCK_SCRATCH_PATH=buck-out/console-release-startup/tmp/root/e831ffe155f2fe0a/rustc/_buck_c5a998e79d3a718a' buck-out/console-release-startup/art/toolchains/11a256c53bf8083e/__cpython_archive__/cpython_archive/bin/python buck-out/console-release-startup/art/prelude/rust/tools/__rustc_action__/00cc8eff58bfacd6/__rustc_action__/rustc_action.py @buck-out/console-release-startup/art/root/backend/app/__console-app-itest-auth_rest__/58c32bb26740d030/XIPL/auth_rest-link-diag.args
[2026-09-19T22:50:47.691-04:00] Stdout: <empty>
[2026-09-19T22:50:47.691-04:00] Stderr:
error: couldn't find file `buck-out/console-release-startup/art/root/backend/app/__console-app-itest-auth_rest__/dfd2982c5dbe9aab/__srcs/backend/app/tests/auth_rest/native_company_setup.rs`
    --> backend/app/backend/app/tests/auth_rest/deployment_operator_designation.rs:1422:5
     |
1422 |     include!("native_company_setup.rs");
     |     ^^^^^^^^^^^^^^^^^^^^^^^^^^^^^^^^^^^


error: aborting due to 1 previous error



[2026-09-19T22:50:47.707-04:00] Cache hits: 0%
[2026-09-19T22:50:47.707-04:00] Commands: 1 (cached: 0, remote: 0, local: 1)
[2026-09-19T22:50:47.707-04:00] Network: Up: 0B  Down: 0B
[2026-09-19T22:50:47.718-04:00]
[2026-09-19T22:50:47.718-04:00] BUILD ERRORS (1)
[2026-09-19T22:50:47.718-04:00] The following actions failed during the execution of this command:
[2026-09-19T22:50:47.718-04:00] Action failed: root//backend/app:console-app-itest-auth_rest (prelude//platforms:default#39893c7e49283da4) (rustc link [pic])
[2026-09-19T22:50:47.718-04:00] Local command returned non-zero exit code 1
[2026-09-19T22:50:47.718-04:00] Local command: env -C "$(buck2 root --kind project)" -- 'BUCK_SCRATCH_PATH=buck-out/console-release-startup/tmp/root/e831ffe155f2fe0a/rustc/_buck_c5a998e79d3a718a' buck-out/console-release-startup/art/toolchains/11a256c53bf8083e/__cpython_archive__/cpython_archive/bin/python buck-out/console-release-startup/art/prelude/rust/tools/__rustc_action__/00cc8eff58bfacd6/__rustc_action__/rustc_action.py @buck-out/console-release-startup/art/root/backend/app/__console-app-itest-auth_rest__/58c32bb26740d030/XIPL/auth_rest-link-diag.args
[2026-09-19T22:50:47.718-04:00] Stdout: <empty>
[2026-09-19T22:50:47.718-04:00] Stderr:
error: couldn't find file `buck-out/console-release-startup/art/root/backend/app/__console-app-itest-auth_rest__/dfd2982c5dbe9aab/__srcs/backend/app/tests/auth_rest/native_company_setup.rs`
    --> backend/app/backend/app/tests/auth_rest/deployment_operator_designation.rs:1422:5
     |
1422 |     include!("native_company_setup.rs");
     |     ^^^^^^^^^^^^^^^^^^^^^^^^^^^^^^^^^^^


error: aborting due to 1 previous error



[2026-09-19T22:50:47.718-04:00]
BUILD FAILED
Failed to build 'root//backend/app:console-app-itest-auth_rest (prelude//platforms:default#39893c7e49283da4)'
