NOTICE:  topology.canonical_enforcement: examined 0 canonical tables []
topology: seven application roles reconciled and verified
[2026-09-21T23:01:29.813-04:00] Build ID: 393e653d-dd1b-4b46-9bd8-18ef9fecdd7b
[2026-09-21T23:01:29.813-04:00] File Watcher fresh instance: cleared graph state
[2026-09-21T23:01:36.912-04:00] Waiting on root//third-party/rust:rustix-1-build-script-build (prelude//platforms:default#5732820ad45f622d) -- action (write XIPL/__build_script_build-link_linker_args.txt), and 833 other actions
[2026-09-21T23:01:44.312-04:00] Waiting on root//third-party/rust:zerocopy-0.8-build-script-run (prelude//platforms:default#39893c7e49283da4) -- action (write __ar_shim.sh), and 545 other actions
[2026-09-21T23:01:51.412-04:00] Waiting on root//third-party/rust:rustls-webpki-0.103 (prelude//platforms:default#39893c7e49283da4) -- action (write_json LPPL-depsfull-symlinked_dirs.json), and 133 other actions
BUILD SUCCEEDED
[2026-09-21T23:01:52.623-04:00] Build ID: b5d4b8bd-0782-41d6-8f4e-d664d292eea8
[2026-09-21T23:01:52.626-04:00] File Watcher fresh instance: cleared graph state
[2026-09-21T23:01:59.722-04:00] Waiting on root//third-party/rust:p256-0.13.2.crate (prelude//platforms:default#39893c7e49283da4) -- action (write p256-0.13.2.crate_unpack.sh), and 532 other actions
[2026-09-21T23:02:07.022-04:00] Waiting on root//third-party/rust:crc-3 (prelude//platforms:default#11a256c53bf8083e) -- action (write_json LPPF-depsfull-symlinked_dirs.json), and 711 other actions
[2026-09-21T23:02:14.123-04:00] Waiting on root//third-party/rust:konst-0.2.20.crate (prelude//platforms:default#11a256c53bf8083e) -- action (write konst-0.2.20.crate_unpack.sh), and 271 other actions
[2026-09-21T23:02:21.322-04:00] Waiting on Test app-auth-rest-pg --  [local_execute]
[2026-09-21T23:02:28.323-04:00] Waiting on Test app-auth-rest-pg --  [local_execute]
[2026-09-21T23:02:31.376-04:00] ✓ Pass: root//tools/buck:app-auth-rest-pg (13.2s)
[2026-09-21T23:02:31.376-04:00] ---- STDOUT ----
[2026-09-21T23:02:31.376-04:00]
[2026-09-21T23:02:31.376-04:00] running 1 test
[2026-09-21T23:02:31.376-04:00] test account_browser::deployment_operator_designation::company_setup::company_input_is_closed_bounded_preserved_and_html_escaped ... ok
[2026-09-21T23:02:31.376-04:00]
[2026-09-21T23:02:31.376-04:00] test result: ok. 1 passed; 0 failed; 0 ignored; 0 measured; 516 filtered out; finished in 13.11s
[2026-09-21T23:02:31.376-04:00]
[2026-09-21T23:02:31.376-04:00]
[2026-09-21T23:02:31.376-04:00] ---- STDERR ----
[2026-09-21T23:02:31.376-04:00]
Tests finished: [mPass 1[m. Fail 0. Timeout 0. Fatal 0. Skip 0. Omit 0. Infra Failure 0. Build failure 0
