NOTICE:  topology.canonical_enforcement: examined 0 canonical tables []
topology: seven application roles reconciled and verified
[2026-09-21T23:00:21.755-04:00] Build ID: 43c6c21d-b276-4e96-92b6-76aae19b57f3
[2026-09-21T23:00:21.755-04:00] File Watcher fresh instance: cleared graph state
[2026-09-21T23:00:28.851-04:00] Waiting on root//third-party/rust:_yoke-derive-0.8 (prelude//platforms:default#11a256c53bf8083e) -- action (write linker_wrapper.sh), and 777 other actions
[2026-09-21T23:00:35.952-04:00] Waiting on toolchains//rust:rustc-aarch64-apple-darwin (prelude//platforms:default#11a256c53bf8083e) -- action (write rustc-aarch64-apple-darwin_unpack.sh), and 758 other actions
[2026-09-21T23:00:43.052-04:00] Waiting on root//third-party/rust:memchr-2 (prelude//platforms:default#11a256c53bf8083e) -- action (write LPPF/memchr-metadata-full-diag.args), and 316 other actions
BUILD SUCCEEDED
[2026-09-21T23:00:49.093-04:00] Build ID: de08350b-17e1-4036-9d3a-e47876694c08
[2026-09-21T23:00:49.096-04:00] File Watcher fresh instance: cleared graph state
[2026-09-21T23:00:56.192-04:00] Waiting on root//backend/crates/comms/rest:console-comms-rest (prelude//platforms:default#39893c7e49283da4) -- running analysis [evaluate_rule], and 5 other actions
[2026-09-21T23:01:03.193-04:00] Waiting on root//third-party/rust:getrandom-0.4-build-script-build (prelude//platforms:default#5732820ad45f622d) -- action (write_json XIPL-depslink-symlinked_dirs.json), and 917 other actions
[2026-09-21T23:01:10.794-04:00] Waiting on root//third-party/rust:or_poisoned-0.1 (prelude//platforms:default#11a256c53bf8083e) -- action (write_json LPPF-depsfull-symlinked_dirs.json), and 546 other actions
[2026-09-21T23:01:17.893-04:00] Waiting on Test app-auth-rest-pg --  [local_execute]
[2026-09-21T23:01:24.994-04:00] Waiting on Test app-auth-rest-pg --  [local_execute]
[2026-09-21T23:01:28.054-04:00] ✓ Pass: root//tools/buck:app-auth-rest-pg (10.5s)
[2026-09-21T23:01:28.054-04:00] ---- STDOUT ----
[2026-09-21T23:01:28.054-04:00]
[2026-09-21T23:01:28.054-04:00] running 1 test
[2026-09-21T23:01:28.054-04:00] test account_browser::deployment_operator_designation::company_setup::failed_actor_admission_rolls_back_topology_and_same_command_retries_once ... ok
[2026-09-21T23:01:28.054-04:00]
[2026-09-21T23:01:28.054-04:00] test result: ok. 1 passed; 0 failed; 0 ignored; 0 measured; 516 filtered out; finished in 10.08s
[2026-09-21T23:01:28.054-04:00]
[2026-09-21T23:01:28.054-04:00]
[2026-09-21T23:01:28.054-04:00] ---- STDERR ----
[2026-09-21T23:01:28.054-04:00]
Tests finished: [mPass 1[m. Fail 0. Timeout 0. Fatal 0. Skip 0. Omit 0. Infra Failure 0. Build failure 0
