▶ CI preflight contract
  ✔ ignores an inherited alternate Git index (129.670792ms)
  ✔ isolates fixture Git from hostile external repository controls (88.398334ms)
  ✔ classifies docs-only narrowly and keeps unmapped or product paths heavy (0.39325ms)
  ✔ path-gates live Postgres like oyatie pg-gate (4.653375ms)
  ✔ resolves a merge group's diff range, and fails closed without its SHAs (0.251542ms)
  ✔ classifies only the complete release metadata shape as thin (0.161542ms)
  ✔ empty successful changed-path list keeps runHeavy / non-docs-only (0.042709ms)
  ✔ lists rename sources so product→docs rename is not docs-only (74.780416ms)
  ✔ lists deletions so docs edit + product delete is mixed / runHeavy (69.414042ms)
  ✔ preserves exact Git pathname bytes so whitespace cannot alias a release path (69.766834ms)
  ✔ fails closed on malformed or non-UTF-8 NUL-delimited Git path output (0.173583ms)
  ✔ invokes Git with an exact NUL-delimited no-helper path inventory (0.08325ms)
  ✔ accepts the workflow's cheap preflight and protected expensive jobs (60.04925ms)
  ✔ locks Required / CI to the oyatie-style presubmit proofs (225.418625ms)
  ✔ keeps PostgreSQL reachability non-evaluated when preflight fails (51.657792ms)
  ✔ rejects every run-step condition, soft-failure, and retained-text early-exit bypass (6292.184459ms)
  ✔ rejects every setup-action condition and soft-failure bypass (1292.624167ms)
  ✔ locks every setup action's identity, inputs, totality, and interleaving (3735.470666ms)
  ✔ locks the setup-rust action body, which is now the only namer of a Rust version (31.511625ms)
  ✔ locks the candidate-controlled local free-runner-disk action body (31.7415ms)
  ✔ locks every required job's complete execution envelope (348.120667ms)
  ✔ locks the top-level trigger, permission, concurrency, and job-id envelope (63.894791ms)
  ✔ forbids push and pull-request path filters so every required context is created (62.746208ms)
  ✔ locks both reasoning-lens steps to one occurrence each, gated on npm ci (66.592959ms)
  ✔ rejects Buck2 jobs that do not bootstrap pinned DotSlash before invocation (16.419167ms)
  ✔ resolves the backend DotSlash bootstrap from its effective working directory (15.987084ms)
  ✔ requires backend Buck2 commands to run from the repository root (48.651958ms)
  ✔ rejects CONSOLE_APP_BIN anywhere in the text-only API contract job (63.828375ms)
  ✔ rejects every GITHUB_ENV handoff surface in the API contract job (48.513958ms)
  ✔ rejects any build or executable surface added to the text-only API contract job (125.63025ms)
  ✔ rejects a duplicated platform contract drift gate (15.75225ms)
  ✔ accepts the text-only API contract surface (15.682292ms)
  ✔ rejects services and job-level environment on the text-only API contract (31.624541ms)
  ✔ requires backend DotSlash bootstrap before any Buck or DotSlash invocation (31.204875ms)
  ✔ rejects a generated-face authority job without the complete closure (15.46125ms)
  ✔ requires the lock-sourced Reindeer toolchain before the full generated-face closure (93.638959ms)
  ✔ requires the pinned Rust toolchain before Cargo-dependent preflight tests (15.94875ms)
  ✔ requires a full-history checkout for fail-closed path classification (16.073458ms)
  ✔ keeps authority regressions without live C/T/M admission in general CI (95.814708ms)
  ✔ runs release metadata semantics, custody, and links on the exact thin boundary (111.739625ms)
  ✔ rejects omission and comment-only reachability regressions (93.721834ms)
  ✔ rejects conditional and continue-on-error reachability regressions (94.044292ms)
  ✔ rejects a preflight that does not run npm and Cargo lock consistency gates (31.687458ms)
  ✔ rejects a dependency missing from Cargo.lock while the clean lock passes (258.169084ms)
  ✔ rejects a preflight command that appears only in a comment (15.846958ms)
  ✔ rejects a required preflight step guarded by a condition (16.296958ms)
  ✔ rejects a required preflight step allowed to continue on error (15.642584ms)
  ✔ rejects any expensive job without the preflight dependency (79.112875ms)
  ✔ rejects failure-insensitive job-level conditions on protected jobs (176.425625ms)
  ✔ rejects job-level preflight failure bypasses (62.940042ms)
  ✔ rejects workflow-level environment and shell overrides (31.288708ms)
  ✔ locks exact job-level environment and defaults metadata (79.15175ms)
  ✔ rejects step environment injection across every protected proof class (141.56975ms)
  ✔ locks post-preflight Buck2 reachability targets and disallows added run surfaces (2733.842958ms)
  ✔ keeps both payroll release-gate halves reachable from domain-unit (105.346917ms)
  ✔ rejects non-executing or non-gating domain-unit command surfaces (140.863333ms)
  ✔ derives the ordered domain-unit integration inventory and checks its baseline (157.344667ms)
  ✔ preserves fail-fast backend ordering (31.804542ms)
  ✔ locks the company-conformance proof and its execution semantics (78.677333ms)
  ✔ locks the Kubernetes production-hardening proof (64.177ms)
  ✔ fails closed when optimized gates or targets are commented, weakened, or duplicated (82.737584ms)
  ✔ keeps protected backend steps fail-slow and runs PR 473 contract tests before topology (47.449791ms)
  ✔ locks the documentation manifest gate and its doc-test to doc-link position (156.426ms)
  ✔ locks the undeclared-imports gate step in repo-gates (15.688458ms)
  ✔ locks the request-body-contract gate step in repo-gates (31.397291ms)
  ✔ locks the console-app OpenAPI drift suite step in backend (47.060042ms)
✔ CI preflight contract (18252.650042ms)
✔ every mirrored CI run-step is classified (5.565333ms)
✔ hosted hardening dependency bootstrap is explicit and lifecycle-script free (0.285542ms)
✔ local verification mirrors release content proofs without deriving an authority train (0.222875ms)
✔ a new CI step that nobody classified fails the guard (2.166125ms)
✔ every CI job is declared mirrored or explicitly not mirrored (1.741041ms)
✔ Required / CI is orchestration-only while every leaf proof remains classified (1.361792ms)
✔ a whole new CI job that nobody declared fails the guard (1.109416ms)
✔ a declared job that CI no longer runs fails the guard (1.100625ms)
✔ a plan entry whose CI step disappeared fails the guard (0.9635ms)
✔ domain-unit is part of the local mirror (1.218792ms)
✔ the reasoning-lens manifest check is a fast-tier local gate (0.049292ms)
✔ PostgreSQL provisioning keeps generated credentials out of Docker argv (0.342ms)
✔ secret-bearing temporary files are private at creation (0.646334ms)
✔ topology env assembly requires pairwise-distinct role credentials (0.121541ms)
✔ the topology script rejects duplicate role passwords before DB access (20.434625ms)
ℹ tests 81
ℹ suites 1
ℹ pass 81
ℹ fail 0
ℹ cancelled 0
ℹ skipped 0
ℹ todo 0
ℹ duration_ms 18311.437167
