..............{"recovery_supervisor": "wall_clock_timeout", "classification": "FIXTURE_INCOMPLETE"}
E
======================================================================
ERROR: test_timeout_kills_term_ignoring_process_group (__main__.SupervisorTests.test_timeout_kills_term_ignoring_process_group)
----------------------------------------------------------------------
Traceback (most recent call last):
  File "/private/tmp/console-recovery-cleanup-20260914/tools/lanes/recovery/test_supervise_recovery.py", line 33, in test_timeout_kills_term_ignoring_process_group
    output = subprocess.run(["ps", "-o", "stat=", "-p", str(pid)], capture_output=True, text=True, check=False).stdout.strip()
             ~~~~~~~~~~~~~~^^^^^^^^^^^^^^^^^^^^^^^^^^^^^^^^^^^^^^^^^^^^^^^^^^^^^^^^^^^^^^^^^^^^^^^^^^^^^^^^^^^^
  File "/opt/homebrew/Cellar/python@3.14/3.14.7/Frameworks/Python.framework/Versions/3.14/lib/python3.14/subprocess.py", line 555, in run
    with Popen(*popenargs, **kwargs) as process:
         ~~~~~^^^^^^^^^^^^^^^^^^^^^^
  File "/opt/homebrew/Cellar/python@3.14/3.14.7/Frameworks/Python.framework/Versions/3.14/lib/python3.14/subprocess.py", line 1039, in __init__
    self._execute_child(args, executable, preexec_fn, close_fds,
    ~~~~~~~~~~~~~~~~~~~^^^^^^^^^^^^^^^^^^^^^^^^^^^^^^^^^^^^^^^^^
                        pass_fds, cwd, env,
                        ^^^^^^^^^^^^^^^^^^^
    ...<5 lines>...
                        gid, gids, uid, umask,
                        ^^^^^^^^^^^^^^^^^^^^^^
                        start_new_session, process_group)
                        ^^^^^^^^^^^^^^^^^^^^^^^^^^^^^^^^^
  File "/opt/homebrew/Cellar/python@3.14/3.14.7/Frameworks/Python.framework/Versions/3.14/lib/python3.14/subprocess.py", line 1990, in _execute_child
    raise child_exception_type(errno_num, err_msg, err_filename)
PermissionError: [Errno 1] Operation not permitted: 'ps'

----------------------------------------------------------------------
Ran 15 tests in 5.949s

FAILED (errors=1)
