warning: unused workspace dependency `console-attendance-application`
   --> Cargo.toml:200:1
    |
200 | console-attendance-application = { path = "crates/attendance/application" }
    | ^^^^^^^^^^^^^^^^^^^^^^^^^^^^^^
    |
    = note: `cargo::unused_workspace_dependencies` is set to `warn` by default
help: consider removing the workspace dependency `console-attendance-application`
warning: unused workspace dependency `console-attendance-domain`
   --> Cargo.toml:199:1
    |
199 | console-attendance-domain = { path = "crates/attendance/domain" }
    | ^^^^^^^^^^^^^^^^^^^^^^^^^
    |
help: consider removing the workspace dependency `console-attendance-domain`
warning: unused workspace dependency `console-comms-mailbox`
   --> Cargo.toml:300:1
    |
300 | console-comms-mailbox = { path = "crates/comms/mailbox" }
    | ^^^^^^^^^^^^^^^^^^^^^
    |
help: consider removing the workspace dependency `console-comms-mailbox`
warning: unused workspace dependency `console-finance-gl-application`
   --> Cargo.toml:216:1
    |
216 | console-finance-gl-application = { path = "crates/finance-gl/application" }
    | ^^^^^^^^^^^^^^^^^^^^^^^^^^^^^^
    |
help: consider removing the workspace dependency `console-finance-gl-application`
warning: unused workspace dependency `console-finance-gl-domain`
   --> Cargo.toml:215:1
    |
215 | console-finance-gl-domain = { path = "crates/finance-gl/domain" }
    | ^^^^^^^^^^^^^^^^^^^^^^^^^
    |
help: consider removing the workspace dependency `console-finance-gl-domain`
warning: unused workspace dependency `console-inspection-application`
   --> Cargo.toml:224:1
    |
224 | console-inspection-application = { path = "crates/inspection/application" }
    | ^^^^^^^^^^^^^^^^^^^^^^^^^^^^^^
    |
help: consider removing the workspace dependency `console-inspection-application`
warning: unused workspace dependency `console-inspection-domain`
   --> Cargo.toml:223:1
    |
223 | console-inspection-domain = { path = "crates/inspection/domain" }
    | ^^^^^^^^^^^^^^^^^^^^^^^^^
    |
help: consider removing the workspace dependency `console-inspection-domain`
warning: unused workspace dependency `console-logistics-application`
   --> Cargo.toml:232:1
    |
232 | console-logistics-application = { path = "crates/logistics/application" }
    | ^^^^^^^^^^^^^^^^^^^^^^^^^^^^^
    |
help: consider removing the workspace dependency `console-logistics-application`
warning: unused workspace dependency `console-ontology-application`
   --> Cargo.toml:320:1
    |
320 | console-ontology-application = { path = "crates/ontology/application" }
    | ^^^^^^^^^^^^^^^^^^^^^^^^^^^^
    |
help: consider removing the workspace dependency `console-ontology-application`
warning: unused workspace dependency `console-ontology-domain`
   --> Cargo.toml:319:1
    |
319 | console-ontology-domain = { path = "crates/ontology/domain" }
    | ^^^^^^^^^^^^^^^^^^^^^^^
    |
help: consider removing the workspace dependency `console-ontology-domain`
warning: unused workspace dependency `console-orgchange-domain`
   --> Cargo.toml:327:1
    |
327 | console-orgchange-domain = { path = "crates/orgchange/domain" }
    | ^^^^^^^^^^^^^^^^^^^^^^^^
    |
help: consider removing the workspace dependency `console-orgchange-domain`
warning: unused workspace dependency `console-policy-adapter-postgres`
   --> Cargo.toml:307:1
    |
307 | console-policy-adapter-postgres = { path = "crates/policy/adapter-postgres" }
    | ^^^^^^^^^^^^^^^^^^^^^^^^^^^^^^^
    |
help: consider removing the workspace dependency `console-policy-adapter-postgres`
warning: workspace (manifest) generated 12 warnings
   Compiling console-gate-tenant-isolation v0.1.0 (/private/tmp/console-tenant-qualified-tests-20260914/backend/ci/gates/tenant-isolation)
    Finished `test` profile [unoptimized + debuginfo] target(s) in 0.50s
     Running tests/qualified_table_identity.rs (/private/tmp/console-tenant-gate-cargo/debug/build/console-gate-tenant-isolation/341e104908d8b70e/out/qualified_table_identity-341e104908d8b70e)

running 15 tests
test mixed_public_create_and_unqualified_rls_share_identity ... FAILED
test qualified_unknown_table_remains_unclassified ... FAILED
test other_schema_does_not_inherit_global_or_nullable_allowlists ... FAILED
test public_global_table_resolves_to_existing_classification ... FAILED
test two_tables_in_one_schema_cannot_share_rls_evidence ... FAILED
test account_catalog_requires_explicit_classification_outside_parser_repair ... FAILED
test other_schema_or_column_name_is_not_an_owner_only_grant_target ... FAILED
test mixed_unqualified_create_and_quoted_public_rls_share_identity ... FAILED
test qualified_add_column_and_set_not_null_update_same_table ... FAILED
test unqualified_tenant_positive_control_remains_clean ... ok
test qualified_create_reuses_existing_unqualified_dynamic_rls_evidence ... FAILED
test quoted_case_or_dot_does_not_alias_existing_global_table ... FAILED
test qualified_nullable_exception_is_same_public_table ... FAILED
test same_basename_in_another_schema_cannot_supply_rls_evidence ... FAILED
test qualified_owner_only_grants_are_rejected_for_both_recipients ... ok

failures:

---- mixed_public_create_and_unqualified_rls_share_identity stdout ----

thread 'mixed_public_create_and_unqualified_rls_share_identity' (29563661) panicked at ci/gates/tenant-isolation/tests/qualified_table_identity.rs:33:5:
[
    Violation {
        kind: OrgColumnWithoutRls,
        file: "/var/folders/66/4qlvtbgn6r1gl9bvfttp6sww0000gn/T/console-qualified-table-36443-5/migrations/0001_identity.sql",
        detail: "tenant table 'public' has an org_id column but no ENABLE ROW LEVEL SECURITY (rows are not isolated by tenant)",
    },
]
note: run with `RUST_BACKTRACE=1` environment variable to display a backtrace

---- qualified_unknown_table_remains_unclassified stdout ----

thread 'qualified_unknown_table_remains_unclassified' (29563670) panicked at ci/gates/tenant-isolation/tests/qualified_table_identity.rs:37:5:
expected UnclassifiedTable for mystery, got [
    Violation {
        kind: UnclassifiedTable,
        file: "/var/folders/66/4qlvtbgn6r1gl9bvfttp6sww0000gn/T/console-qualified-table-36443-8/migrations/0001_identity.sql",
        detail: "table 'public' is unclassified — it has neither an org_id column / RLS nor is it in the global/owner-only allowlist. Add org_id + RLS, or allowlist it with a rationale.",
    },
]

---- other_schema_does_not_inherit_global_or_nullable_allowlists stdout ----

thread 'other_schema_does_not_inherit_global_or_nullable_allowlists' (29563663) panicked at ci/gates/tenant-isolation/tests/qualified_table_identity.rs:37:5:
expected UnclassifiedTable for object_types, got [
    Violation {
        kind: UnclassifiedTable,
        file: "/var/folders/66/4qlvtbgn6r1gl9bvfttp6sww0000gn/T/console-qualified-table-36443-2/migrations/0001_identity.sql",
        detail: "table 'private' is unclassified — it has neither an org_id column / RLS nor is it in the global/owner-only allowlist. Add org_id + RLS, or allowlist it with a rationale.",
    },
]

---- public_global_table_resolves_to_existing_classification stdout ----

thread 'public_global_table_resolves_to_existing_classification' (29563665) panicked at ci/gates/tenant-isolation/tests/qualified_table_identity.rs:33:5:
[
    Violation {
        kind: UnclassifiedTable,
        file: "/var/folders/66/4qlvtbgn6r1gl9bvfttp6sww0000gn/T/console-qualified-table-36443-3/migrations/0001_identity.sql",
        detail: "table 'public' is unclassified — it has neither an org_id column / RLS nor is it in the global/owner-only allowlist. Add org_id + RLS, or allowlist it with a rationale.",
    },
]

---- two_tables_in_one_schema_cannot_share_rls_evidence stdout ----

thread 'two_tables_in_one_schema_cannot_share_rls_evidence' (29563673) panicked at ci/gates/tenant-isolation/tests/qualified_table_identity.rs:37:5:
expected OrgColumnWithoutRls for unprotected, got []

---- account_catalog_requires_explicit_classification_outside_parser_repair stdout ----

thread 'account_catalog_requires_explicit_classification_outside_parser_repair' (29563660) panicked at ci/gates/tenant-isolation/tests/qualified_table_identity.rs:37:5:
expected UnclassifiedTable for accounts, got [
    Violation {
        kind: UnclassifiedTable,
        file: "/var/folders/66/4qlvtbgn6r1gl9bvfttp6sww0000gn/T/console-qualified-table-36443-0/migrations/0001_identity.sql",
        detail: "table 'public' is unclassified — it has neither an org_id column / RLS nor is it in the global/owner-only allowlist. Add org_id + RLS, or allowlist it with a rationale.",
    },
]

---- other_schema_or_column_name_is_not_an_owner_only_grant_target stdout ----

thread 'other_schema_or_column_name_is_not_an_owner_only_grant_target' (29563664) panicked at ci/gates/tenant-isolation/tests/qualified_table_identity.rs:33:5:
[
    Violation {
        kind: OwnerOnlyTableGrant,
        file: "/var/folders/66/4qlvtbgn6r1gl9bvfttp6sww0000gn/T/console-qualified-table-36443-1/migrations/0001_identity.sql",
        detail: "owner-only table 'group_memberships' must not be granted directly to console_rt/PUBLIC; expose a narrow SECURITY DEFINER resolver instead",
    },
]

---- mixed_unqualified_create_and_quoted_public_rls_share_identity stdout ----

thread 'mixed_unqualified_create_and_quoted_public_rls_share_identity' (29563662) panicked at ci/gates/tenant-isolation/tests/qualified_table_identity.rs:33:5:
[
    Violation {
        kind: OrgColumnWithoutRls,
        file: "/var/folders/66/4qlvtbgn6r1gl9bvfttp6sww0000gn/T/console-qualified-table-36443-4/migrations/0001_identity.sql",
        detail: "tenant table 'widgets' has an org_id column but no ENABLE ROW LEVEL SECURITY (rows are not isolated by tenant)",
    },
]

---- qualified_add_column_and_set_not_null_update_same_table stdout ----

thread 'qualified_add_column_and_set_not_null_update_same_table' (29563666) panicked at ci/gates/tenant-isolation/tests/qualified_table_identity.rs:33:5:
[
    Violation {
        kind: OrgColumnWithoutRls,
        file: "/var/folders/66/4qlvtbgn6r1gl9bvfttp6sww0000gn/T/console-qualified-table-36443-6/migrations/0001_identity.sql",
        detail: "tenant table 'public' has an org_id column but no ENABLE ROW LEVEL SECURITY (rows are not isolated by tenant)",
    },
]

---- qualified_create_reuses_existing_unqualified_dynamic_rls_evidence stdout ----

thread 'qualified_create_reuses_existing_unqualified_dynamic_rls_evidence' (29563667) panicked at ci/gates/tenant-isolation/tests/qualified_table_identity.rs:33:5:
[
    Violation {
        kind: OrgColumnWithoutRls,
        file: "/var/folders/66/4qlvtbgn6r1gl9bvfttp6sww0000gn/T/console-qualified-table-36443-7/migrations/0001_identity.sql",
        detail: "tenant table 'public' has an org_id column but no ENABLE ROW LEVEL SECURITY (rows are not isolated by tenant)",
    },
]

---- quoted_case_or_dot_does_not_alias_existing_global_table stdout ----

thread 'quoted_case_or_dot_does_not_alias_existing_global_table' (29563671) panicked at ci/gates/tenant-isolation/tests/qualified_table_identity.rs:37:5:
expected UnclassifiedTable for object_types, got [
    Violation {
        kind: UnclassifiedTable,
        file: "/var/folders/66/4qlvtbgn6r1gl9bvfttp6sww0000gn/T/console-qualified-table-36443-11/migrations/0001_identity.sql",
        detail: "table 'public' is unclassified — it has neither an org_id column / RLS nor is it in the global/owner-only allowlist. Add org_id + RLS, or allowlist it with a rationale.",
    },
]

---- qualified_nullable_exception_is_same_public_table stdout ----

thread 'qualified_nullable_exception_is_same_public_table' (29563668) panicked at ci/gates/tenant-isolation/tests/qualified_table_identity.rs:33:5:
[
    Violation {
        kind: NullableOrgIdWithoutAllowlist,
        file: "/var/folders/66/4qlvtbgn6r1gl9bvfttp6sww0000gn/T/console-qualified-table-36443-10/migrations/0001_identity.sql",
        detail: "tenant table 'public' has a nullable org_id column but is not in nullable_org_allowlist(); tenant-scoped org_id columns must be NOT NULL unless explicitly allowlisted with a platform/global rationale",
    },
    Violation {
        kind: OrgColumnWithoutRls,
        file: "/var/folders/66/4qlvtbgn6r1gl9bvfttp6sww0000gn/T/console-qualified-table-36443-10/migrations/0001_identity.sql",
        detail: "tenant table 'public' has an org_id column but no ENABLE ROW LEVEL SECURITY (rows are not isolated by tenant)",
    },
]

---- same_basename_in_another_schema_cannot_supply_rls_evidence stdout ----

thread 'same_basename_in_another_schema_cannot_supply_rls_evidence' (29563672) panicked at ci/gates/tenant-isolation/tests/qualified_table_identity.rs:37:5:
expected OrgColumnWithoutRls for private.widgets, got [
    Violation {
        kind: OrgColumnWithoutRls,
        file: "/var/folders/66/4qlvtbgn6r1gl9bvfttp6sww0000gn/T/console-qualified-table-36443-12/migrations/0001_identity.sql",
        detail: "tenant table 'private' has an org_id column but no ENABLE ROW LEVEL SECURITY (rows are not isolated by tenant)",
    },
]


failures:
    account_catalog_requires_explicit_classification_outside_parser_repair
    mixed_public_create_and_unqualified_rls_share_identity
    mixed_unqualified_create_and_quoted_public_rls_share_identity
    other_schema_does_not_inherit_global_or_nullable_allowlists
    other_schema_or_column_name_is_not_an_owner_only_grant_target
    public_global_table_resolves_to_existing_classification
    qualified_add_column_and_set_not_null_update_same_table
    qualified_create_reuses_existing_unqualified_dynamic_rls_evidence
    qualified_nullable_exception_is_same_public_table
    qualified_unknown_table_remains_unclassified
    quoted_case_or_dot_does_not_alias_existing_global_table
    same_basename_in_another_schema_cannot_supply_rls_evidence
    two_tables_in_one_schema_cannot_share_rls_evidence

test result: FAILED. 2 passed; 13 failed; 0 ignored; 0 measured; 0 filtered out; finished in 0.00s

error: test failed, to rerun pass `-p console-gate-tenant-isolation --test qualified_table_identity`
