warning: unused workspace dependency `console-attendance-application`
   --> Cargo.toml:200:1
    |
200 | console-attendance-application = { path = "crates/attendance/application" }
    | ^^^^^^^^^^^^^^^^^^^^^^^^^^^^^^
    |
    = note: `cargo::unused_workspace_dependencies` is set to `warn` by default
help: consider removing the workspace dependency `console-attendance-application`
warning: unused workspace dependency `console-attendance-domain`
   --> Cargo.toml:199:1
    |
199 | console-attendance-domain = { path = "crates/attendance/domain" }
    | ^^^^^^^^^^^^^^^^^^^^^^^^^
    |
help: consider removing the workspace dependency `console-attendance-domain`
warning: unused workspace dependency `console-comms-mailbox`
   --> Cargo.toml:300:1
    |
300 | console-comms-mailbox = { path = "crates/comms/mailbox" }
    | ^^^^^^^^^^^^^^^^^^^^^
    |
help: consider removing the workspace dependency `console-comms-mailbox`
warning: unused workspace dependency `console-finance-gl-application`
   --> Cargo.toml:216:1
    |
216 | console-finance-gl-application = { path = "crates/finance-gl/application" }
    | ^^^^^^^^^^^^^^^^^^^^^^^^^^^^^^
    |
help: consider removing the workspace dependency `console-finance-gl-application`
warning: unused workspace dependency `console-finance-gl-domain`
   --> Cargo.toml:215:1
    |
215 | console-finance-gl-domain = { path = "crates/finance-gl/domain" }
    | ^^^^^^^^^^^^^^^^^^^^^^^^^
    |
help: consider removing the workspace dependency `console-finance-gl-domain`
warning: unused workspace dependency `console-inspection-application`
   --> Cargo.toml:224:1
    |
224 | console-inspection-application = { path = "crates/inspection/application" }
    | ^^^^^^^^^^^^^^^^^^^^^^^^^^^^^^
    |
help: consider removing the workspace dependency `console-inspection-application`
warning: unused workspace dependency `console-inspection-domain`
   --> Cargo.toml:223:1
    |
223 | console-inspection-domain = { path = "crates/inspection/domain" }
    | ^^^^^^^^^^^^^^^^^^^^^^^^^
    |
help: consider removing the workspace dependency `console-inspection-domain`
warning: unused workspace dependency `console-logistics-application`
   --> Cargo.toml:232:1
    |
232 | console-logistics-application = { path = "crates/logistics/application" }
    | ^^^^^^^^^^^^^^^^^^^^^^^^^^^^^
    |
help: consider removing the workspace dependency `console-logistics-application`
warning: unused workspace dependency `console-ontology-application`
   --> Cargo.toml:320:1
    |
320 | console-ontology-application = { path = "crates/ontology/application" }
    | ^^^^^^^^^^^^^^^^^^^^^^^^^^^^
    |
help: consider removing the workspace dependency `console-ontology-application`
warning: unused workspace dependency `console-ontology-domain`
   --> Cargo.toml:319:1
    |
319 | console-ontology-domain = { path = "crates/ontology/domain" }
    | ^^^^^^^^^^^^^^^^^^^^^^^
    |
help: consider removing the workspace dependency `console-ontology-domain`
warning: unused workspace dependency `console-orgchange-domain`
   --> Cargo.toml:327:1
    |
327 | console-orgchange-domain = { path = "crates/orgchange/domain" }
    | ^^^^^^^^^^^^^^^^^^^^^^^^
    |
help: consider removing the workspace dependency `console-orgchange-domain`
warning: unused workspace dependency `console-policy-adapter-postgres`
   --> Cargo.toml:307:1
    |
307 | console-policy-adapter-postgres = { path = "crates/policy/adapter-postgres" }
    | ^^^^^^^^^^^^^^^^^^^^^^^^^^^^^^^
    |
help: consider removing the workspace dependency `console-policy-adapter-postgres`
warning: workspace (manifest) generated 12 warnings
   Compiling console-gate-tenant-isolation v0.1.0 (/private/tmp/console-tenant-qualified-tests-20260914/backend/ci/gates/tenant-isolation)
    Finished `test` profile [unoptimized + debuginfo] target(s) in 0.42s
     Running unittests src/lib.rs (/private/tmp/console-tenant-gate-cargo/debug/build/console-gate-tenant-isolation/a821fcf1e240c7b0/out/console_gate_tenant_isolation-a821fcf1e240c7b0)

running 19 tests
test tests::sanitize_sql_is_char_boundary_safe_on_multibyte_comment ... ok
test tests::clean_tenant_table_passes ... ok
test tests::alter_set_org_column_not_null_passes ... ok
test tests::audit_events_nullable_org_is_allowed_without_not_null ... ok
test tests::alter_add_org_column_not_null_passes ... ok
test tests::rls_without_force_is_flagged ... ok
test tests::pre_auth_device_login_handoff_is_classified_global ... ok
test tests::builtin_catalog_allowlist_is_owner_only_and_rejects_runtime_grants ... ok
test tests::em_dash_inside_dollar_quoted_body_does_not_panic ... ok
test tests::rls_without_policy_is_flagged ... ok
test tests::global_allowlisted_table_is_not_unclassified ... ok
test tests::dynamic_array_rls_credits_each_table ... ok
test tests::non_local_set_config_is_flagged ... ok
test tests::org_column_without_rls_is_flagged ... ok
test tests::local_set_config_passes_guc_check ... ok
test tests::unclassified_table_is_flagged ... ok
test tests::owner_only_table_is_classified_but_direct_runtime_grant_is_forbidden ... ok
test tests::org_id_primary_key_is_treated_as_not_null ... ok
test tests::nullable_org_column_tenant_table_is_flagged_even_with_rls ... ok

test result: ok. 19 passed; 0 failed; 0 ignored; 0 measured; 0 filtered out; finished in 0.00s

