▶ CI preflight contract
  ✔ ignores an inherited alternate Git index (144.223125ms)
  ✔ isolates fixture Git from hostile external repository controls (110.65975ms)
  ✔ classifies docs-only narrowly and keeps unmapped or product paths heavy (0.477792ms)
  ✔ path-gates live Postgres like oyatie pg-gate (5.082416ms)
  ✔ resolves a merge group's diff range, and fails closed without its SHAs (0.249666ms)
  ✔ classifies only the complete release metadata shape as thin (0.274083ms)
  ✔ empty successful changed-path list keeps runHeavy / non-docs-only (0.052667ms)
  ✔ lists rename sources so product→docs rename is not docs-only (87.001125ms)
  ✔ lists deletions so docs edit + product delete is mixed / runHeavy (83.153916ms)
  ✔ preserves exact Git pathname bytes so whitespace cannot alias a release path (79.898417ms)
  ✔ fails closed on malformed or non-UTF-8 NUL-delimited Git path output (0.248583ms)
  ✔ invokes Git with an exact NUL-delimited no-helper path inventory (0.09525ms)
  ✔ accepts the workflow's cheap preflight and protected expensive jobs (66.289084ms)
  ✔ locks Required / CI to the oyatie-style presubmit proofs (241.875833ms)
  ✔ keeps PostgreSQL reachability non-evaluated when preflight fails (57.459042ms)
  ✔ rejects every run-step condition, soft-failure, and retained-text early-exit bypass (7048.383208ms)
  ✔ rejects every setup-action condition and soft-failure bypass (1386.002542ms)
  ✔ locks every setup action's identity, inputs, totality, and interleaving (4524.978625ms)
  ✔ locks the candidate-controlled local free-runner-disk action body (36.390625ms)
  ✔ locks every required job's complete execution envelope (395.420208ms)
  ✔ locks the top-level trigger, permission, concurrency, and job-id envelope (70.483584ms)
  ✔ forbids push and pull-request path filters so every required context is created (71.746959ms)
  ✔ locks both reasoning-lens steps to one occurrence each, gated on npm ci (70.60725ms)
  ✔ rejects Buck2 jobs that do not bootstrap pinned DotSlash before invocation (17.124ms)
  ✔ resolves the backend DotSlash bootstrap from its effective working directory (16.35625ms)
  ✔ requires backend test runners to run from the repository root (65.983583ms)
  ✔ rejects CONSOLE_APP_BIN anywhere in the text-only API contract job (73.315041ms)
  ✔ rejects every GITHUB_ENV handoff surface in the API contract job (54.576333ms)
  ✔ rejects any build or executable surface added to the text-only API contract job (143.287583ms)
  ✔ rejects a duplicated platform contract drift gate (17.143416ms)
  ✔ accepts the text-only API contract surface (16.43725ms)
  ✔ rejects services and job-level environment on the text-only API contract (34.886209ms)
  ✔ requires backend DotSlash bootstrap before any Buck or DotSlash invocation (35.076875ms)
  ✔ rejects a generated-face authority job without the complete closure (17.860583ms)
  ✔ requires the lock-sourced Reindeer toolchain before the full generated-face closure (103.062709ms)
  ✔ requires the pinned Rust toolchain before Cargo-dependent preflight tests (18.285625ms)
  ✔ requires a full-history checkout for fail-closed path classification (17.490208ms)
  ✔ keeps authority regressions without live C/T/M admission in general CI (103.704583ms)
  ✔ runs release metadata semantics, custody, and links on the exact thin boundary (123.195792ms)
  ✔ rejects omission and comment-only reachability regressions (103.091875ms)
  ✔ rejects conditional and continue-on-error reachability regressions (103.833667ms)
  ✔ rejects a preflight that does not run npm and Cargo lock consistency gates (32.816291ms)
  ✔ rejects a dependency missing from Cargo.lock while the clean lock passes (136.710708ms)
  ✔ rejects a preflight command that appears only in a comment (17.2025ms)
  ✔ rejects a required preflight step guarded by a condition (17.646ms)
  ✔ rejects a required preflight step allowed to continue on error (17.527167ms)
  ✔ rejects any expensive job without the preflight dependency (84.581333ms)
  ✔ rejects failure-insensitive job-level conditions on protected jobs (191.306833ms)
  ✔ rejects job-level preflight failure bypasses (70.522541ms)
  ✔ rejects workflow-level environment and shell overrides (33.183417ms)
  ✔ locks exact job-level environment and defaults metadata (84.989333ms)
  ✔ rejects step environment injection across every protected proof class (152.674792ms)
  ✔ locks post-preflight test reachability targets and disallows added run surfaces (2974.236792ms)
  ✔ keeps both payroll release-gate halves reachable from domain-unit (114.861083ms)
  ✔ rejects non-executing or non-gating domain-unit command surfaces (151.95925ms)
  ✔ derives the ordered domain-unit integration inventory and checks its baseline (167.965708ms)
  ✔ preserves fail-fast backend ordering (32.115834ms)
  ✔ locks the company-conformance proof and its execution semantics (86.675791ms)
  ✔ locks the Kubernetes production-hardening proof (65.826709ms)
  ✔ fails closed when optimized gates or targets are commented, weakened, or duplicated (84.191709ms)
  ✔ keeps protected backend steps fail-slow and runs PR 473 contract tests before topology (49.790959ms)
  ✔ locks the documentation manifest gate and its doc-test to doc-link position (170.438084ms)
  ✔ locks the undeclared-imports gate step in repo-gates (16.951583ms)
  ✔ locks the request-body-contract gate step in repo-gates (35.811375ms)
  ✔ locks the console-app OpenAPI drift suite step in backend (51.652666ms)
  ✔ locks app PostgreSQL source features and bootstrap identity in independent steps (135.439708ms)
✔ CI preflight contract (20525.216584ms)
▶ check-nightly-workflow
  ✔ the committed nightly workflow satisfies its contract (2.098458ms)
  ✔ rejects a workflow that is not parseable YAML (0.268375ms)
  ✔ rejects a workflow with the job removed entirely (0.240709ms)
  ✔ requires the schedule backstop (0.264083ms)
  ✔ requires push-on-dev so detection stays at minutes (0.65225ms)
  ✔ rejects a soft-failed job (0.260333ms)
  ✔ rejects a soft-failed step (0.239583ms)
  ✔ rejects a neutered proof command (0.352542ms)
  ✔ rejects a reordered step list (0.266084ms)
  ✔ rejects a dropped step (0.196416ms)
  ✔ rejects an unpinned setup action (0.150834ms)
  ✔ requires teardown to survive a failed bootstrap (0.116083ms)
  ✔ the locked contract covers every step the workflow declares (0.115459ms)
✔ check-nightly-workflow (6.226417ms)
ℹ tests 80
ℹ suites 1
ℹ pass 80
ℹ fail 0
ℹ cancelled 0
ℹ skipped 0
ℹ todo 0
ℹ duration_ms 20589.371208
