NOTICE:  topology.canonical_enforcement: examined 0 canonical tables []
topology: seven application roles reconciled and verified
[2026-09-21T18:01:35.392-04:00] Starting new buck2 daemon...
[2026-09-21T18:01:36.217-04:00] Connected to new buck2 daemon.
[2026-09-21T18:01:36.228-04:00] Build ID: 16beb1c0-02d1-41ac-90e6-911f635ed162
[2026-09-21T18:01:43.319-04:00] Waiting on toolchains//rust:clippy-preview-aarch64-apple-darwin (prelude//platforms:default#39893c7e49283da4) -- action (http_archive clippy-preview-aarch64-apple-darwin) [local_prepare_outputs], and 1341 other actions
[2026-09-21T18:01:50.418-04:00] Waiting on toolchains//rust:rustc-aarch64-apple-darwin (prelude//platforms:default#39893c7e49283da4) -- action (http_archive rustc-aarch64-apple-darwin) [local_execute], and 685 other actions
[2026-09-21T18:01:57.420-04:00] Waiting on toolchains//rust:rustc-aarch64-apple-darwin (prelude//platforms:default#39893c7e49283da4) -- action (http_archive rustc-aarch64-apple-darwin) [local_execute], and 1139 other actions
[2026-09-21T18:02:04.519-04:00] Waiting on toolchains//rust:rustc-aarch64-apple-darwin (prelude//platforms:default#39893c7e49283da4) -- action (http_archive rustc-aarch64-apple-darwin) [local_execute], and 972 other actions
[2026-09-21T18:02:11.619-04:00] Waiting on toolchains//rust:rustc-aarch64-apple-darwin (prelude//platforms:default#39893c7e49283da4) -- action (http_archive rustc-aarch64-apple-darwin) [local_execute], and 596 other actions
[2026-09-21T18:02:18.720-04:00] Waiting on toolchains//rust:rustc-aarch64-apple-darwin (prelude//platforms:default#39893c7e49283da4) -- action (http_archive rustc-aarch64-apple-darwin), and 256 other actions
[2026-09-21T18:02:25.819-04:00] Waiting on toolchains//rust:rustc-aarch64-apple-darwin (prelude//platforms:default#11a256c53bf8083e) -- action (http_archive rustc-aarch64-apple-darwin), and 2 other actions
[2026-09-21T18:02:32.921-04:00] Waiting on root//backend/crates/contracts:console-contracts (prelude//platforms:default#39893c7e49283da4) -- action (rustc metadata [pic]) [local_execute], and 457 other actions
[2026-09-21T18:02:40.021-04:00] Waiting on root//backend/crates/contracts:console-contracts (prelude//platforms:default#39893c7e49283da4) -- action (rustc metadata [pic]) [local_execute], and 446 other actions
[2026-09-21T18:02:47.119-04:00] Waiting on root//third-party/rust:regex-syntax-0.8 (prelude//platforms:default#39893c7e49283da4) -- action (rustc metadata [pic]) [local_execute], and 407 other actions
[2026-09-21T18:02:54.121-04:00] Waiting on root//third-party/rust:bytes-1 (prelude//platforms:default#11a256c53bf8083e) -- action (rustc rlib [pic]) [local_execute], and 366 other actions
[2026-09-21T18:03:01.220-04:00] Waiting on root//third-party/rust:regex-syntax-0.8 (prelude//platforms:default#39893c7e49283da4) -- action (rustc rlib [pic]) [local_execute], and 363 other actions
[2026-09-21T18:03:08.321-04:00] Waiting on root//third-party/rust:zlib-rs-0.6 (prelude//platforms:default#39893c7e49283da4) -- action (rustc metadata [pic]) [local_execute], and 328 other actions
[2026-09-21T18:03:15.321-04:00] Waiting on root//third-party/rust:zlib-rs-0.6 (prelude//platforms:default#39893c7e49283da4) -- action (rustc metadata [pic]) [local_execute], and 259 other actions
[2026-09-21T18:03:22.420-04:00] Waiting on root//third-party/rust:regex-syntax-0.8 (prelude//platforms:default#5732820ad45f622d) -- action (rustc metadata [pic]) [local_execute], and 226 other actions
[2026-09-21T18:03:29.520-04:00] Waiting on root//third-party/rust:nom-8 (prelude//platforms:default#39893c7e49283da4) -- action (rustc rlib [pic]) [local_execute], and 206 other actions
[2026-09-21T18:03:36.522-04:00] Waiting on root//third-party/rust:regex-syntax-0.8 (prelude//platforms:default#11a256c53bf8083e) -- action (rustc rlib [pic]) [local_execute], and 178 other actions
[2026-09-21T18:03:43.620-04:00] Waiting on root//third-party/rust:regex-automata-0.4 (prelude//platforms:default#39893c7e49283da4) -- action (rustc metadata [pic]) [local_execute], and 129 other actions
[2026-09-21T18:03:50.621-04:00] Waiting on root//third-party/rust:regex-automata-0.4 (prelude//platforms:default#39893c7e49283da4) -- action (rustc rlib [pic]) [local_execute], and 156 other actions
[2026-09-21T18:03:57.720-04:00] Waiting on root//third-party/rust:object-0.37 (prelude//platforms:default#5732820ad45f622d) -- action (rustc rlib [pic]) [local_execute], and 137 other actions
[2026-09-21T18:04:04.820-04:00] Waiting on root//third-party/rust:either_of-0.1 (prelude//platforms:default#39893c7e49283da4) -- action (rustc rlib [pic]) [local_execute], and 126 other actions
[2026-09-21T18:04:11.822-04:00] Waiting on root//third-party/rust:regex-automata-0.4 (prelude//platforms:default#5732820ad45f622d) -- action (rustc rlib [pic]) [local_execute], and 133 other actions
[2026-09-21T18:04:18.822-04:00] Waiting on root//third-party/rust:syn-2 (prelude//platforms:default#39893c7e49283da4) -- action (rustc rlib [pic]) [local_execute], and 51 other actions
[2026-09-21T18:04:25.920-04:00] Waiting on root//third-party/rust:regex-automata-0.4 (prelude//platforms:default#11a256c53bf8083e) -- action (rustc metadata [pic]) [local_execute], and 23 other actions
[2026-09-21T18:04:33.022-04:00] Waiting on root//third-party/rust:psm-0.1-build-script-run (prelude//platforms:default#39893c7e49283da4) -- action (buildscript) [local_execute], and 55 other actions
[2026-09-21T18:04:40.022-04:00] Waiting on root//third-party/rust:openssl-sys-0.9-build-script-main-run (prelude//platforms:default#39893c7e49283da4) -- action (buildscript) [local_execute], and 111 other actions
[2026-09-21T18:04:47.122-04:00] Waiting on root//third-party/rust:openssl-sys-0.9-build-script-main-run (prelude//platforms:default#39893c7e49283da4) -- action (buildscript) [local_execute], and 214 other actions
[2026-09-21T18:04:54.223-04:00] Waiting on root//third-party/rust:openssl-sys-0.9-build-script-main-run (prelude//platforms:default#39893c7e49283da4) -- action (buildscript) [local_execute], and 147 other actions
[2026-09-21T18:05:01.322-04:00] Waiting on root//third-party/rust:openssl-sys-0.9-build-script-main-run (prelude//platforms:default#39893c7e49283da4) -- action (buildscript) [local_execute], and 243 other actions
[2026-09-21T18:05:08.323-04:00] Waiting on root//third-party/rust:openssl-sys-0.9-build-script-main-run (prelude//platforms:default#39893c7e49283da4) -- action (buildscript) [local_execute], and 220 other actions
[2026-09-21T18:05:15.423-04:00] Waiting on root//third-party/rust:openssl-sys-0.9-build-script-main-run (prelude//platforms:default#39893c7e49283da4) -- action (buildscript) [local_execute], and 183 other actions
[2026-09-21T18:05:22.423-04:00] Waiting on root//third-party/rust:openssl-sys-0.9-build-script-main-run (prelude//platforms:default#39893c7e49283da4) -- action (buildscript) [local_execute], and 140 other actions
[2026-09-21T18:05:29.521-04:00] Waiting on root//third-party/rust:openssl-sys-0.9-build-script-main-run (prelude//platforms:default#39893c7e49283da4) -- action (buildscript) [local_execute], and 143 other actions
[2026-09-21T18:05:36.523-04:00] Waiting on root//third-party/rust:openssl-sys-0.9-build-script-main-run (prelude//platforms:default#39893c7e49283da4) -- action (buildscript) [local_execute], and 140 other actions
[2026-09-21T18:05:43.623-04:00] Waiting on root//third-party/rust:openssl-sys-0.9-build-script-main-run (prelude//platforms:default#39893c7e49283da4) -- action (buildscript) [local_execute], and 140 other actions
[2026-09-21T18:05:50.723-04:00] Waiting on root//third-party/rust:openssl-sys-0.9-build-script-main-run (prelude//platforms:default#39893c7e49283da4) -- action (buildscript) [local_execute], and 140 other actions
[2026-09-21T18:05:57.924-04:00] Waiting on root//third-party/rust:openssl-sys-0.9-build-script-main-run (prelude//platforms:default#39893c7e49283da4) -- action (buildscript) [local_execute], and 140 other actions
[2026-09-21T18:06:05.122-04:00] Waiting on root//third-party/rust:openssl-sys-0.9-build-script-main-run (prelude//platforms:default#39893c7e49283da4) -- action (buildscript) [local_execute], and 140 other actions
[2026-09-21T18:06:12.724-04:00] Waiting on root//third-party/rust:openssl-sys-0.9-build-script-main-run (prelude//platforms:default#39893c7e49283da4) -- action (buildscript) [local_execute], and 140 other actions
[2026-09-21T18:06:19.824-04:00] Waiting on root//third-party/rust:openssl-sys-0.9-build-script-main-run (prelude//platforms:default#39893c7e49283da4) -- action (buildscript) [local_execute], and 145 other actions
[2026-09-21T18:06:27.724-04:00] Waiting on root//third-party/rust:openssl-sys-0.9-build-script-main-run (prelude//platforms:default#39893c7e49283da4) -- action (buildscript) [local_execute], and 129 other actions
[2026-09-21T18:06:34.724-04:00] Waiting on root//third-party/rust:openssl-sys-0.9-build-script-main-run (prelude//platforms:default#39893c7e49283da4) -- action (buildscript) [local_execute], and 118 other actions
[2026-09-21T18:06:41.822-04:00] Waiting on root//third-party/rust:openssl-sys-0.9-build-script-main-run (prelude//platforms:default#39893c7e49283da4) -- action (buildscript) [local_execute], and 94 other actions
[2026-09-21T18:06:48.824-04:00] Waiting on root//third-party/rust:openssl-sys-0.9-build-script-main-run (prelude//platforms:default#39893c7e49283da4) -- action (buildscript) [local_execute], and 99 other actions
[2026-09-21T18:06:55.924-04:00] Waiting on root//third-party/rust:openssl-sys-0.9-build-script-main-run (prelude//platforms:default#39893c7e49283da4) -- action (buildscript) [local_execute], and 88 other actions
[2026-09-21T18:07:03.024-04:00] Waiting on root//third-party/rust:openssl-sys-0.9-build-script-main-run (prelude//platforms:default#39893c7e49283da4) -- action (buildscript) [local_execute], and 76 other actions
[2026-09-21T18:07:10.123-04:00] Waiting on root//third-party/rust:openssl-sys-0.9-build-script-main-run (prelude//platforms:default#39893c7e49283da4) -- action (buildscript) [local_execute], and 77 other actions
[2026-09-21T18:07:17.123-04:00] Waiting on root//third-party/rust:openssl-sys-0.9-build-script-main-run (prelude//platforms:default#39893c7e49283da4) -- action (buildscript) [local_execute], and 76 other actions
[2026-09-21T18:07:24.125-04:00] Waiting on root//third-party/rust:openssl-sys-0.9-build-script-main-run (prelude//platforms:default#39893c7e49283da4) -- action (buildscript) [local_execute], and 64 other actions
[2026-09-21T18:07:31.222-04:00] Waiting on root//third-party/rust:openssl-sys-0.9-build-script-main-run (prelude//platforms:default#39893c7e49283da4) -- action (buildscript) [local_execute], and 39 other actions
[2026-09-21T18:07:38.225-04:00] Waiting on root//third-party/rust:openssl-sys-0.9-build-script-main-run (prelude//platforms:default#39893c7e49283da4) -- action (buildscript) [local_execute], and 31 other actions
[2026-09-21T18:07:45.225-04:00] Waiting on root//third-party/rust:openssl-sys-0.9-build-script-main-run (prelude//platforms:default#39893c7e49283da4) -- action (buildscript) [local_execute], and 26 other actions
[2026-09-21T18:07:52.324-04:00] Waiting on root//third-party/rust:openssl-sys-0.9-build-script-main-run (prelude//platforms:default#39893c7e49283da4) -- action (buildscript) [local_execute], and 17 other actions
[2026-09-21T18:07:59.325-04:00] Waiting on root//third-party/rust:openssl-sys-0.9-build-script-main-run (prelude//platforms:default#39893c7e49283da4) -- action (buildscript) [local_execute], and 17 other actions
[2026-09-21T18:08:06.424-04:00] Waiting on root//third-party/rust:openssl-sys-0.9-build-script-main-run (prelude//platforms:default#39893c7e49283da4) -- action (buildscript) [local_execute], and 18 other actions
[2026-09-21T18:08:13.425-04:00] Waiting on root//third-party/rust:openssl-sys-0.9-build-script-main-run (prelude//platforms:default#39893c7e49283da4) -- action (buildscript) [local_execute], and 16 other actions
[2026-09-21T18:08:20.525-04:00] Waiting on root//third-party/rust:openssl-sys-0.9-build-script-main-run (prelude//platforms:default#39893c7e49283da4) -- action (buildscript) [local_execute], and 15 other actions
[2026-09-21T18:08:27.624-04:00] Waiting on root//third-party/rust:openssl-sys-0.9-build-script-main-run (prelude//platforms:default#39893c7e49283da4) -- action (buildscript) [local_execute], and 11 other actions
[2026-09-21T18:08:34.724-04:00] Waiting on root//third-party/rust:openssl-sys-0.9-build-script-main-run (prelude//platforms:default#39893c7e49283da4) -- action (buildscript) [local_execute], and 9 other actions
[2026-09-21T18:08:41.725-04:00] Waiting on root//third-party/rust:openssl-sys-0.9-build-script-main-run (prelude//platforms:default#39893c7e49283da4) -- action (buildscript) [local_execute], and 15 other actions
[2026-09-21T18:08:48.824-04:00] Waiting on root//third-party/rust:openssl-sys-0.9-build-script-main-run (prelude//platforms:default#39893c7e49283da4) -- action (buildscript) [local_execute], and 14 other actions
[2026-09-21T18:08:55.826-04:00] Waiting on root//third-party/rust:openssl-sys-0.9-build-script-main-run (prelude//platforms:default#39893c7e49283da4) -- action (buildscript) [local_execute], and 7 other actions
[2026-09-21T18:09:02.925-04:00] Waiting on root//third-party/rust:openssl-sys-0.9-build-script-main-run (prelude//platforms:default#39893c7e49283da4) -- action (buildscript) [local_execute], and 10 other actions
[2026-09-21T18:09:09.926-04:00] Waiting on root//third-party/rust:openssl-sys-0.9-build-script-main-run (prelude//platforms:default#39893c7e49283da4) -- action (buildscript) [local_execute], and 3 other actions
[2026-09-21T18:09:17.024-04:00] Waiting on root//third-party/rust:openssl-sys-0.9-build-script-main-run (prelude//platforms:default#39893c7e49283da4) -- action (buildscript) [local_execute], and 2 other actions
[2026-09-21T18:09:24.026-04:00] Waiting on root//third-party/rust:openssl-sys-0.9-build-script-main-run (prelude//platforms:default#39893c7e49283da4) -- action (buildscript) [local_execute]
[2026-09-21T18:09:31.124-04:00] Waiting on root//third-party/rust:openssl-sys-0.9 (prelude//platforms:default#39893c7e49283da4) -- action (rustc metadata [pic]) [local_execute], and 1 other actions
[2026-09-21T18:09:38.125-04:00] Waiting on root//third-party/rust:webauthn-attestation-ca-0.5 (prelude//platforms:default#39893c7e49283da4) -- action (rustc rlib [pic]) [local_execute], and 1 other actions
[2026-09-21T18:09:45.127-04:00] Waiting on root//third-party/rust:webauthn-authenticator-rs-0.5 (prelude//platforms:default#39893c7e49283da4) -- action (rustc rlib [pic]) [local_execute], and 69 other actions
[2026-09-21T18:09:52.226-04:00] Waiting on root//third-party/rust:webauthn-authenticator-rs-0.5 (prelude//platforms:default#39893c7e49283da4) -- action (rustc rlib [pic]) [local_execute], and 134 other actions
[2026-09-21T18:09:59.325-04:00] Waiting on root//backend/crates/attendance/rest:console-attendance-rest (prelude//platforms:default#39893c7e49283da4) -- action (rustc rlib [pic]) [local_execute], and 99 other actions
[2026-09-21T18:10:06.426-04:00] Waiting on root//backend/crates/production/rest:console-production-rest (prelude//platforms:default#39893c7e49283da4) -- action (rustc metadata [pic]) [local_execute], and 73 other actions
[2026-09-21T18:10:13.527-04:00] Waiting on root//backend/crates/identity/adapter-postgres:console-identity-adapter-postgres (prelude//platforms:default#39893c7e49283da4) -- action (rustc rlib [pic]) [local_execute], and 62 other actions
[2026-09-21T18:10:20.627-04:00] Waiting on root//backend/crates/platform/authz-rest:console-platform-authz-rest (prelude//platforms:default#39893c7e49283da4) -- action (rustc rlib [pic]) [local_execute], and 62 other actions
[2026-09-21T18:10:27.727-04:00] Waiting on root//backend/crates/platform/auth-rest:console-platform-auth-rest (prelude//platforms:default#39893c7e49283da4) -- action (rustc rlib [pic]) [local_execute], and 49 other actions
[2026-09-21T18:10:34.826-04:00] Waiting on root//backend/crates/platform/auth-rest:console-platform-auth-rest (prelude//platforms:default#39893c7e49283da4) -- action (rustc rlib [pic]) [local_execute], and 38 other actions
[2026-09-21T18:10:41.827-04:00] Waiting on root//backend/crates/recruiting/rest:console-recruiting-rest (prelude//platforms:default#39893c7e49283da4) -- action (rustc rlib [pic]) [local_execute], and 25 other actions
[2026-09-21T18:10:48.927-04:00] Waiting on root//backend/crates/compliance/rest:console-compliance-rest (prelude//platforms:default#39893c7e49283da4) -- action (rustc metadata [pic]) [local_execute], and 17 other actions
[2026-09-21T18:10:55.927-04:00] Waiting on root//backend/crates/identity/rest:console-identity-rest (prelude//platforms:default#39893c7e49283da4) -- action (rustc rlib [pic]) [local_execute], and 4 other actions
[2026-09-21T18:11:03.027-04:00] Waiting on root//backend/app:console-app-lib (prelude//platforms:default#39893c7e49283da4) -- action (rustc rlib [pic]) [local_execute]
[2026-09-21T18:11:10.028-04:00] Waiting on root//backend/app:console-app-lib (prelude//platforms:default#39893c7e49283da4) -- action (rustc rlib [pic]) [local_execute]
[2026-09-21T18:11:17.127-04:00] Waiting on root//backend/app:console-app-lib (prelude//platforms:default#39893c7e49283da4) -- action (rustc rlib [pic]) [local_execute]
[2026-09-21T18:11:24.128-04:00] Waiting on root//backend/app:console-app-lib (prelude//platforms:default#39893c7e49283da4) -- action (rustc rlib [pic]) [local_execute]
[2026-09-21T18:11:31.226-04:00] Waiting on root//backend/app:console-app-lib (prelude//platforms:default#39893c7e49283da4) -- action (rustc rlib [pic]) [local_execute]
[2026-09-21T18:11:38.228-04:00] Waiting on root//backend/app:console-app-itest-auth_rest (prelude//platforms:default#39893c7e49283da4) -- action (rustc link [pic]) [local_execute]
[2026-09-21T18:11:45.327-04:00] Waiting on root//backend/app:console-app-itest-auth_rest (prelude//platforms:default#39893c7e49283da4) -- action (rustc link [pic]) [local_execute]
[2026-09-21T18:11:52.426-04:00] Waiting on root//backend/app:console-app-itest-auth_rest (prelude//platforms:default#39893c7e49283da4) -- action (rustc link [pic]) [local_execute]
[2026-09-21T18:11:59.435-04:00] Waiting on root//backend/app:console-app-itest-auth_rest (prelude//platforms:default#39893c7e49283da4) -- action (rustc link [pic]) [local_execute]
[2026-09-21T18:12:06.528-04:00] Waiting on root//backend/app:console-app-itest-auth_rest (prelude//platforms:default#39893c7e49283da4) -- action (rustc link [pic]) [local_execute]
[2026-09-21T18:12:13.528-04:00] Waiting on root//backend/app:console-app-itest-auth_rest (prelude//platforms:default#39893c7e49283da4) -- action (rustc link [pic]) [local_execute]
[2026-09-21T18:12:21.628-04:00] Waiting on root//backend/app:console-app-itest-auth_rest (prelude//platforms:default#39893c7e49283da4) -- action (rustc link [pic]) [local_execute]
[2026-09-21T18:12:28.728-04:00] Waiting on root//backend/app:console-app-itest-auth_rest (prelude//platforms:default#39893c7e49283da4) -- action (rustc link [pic]) [local_execute]
[2026-09-21T18:12:35.827-04:00] Waiting on root//backend/app:console-app-itest-auth_rest (prelude//platforms:default#39893c7e49283da4) -- action (rustc link [pic]) [local_execute]
[2026-09-21T18:12:42.928-04:00] Waiting on root//backend/app:console-app-itest-auth_rest (prelude//platforms:default#39893c7e49283da4) -- action (rustc link [pic]) [local_execute]
[2026-09-21T18:12:50.027-04:00] Waiting on root//backend/app:console-app-itest-auth_rest (prelude//platforms:default#39893c7e49283da4) -- action (rustc link [pic]) [local_execute]
[2026-09-21T18:12:57.129-04:00] Waiting on root//backend/app:console-app-itest-auth_rest (prelude//platforms:default#39893c7e49283da4) -- action (rustc link [pic]) [local_execute]
[2026-09-21T18:13:04.227-04:00] Waiting on root//backend/app:console-app-itest-auth_rest (prelude//platforms:default#39893c7e49283da4) -- action (rustc link [pic]) [local_execute]
[2026-09-21T18:13:11.327-04:00] Waiting on root//backend/app:console-app-itest-auth_rest (prelude//platforms:default#39893c7e49283da4) -- action (rustc link [pic]) [local_execute]
[2026-09-21T18:13:18.328-04:00] Waiting on root//backend/app:console-app-itest-auth_rest (prelude//platforms:default#39893c7e49283da4) -- action (rustc link [pic]) [local_execute]
[2026-09-21T18:13:25.329-04:00] Waiting on root//backend/app:console-app-itest-auth_rest (prelude//platforms:default#39893c7e49283da4) -- action (rustc link [pic]) [local_execute]
[2026-09-21T18:13:32.329-04:00] Waiting on root//backend/app:console-app-itest-auth_rest (prelude//platforms:default#39893c7e49283da4) -- action (rustc link [pic]) [local_execute]
[2026-09-21T18:13:39.428-04:00] Waiting on root//backend/app:console-app-itest-auth_rest (prelude//platforms:default#39893c7e49283da4) -- action (rustc link [pic]) [local_execute]
[2026-09-21T18:13:46.429-04:00] Waiting on root//backend/app:console-app-itest-auth_rest (prelude//platforms:default#39893c7e49283da4) -- action (rustc link [pic]) [local_execute]
[2026-09-21T18:13:53.530-04:00] Waiting on root//backend/app:console-app-itest-auth_rest (prelude//platforms:default#39893c7e49283da4) -- action (rustc link [pic]) [local_execute]
[2026-09-21T18:14:00.629-04:00] Waiting on root//backend/app:console-app-itest-auth_rest (prelude//platforms:default#39893c7e49283da4) -- action (rustc link [pic]) [local_execute]
[2026-09-21T18:14:05.091-04:00] Cache hits: 0%
[2026-09-21T18:14:05.091-04:00] Commands: 4688 (cached: 0, remote: 0, local: 4688)
[2026-09-21T18:14:05.091-04:00] Network: Up: 0B  Down: 343MiB
BUILD SUCCEEDED
[2026-09-21T18:14:05.138-04:00] Build ID: b543ef70-494a-4a8b-b0b2-8477557525b1
[2026-09-21T18:14:05.223-04:00] File Watcher fresh instance: cleared graph state
[2026-09-21T18:14:12.317-04:00] Waiting on buck2 daemon b543ef70-494a-4a8b-b0b2-8477557525b1...
[2026-09-21T18:14:12.317-04:00] Network: Up:   0B             Down:   0B           
[2026-09-21T18:14:12.317-04:00] Resource usage: CPU: 10%
[2026-09-21T18:14:12.317-04:00] IO: Remove: 1
[2026-09-21T18:14:19.416-04:00] Waiting on root//backend/crates/finance-gl/adapter-postgres:console-finance-gl-adapter-postgres (prelude//platforms:default#39893c7e49283da4) -- running analysis [evaluate_rule], and 5 other actions
[2026-09-21T18:14:26.418-04:00] Waiting on root//third-party/rust:num-bigint-dig-0.8.6.crate (prelude//platforms:default#39893c7e49283da4) -- action (write num-bigint-dig-0.8.6.crate_unpack.sh), and 926 other actions
[2026-09-21T18:14:34.018-04:00] Waiting on root//third-party/rust:icu_properties_data-2 (prelude//platforms:default#39893c7e49283da4) -- action (write_json LPPF-depsfull-symlinked_dirs.json), and 536 other actions
[2026-09-21T18:14:41.217-04:00] Waiting on Test app-auth-rest-pg --  [local_execute]
[2026-09-21T18:14:48.217-04:00] Waiting on Test app-auth-rest-pg --  [local_execute]
[2026-09-21T18:14:55.218-04:00] Waiting on Test app-auth-rest-pg --  [local_execute]
[2026-09-21T18:15:00.792-04:00] ✗ Fail: root//tools/buck:app-auth-rest-pg (19.7s)
[2026-09-21T18:15:00.792-04:00] ---- STDOUT ----
[2026-09-21T18:15:00.792-04:00]
[2026-09-21T18:15:00.792-04:00] running 1 test
[2026-09-21T18:15:00.792-04:00] test account_browser::deployment_operator_designation::company_setup::company_setup_commits_once_reopens_and_preserves_account_credentials ... FAILED
[2026-09-21T18:15:00.792-04:00]
[2026-09-21T18:15:00.792-04:00] failures:
[2026-09-21T18:15:00.792-04:00]
[2026-09-21T18:15:00.792-04:00] ---- account_browser::deployment_operator_designation::company_setup::company_setup_commits_once_reopens_and_preserves_account_credentials stdout ----
[2026-09-21T18:15:00.792-04:00]
[2026-09-21T18:15:00.792-04:00] thread 'account_browser::deployment_operator_designation::company_setup::company_setup_commits_once_reopens_and_preserves_account_credentials' (80836714) panicked at backend/app/backend/app/tests/auth_rest.rs:4105:13:
[2026-09-21T18:15:00.792-04:00] assertion `left == right` failed: BW31 HTTP contract not satisfied
[2026-09-21T18:15:00.792-04:00]   left: 404
[2026-09-21T18:15:00.792-04:00]  right: 201
[2026-09-21T18:15:00.792-04:00] note: run with `RUST_BACKTRACE=1` environment variable to display a backtrace
[2026-09-21T18:15:00.792-04:00]
[2026-09-21T18:15:00.792-04:00]
[2026-09-21T18:15:00.792-04:00] failures:
[2026-09-21T18:15:00.792-04:00]     account_browser::deployment_operator_designation::company_setup::company_setup_commits_once_reopens_and_preserves_account_credentials
[2026-09-21T18:15:00.792-04:00]
[2026-09-21T18:15:00.792-04:00] test result: FAILED. 0 passed; 1 failed; 0 ignored; 0 measured; 516 filtered out; finished in 15.37s
[2026-09-21T18:15:00.792-04:00]
[2026-09-21T18:15:00.792-04:00]
[2026-09-21T18:15:00.792-04:00] ---- STDERR ----
[2026-09-21T18:15:00.792-04:00]
[2026-09-21T18:15:00.833-04:00] Network: Up: 0B  Down: 0B
Tests finished: Pass 0. [mFail 1[m. Timeout 0. Fatal 0. Skip 0. Omit 0. Infra Failure 0. Build failure 0
1 TESTS FAILED
  ✗ root//tools/buck:app-auth-rest-pg
