NOTICE:  topology.canonical_enforcement: examined 0 canonical tables []
topology: seven application roles reconciled and verified
[2026-09-22T00:13:43.493-04:00] Build ID: cf4a9582-96a6-4797-90aa-983fc67a8f86
[2026-09-22T00:13:43.495-04:00] File Watcher fresh instance: cleared graph state
[2026-09-22T00:13:50.594-04:00] Waiting on toolchains//:cpython_archive (prelude//platforms:default#11a256c53bf8083e) -- action (download_file archive.tar.gz), and 746 other actions
[2026-09-22T00:13:56.146-04:00] 2026-09-22T04:13:51.631178Z  WARN buck2_http::retries: Retrying a HTTP error after 2 seconds: Error performing http_head request: HTTP: Timed out while making request to URI: https://release-assets.githubusercontent.com/github-production-release-asset/162334160/a0c495dc-2474-4ae3-bb0e-70526d359f46?sp=r&sv=2018-11-09&sr=b&spr=https&se=2026-09-22T04%3A53%3A35Z&rscd=attachment%3B+filename%3Dcpython-3.13.6%2B20250807-aarch64-apple-darwin-install_only_stripped.tar.gz&rsct=application%2Foctet-stream&skoid=96c2d410-5711-43a1-aedd-ab1947aa7ab0&sktid=398a6654-997b-47e9-b12b-9515b896b4de&skt=2026-09-22T03%3A53%3A11Z&ske=2026-09-22T04%3A53%3A35Z&sks=b&skv=2018-11-09&sig=h%2FIYGcIUdBn%2FaB031VyO7M4Ok1W1yI%2FQpCuAqc7peSU%3D&jwt=eyJ0eXAiOiJKV1QiLCJhbGciOiJIUzI1NiJ9.eyJpc3MiOiJnaXRodWIuY29tIiwiYXVkIjoicmVsZWFzZS1hc3NldHMuZ2l0aHVidXNlcmNvbnRlbnQuY29tIiwia2V5Ijoia2V5MSIsImV4cCI6MTc5MDA1MjIyNCwibmJmIjoxNzkwMDUwNDI0LCJwYXRoIjoicmVsZWFzZWFzc2V0cHJvZHVjdGlvbi5ibG9iLmNvcmUud2luZG93cy5uZXQifQ.fjc4591wYpe4txWv7Sw-zhzmivAy1uyAOqdb8KdI6Sw&response-content-disposition=attachment%3B%20filename%3Dcpython-3.13.6%2B20250807-aarch64-apple-darwin-install_only_stripped.tar.gz&response-content-type=application%2Foctet-stream after 5 seconds.
[2026-09-22T00:14:03.294-04:00] Waiting on root//third-party/rust:typenum-1 (prelude//platforms:default#39893c7e49283da4) -- action (write_json LPPL-depsfull-symlinked_dirs.json), and 567 other actions
[2026-09-22T00:14:10.694-04:00] Waiting on root//third-party/rust:futures-intrusive-0.5 (prelude//platforms:default#11a256c53bf8083e) -- action (write_json LPPL-depsfull-symlinked_dirs.json), and 47 other actions
[2026-09-22T00:14:11.443-04:00] Network: Up: 0B  Down: 0B
BUILD SUCCEEDED
[2026-09-22T00:14:11.473-04:00] Build ID: 49c31544-23af-4bcf-b77a-327be6db2459
[2026-09-22T00:14:11.474-04:00] File Watcher fresh instance: cleared graph state
[2026-09-22T00:14:18.573-04:00] Waiting on root//third-party/rust:aho-corasick-1.1.4.crate (prelude//platforms:default#39893c7e49283da4) -- action (write aho-corasick-1.1.4.crate_unpack.sh), and 832 other actions
[2026-09-22T00:14:26.162-04:00] Waiting on root//third-party/rust:memchr-2 (prelude//platforms:default#11a256c53bf8083e) -- action (write_json LPPL-depsfull-symlinked_dirs.json), and 748 other actions
[2026-09-22T00:14:33.274-04:00] Waiting on root//third-party/rust/hydrate:proc-macro2-1 (toolchains//:wasm32-platform#47b899467996b656) -- action (write_json LPPF-depsfull-symlinked_dirs.json), and 502 other actions
[2026-09-22T00:14:40.373-04:00] Waiting on Test app-auth-rest-pg --  [local_execute]
[2026-09-22T00:14:47.039-04:00] ✗ Fail: root//tools/buck:app-auth-rest-pg (8.1s)
[2026-09-22T00:14:47.039-04:00] ---- STDOUT ----
[2026-09-22T00:14:47.039-04:00]
[2026-09-22T00:14:47.039-04:00] running 1 test
[2026-09-22T00:14:47.039-04:00] test account_browser::native_business_session::native_form_helpers_reject_expired_signed_proof_and_accept_current_control ... FAILED
[2026-09-22T00:14:47.039-04:00]
[2026-09-22T00:14:47.039-04:00] failures:
[2026-09-22T00:14:47.039-04:00]
[2026-09-22T00:14:47.039-04:00] ---- account_browser::native_business_session::native_form_helpers_reject_expired_signed_proof_and_accept_current_control stdout ----
[2026-09-22T00:14:47.039-04:00]
[2026-09-22T00:14:47.039-04:00] thread 'account_browser::native_business_session::native_form_helpers_reject_expired_signed_proof_and_accept_current_control' (84435230) panicked at backend/app/backend/app/tests/auth_rest.rs:4801:9:
[2026-09-22T00:14:47.039-04:00] assertion failed: expiry > OffsetDateTime::now_utc() &&
[2026-09-22T00:14:47.039-04:00]     expiry <= OffsetDateTime::now_utc() + Duration::minutes(15)
[2026-09-22T00:14:47.039-04:00] note: run with `RUST_BACKTRACE=1` environment variable to display a backtrace
[2026-09-22T00:14:47.039-04:00]
[2026-09-22T00:14:47.039-04:00]
[2026-09-22T00:14:47.039-04:00] failures:
[2026-09-22T00:14:47.039-04:00]     account_browser::native_business_session::native_form_helpers_reject_expired_signed_proof_and_accept_current_control
[2026-09-22T00:14:47.039-04:00]
[2026-09-22T00:14:47.039-04:00] test result: FAILED. 0 passed; 1 failed; 0 ignored; 0 measured; 523 filtered out; finished in 7.90s
[2026-09-22T00:14:47.039-04:00]
[2026-09-22T00:14:47.039-04:00]
[2026-09-22T00:14:47.039-04:00] ---- STDERR ----
[2026-09-22T00:14:47.039-04:00]
[2026-09-22T00:14:47.053-04:00] Network: Up: 0B  Down: 0B
Tests finished: Pass 0. [mFail 1[m. Timeout 0. Fatal 0. Skip 0. Omit 0. Infra Failure 0. Build failure 0
1 TESTS FAILED
  ✗ root//tools/buck:app-auth-rest-pg
