NOTICE:  topology.canonical_enforcement: examined 0 canonical tables []
topology: seven application roles reconciled and verified
[2026-09-22T00:11:31.940-04:00] Build ID: 4fccfa46-2f4c-4ef6-b2c3-d3bee3dd2eae
[2026-09-22T00:11:31.942-04:00] File Watcher fresh instance: cleared graph state
[2026-09-22T00:11:38.942-04:00] Waiting on root//third-party/rust:fastrand-2.4.1.crate (prelude//platforms:default#39893c7e49283da4) -- action (write fastrand-2.4.1.crate_unpack.sh), and 854 other actions
[2026-09-22T00:11:45.853-04:00] 2026-09-22T04:11:44.856441Z  WARN buck2_http::retries: Retrying a HTTP error after 2 seconds: Error performing http_head request: HTTP: Timed out while making request to URI: https://static.rust-lang.org/dist/2026-09-03/rust-std-1.98.1-wasm32-unknown-unknown.tar.xz after 3 seconds.
[2026-09-22T00:11:53.242-04:00] Waiting on root//third-party/rust:phf_shared-0.11 (prelude//platforms:default#5732820ad45f622d) -- action (write_json LPPL-depsfull-symlinked_dirs.json), and 534 other actions
[2026-09-22T00:11:59.061-04:00] Network: Up: 0B  Down: 0B
BUILD SUCCEEDED
[2026-09-22T00:11:59.095-04:00] Build ID: bfb1c526-ead1-4429-9323-5cf8d2832830
[2026-09-22T00:11:59.096-04:00] File Watcher fresh instance: cleared graph state
[2026-09-22T00:12:06.194-04:00] Waiting on root//third-party/rust:unicode-ident-1 (prelude//platforms:default#39893c7e49283da4) -- action (write_json LPPF-depsfull-symlinked_dirs.json), and 707 other actions
[2026-09-22T00:12:13.395-04:00] Waiting on root//third-party/rust:typed-path-0.12 (prelude//platforms:default#39893c7e49283da4) -- action (write_json LPPF-depsfull-symlinked_dirs.json), and 744 other actions
[2026-09-22T00:12:20.495-04:00] Waiting on root//third-party/rust:phf_shared-0.11 (prelude//platforms:default#5732820ad45f622d) -- action (write_json LPPL-depsfull-symlinked_dirs.json), and 636 other actions
[2026-09-22T00:12:28.394-04:00] Waiting on Test app-auth-rest-pg --  [local_execute]
[2026-09-22T00:12:35.395-04:00] Waiting on Test app-auth-rest-pg --  [local_execute]
[2026-09-22T00:12:35.982-04:00] ✓ Pass: root//tools/buck:app-auth-rest-pg (7.9s)
[2026-09-22T00:12:35.982-04:00] ---- STDOUT ----
[2026-09-22T00:12:35.982-04:00]
[2026-09-22T00:12:35.982-04:00] running 1 test
[2026-09-22T00:12:35.982-04:00] test account_browser::native_business_session::native_form_helpers_issue_recheck_and_reuse_same_proof_across_transactions ... ok
[2026-09-22T00:12:35.982-04:00]
[2026-09-22T00:12:35.982-04:00] test result: ok. 1 passed; 0 failed; 0 ignored; 0 measured; 523 filtered out; finished in 7.71s
[2026-09-22T00:12:35.982-04:00]
[2026-09-22T00:12:35.982-04:00]
[2026-09-22T00:12:35.982-04:00] ---- STDERR ----
[2026-09-22T00:12:35.982-04:00]
[2026-09-22T00:12:35.997-04:00] Network: Up: 0B  Down: 0B
Tests finished: [mPass 1[m. Fail 0. Timeout 0. Fatal 0. Skip 0. Omit 0. Infra Failure 0. Build failure 0
