[2026-09-22T00:03:42.089-04:00] Build ID: f766912c-1695-4c8a-a5ce-496326e5257b
[2026-09-22T00:03:42.096-04:00] File changed (since mergebase): root//backend/app/tests/auth_rest/native_business_session.rs
[2026-09-22T00:03:42.096-04:00] File Watcher fresh instance: cleared graph state
[2026-09-22T00:03:44.030-04:00] ✓ Pass: root//backend/crates/identity/domain:console-identity-domain-unit (0.2s)
[2026-09-22T00:03:44.030-04:00] ---- STDOUT ----
[2026-09-22T00:03:44.030-04:00]
[2026-09-22T00:03:44.030-04:00] running 8 tests
[2026-09-22T00:03:44.030-04:00] test account_id_compatibility_tests::original_identity_import_is_the_kernel_account_type ... ok
[2026-09-22T00:03:44.030-04:00] test tests::directory_search_is_trimmed_casefolded_and_bounded ... ok
[2026-09-22T00:03:44.030-04:00] test tests::display_name_is_trimmed_and_required ... ok
[2026-09-22T00:03:44.030-04:00] test tests::optional_phone_length_is_bounded ... ok
[2026-09-22T00:03:44.030-04:00] test tests::display_name_length_is_bounded ... ok
[2026-09-22T00:03:44.030-04:00] test tests::optional_phone_normalizes_blank_to_none ... ok
[2026-09-22T00:03:44.030-04:00] test tests::unknown_team_is_rejected ... ok
[2026-09-22T00:03:44.030-04:00] test tests::team_round_trips_through_db_str ... ok
[2026-09-22T00:03:44.030-04:00]
[2026-09-22T00:03:44.030-04:00] test result: ok. 8 passed; 0 failed; 0 ignored; 0 measured; 0 filtered out; finished in 0.00s
[2026-09-22T00:03:44.030-04:00]
[2026-09-22T00:03:44.030-04:00]
[2026-09-22T00:03:44.030-04:00] ---- STDERR ----
[2026-09-22T00:03:44.030-04:00]
[2026-09-22T00:03:44.032-04:00] Cache hits: 0%
[2026-09-22T00:03:44.032-04:00] Commands: 2 (cached: 0, remote: 0, local: 2)
[2026-09-22T00:03:44.032-04:00] Network: Up: 0B  Down: 0B
Tests finished: [mPass 1[m. Fail 0. Timeout 0. Fatal 0. Skip 0. Omit 0. Infra Failure 0. Build failure 0
