NOTICE:  topology.canonical_enforcement: examined 0 canonical tables []
topology: seven application roles reconciled and verified
[2026-09-22T00:06:25.487-04:00] Build ID: 53de7d72-c3ed-444b-88fb-84e5a823929f
[2026-09-22T00:06:25.492-04:00] File Watcher fresh instance: cleared graph state
[2026-09-22T00:06:32.587-04:00] Waiting on root//third-party/rust:serde_bytes-0.11 (prelude//platforms:default#39893c7e49283da4) -- action (write_json LPPF-depsfull-symlinked_dirs.json), and 893 other actions
[2026-09-22T00:06:39.887-04:00] Waiting on root//third-party/rust:attribute-derive-0.10.5.crate (prelude//platforms:default#11a256c53bf8083e) -- action (write attribute-derive-0.10.5.crate_unpack.sh), and 847 other actions
[2026-09-22T00:06:48.187-04:00] Waiting on root//third-party/rust/hydrate:proc-macro2-diagnostics-0.10 (toolchains//:wasm32-platform#47b899467996b656) -- action (write LPPL/proc_macro2_diagnostics-link-diag.args), and 146 other actions
[2026-09-22T00:06:55.288-04:00] Waiting on root//backend/crates/platform/authz:console-platform-authz (prelude//platforms:default#39893c7e49283da4) -- action (rustc rlib [pic]) [local_execute], and 7 other actions
[2026-09-22T00:07:02.388-04:00] Waiting on root//backend/crates/dispatch/adapter-postgres:console-dispatch-adapter-postgres (prelude//platforms:default#39893c7e49283da4) -- action (deps 7) [local_execute], and 47 other actions
[2026-09-22T00:07:09.487-04:00] Waiting on root//backend/crates/platform/provisioning:console-platform-provisioning (prelude//platforms:default#39893c7e49283da4) -- action (rustc metadata [pic]) [local_execute], and 1 other actions
[2026-09-22T00:07:16.488-04:00] Waiting on root//backend/crates/platform/auth-rest:console-platform-auth-rest (prelude//platforms:default#39893c7e49283da4) -- action (rustc rlib [pic]) [local_execute], and 108 other actions
[2026-09-22T00:07:23.488-04:00] Waiting on root//backend/crates/platform/realtime:console-platform-realtime (prelude//platforms:default#39893c7e49283da4) -- action (rustc rlib [pic]) [local_execute], and 101 other actions
[2026-09-22T00:07:30.589-04:00] Waiting on root//backend/crates/compliance/adapter-postgres:console-compliance-adapter-postgres (prelude//platforms:default#39893c7e49283da4) -- action (rustc metadata [pic]) [local_execute], and 85 other actions
[2026-09-22T00:07:37.688-04:00] Waiting on root//backend/crates/evaluation/adapter-postgres:console-evaluation-adapter-postgres (prelude//platforms:default#39893c7e49283da4) -- action (rustc rlib [pic]) [local_execute], and 74 other actions
[2026-09-22T00:07:44.787-04:00] Waiting on root//backend/crates/recruiting/adapter-postgres:console-recruiting-adapter-postgres (prelude//platforms:default#39893c7e49283da4) -- action (rustc metadata [pic]) [local_execute], and 67 other actions
[2026-09-22T00:07:51.788-04:00] Waiting on root//backend/crates/workorder/adapter-postgres:console-workorder-adapter-postgres (prelude//platforms:default#39893c7e49283da4) -- action (rustc metadata [pic]) [local_execute], and 68 other actions
[2026-09-22T00:07:58.789-04:00] Waiting on root//backend/crates/platform/authz-rest:console-platform-authz-rest (prelude//platforms:default#39893c7e49283da4) -- action (rustc metadata [pic]), and 64 other actions
[2026-09-22T00:08:05.887-04:00] Waiting on root//backend/crates/governance/adapter-postgres:console-governance-adapter-postgres (prelude//platforms:default#39893c7e49283da4) -- action (rustc metadata [pic]) [local_materialize_inputs], and 60 other actions
[2026-09-22T00:08:12.888-04:00] Waiting on root//backend/crates/consulting/rest:console-consulting-rest (prelude//platforms:default#39893c7e49283da4) -- action (rustc metadata [pic]) [local_execute], and 58 other actions
[2026-09-22T00:08:19.989-04:00] Waiting on root//backend/crates/finance-gl/adapter-postgres:console-finance-gl-adapter-postgres (prelude//platforms:default#39893c7e49283da4) -- action (rustc metadata [pic]) [local_execute], and 61 other actions
[2026-09-22T00:08:27.087-04:00] Waiting on root//backend/crates/notices/adapter-postgres:console-notices-adapter-postgres (prelude//platforms:default#39893c7e49283da4) -- action (rustc metadata [pic]) [local_execute], and 56 other actions
[2026-09-22T00:08:34.088-04:00] Waiting on root//backend/crates/compliance/rest:console-compliance-rest (prelude//platforms:default#39893c7e49283da4) -- action (rustc rlib [pic]) [local_execute], and 57 other actions
[2026-09-22T00:08:41.188-04:00] Waiting on root//backend/crates/registry/rest:console-registry-rest (prelude//platforms:default#39893c7e49283da4) -- action (rustc rlib [pic]) [local_execute], and 53 other actions
[2026-09-22T00:08:48.188-04:00] Waiting on root//backend/crates/identity/rest:console-identity-rest (prelude//platforms:default#39893c7e49283da4) -- action (rustc rlib [pic]) [local_execute], and 49 other actions
[2026-09-22T00:08:55.288-04:00] Waiting on root//backend/crates/identity/rest:console-identity-rest (prelude//platforms:default#39893c7e49283da4) -- action (rustc metadata [pic]) [local_execute], and 47 other actions
[2026-09-22T00:09:02.388-04:00] Waiting on root//backend/crates/payroll/rest:console-payroll-rest (prelude//platforms:default#39893c7e49283da4) -- action (rustc metadata [pic]) [local_execute], and 41 other actions
[2026-09-22T00:09:09.388-04:00] Waiting on root//backend/crates/dispatch/worker:console-dispatch-worker (prelude//platforms:default#39893c7e49283da4) -- action (rustc rlib [pic]) [local_execute], and 35 other actions
[2026-09-22T00:09:16.487-04:00] Waiting on root//backend/crates/ontology/rest:console-ontology-rest (prelude//platforms:default#39893c7e49283da4) -- action (rustc rlib [pic]) [local_execute], and 28 other actions
[2026-09-22T00:09:23.588-04:00] Waiting on root//backend/crates/financial/rest:console-financial-rest (prelude//platforms:default#39893c7e49283da4) -- action (rustc rlib [pic]) [local_execute], and 24 other actions
[2026-09-22T00:09:30.588-04:00] Waiting on root//backend/crates/workorder/rest:console-workorder-rest (prelude//platforms:default#39893c7e49283da4) -- action (rustc rlib [pic]) [local_execute], and 21 other actions
[2026-09-22T00:09:37.588-04:00] Waiting on root//backend/crates/workorder/rest:console-workorder-rest (prelude//platforms:default#39893c7e49283da4) -- action (rustc metadata [pic]) [local_execute], and 18 other actions
[2026-09-22T00:09:44.687-04:00] Waiting on root//backend/crates/reporting/rest:console-reporting-rest (prelude//platforms:default#39893c7e49283da4) -- action (rustc rlib [pic]) [local_execute], and 13 other actions
[2026-09-22T00:09:51.688-04:00] Waiting on root//backend/crates/notices/rest:console-notices-rest (prelude//platforms:default#39893c7e49283da4) -- action (rustc rlib [pic]) [local_execute], and 6 other actions
[2026-09-22T00:09:58.688-04:00] Waiting on root//backend/app:console-app-lib (prelude//platforms:default#39893c7e49283da4) -- action (rustc rlib [pic]) [local_execute]
[2026-09-22T00:10:05.788-04:00] Waiting on root//backend/app:console-app-lib (prelude//platforms:default#39893c7e49283da4) -- action (rustc rlib [pic]) [local_execute]
[2026-09-22T00:10:12.888-04:00] Waiting on root//backend/app:console-app-itest-auth_rest (prelude//platforms:default#39893c7e49283da4) -- action (rustc link [pic]) [local_execute]
[2026-09-22T00:10:19.988-04:00] Waiting on root//backend/app:console-app-itest-auth_rest (prelude//platforms:default#39893c7e49283da4) -- action (rustc link [pic]) [local_execute]
[2026-09-22T00:10:26.988-04:00] Waiting on root//backend/app:console-app-itest-auth_rest (prelude//platforms:default#39893c7e49283da4) -- action (rustc link [pic]) [local_execute]
[2026-09-22T00:10:32.233-04:00] Cache hits: 0%
[2026-09-22T00:10:32.233-04:00] Commands: 303 (cached: 0, remote: 0, local: 303)
[2026-09-22T00:10:32.233-04:00] Network: Up: 0B  Down: 0B
BUILD SUCCEEDED
[2026-09-22T00:10:32.266-04:00] Build ID: 318b39d3-76b0-4b3a-94f2-f6f6cfaa5a8f
[2026-09-22T00:10:32.269-04:00] File Watcher fresh instance: cleared graph state
[2026-09-22T00:10:39.367-04:00] Waiting on root//third-party/rust:unicode-bidi-0.3.18.crate (prelude//platforms:default#39893c7e49283da4) -- action (write unicode-bidi-0.3.18.crate_unpack.sh), and 739 other actions
[2026-09-22T00:10:46.967-04:00] Waiting on root//third-party/rust:regex-syntax-0.8 (prelude//platforms:default#5732820ad45f622d) -- action (write_json LPPF-depsfull-symlinked_dirs.json), and 529 other actions
[2026-09-22T00:10:54.067-04:00] Waiting on root//third-party/rust/hydrate:gloo-utils-0.3 (toolchains//:wasm32-platform#47b899467996b656) -- action (write_json LPPL-depsfull-symlinked_dirs.json), and 62 other actions
[2026-09-22T00:11:01.166-04:00] Waiting on Test app-auth-rest-pg --  [local_execute]
[2026-09-22T00:11:08.167-04:00] Waiting on Test app-auth-rest-pg --  [local_execute]
[2026-09-22T00:11:13.838-04:00] ✓ Pass: root//tools/buck:app-auth-rest-pg (19.1s)
[2026-09-22T00:11:13.838-04:00] ---- STDOUT ----
[2026-09-22T00:11:13.838-04:00]
[2026-09-22T00:11:13.838-04:00] running 1 test
[2026-09-22T00:11:13.838-04:00] test account_browser::native_account_audit_typed::finalized_native_account_common_writer_commit_and_rollback ... ok
[2026-09-22T00:11:13.838-04:00]
[2026-09-22T00:11:13.838-04:00] test result: ok. 1 passed; 0 failed; 0 ignored; 0 measured; 523 filtered out; finished in 16.56s
[2026-09-22T00:11:13.838-04:00]
[2026-09-22T00:11:13.838-04:00]
[2026-09-22T00:11:13.838-04:00] ---- STDERR ----
[2026-09-22T00:11:13.838-04:00]
[2026-09-22T00:11:13.851-04:00] Network: Up: 0B  Down: 0B
Tests finished: [mPass 1[m. Fail 0. Timeout 0. Fatal 0. Skip 0. Omit 0. Infra Failure 0. Build failure 0
