ADR governance gate failed (35):
- docs/evidence/console/integration/2026-09-20-adr-evidence-log-scope/baseline-tests.log:101: ADR-0022 is the local-identity decision, not the portability/HA decision; use ADR-0024 or its DN-0001/DN-0002 notes
- docs/evidence/console/integration/2026-09-20-adr-evidence-log-scope/baseline-tests.log:22: ADR-0022 is the local-identity decision, not the portability/HA decision; use ADR-0024 or its DN-0001/DN-0002 notes
- docs/evidence/console/integration/2026-09-20-adr-evidence-log-scope/baseline-tests.log:55: ADR-0022 is the local-identity decision, not the portability/HA decision; use ADR-0024 or its DN-0001/DN-0002 notes
- docs/evidence/console/integration/2026-09-20-adr-evidence-log-scope/baseline-tests.log:56: ADR-0022 is the local-identity decision, not the portability/HA decision; use ADR-0024 or its DN-0001/DN-0002 notes
- docs/evidence/console/integration/2026-09-20-adr-evidence-log-scope/baseline-tests.log:57: ADR-0022 is the local-identity decision, not the portability/HA decision; use ADR-0024 or its DN-0001/DN-0002 notes
- docs/evidence/console/integration/2026-09-20-adr-evidence-log-scope/baseline-tests.log:58: ADR-0022 is the local-identity decision, not the portability/HA decision; use ADR-0024 or its DN-0001/DN-0002 notes
- docs/evidence/console/integration/2026-09-20-adr-evidence-log-scope/baseline-tests.log:59: ADR-0022 is the local-identity decision, not the portability/HA decision; use ADR-0024 or its DN-0001/DN-0002 notes
- docs/evidence/console/integration/2026-09-20-adr-evidence-log-scope/baseline-tests.log:60: ADR-0022 is the local-identity decision, not the portability/HA decision; use ADR-0024 or its DN-0001/DN-0002 notes
- docs/evidence/console/integration/2026-09-20-adr-evidence-log-scope/baseline-tests.log:61: ADR-0022 is the local-identity decision, not the portability/HA decision; use ADR-0024 or its DN-0001/DN-0002 notes
- docs/evidence/console/integration/2026-09-20-adr-evidence-log-scope/baseline-tests.log:62: ADR-0022 is the local-identity decision, not the portability/HA decision; use ADR-0024 or its DN-0001/DN-0002 notes
- docs/evidence/console/integration/2026-09-20-adr-evidence-log-scope/baseline-tests.log:73: ADR-0022 is the local-identity decision, not the portability/HA decision; use ADR-0024 or its DN-0001/DN-0002 notes
- docs/evidence/console/integration/2026-09-20-adr-evidence-log-scope/baseline-tests.log:85: ADR-0022 is the local-identity decision, not the portability/HA decision; use ADR-0024 or its DN-0001/DN-0002 notes
- docs/evidence/console/integration/2026-09-20-adr-evidence-log-scope/baseline-tests.log:86: ADR-0022 is the local-identity decision, not the portability/HA decision; use ADR-0024 or its DN-0001/DN-0002 notes
- docs/evidence/console/integration/2026-09-20-adr-evidence-log-scope/baseline-tests.log:87: ADR-0022 is the local-identity decision, not the portability/HA decision; use ADR-0024 or its DN-0001/DN-0002 notes
- docs/evidence/console/integration/2026-09-20-adr-evidence-log-scope/baseline-tests.log:88: ADR-0022 is the local-identity decision, not the portability/HA decision; use ADR-0024 or its DN-0001/DN-0002 notes
- docs/evidence/console/integration/2026-09-20-adr-evidence-log-scope/baseline-tests.log:89: ADR-0022 is the local-identity decision, not the portability/HA decision; use ADR-0024 or its DN-0001/DN-0002 notes
- docs/evidence/console/integration/2026-09-20-adr-evidence-log-scope/baseline-tests.log:90: ADR-0022 is the local-identity decision, not the portability/HA decision; use ADR-0024 or its DN-0001/DN-0002 notes
- docs/evidence/console/integration/2026-09-20-adr-evidence-log-scope/baseline-tests.log:91: ADR-0022 is the local-identity decision, not the portability/HA decision; use ADR-0024 or its DN-0001/DN-0002 notes
- docs/evidence/console/integration/2026-09-20-adr-evidence-log-scope/baseline-tests.log:92: ADR-0022 is the local-identity decision, not the portability/HA decision; use ADR-0024 or its DN-0001/DN-0002 notes
- docs/evidence/console/integration/2026-09-20-adr-evidence-log-scope/candidate-e1007b0c-verify.log:2089: ADR-0022 is the local-identity decision, not the portability/HA decision; use ADR-0024 or its DN-0001/DN-0002 notes
- docs/evidence/console/integration/2026-09-20-adr-evidence-log-scope/candidate-e1007b0c-verify.log:2112: ADR-0022 is the local-identity decision, not the portability/HA decision; use ADR-0024 or its DN-0001/DN-0002 notes
- docs/evidence/console/integration/2026-09-20-adr-evidence-log-scope/candidate-e1007b0c-verify.log:2113: ADR-0022 is the local-identity decision, not the portability/HA decision; use ADR-0024 or its DN-0001/DN-0002 notes
- docs/evidence/console/integration/2026-09-20-adr-evidence-log-scope/candidate-e1007b0c-verify.log:2114: ADR-0022 is the local-identity decision, not the portability/HA decision; use ADR-0024 or its DN-0001/DN-0002 notes
- docs/evidence/console/integration/2026-09-20-adr-evidence-log-scope/owner-red.log:2: ADR-0022 is the local-identity decision, not the portability/HA decision; use ADR-0024 or its DN-0001/DN-0002 notes
- docs/evidence/console/integration/2026-09-20-adr-evidence-log-scope/owner-red.log:3: ADR-0022 is the local-identity decision, not the portability/HA decision; use ADR-0024 or its DN-0001/DN-0002 notes
- docs/evidence/console/integration/2026-09-20-adr-evidence-log-scope/owner-red.log:4: ADR-0022 is the local-identity decision, not the portability/HA decision; use ADR-0024 or its DN-0001/DN-0002 notes
- docs/evidence/console/integration/2026-09-20-adr-evidence-log-scope/tests.patch.log:39: ADR-0022 is the local-identity decision, not the portability/HA decision; use ADR-0024 or its DN-0001/DN-0002 notes
- docs/evidence/console/integration/2026-09-20-adr-evidence-log-scope/tests.patch.log:40: ADR-0022 is the local-identity decision, not the portability/HA decision; use ADR-0024 or its DN-0001/DN-0002 notes
- docs/evidence/console/integration/2026-09-20-adr-evidence-log-scope/tests.patch.log:41: ADR-0022 is the local-identity decision, not the portability/HA decision; use ADR-0024 or its DN-0001/DN-0002 notes
- docs/evidence/console/integration/2026-09-20-adr-evidence-log-scope/tests.patch.log:42: ADR-0022 is the local-identity decision, not the portability/HA decision; use ADR-0024 or its DN-0001/DN-0002 notes
- docs/evidence/console/integration/2026-09-20-adr-evidence-log-scope/tests.patch.log:80: ADR-0022 is the local-identity decision, not the portability/HA decision; use ADR-0024 or its DN-0001/DN-0002 notes
- docs/evidence/console/integration/2026-09-20-adr-evidence-log-scope/tests.patch.log:86: ADR-0022 is the local-identity decision, not the portability/HA decision; use ADR-0024 or its DN-0001/DN-0002 notes
- docs/evidence/console/integration/2026-09-20-cedar-ci-and-readiness/candidate1085613a-verify.log:2153: ADR-0022 is the local-identity decision, not the portability/HA decision; use ADR-0024 or its DN-0001/DN-0002 notes
- docs/evidence/console/integration/2026-09-20-legacy-family-parser/candidate4b11ea01-sandbox-verify.log:2030: ADR-0022 is the local-identity decision, not the portability/HA decision; use ADR-0024 or its DN-0001/DN-0002 notes
- docs/evidence/console/integration/2026-09-20-legacy-family-parser/candidate4b11ea01-sandbox-verify.log:2053: ADR-0022 is the local-identity decision, not the portability/HA decision; use ADR-0024 or its DN-0001/DN-0002 notes
