npm notice run test:production-hardening
npm notice run npm run test:pr473-migration-operational && python3 scripts/check-production-promotion-authority.test.py && node --test scripts/check-production-authority-blocked.test.mjs scripts/check-production-hardening.test.mjs scripts/check-image-release-workflow.test.mjs scripts/account-custody-orchestration.test.mjs scripts/auth-launch-callers.test.mjs scripts/lib/dev-account-custody.test.mjs
npm notice run test:pr473-migration-operational
npm notice run python3 scripts/check-pr473-migration-operational.test.py
...................
----------------------------------------------------------------------
Ran 19 tests in 0.011s

OK
................
----------------------------------------------------------------------
Ran 16 tests in 19.639s

OK
✔ Compose gates both serving roles on finalization and confines admin transport (5.261375ms)
✔ cmdUp devAuth=false: migration then finalization precedes seed and launch (1.292334ms)
✔ cmdUp devAuth=false: finalizer failure prevents seed and launch (0.9395ms)
✔ cmdBootstrap devAuth=false: migration then finalization precedes seed and launch (0.908334ms)
✔ cmdBootstrap devAuth=true: migration then finalization precedes seed and launch (2.636292ms)
✔ cmdBootstrap devAuth=false: finalizer failure prevents seed and launch (9.348458ms)
✔ cmdBootstrap devAuth=true: finalizer failure prevents seed and launch (4.340083ms)
✔ dev-up actual finalizer adapter propagates nonzero compose result (4.278917ms)
✔ Argo includes ordered separate operator job without app secret or API token (13.460292ms)
✔ image smoke declares a gating finalizer between actual migration and application boot (3.064ms)
✔ LC07 machinery: nominal controls accept unrelated fixed image path and unpublished local image (0.438375ms)
✔ LC07 machinery: Compose rejects sleep-only finalizer (1.096667ms)
✔ LC07 machinery: Compose rejects replacement entrypoint (0.187ms)
✔ LC07 machinery: Compose rejects missing independent inventory (0.12925ms)
✔ LC07 machinery: Compose rejects DSN-derived expected OID override (0.108708ms)
✔ LC07 machinery: Compose rejects missing CA (0.078416ms)
✔ LC07 machinery: Compose rejects writable password mount (0.066833ms)
✔ LC07 machinery: Compose rejects password environment exposure (0.092208ms)
✔ LC07 machinery: Compose rejects serving env_file imports unknown secrets (0.077667ms)
✔ LC07 machinery: Compose rejects admin volume renamed in application (0.079709ms)
✔ LC07 machinery: Compose rejects admin secret reference (0.209875ms)
✔ LC07 machinery: Argo rejects unrelated image (0.157458ms)
✔ LC07 machinery: Argo rejects sleep command (0.1215ms)
✔ LC07 machinery: Argo rejects unrelated secret instead of target descriptor (0.090375ms)
✔ LC07 machinery: Argo rejects literal target OID (0.078875ms)
✔ LC07 machinery: Argo rejects optional target inventory (0.073208ms)
✔ LC07 machinery: Argo rejects target-readback init container (0.169583ms)
✔ LC07 machinery: Argo rejects serving secret reused (0.293959ms)
✔ LC07 machinery: Argo rejects unverified TLS override (0.208709ms)
✔ LC07 machinery: smoke rejects echo-only false finalization (2.286291ms)
✔ LC07 machinery: smoke rejects trailing caller command (0.11675ms)
✔ LC07 machinery: smoke rejects wrong database override (0.226417ms)
✔ LC07 machinery: smoke rejects missing inventory mount (0.151875ms)
✔ LC07 machinery: smoke rejects ignored failure (0.065583ms)
✔ LC07 machinery: smoke rejects recomputed target descriptor (0.084333ms)
✔ LC07 machinery: smoke rejects entrypoint replacement (0.071958ms)
✔ LC07 machinery: smoke rejects literal single-quoted image variable (0.057791ms)
✔ LC07 machinery: smoke rejects unquoted output redirection (0.070417ms)
✔ LC07 machinery: smoke rejects unquoted input redirection (0.046333ms)
✔ LC07 machinery: packaging rejects omitted checksum, mutable base and mismatched wrapper path (0.276125ms)
✔ LC07 machinery: wrong Compose subcommand, selected stack and caller override fail (0.126375ms)
✔ dev-up actual finalizer adapter returns on successful run (0.831291ms)
✔ dev-up actual finalizer adapter rejects spawn failure (0.96225ms)
✔ LC07 machinery: Kubernetes serving secret alias via projected volume is rejected (0.194625ms)
✔ LC07 machinery: smoke rejects missing private temp (0.11525ms)
✔ LC07 machinery: smoke rejects unbounded temp (0.090708ms)
✔ LC07 machinery: smoke rejects executable temp (0.053209ms)
✔ LC07 machinery: smoke rejects wrong temp path (0.061208ms)
✔ dev-up actual buildAppEnv api confines ambient operator environment (1.08325ms)
✔ dev-up actual buildAppEnv worker confines ambient operator environment (0.901583ms)
✔ dev-up actual buildAppEnv migrate confines ambient operator environment (0.862708ms)
✔ actual dev credential definitions reuse canonical override and distinct local fallback (3.862416ms)
✔ actual dev URL helpers preserve reserved credentials for owner runtime and narrow roles (1.634041ms)
✔ actual shared dev URL helper preserves a database name with reserved characters (1.069041ms)
✔ actual dev api receives only its required auth transport and no inherited password (1.192875ms)
✔ actual dev worker receives only its required auth transport and no inherited password (1.151583ms)
✔ actual dev migrate receives only its required auth transport and no inherited password (0.720292ms)
✔ actual dev bringUpDeps passes same auth credential and container target to Compose model (1.266583ms)
✔ actual dev reconcileDatabaseTopology passes same auth credential and container target to Compose model (0.844542ms)
✔ actual dev finalizeDatabaseCustody passes same auth credential and container target to Compose model (1.147291ms)
✔ actual dev cmdDown passes same auth credential and container target to Compose model (0.921083ms)
✔ actual Compose render binds explicit AUTH URL only to API and raw credential only to topology (557.345084ms)
✔ CI actual boot step provisions and delivers the same distinct auth credential (source guard) (4.77175ms)
✔ image release actual provisioning and boot preserve one auth credential (source guard) (2.110625ms)
✔ workflow guard positive controls reject omitted delivery wrong-role reuse and regenerated auth (1.250333ms)
▶ Image Release protected workflow shape
  ✔ keeps admission read-only and gates every privileged publication stage (3.365375ms)
  ✔ does not alter either protected production-promotion job (26.362125ms)
  ✔ keeps cache deletion on its independent schedule or manual trigger (5.134042ms)
  ✔ installs locked dependencies before the dependency-backed hardening suite (0.115125ms)
✔ Image Release protected workflow shape (36.624333ms)
▶ Image Release live admission shell
  ✔ admits one immutable exact-SHA release with exact CI and Security (4439.027ms)
  ✔ admits the exact pinned-transport squash identity (19983.101792ms)
  ✔ classifies an unchanged manifest as an ordinary green no-op (974.20175ms)
  ✔ cleanly ignores an automatic stale candidate (604.897ms)
  ✔ fails red when current-main readback is unavailable during polling (1487.394459ms)
  ✔ fails red instead of treating malformed main refs as stale (17606.679167ms)
  ✔ fails closed on a mutable, draft, or prerelease source release (3970.436208ms)
  ✔ rejects every exact-release snapshot disagreement (10716.007083ms)
  ✔ rejects every release-commit authority disagreement (18056.694375ms)
  ✔ rejects every pinned-transport author disagreement (4364.686959ms)
  ✔ requires native proof and an exact same-tree protected release head (1994.06975ms)
  ✔ rejects every merged release-PR provenance disagreement (21467.406375ms)
  ✔ rejects mixed release-PR creator and squash-author classes (1750.56ms)
  ✔ rejects every protected release-head disagreement (18020.550791ms)
  ✔ rejects every protected Release Please run disagreement (12498.444042ms)
  ✔ rejects every native Release Please proof-job disagreement (20514.315625ms)
  ✔ rejects release PR, protected head, or proof-run movement on final readback (9515.522083ms)
  ✔ fails closed when exact Security is terminally red (1907.9345ms)
  ✔ fails closed when a workflow attempt advances during its jobs read (2069.505958ms)
  ✔ fails closed if the immutable tag moves during the final readback (2434.364292ms)
  ✔ polls bounded pending Security evidence and then admits it (4645.242667ms)
  ✔ outlasts the former twelve-poll bound while remaining finite (24619.893541ms)
  ✔ polls a not-yet-visible release only for an explicit 404 (5880.172334ms)
  ✔ uses the same immutable release, CI, and Security proof for manual recovery (3320.841292ms)
  ✔ turns a terminally failed source CI wake-up into a green no-op (407.015666ms)
  ✔ turns a successful source CI rerun wake-up into a green no-op (412.889625ms)
  ✔ rejects malformed release intent and protected-workflow identity (7233.515083ms)
  ✔ rejects every generic CI and Security run-identity disagreement (29038.180042ms)
  ✔ rejects missing, duplicate, or red CI and Security aggregate jobs (22850.237125ms)
  ✔ rejects a shell-normalizable workflow run count before extraction (1884.738167ms)
  ✔ rejects Image Release reruns before any API read (6.561333ms)
✔ Image Release live admission shell (274676.793875ms)
▶ production authority blocked observation CLI
  ✔ rejects bad argument forms with stable empty stdout (472.068167ms)
  ✔ evaluates from the canonical repository root when the executable path uses a filesystem alias (339.062ms)
  ✔ rejects every non-exact SHA form before touching Git (672.324334ms)
  ✔ suppresses raw Git diagnostics and candidate object values on unavailable objects (478.981375ms)
  ✔ rejects valid blob, tree, and tag objects after the one type query (550.281542ms)
  ✔ emits the exact compact blocked observation from the committed blobs (320.248584ms)
  ✔ fails closed on escaped-equivalent duplicate JSON keys and a failed observation (755.365334ms)
  ✔ keeps committed evaluation deterministic across cwd, locale, dirty and deleted working trees (993.190917ms)
  ✔ uses exactly one object query and five fixed-order blob reads from the evaluator repository root (197.234375ms)
  ✔ attempts every fixed blob read before reporting a missing input (9136.742709ms)
  ✔ enforces JSON stage precedence and exact nested schema/value observations (2067.310208ms)
  ✔ rejects consumed YAML ambiguity and nonmatching required wildcard shapes (1794.042458ms)
  ✔ rejects compact project item continuation members that do not align with the first key (288.18725ms)
  ✔ ignores unconsumed comments, flow values, anchors, aliases, and duplicate keys (255.38825ms)
  ✔ gives recursive unknown keys global precedence over missing cardinality keys (256.252292ms)
  ✔ rejects consumed metadata aliases and accepts reordered, consistently-indented project maps (607.73125ms)
  ✔ accepts the actual committed HEAD blobs rather than only minimal fixtures (137.488042ms)
  ✔ keeps all consumed YAML ambiguity ahead of every observation nonmatch (1369.282792ms)
  ✔ treats project list placement and cardinality as nonmatches while rejecting block scalars (1453.701792ms)
  ✔ reports fatal UTF-8 JSON as JSON malformed (278.776625ms)
  ✔ keeps own-key JSON unknown precedence for inherited-looking names (889.342084ms)
  ✔ handles deeply nested valid unknown JSON without leaking an internal error (420.399792ms)
  ✔ accepts only column-zero document markers in their permitted positions (3021.032834ms)
  ✔ rejects direct route merge keys but permits nested opaque special syntax (1862.653459ms)
  ✔ evaluates the fixed object and blob topology without any extra Git operation (90.043375ms)
  ✔ rejects unknown, missing, type-wrong, decoded-duplicate, and wrong settled JSON values at every semantic path (121.071375ms)
  ✔ preserves JSON precedence across both documents and later YAML inputs (97.551875ms)
  ✔ binds formatting-only commit changes to raw Git blob digests while retaining the fixed observation (430.6505ms)
  ✔ covers every compact AppProject list cardinality and continuation-column contract (88.188167ms)
  ✔ rejects consumed Application route aliases, tags, flow values, duplicate keys, and invalid map indentation (97.902917ms)
  ✔ classifies every root and console targetRevision route mutation (105.381958ms)
  ✔ classifies group and kind mutations in both AppProject wildcard lists (109.508833ms)
  ✔ rejects empty consumed AppProject list scalar members as YAML ambiguity (102.403417ms)
✔ production authority blocked observation CLI (29863.296416ms)
▶ Account custody deployment
  ✔ executes orchestration and local provisioning security controls (59.800833ms)
✔ Account custody deployment (60.321708ms)
▶ production authority blocked observation static integration
  ✔ requires the explicit-SHA evaluator package wiring and focused hardening suite inclusion (0.42475ms)
✔ production authority blocked observation static integration (0.509958ms)
▶ post-pivot production operation HOLD
  ✔ hard-fails every retained backup/restore entrypoint before substantive setup (1.996ms)
  ✔ the shared guard has no success path on this candidate (21.648333ms)
✔ post-pivot production operation HOLD (23.97075ms)
▶ production hardening SMTP deployment config
  ✔ rejects production-like SMTP non-secret fields without explicit required credential refs (4.62075ms)
  ✔ accepts complete SMTP config with required secret-backed credentials (3.493167ms)
  ✔ does not block explicit dev/e2e stub configs that omit SMTP relay fields (0.514958ms)
  ✔ rejects no-relay production-like configs without explicit stub mode (0.325041ms)
✔ production hardening SMTP deployment config (9.642333ms)
▶ production hardening CNPG context checks
  ✔ accepts the oci-guest single-instance base and the on-prem HA overlay (6.1875ms)
  ✔ rejects an HA overlay with fewer than three CNPG instances (0.598292ms)
  ✔ rejects an HA overlay that points CNPG at local-path storage (0.162792ms)
  ✔ rejects an on-prem overlay that inherits the OCI-only checksum workaround (0.096917ms)
  ✔ rejects removing /spec/env when the base env contains non-checksum entries (0.125458ms)
  ✔ rejects an oci-guest prod overlay that patches the CNPG instance shape (0.121084ms)
  ✔ keeps the oci-guest/base CNPG posture single-instance (1.776333ms)
✔ production hardening CNPG context checks (14.919667ms)
▶ production hardening on-prem authority identity
  ✔ rejects an on-prem runbook that does not explicitly identify ADR-0024 (13.118459ms)
✔ production hardening on-prem authority identity (13.206ms)
▶ production hardening global image checks
  ✔ accepts immutable digest pins without mutable tags (0.328583ms)
  ✔ rejects missing digest pins and mutable image tags (0.082125ms)
  ✔ rejects digest pins and mutable tags that appear only in comments (0.198042ms)
✔ production hardening global image checks (4.381042ms)
▶ production hardening PR 473 typed operational gate
  ✔ accepts the canonical typed manifest, directives, alias, and ordered CI wrapper (5.476583ms)
  ✔ rejects malformed and nondeploy-mutated manifests (0.350417ms)
  ✔ rejects duplicate and substituted guarded test tuples (11.832959ms)
  ✔ rejects missing and duplicated canonical document directives (3.454916ms)
  ✔ rejects a commented-out or duplicated workflow invocation (10.530417ms)
  ✔ rejects a wrapper step before topology and an inexact package alias (0.260958ms)
  ✔ binds the exact topology command and wrapper ordering to the rehearsal job (0.685667ms)
  ✔ rejects shell-control topology command bypasses (0.414166ms)
  ✔ rejects an inexact Apalis contract database name (0.200041ms)
  ✔ rejects an Apalis contract database not owned by console_app (6.947584ms)
  ✔ rejects an unpinned PostgreSQL image for Apalis provisioning (0.528833ms)
  ✔ requires all three exact Apalis database URL exports (0.48675ms)
  ✔ requires both generated Apalis role passwords to be masked (0.314ms)
✔ production hardening PR 473 typed operational gate (41.827125ms)
▶ production hardening wrapper-argv0 gate
  ✔ refuses source/./timeout argv0 wrappers around the cargo-audit binary (c236 residual) (190.221958ms)
  ✔ keeps intact workflows green and ignores the legit reindeer `source` setup (57.5555ms)
  ✔ scans literal block-scalar indicators for wrapped executors (132.765792ms)
  ✔ folds run: > bodies before classifying the wrapper (34.106292ms)
  ✔ classifies wrappers behind shell control-flow prefixes (115.118417ms)
  ✔ parses the `--` option terminator before classifying the sourced target (94.267625ms)
  ✔ scans the image-release workflow for wrapped executors (20.994166ms)
  ✔ fails closed on a malformed executed-test-source inventory (239.298084ms)
  ✔ refuses a protected executor in a non-gating step (112.721875ms)
  ✔ refuses a shell override on a protected executor (128.982541ms)
  ✔ fails closed on an unparseable run command surface (69.603334ms)
  ✔ strips YAML comments before classifying the block-scalar indicator (36.938042ms)
  ✔ reads workflow defaults.run.shell when accepting protected executors (127.301167ms)
  ✔ rejects a protected executor whose exit status is masked (14.561083ms)
  ✔ parses YAML indentation indicators in block scalars (128.33925ms)
  ✔ fails closed on a wrapper whose target cannot be classified (45.283833ms)
  ✔ scans a workflow whose jobs key carries a YAML comment (60.218792ms)
  ✔ inspects protected executors masked inside a nested shell -c command (150.807125ms)
  ✔ gates the node audit-policy evaluator exit status (56.056708ms)
  ✔ classifies a wrapper behind the builtin prefix (18.18875ms)
  ✔ detects a multiline conditional masking a must-gate executor (108.391625ms)
  ✔ detects a must-gate executor masked inside a shell function (20.105333ms)
  ✔ does not prune commands after a conditional exit (47.28875ms)
  ✔ does not classify here-document data as commands (15.067333ms)
  ✔ accepts a quoted shell: bash scalar (231.1665ms)
  ✔ unquotes an inline run scalar before classifying it (68.228417ms)
  ✔ recognizes a combined shell invocation flag with -c (56.37425ms)
  ✔ ignores set options on unexecuted conditional branches (17.219125ms)
  ✔ classifies env -S split-string transparently (78.375917ms)
  ✔ decodes YAML escape sequences in a double-quoted run scalar (38.188ms)
  ✔ classifies the command operand after command -p (159.29875ms)
✔ production hardening wrapper-argv0 gate (2681.324375ms)
▶ production hardening workflow gates
  ✔ rejects missing blocked-observation evaluator wiring, alias, and focused suite (90.29375ms)
  ✖ accepts active CI, security, and image-release workflow gates (86.914458ms)
  ✔ pins the finite image-release admission convergence budget (39.8955ms)
  ✔ binds the documented GitHub environment Team response shape exactly (172.9195ms)
  ✔ rejects removing the canonical Python promotion suite (11.487167ms)
  ✔ rejects a non-false production authorization or missing unprotected preflight (132.868125ms)
  ✔ rejects missing one-shot reset, immutable verifier inputs, or rebase behavior (75.482917ms)
  ✔ rejects recovery without an exact required candidate SHA (10.39875ms)
  ✔ rejects production digest promotion without an explicit required false-by-default dispatch input (89.768167ms)
  ✔ rejects production digest promotion on push or outside dev (10.398083ms)
  ✔ rejects production digest promotion without the production environment (38.622292ms)
  ✔ rejects production promotion without exact independent Team reviewer enforcement (155.438958ms)
  ✔ rejects workflow reruns in both preflight and protected promotion jobs (10.714375ms)
  ✔ rejects release-probe checkout without explicit job-level contents read (9.701083ms)
  ✔ rejects a mutable release-probe checkout reference (25.383208ms)
  ✔ rejects release-probe topology use before checkout (28.39575ms)
  ✔ rejects release-probe without post-migration canonical-enforce (19.057709ms)
  ✔ rejects release-probe canonical-enforce sequenced after boot (17.743042ms)
  ✔ rejects persisted release-probe checkout credentials (9.863875ms)
  ✔ does not let the following preflight job satisfy release-probe checks (11.309416ms)
  ✔ rejects workflow gates that only appear in comments or unused literals (1.357667ms)
✖ production hardening workflow gates (1048.834125ms)
▶ production hardening deploy automation checks
  ✔ accepts a deploy path that actively gates on kubectl, Argo refresh, both rollouts, and endpoints (0.946458ms)
  ✔ rejects deploy scripts that skip rollout verification but keep claiming success (0.147292ms)
  ✔ rejects digest-bump-only modes that claim verified rollout (0.101166ms)
  ✔ rejects deploy scripts that swallow rollout status failures (0.040083ms)
  ✔ rejects removing one-shot, remote, or Argo revision guards from deploy automation (1.655167ms)
✔ production hardening deploy automation checks (2.988292ms)
▶ deploy.sh rollout verification fail-closed behavior
  ✔ fails instead of claiming deployment success when kubectl is missing (18.844042ms)
  ✔ fails instead of claiming deployment success when the cluster is unavailable (340.85225ms)
  ✔ exits successfully in explicit digest-bump-only modes without claiming verified rollout (573.743208ms)
  ✔ never reaches Argo refresh when main advances on the digest-no-op pre-refresh path (428.086917ms)
✔ deploy.sh rollout verification fail-closed behavior (1361.823041ms)
▶ recovery evidence oracle
  ✔ executes the independent restore-verification controls (385.097ms)
✔ recovery evidence oracle (385.164ms)
✔ fresh provisioning uses bounded runtime and private files; retained inventory is immutable (10.55725ms)
✔ second invocation reuses certificate and password without rewriting retained inventory (14.836625ms)
✔ partial externally supplied transport fails before provisioning (1.248708ms)
✔ timeout refuses publication of local operator paths (2.425666ms)
✔ invalid password "" rejected (1.507875ms)
✔ invalid password "line\nbreak" rejected (1.174458ms)
✔ invalid password "carriage\rreturn" rejected (0.933958ms)
✔ custody directory symlink is refused without modifying unrelated target (1.912ms)
✔ empty descriptor symlink is refused without writing unrelated target (2.620583ms)
✔ group-readable retained password refused rather than silently reused (4.482167ms)
✔ partial existing certificate pair is refused rather than overwriting retained identity (8.585958ms)
✔ corrupt retained certificate refuses reuse (2.881125ms)
✔ retained password mismatch refuses credential rotation without overwrite (14.3505ms)
✔ malformed inventory capture never replaces previously frozen descriptor (10.133917ms)
✔ expired certificate fails without silent renewal (6.769875ms)
✔ different private key cannot reuse retained certificate (250.620334ms)
✔ lost create response still performs owner-scoped removal and absence inspection (1.494416ms)
✔ lost removal response still inspects absence and never publishes operator paths (1.92775ms)
✔ unrelated ownership after lost create response refuses removal (1.2845ms)
✔ dangling TLS key symlink refused before external target can be created (1.317542ms)
✔ present pinned image is inspected once and never pulled (19.968709ms)
✔ exact missing pinned image pulls before isolated provisioning (13.614417ms)
✔ image inspection refusal {"imageInspectError":"Cannot connect to the Docker daemon"} never pulls or provisions (1.662375ms)
✔ image inspection refusal {"imageInspectError":"Error response from daemon: No such image: unrelated:latest"} never pulls or provisions (1.2745ms)
✔ image inspection refusal {"imageInspectTimeout":true} never pulls or provisions (3.014291ms)
✔ pinned image pull refusal {"pullFailure":true} never provisions (1.483667ms)
✔ pinned image pull refusal {"pullTimeout":true} never provisions (11.087791ms)
✔ missing guest bind fails without published files and confirms named container absence (1.091875ms)
✔ CA certificate cannot be reused as PostgreSQL TLS leaf (6.708084ms)
ℹ tests 256
ℹ suites 16
ℹ pass 255
ℹ fail 1
ℹ cancelled 0
ℹ skipped 0
ℹ todo 0
ℹ duration_ms 275271.302042

✖ failing tests:

test at scripts/check-production-hardening.test.mjs:1716:3
✖ accepts active CI, security, and image-release workflow gates (86.914458ms)
  AssertionError [ERR_ASSERTION]: Expected values to be strictly deep-equal:
  + actual - expected
  
  + [
  +   'test:production-hardening must execute the production promotion authority test suite in the canonical fail-closed command'
  + ]
  - []
  
      at TestContext.<anonymous> (file:///private/tmp/console-production-tdd-preparation-20260913/scripts/check-production-hardening.test.mjs:1717:12)
      at Test.runInAsyncScope (node:async_hooks:226:14)
      at Test.run (node:internal/test_runner/test:1397:25)
      at Suite.processPendingSubtests (node:internal/test_runner/test:969:18)
      at Test.postRun (node:internal/test_runner/test:1537:19)
      at Test.run (node:internal/test_runner/test:1462:12)
      at async Promise.all (index 0)
      at async Suite.run (node:internal/test_runner/test:1889:7)
      at async Test.processPendingSubtests (node:internal/test_runner/test:969:7) {
    generatedMessage: true,
    code: 'ERR_ASSERTION',
    actual: [ 'test:production-hardening must execute the production promotion authority test suite in the canonical fail-closed command' ],
    expected: [],
    operator: 'deepStrictEqual',
    diff: 'simple'
  }
