✔ accepts local links and ignores external/anchor links (104.357666ms)
✔ fails with file and line for missing local target (73.380167ms)
✔ ignores fenced code (100.229833ms)
✔ ignores link-shaped examples inside inline code (108.990083ms)
✔ still checks links beside inline code (90.289041ms)
✔ ignores Buck output trees, including dangling artifact symlinks (75.427833ms)
✔ rejects missing extensionless and reference-style targets (125.946209ms)
✔ accepts one tracked entry record plus three current authorities (395.731417ms)
✔ rejects unknown root completeness and document-manifest fields (488.644042ms)
✔ rejects unknown entry, authority, and transition record fields (693.235584ms)
✔ rejects a fourth README current authority (235.810208ms)
✔ rejects a prose declaration of a fourth README current authority (248.144125ms)
✔ rejects reordered README current authorities (238.314667ms)
✔ reads index and Markdown from the exact Git index tree, not unstaged worktree bytes (403.00225ms)
✔ rejects a Git worktree with no documentation index (103.917791ms)
✔ rejects an untracked or ignored documentation index (265.963958ms)
✔ cannot be redirected to an attacker-selected Git index (230.105125ms)
✔ rejects a tracked entry or authority symlink to uncustodied bytes (520.053167ms)
✔ rejects an extensionless link whose tracked target is a symlink (240.955ms)
✔ rejects a missing current authority path (237.421ms)
✔ rejects duplicate concerns and admitted paths (483.105166ms)
✔ rejects authority outside the allowed three concern/path pairs (252.192542ms)
✔ rejects invalid redirect and frozen replacements (508.290708ms)
✔ rejects untracked and ignored path admission (493.140625ms)
✔ rejects every premature complete-coverage claim (271.766417ms)
✔ accepts a green schema-v2 exact first-party manifest fixture (245.322833ms)
✔ duplicated first-party universe and class constants cannot drift (1.400667ms)
✔ all seven authority-slice records require exact document projections (1723.909ms)
✔ P1 rejects a newly staged unclassified Markdown blob by path (255.313917ms)
✔ P2 rejects staged Markdown blob drift until regeneration (223.212375ms)
✔ P3 rejects a missing full-manifest document record by path (239.594792ms)
✔ P4 keeps complete coverage fail-closed (263.627ms)
✔ P5 rejects non-null archive tags that are not exact pinned objects (231.071417ms)
✔ P6 root field allowlist drift still rejects documents (246.778208ms)
✔ P7 write preserves a missing semantic class and check remains red (266.359084ms)
✔ custom manifest diagnostics preserve the exact custom scope command (188.839875ms)
✔ A1 archive validation keeps an all-null manifest offline (127.638042ms)
✔ A2 validates an exact freshly fetched signed annotated archive tag (626.015ms)
✔ A3 rejects an archive tag signed by an untrusted SSH key (514.7965ms)
✔ A4 rejects an unsigned annotated archive tag (504.788167ms)
✔ A5 rejects a lightweight archive tag (482.260042ms)
✔ A6 rejects a remote archive ref moved away from its pinned tag object (567.250459ms)
✔ A7 rejects a pinned archive ref absent from the fresh remote (416.90025ms)
✔ A8 rejects an annotated archive tag that targets a tree instead of a commit (515.816792ms)
✔ A9 rejects an archive commit missing the exact manifest path (604.347209ms)
✔ A10 rejects an archive commit whose document bytes differ (556.854ms)
✔ A11 rejects an archive commit whose document mode is executable (577.837584ms)
✔ A12 rejects two document records claiming one annotated tag object (399.116708ms)
✔ A13 rejects malformed pins, derived-ref drift, OID drift, and internal tag-name drift (1095.224709ms)
✔ A14 rejects a signed tag whose message is not canonical archive metadata (730.487167ms)
✔ A15 treats hostile paths as literals and never executes archived document bytes (728.975625ms)
✔ A16 rejects indexed trust drift, replacement objects, and stale local archive refs (1259.546ms)
✔ A17 rejects an archive-tree symlink while the live manifest path remains 100644 (937.54625ms)
✔ A18 rejects an archive-tree gitlink while the live manifest path remains 100644 (957.30525ms)
✔ live candidate passes js-test-reachability (412.031542ms)
✔ baseline growth fails (unregistered dark suite) (338.436125ms)
ℹ tests 56
ℹ suites 0
ℹ pass 56
ℹ fail 0
ℹ cancelled 0
ℹ skipped 0
ℹ todo 0
ℹ duration_ms 22567.083666
