    Checking hashbrown v0.17.1
    Checking zmij v1.0.23
    Checking regex-automata v0.4.18
    Checking num-bigint v0.4.8
   Compiling serde_json v1.0.150
    Checking indexmap v2.14.0
    Checking h2 v0.4.16
   Compiling sqlx-core v0.9.0
    Checking console-kernel-core v0.1.0 (/private/tmp/console-production-tdd-preparation-20260913/backend/crates/kernel/core)
    Checking tower v0.5.3
    Checking hyper v1.10.1
   Compiling sqlx-postgres v0.9.0
    Checking hyper-util v0.1.20
    Checking num-iter v0.1.45
   Compiling lalrpop-util v0.22.2
   Compiling regex v1.12.4
   Compiling lalrpop v0.22.2
    Checking der-parser v9.0.0
   Compiling logos-codegen v0.16.1
    Checking x509-parser v0.16.0
    Checking serde_with v3.21.0
   Compiling sqlx-macros-core v0.9.0
   Compiling logos-derive v0.16.1
    Checking num-bigint-dig v0.8.6
    Checking webauthn-rs-proto v0.5.5
   Compiling sqlx-macros v0.9.0
    Checking rsa v0.9.10
    Checking webauthn-rs-core v0.5.5
    Checking logos v0.16.1
    Checking sqlx v0.9.0
    Checking simple_asn1 v0.6.4
    Checking jsonwebtoken v10.4.0
    Checking webauthn-rs v0.5.5
    Checking axum v0.8.9
   Compiling cedar-policy-core v4.11.2
    Checking console-workorder-domain v0.1.0 (/private/tmp/console-production-tdd-preparation-20260913/backend/crates/workorder/domain)
    Checking tower-http v0.6.11
    Checking reqwest v0.13.4
    Checking console-notifications-domain v0.1.0 (/private/tmp/console-production-tdd-preparation-20260913/backend/crates/notifications/domain)
   Compiling sqlx-core v0.8.6
    Checking console-notifications-application v0.1.0 (/private/tmp/console-production-tdd-preparation-20260913/backend/crates/notifications/application)
   Compiling sqlx-postgres v0.8.6
    Checking console-governance-domain v0.0.0 (/private/tmp/console-production-tdd-preparation-20260913/backend/crates/governance/domain)
    Checking email_address v0.2.9
    Checking console-platform-db v0.1.0 (/private/tmp/console-production-tdd-preparation-20260913/backend/crates/platform/db)
    Checking console-platform-auth v0.1.0 (/private/tmp/console-production-tdd-preparation-20260913/backend/crates/platform/auth)
    Checking console-platform-group v0.1.0 (/private/tmp/console-production-tdd-preparation-20260913/backend/crates/platform/group)
   Compiling sqlx-macros-core v0.8.6
    Checking console-workorder-application v0.1.0 (/private/tmp/console-production-tdd-preparation-20260913/backend/crates/workorder/application)
    Checking quick-xml v0.41.0 (/private/tmp/console-production-tdd-preparation-20260913/third-party/rust/vendor/quick-xml-0.41.0-compat)
    Checking console-comms-domain v0.1.0 (/private/tmp/console-production-tdd-preparation-20260913/backend/crates/comms/domain)
    Checking reactive_graph v0.3.0-beta2
    Checking console-comms-application v0.1.0 (/private/tmp/console-production-tdd-preparation-20260913/backend/crates/comms/application)
   Compiling sqlx-macros v0.8.6
    Checking console-ontology-canonical-domain v0.1.0 (/private/tmp/console-production-tdd-preparation-20260913/backend/crates/ontology/canonical-domain)
    Checking console-inbox-domain v0.1.0 (/private/tmp/console-production-tdd-preparation-20260913/backend/crates/inbox/domain)
    Checking num-rational v0.4.2
    Checking num-complex v0.4.6
    Checking console-inbox-application v0.1.0 (/private/tmp/console-production-tdd-preparation-20260913/backend/crates/inbox/application)
    Checking sqlx v0.8.6
    Checking num v0.4.3
    Checking reactive_stores v0.5.0-beta
    Checking ahash v0.8.12
    Checking apalis-sql v1.0.0-rc.9
    Checking apalis-codec v0.1.0-rc.9
    Checking gloo-utils v0.3.0
    Checking hyper-timeout v0.5.2
    Checking console-workflow-domain v0.1.0 (/private/tmp/console-production-tdd-preparation-20260913/backend/crates/workflow/domain)
    Checking borrow-or-share v0.2.4
    Checking lettre v0.11.22
    Checking tachys v0.3.0-beta2
    Checking apalis-postgres v1.0.0-rc.8
    Checking fluent-uri v0.4.1
    Checking tonic v0.14.6
    Checking gloo-net v0.7.0
    Checking html_parser v0.7.0
    Checking fraction v0.17.0
    Checking console-governance-application v0.0.0 (/private/tmp/console-production-tdd-preparation-20260913/backend/crates/governance/application)
    Checking apalis v1.0.0-rc.9
    Checking zip v8.6.0
    Checking fancy-regex v0.14.0
    Checking console-dispatch-domain v0.1.0 (/private/tmp/console-production-tdd-preparation-20260913/backend/crates/dispatch/domain)
    Checking console-messenger-domain v0.1.0 (/private/tmp/console-production-tdd-preparation-20260913/backend/crates/messenger/domain)
   Compiling strum_macros v0.28.0
    Checking micromap v0.3.0
    Checking num-cmp v0.1.0
    Checking bytecount v0.6.9
    Checking outref v0.5.2
    Checking vsimd v0.8.0
    Checking server_fn v0.9.0-beta
    Checking strum v0.28.0
    Checking uuid-simd v0.8.0
    Checking jsonschema-value v0.56.0
    Checking umya-spreadsheet v3.0.0 (/private/tmp/console-production-tdd-preparation-20260913/third-party/rust/vendor/umya-spreadsheet-3.0.0-quickxml41)
    Checking referencing v0.56.0
    Checking console-dispatch-application v0.1.0 (/private/tmp/console-production-tdd-preparation-20260913/backend/crates/dispatch/application)
    Checking console-messenger-application v0.1.0 (/private/tmp/console-production-tdd-preparation-20260913/backend/crates/messenger/application)
    Checking console-platform-jobs v0.1.0 (/private/tmp/console-production-tdd-preparation-20260913/backend/crates/platform/jobs)
    Checking cedar-policy-formatter v4.11.2
    Checking cedar-policy v4.11.2
    Checking unicode-general-category v1.1.0
    Checking zip v7.2.0
    Checking fancy-regex v0.19.2
    Checking console-platform-push v0.1.0 (/private/tmp/console-production-tdd-preparation-20260913/backend/crates/platform/push)
    Checking console-finance-gl-domain v0.0.0 (/private/tmp/console-production-tdd-preparation-20260913/backend/crates/finance-gl/domain)
    Checking console-notices-domain v0.1.0 (/private/tmp/console-production-tdd-preparation-20260913/backend/crates/notices/domain)
    Checking console-sales-domain v0.1.0 (/private/tmp/console-production-tdd-preparation-20260913/backend/crates/sales/domain)
    Checking console-platform-authz v0.1.0 (/private/tmp/console-production-tdd-preparation-20260913/backend/crates/platform/authz)
    Checking console-todos-domain v0.1.0 (/private/tmp/console-production-tdd-preparation-20260913/backend/crates/todos/domain)
    Checking console-recruiting-domain v0.1.0 (/private/tmp/console-production-tdd-preparation-20260913/backend/crates/recruiting/domain)
    Checking console-compliance-domain v0.1.0 (/private/tmp/console-production-tdd-preparation-20260913/backend/crates/compliance/domain)
    Checking console-benefit-domain v0.1.0 (/private/tmp/console-production-tdd-preparation-20260913/backend/crates/benefit/domain)
    Checking console-evaluation-domain v0.1.0 (/private/tmp/console-production-tdd-preparation-20260913/backend/crates/evaluation/domain)
    Checking console-reporting-domain v0.1.0 (/private/tmp/console-production-tdd-preparation-20260913/backend/crates/reporting/domain)
    Checking console-docs-domain v0.1.0 (/private/tmp/console-production-tdd-preparation-20260913/backend/crates/docs/domain)
    Checking console-ontology-domain v0.0.0 (/private/tmp/console-production-tdd-preparation-20260913/backend/crates/ontology/domain)
    Checking console-platform-request-context v0.1.0 (/private/tmp/console-production-tdd-preparation-20260913/backend/crates/platform/request-context)
    Checking console-inventory-domain v0.1.0 (/private/tmp/console-production-tdd-preparation-20260913/backend/crates/inventory/domain)
    Checking console-financial-domain v0.0.0 (/private/tmp/console-production-tdd-preparation-20260913/backend/crates/financial/domain)
    Checking console-leave-domain v0.1.0 (/private/tmp/console-production-tdd-preparation-20260913/backend/crates/leave/domain)
    Checking console-inspection-domain v0.0.0 (/private/tmp/console-production-tdd-preparation-20260913/backend/crates/inspection/domain)
    Checking console-platform-storage v0.1.0 (/private/tmp/console-production-tdd-preparation-20260913/backend/crates/platform/storage)
    Checking console-governance-adapter-postgres v0.0.0 (/private/tmp/console-production-tdd-preparation-20260913/backend/crates/governance/adapter-postgres)
    Checking console-support-domain v0.1.0 (/private/tmp/console-production-tdd-preparation-20260913/backend/crates/support/domain)
    Checking console-registry-domain v0.1.0 (/private/tmp/console-production-tdd-preparation-20260913/backend/crates/registry/domain)
    Checking console-identity-domain v0.1.0 (/private/tmp/console-production-tdd-preparation-20260913/backend/crates/identity/domain)
    Checking codee v0.3.5
    Checking jsonschema-regex v0.56.0
    Checking calamine v0.35.0 (/private/tmp/console-production-tdd-preparation-20260913/third-party/rust/vendor/calamine-0.35.0-quickxml41)
    Checking leptos_server v0.9.0-beta2
    Checking jsonschema v0.56.0
    Checking console-attendance-application v0.1.0 (/private/tmp/console-production-tdd-preparation-20260913/backend/crates/attendance/application)
    Checking console-identity-application v0.1.0 (/private/tmp/console-production-tdd-preparation-20260913/backend/crates/identity/application)
    Checking console-support-application v0.1.0 (/private/tmp/console-production-tdd-preparation-20260913/backend/crates/support/application)
    Checking console-registry-application v0.1.0 (/private/tmp/console-production-tdd-preparation-20260913/backend/crates/registry/application)
    Checking console-leave-application v0.1.0 (/private/tmp/console-production-tdd-preparation-20260913/backend/crates/leave/application)
    Checking console-inspection-application v0.0.0 (/private/tmp/console-production-tdd-preparation-20260913/backend/crates/inspection/application)
    Checking console-financial-application v0.0.0 (/private/tmp/console-production-tdd-preparation-20260913/backend/crates/financial/application)
    Checking console-inbox-adapter-postgres v0.1.0 (/private/tmp/console-production-tdd-preparation-20260913/backend/crates/inbox/adapter-postgres)
    Checking console-dispatch-adapter-postgres v0.1.0 (/private/tmp/console-production-tdd-preparation-20260913/backend/crates/dispatch/adapter-postgres)
    Checking console-inventory-application v0.1.0 (/private/tmp/console-production-tdd-preparation-20260913/backend/crates/inventory/application)
    Checking console-reporting-application v0.1.0 (/private/tmp/console-production-tdd-preparation-20260913/backend/crates/reporting/application)
    Checking console-docs-application v0.1.0 (/private/tmp/console-production-tdd-preparation-20260913/backend/crates/docs/application)
    Checking console-platform-excel v0.1.0 (/private/tmp/console-production-tdd-preparation-20260913/backend/crates/platform/excel)
    Checking console-compliance-application v0.1.0 (/private/tmp/console-production-tdd-preparation-20260913/backend/crates/compliance/application)
    Checking console-evaluation-application v0.1.0 (/private/tmp/console-production-tdd-preparation-20260913/backend/crates/evaluation/application)
    Checking console-benefit-application v0.1.0 (/private/tmp/console-production-tdd-preparation-20260913/backend/crates/benefit/application)
    Checking console-recruiting-application v0.1.0 (/private/tmp/console-production-tdd-preparation-20260913/backend/crates/recruiting/application)
    Checking console-todos-application v0.1.0 (/private/tmp/console-production-tdd-preparation-20260913/backend/crates/todos/application)
    Checking console-sales-application v0.1.0 (/private/tmp/console-production-tdd-preparation-20260913/backend/crates/sales/application)
    Checking console-notices-application v0.1.0 (/private/tmp/console-production-tdd-preparation-20260913/backend/crates/notices/application)
    Checking console-finance-gl-application v0.0.0 (/private/tmp/console-production-tdd-preparation-20260913/backend/crates/finance-gl/application)
    Checking leptos_hot_reload v0.9.0-beta
    Checking leptos_dom v0.9.0-beta
    Checking tonic-prost v0.14.6
    Checking console-platform-provisioning v0.1.0 (/private/tmp/console-production-tdd-preparation-20260913/backend/crates/platform/provisioning)
    Checking console-logistics-domain v0.1.0 (/private/tmp/console-production-tdd-preparation-20260913/backend/crates/logistics/domain)
    Checking console-equipment-application v0.1.0 (/private/tmp/console-production-tdd-preparation-20260913/backend/crates/equipment/application)
    Checking console-equipment-domain v0.1.0 (/private/tmp/console-production-tdd-preparation-20260913/backend/crates/equipment/domain)
    Checking console-payroll-domain v0.1.0 (/private/tmp/console-production-tdd-preparation-20260913/backend/crates/payroll/domain)
    Checking console-orgchange-domain v0.1.0 (/private/tmp/console-production-tdd-preparation-20260913/backend/crates/orgchange/domain)
    Checking matchers v0.2.0
    Checking tracing-subscriber v0.3.23
    Checking console-payroll-adapter-postgres v0.1.0 (/private/tmp/console-production-tdd-preparation-20260913/backend/crates/payroll/adapter-postgres)
    Checking console-orgchange-adapter-postgres v0.1.0 (/private/tmp/console-production-tdd-preparation-20260913/backend/crates/orgchange/adapter-postgres)
    Checking console-equipment-adapter-postgres v0.1.0 (/private/tmp/console-production-tdd-preparation-20260913/backend/crates/equipment/adapter-postgres)
    Checking console-logistics-adapter-postgres v0.1.0 (/private/tmp/console-production-tdd-preparation-20260913/backend/crates/logistics/adapter-postgres)
    Checking opentelemetry-proto v0.32.0
    Checking console-finance-gl-adapter-postgres v0.0.0 (/private/tmp/console-production-tdd-preparation-20260913/backend/crates/finance-gl/adapter-postgres)
    Checking leptos v0.9.0-beta
    Checking tonic-types v0.14.6
    Checking console-notices-adapter-postgres v0.1.0 (/private/tmp/console-production-tdd-preparation-20260913/backend/crates/notices/adapter-postgres)
    Checking console-sales-adapter-postgres v0.1.0 (/private/tmp/console-production-tdd-preparation-20260913/backend/crates/sales/adapter-postgres)
    Checking console-todos-adapter-postgres v0.1.0 (/private/tmp/console-production-tdd-preparation-20260913/backend/crates/todos/adapter-postgres)
    Checking console-benefit-adapter-postgres v0.1.0 (/private/tmp/console-production-tdd-preparation-20260913/backend/crates/benefit/adapter-postgres)
    Checking console-recruiting-adapter-postgres v0.1.0 (/private/tmp/console-production-tdd-preparation-20260913/backend/crates/recruiting/adapter-postgres)
    Checking console-compliance-adapter-postgres v0.1.0 (/private/tmp/console-production-tdd-preparation-20260913/backend/crates/compliance/adapter-postgres)
    Checking console-evaluation-adapter-postgres v0.1.0 (/private/tmp/console-production-tdd-preparation-20260913/backend/crates/evaluation/adapter-postgres)
    Checking console-docs-adapter-postgres v0.1.0 (/private/tmp/console-production-tdd-preparation-20260913/backend/crates/docs/adapter-postgres)
    Checking console-inventory-adapter-postgres v0.1.0 (/private/tmp/console-production-tdd-preparation-20260913/backend/crates/inventory/adapter-postgres)
    Checking console-reporting-adapter-postgres v0.1.0 (/private/tmp/console-production-tdd-preparation-20260913/backend/crates/reporting/adapter-postgres)
    Checking console-financial-adapter-postgres v0.0.0 (/private/tmp/console-production-tdd-preparation-20260913/backend/crates/financial/adapter-postgres)
    Checking console-ontology-application v0.0.0 (/private/tmp/console-production-tdd-preparation-20260913/backend/crates/ontology/application)
    Checking console-registry-adapter-postgres v0.1.0 (/private/tmp/console-production-tdd-preparation-20260913/backend/crates/registry/adapter-postgres)
    Checking console-inspection-adapter-postgres v0.0.0 (/private/tmp/console-production-tdd-preparation-20260913/backend/crates/inspection/adapter-postgres)
    Checking console-support-adapter-postgres v0.1.0 (/private/tmp/console-production-tdd-preparation-20260913/backend/crates/support/adapter-postgres)
    Checking console-leave-adapter-postgres v0.1.0 (/private/tmp/console-production-tdd-preparation-20260913/backend/crates/leave/adapter-postgres)
    Checking console-identity-adapter-postgres v0.1.0 (/private/tmp/console-production-tdd-preparation-20260913/backend/crates/identity/adapter-postgres)
    Checking console-attendance-adapter-postgres v0.1.0 (/private/tmp/console-production-tdd-preparation-20260913/backend/crates/attendance/adapter-postgres)
    Checking console-comms-adapter-imap v0.1.0 (/private/tmp/console-production-tdd-preparation-20260913/backend/crates/comms/adapter-imap)
    Checking console-comms-credential-cipher v0.1.0 (/private/tmp/console-production-tdd-preparation-20260913/backend/crates/comms/credential-cipher)
    Checking console-messenger-adapter-postgres v0.1.0 (/private/tmp/console-production-tdd-preparation-20260913/backend/crates/messenger/adapter-postgres)
    Checking console-comms-adapter-postgres v0.1.0 (/private/tmp/console-production-tdd-preparation-20260913/backend/crates/comms/adapter-postgres)
    Checking console-ontology-adapter-postgres v0.0.0 (/private/tmp/console-production-tdd-preparation-20260913/backend/crates/ontology/adapter-postgres)
    Checking console-workorder-adapter-postgres v0.1.0 (/private/tmp/console-production-tdd-preparation-20260913/backend/crates/workorder/adapter-postgres)
    Checking console-notifications-adapter-postgres v0.1.0 (/private/tmp/console-production-tdd-preparation-20260913/backend/crates/notifications/adapter-postgres)
    Checking console-platform-authz-rest v0.0.0 (/private/tmp/console-production-tdd-preparation-20260913/backend/crates/platform/authz-rest)
    Checking console-workflow-runtime v0.1.0 (/private/tmp/console-production-tdd-preparation-20260913/backend/crates/workflow/runtime)
    Checking console-comms-adapter-smtp v0.1.0 (/private/tmp/console-production-tdd-preparation-20260913/backend/crates/comms/adapter-smtp)
    Checking console-platform-email v0.1.0 (/private/tmp/console-production-tdd-preparation-20260913/backend/crates/platform/email)
    Checking console-workflow-runtime-adapter-postgres v0.1.0 (/private/tmp/console-production-tdd-preparation-20260913/backend/crates/workflow/adapter-postgres)
    Checking opentelemetry-http v0.32.0
    Checking console-comms-adapter-mox v0.1.0 (/private/tmp/console-production-tdd-preparation-20260913/backend/crates/comms/adapter-mox)
    Checking console-analytics-quant-rest v0.1.0 (/private/tmp/console-production-tdd-preparation-20260913/backend/crates/analytics-quant/rest)
    Checking opentelemetry-otlp v0.32.0
    Checking console-comms-rest v0.1.0 (/private/tmp/console-production-tdd-preparation-20260913/backend/crates/comms/rest)
    Checking console-platform-auth-rest v0.1.0 (/private/tmp/console-production-tdd-preparation-20260913/backend/crates/platform/auth-rest)
    Checking console-workorder-rest v0.1.0 (/private/tmp/console-production-tdd-preparation-20260913/backend/crates/workorder/rest)
    Checking console-ontology-rest v0.0.0 (/private/tmp/console-production-tdd-preparation-20260913/backend/crates/ontology/rest)
    Checking console-notifications-rest v0.1.0 (/private/tmp/console-production-tdd-preparation-20260913/backend/crates/notifications/rest)
    Checking console-messenger-rest v0.1.0 (/private/tmp/console-production-tdd-preparation-20260913/backend/crates/messenger/rest)
    Checking console-attendance-rest v0.1.0 (/private/tmp/console-production-tdd-preparation-20260913/backend/crates/attendance/rest)
    Checking console-identity-rest v0.1.0 (/private/tmp/console-production-tdd-preparation-20260913/backend/crates/identity/rest)
    Checking console-leave-rest v0.1.0 (/private/tmp/console-production-tdd-preparation-20260913/backend/crates/leave/rest)
    Checking console-registry-rest v0.1.0 (/private/tmp/console-production-tdd-preparation-20260913/backend/crates/registry/rest)
    Checking console-support-rest v0.1.0 (/private/tmp/console-production-tdd-preparation-20260913/backend/crates/support/rest)
    Checking console-inspection-rest v0.0.0 (/private/tmp/console-production-tdd-preparation-20260913/backend/crates/inspection/rest)
    Checking console-financial-rest v0.0.0 (/private/tmp/console-production-tdd-preparation-20260913/backend/crates/financial/rest)
    Checking console-reporting-rest v0.1.0 (/private/tmp/console-production-tdd-preparation-20260913/backend/crates/reporting/rest)
    Checking console-inventory-rest v0.1.0 (/private/tmp/console-production-tdd-preparation-20260913/backend/crates/inventory/rest)
    Checking console-compliance-rest v0.1.0 (/private/tmp/console-production-tdd-preparation-20260913/backend/crates/compliance/rest)
    Checking console-docs-rest v0.0.0 (/private/tmp/console-production-tdd-preparation-20260913/backend/crates/docs/rest)
    Checking console-evaluation-rest v0.1.0 (/private/tmp/console-production-tdd-preparation-20260913/backend/crates/evaluation/rest)
    Checking console-recruiting-rest v0.1.0 (/private/tmp/console-production-tdd-preparation-20260913/backend/crates/recruiting/rest)
    Checking console-benefit-rest v0.1.0 (/private/tmp/console-production-tdd-preparation-20260913/backend/crates/benefit/rest)
    Checking console-payroll-ui v0.1.0 (/private/tmp/console-production-tdd-preparation-20260913/backend/crates/payroll/ui)
    Checking console-sales-rest v0.1.0 (/private/tmp/console-production-tdd-preparation-20260913/backend/crates/sales/rest)
    Checking console-todos-rest v0.1.0 (/private/tmp/console-production-tdd-preparation-20260913/backend/crates/todos/rest)
    Checking console-notices-rest v0.1.0 (/private/tmp/console-production-tdd-preparation-20260913/backend/crates/notices/rest)
    Checking console-finance-gl-rest v0.0.0 (/private/tmp/console-production-tdd-preparation-20260913/backend/crates/finance-gl/rest)
    Checking console-logistics-rest v0.1.0 (/private/tmp/console-production-tdd-preparation-20260913/backend/crates/logistics/rest)
    Checking console-equipment-rest v0.1.0 (/private/tmp/console-production-tdd-preparation-20260913/backend/crates/equipment/rest)
    Checking console-orgchange-rest v0.1.0 (/private/tmp/console-production-tdd-preparation-20260913/backend/crates/orgchange/rest)
    Checking console-payroll-rest v0.1.0 (/private/tmp/console-production-tdd-preparation-20260913/backend/crates/payroll/rest)
    Checking tracing-opentelemetry v0.33.0
    Checking metrics-exporter-prometheus v0.18.3
    Checking console-platform-rest v0.1.0 (/private/tmp/console-production-tdd-preparation-20260913/backend/crates/platform/platform-rest)
    Checking console-dispatch-worker v0.1.0 (/private/tmp/console-production-tdd-preparation-20260913/backend/crates/dispatch/worker)
    Checking console-dispatch-rest v0.1.0 (/private/tmp/console-production-tdd-preparation-20260913/backend/crates/dispatch/rest)
    Checking console-inbox-rest v0.1.0 (/private/tmp/console-production-tdd-preparation-20260913/backend/crates/inbox/rest)
    Checking console-governance-rest v0.0.0 (/private/tmp/console-production-tdd-preparation-20260913/backend/crates/governance/rest)
    Checking console-production-rest v0.0.0 (/private/tmp/console-production-tdd-preparation-20260913/backend/crates/production/rest)
    Checking console-facilities-rest v0.1.0 (/private/tmp/console-production-tdd-preparation-20260913/backend/crates/facilities/rest)
    Checking console-ontology-canonical-adapter-postgres v0.1.0 (/private/tmp/console-production-tdd-preparation-20260913/backend/crates/ontology/canonical-adapter-postgres)
    Checking console-platform-realtime v0.1.0 (/private/tmp/console-production-tdd-preparation-20260913/backend/crates/platform/realtime)
    Checking console-integrity v0.1.0 (/private/tmp/console-production-tdd-preparation-20260913/backend/crates/compliance/integrity)
    Checking console-consulting-rest v0.1.0 (/private/tmp/console-production-tdd-preparation-20260913/backend/crates/consulting/rest)
    Checking console-platform-audit-chain v0.1.0 (/private/tmp/console-production-tdd-preparation-20260913/backend/crates/platform/audit-chain)
    Checking console-action-inbox-application v0.1.0 (/private/tmp/console-production-tdd-preparation-20260913/backend/crates/action-inbox/application)
    Checking console-erp-domain v0.1.0 (/private/tmp/console-production-tdd-preparation-20260913/backend/crates/erp/domain)
    Checking webauthn-authenticator-rs v0.5.5
    Checking console-platform-test-support v0.1.0 (/private/tmp/console-production-tdd-preparation-20260913/backend/crates/platform/test-support)
    Checking console-app v0.1.0 (/private/tmp/console-production-tdd-preparation-20260913/backend/app)
error: returning the result of a `let` binding from a block
    --> app/tests/auth_rest.rs:3411:5
     |
3406 | /     let config = AppConfig::from_pairs([
3407 | |         ("CONSOLE_APP_ROLE", AppRole::Migrate.to_string()),
3408 | |         ("DATABASE_URL", owner_url.to_string()),
3409 | |     ])
3410 | |     .expect("production migration configuration");
     | |__________________________________________________- unnecessary `let` binding
3411 |       config
     |       ^^^^^^
     |
     = help: for further information visit https://rust-lang.github.io/rust-clippy/rust-1.98.0/index.html#let_and_return
     = note: `-D clippy::let-and-return` implied by `-D warnings`
     = help: to override `-D warnings` add `#[allow(clippy::let_and_return)]`
help: return the expression directly
     |
3406 ~     
3407 ~     AppConfig::from_pairs([
3408 +         ("CONSOLE_APP_ROLE", AppRole::Migrate.to_string()),
3409 +         ("DATABASE_URL", owner_url.to_string()),
3410 +     ])
3411 +     .expect("production migration configuration")
     |

error: could not compile `console-app` (test "auth_rest") due to 1 previous error
