✔ Compose gates both serving roles on finalization and confines admin transport (5.601834ms)
✔ cmdUp devAuth=false: migration then finalization precedes seed and launch (1.654125ms)
✔ cmdUp devAuth=false: finalizer failure prevents seed and launch (0.8455ms)
✔ cmdBootstrap devAuth=false: migration then finalization precedes seed and launch (0.602167ms)
✔ cmdBootstrap devAuth=true: migration then finalization precedes seed and launch (0.383792ms)
✔ cmdBootstrap devAuth=false: finalizer failure prevents seed and launch (0.853333ms)
✔ cmdBootstrap devAuth=true: finalizer failure prevents seed and launch (0.679666ms)
✔ dev-up actual finalizer adapter propagates nonzero compose result (1.036625ms)
✔ Argo includes ordered separate operator job without app secret or API token (6.09575ms)
✔ image smoke declares a gating finalizer between actual migration and application boot (4.290459ms)
✔ LC07 machinery: nominal controls accept unrelated fixed image path and unpublished local image (0.891417ms)
✔ LC07 machinery: Compose rejects sleep-only finalizer (2.004ms)
✔ LC07 machinery: Compose rejects replacement entrypoint (0.232375ms)
✔ LC07 machinery: Compose rejects missing independent inventory (0.240542ms)
✔ LC07 machinery: Compose rejects DSN-derived expected OID override (0.228083ms)
✔ LC07 machinery: Compose rejects missing CA (0.109834ms)
✔ LC07 machinery: Compose rejects writable password mount (0.120417ms)
✔ LC07 machinery: Compose rejects password environment exposure (0.1795ms)
✔ LC07 machinery: Compose rejects serving env_file imports unknown secrets (0.10475ms)
✔ LC07 machinery: Compose rejects admin volume renamed in application (0.094667ms)
✔ LC07 machinery: Compose rejects admin secret reference (0.194916ms)
✔ LC07 machinery: Argo rejects unrelated image (0.102625ms)
✔ LC07 machinery: Argo rejects sleep command (0.277959ms)
✔ LC07 machinery: Argo rejects unrelated secret instead of target descriptor (0.188291ms)
✔ LC07 machinery: Argo rejects literal target OID (0.087375ms)
✔ LC07 machinery: Argo rejects optional target inventory (0.082042ms)
✔ LC07 machinery: Argo rejects target-readback init container (0.197208ms)
✔ LC07 machinery: Argo rejects serving secret reused (0.081167ms)
✔ LC07 machinery: Argo rejects unverified TLS override (0.082708ms)
✔ LC07 machinery: smoke rejects echo-only false finalization (1.634125ms)
✔ LC07 machinery: smoke rejects trailing caller command (0.074333ms)
✔ LC07 machinery: smoke rejects wrong database override (0.070959ms)
✔ LC07 machinery: smoke rejects missing inventory mount (0.070125ms)
✔ LC07 machinery: smoke rejects ignored failure (0.04175ms)
✔ LC07 machinery: smoke rejects recomputed target descriptor (0.058875ms)
✔ LC07 machinery: smoke rejects entrypoint replacement (0.052417ms)
✔ LC07 machinery: smoke rejects literal single-quoted image variable (0.047875ms)
✔ LC07 machinery: smoke rejects unquoted output redirection (0.05525ms)
✔ LC07 machinery: smoke rejects unquoted input redirection (0.037375ms)
✔ LC07 machinery: packaging rejects omitted checksum, mutable base and mismatched wrapper path (0.202667ms)
✔ LC07 machinery: wrong Compose subcommand, selected stack and caller override fail (0.1035ms)
✔ dev-up actual finalizer adapter returns on successful run (0.576ms)
✔ dev-up actual finalizer adapter rejects spawn failure (0.814458ms)
✔ LC07 machinery: Kubernetes serving secret alias via projected volume is rejected (0.154791ms)
✔ LC07 machinery: smoke rejects missing private temp (0.095125ms)
✔ LC07 machinery: smoke rejects unbounded temp (0.074584ms)
✔ LC07 machinery: smoke rejects executable temp (0.057458ms)
✔ LC07 machinery: smoke rejects wrong temp path (0.045208ms)
✔ dev-up actual buildAppEnv api confines ambient operator environment (0.686791ms)
✔ dev-up actual buildAppEnv worker confines ambient operator environment (0.316834ms)
✔ dev-up actual buildAppEnv migrate confines ambient operator environment (0.289959ms)
✔ mox localserve creates its config below the named volume root (1.253208ms)
✔ Compose migrates as console_app and serves as console_rt without owner/admin credentials (0.450875ms)
✔ fresh and existing databases reconcile the exact hardened seven-role topology (1.636416ms)
✔ quickstart supplies all six distinct login passwords and Compose accepts it (143.505041ms)
✔ image release probe provisions and passes the isolated platform-force command capability (0.2225ms)
✔ documented runtime URI uses its generated URL-safe password consistently (0.145166ms)
✔ dev seed uses the audited runtime compatibility boundary for ontology definitions (0.346917ms)
✔ dev-up executes one validated Buck2 output for both migration and API roles (0.911208ms)
✔ Buck2 launcher accepts only a single executable under this repo's buck-out (2.35625ms)
✔ dev-up signals only a process whose persisted start identity still matches (0.296ms)
✔ Windows identity parsing requires the PowerShell start token and executable path (0.505ms)
✔ Buck2 host backend receives the same dedicated platform-force command capability as local topology (0.401791ms)
ℹ tests 63
ℹ suites 0
ℹ pass 63
ℹ fail 0
ℹ cancelled 0
ℹ skipped 0
ℹ todo 0
ℹ duration_ms 210.432375
