✔ actual dev credential definitions reuse canonical override and distinct local fallback (4.326791ms)
✔ actual dev URL helpers preserve reserved credentials for owner runtime and narrow roles (1.985958ms)
✔ actual shared dev URL helper preserves a database name with reserved characters (5.204667ms)
✔ actual dev api receives only its required auth transport and no inherited password (1.085541ms)
✔ actual dev worker receives only its required auth transport and no inherited password (2.3385ms)
✔ actual dev migrate receives only its required auth transport and no inherited password (1.616375ms)
✔ actual dev bringUpDeps passes same auth credential and container target to Compose model (1.102208ms)
✔ actual dev reconcileDatabaseTopology passes same auth credential and container target to Compose model (1.151667ms)
✔ actual dev finalizeDatabaseCustody passes same auth credential and container target to Compose model (1.795083ms)
✔ actual dev cmdDown passes same auth credential and container target to Compose model (0.886334ms)
✔ actual Compose render binds explicit AUTH URL only to API and raw credential only to topology (472.44625ms)
✔ CI actual boot step provisions and delivers the same distinct auth credential (source guard) (5.905708ms)
✔ image release actual provisioning and boot preserve one auth credential (source guard) (2.143083ms)
✔ workflow guard positive controls reject omitted delivery wrong-role reuse and regenerated auth (1.570417ms)
ℹ tests 14
ℹ suites 0
ℹ pass 14
ℹ fail 0
ℹ cancelled 0
ℹ skipped 0
ℹ todo 0
ℹ duration_ms 591.393708
