✖ every mirrored CI run-step is classified (7.706958ms)
ℹ tests 1
ℹ suites 0
ℹ pass 0
ℹ fail 1
ℹ cancelled 0
ℹ skipped 0
ℹ todo 0
ℹ duration_ms 69.410958

✖ failing tests:

test at scripts/verify.test.mjs:22:1
✖ every mirrored CI run-step is classified (7.706958ms)
  Error: CI steps missing from scripts/verify.mjs (classify each as fast/db/ci-only):
    preflight: Preparation wiring and recovery fixture regressions
      at assertPlanCoversCi (file:///private/tmp/console-production-tdd-preparation-20260913/scripts/verify.mjs:340:30)
      at TestContext.<anonymous> (file:///private/tmp/console-production-tdd-preparation-20260913/scripts/verify.test.mjs:23:17)
      at Test.runInAsyncScope (node:async_hooks:226:14)
      at Test.run (node:internal/test_runner/test:1397:25)
      at Test.start (node:internal/test_runner/test:1257:17)
      at startSubtestAfterBootstrap (node:internal/test_runner/harness:387:17)
