NOTICE:  topology.canonical_enforcement: examined 0 canonical tables []
topology: seven application roles reconciled and verified
NOTICE:  database "canonical_probe_50213" does not exist, skipping
NOTICE:  topology.canonical_enforcement: examined 0 canonical tables []
topology: seven application roles reconciled and verified
psql:/canonical-migrations/0023_coldstart_revoke_fixed_seed.sql:29: NOTICE:  extension "pgcrypto" already exists, skipping
psql:/canonical-migrations/0118_search_trgm_indexes.sql:7: NOTICE:  extension "pg_trgm" already exists, skipping
psql:/canonical-migrations/0193_maintenance_gaps.sql:136: NOTICE:  identifier "equipment_maintenance_history_evidence_require_verified_snapshot" will be truncated to "equipment_maintenance_history_evidence_require_verified_snapsho"
psql:/canonical-migrations/0193_maintenance_gaps.sql:167: NOTICE:  identifier "equipment_maintenance_history_evidence_require_verified_snapshot" will be truncated to "equipment_maintenance_history_evidence_require_verified_snapsho"
psql:/canonical-migrations/0207_create_erasure_ledger.sql:131: NOTICE:  extension "pgcrypto" already exists, skipping
NOTICE:  topology.canonical_enforcement: examined 20 canonical tables [company_revisions,employee_person_bindings,employees,employment_heads,employment_revisions,employment_source_bindings,job_position_revisions,job_positions,org_unit_revisions,org_unit_source_bindings,org_units,organizations,payroll_disbursements,payroll_draft_lines,payroll_draft_runs,payroll_line_calculations,payroll_payslip_deliveries,payroll_run_exceptions,person_revisions,persons]
topology: seven application roles reconciled and verified
canonical-enforce: enforced on canonical_probe_50213, examined 20 tables [company_revisions,employee_person_bindings,employees,employment_heads,employment_revisions,employment_source_bindings,job_position_revisions,job_positions,org_unit_revisions,org_unit_source_bindings,org_units,organizations,payroll_disbursements,payroll_draft_lines,payroll_draft_runs,payroll_line_calculations,payroll_payslip_deliveries,payroll_run_exceptions,person_revisions,persons]
cargo-postgres: running 3 cargo test invocations (threads=1)
NOTICE:  topology.canonical_enforcement: examined 0 canonical tables []
topology: seven application roles reconciled and verified
NOTICE:  database "canonical_probe_50273" does not exist, skipping
NOTICE:  topology.canonical_enforcement: examined 0 canonical tables []
topology: seven application roles reconciled and verified
psql:/canonical-migrations/0023_coldstart_revoke_fixed_seed.sql:29: NOTICE:  extension "pgcrypto" already exists, skipping
psql:/canonical-migrations/0118_search_trgm_indexes.sql:7: NOTICE:  extension "pg_trgm" already exists, skipping
psql:/canonical-migrations/0193_maintenance_gaps.sql:136: NOTICE:  identifier "equipment_maintenance_history_evidence_require_verified_snapshot" will be truncated to "equipment_maintenance_history_evidence_require_verified_snapsho"
psql:/canonical-migrations/0193_maintenance_gaps.sql:167: NOTICE:  identifier "equipment_maintenance_history_evidence_require_verified_snapshot" will be truncated to "equipment_maintenance_history_evidence_require_verified_snapsho"
psql:/canonical-migrations/0207_create_erasure_ledger.sql:131: NOTICE:  extension "pgcrypto" already exists, skipping
NOTICE:  topology.canonical_enforcement: examined 20 canonical tables [company_revisions,employee_person_bindings,employees,employment_heads,employment_revisions,employment_source_bindings,job_position_revisions,job_positions,org_unit_revisions,org_unit_source_bindings,org_units,organizations,payroll_disbursements,payroll_draft_lines,payroll_draft_runs,payroll_line_calculations,payroll_payslip_deliveries,payroll_run_exceptions,person_revisions,persons]
topology: seven application roles reconciled and verified
canonical-enforce: enforced on canonical_probe_50273, examined 20 tables [company_revisions,employee_person_bindings,employees,employment_heads,employment_revisions,employment_source_bindings,job_position_revisions,job_positions,org_unit_revisions,org_unit_source_bindings,org_units,organizations,payroll_disbursements,payroll_draft_lines,payroll_draft_runs,payroll_line_calculations,payroll_payslip_deliveries,payroll_run_exceptions,person_revisions,persons]
cargo-postgres: running 1 cargo test invocations (threads=1)
cargo-postgres: building packages...
[1m[92m   Compiling[0m console-platform-auth v0.1.0 (/private/tmp/console-client-release-20260919/backend/crates/platform/auth)
[1m[92m    Finished[0m ]8;;https://doc.rust-lang.org/cargo/reference/profiles.html#default-profiles\`test` profile [unoptimized + debuginfo]]8;;\ target(s) in 21.77s
[1m[92m  Executable[0m unittests src/lib.rs (/private/tmp/console-rust1981-owner-target/debug/deps/console_platform_auth-b228142d7f75f781)
[1m[92m  Executable[0m tests/auth7_legacy_projection.rs (/private/tmp/console-rust1981-owner-target/debug/deps/auth7_legacy_projection-b433d3368775cb3d)
[1m[92m  Executable[0m tests/jwt_es256.rs (/private/tmp/console-rust1981-owner-target/debug/deps/jwt_es256-89a00ac658287ad7)
[1m[92m  Executable[0m tests/jwt_verifier.rs (/private/tmp/console-rust1981-owner-target/debug/deps/jwt_verifier-2f473b4f3495879e)
[1m[92m  Executable[0m tests/refresh_tokens.rs (/private/tmp/console-rust1981-owner-target/debug/deps/refresh_tokens-883395e6bd309de6)
[1m[92m  Executable[0m tests/webauthn_ceremony.rs (/private/tmp/console-rust1981-owner-target/debug/deps/webauthn_ceremony-207dfa00526b62bc)
[1m[92m  Executable[0m tests/webauthn_ceremony_replay.rs (/private/tmp/console-rust1981-owner-target/debug/deps/webauthn_ceremony_replay-a3961dcce7ba5020)
[1m[92m  Executable[0m tests/webauthn_registration_deactivated_user.rs (/private/tmp/console-rust1981-owner-target/debug/deps/webauthn_registration_deactivated_user-bcbc6ccbe6326c6c)
[1m[92m  Executable[0m tests/well_known.rs (/private/tmp/console-rust1981-owner-target/debug/deps/well_known-b3db07ad741eafbf)
cargo-postgres: === platform-auth-auth7-legacy-projection-pg ===
cargo-postgres: cargo test --locked --manifest-path backend/Cargo.toml -p console-platform-auth --test auth7_legacy_projection -- --test-threads=1
[1m[92m    Finished[0m ]8;;https://doc.rust-lang.org/cargo/reference/profiles.html#default-profiles\`test` profile [unoptimized + debuginfo]]8;;\ target(s) in 0.17s
[1m[92m     Running[0m tests/auth7_legacy_projection.rs (/private/tmp/console-rust1981-owner-target/debug/deps/auth7_legacy_projection-b433d3368775cb3d)

running 9 tests
test audit_all_sixteen_templates_preserve_every_current_column_and_time_value ... ok
test audit_execute_is_auth_only_and_auth_has_no_raw_audit_table_capability ... ok
test audit_rejects_extra_fields_types_targets_identity_anonymous_and_metadata_channels ... ok
test committed_fence_refuses_self_reads_but_clears_only_directory_legacy_flag ... ok
test credential_mutation_and_audit_append_roll_back_in_the_same_auth_transaction ... ok
test empty_credential_reads_refuse_null_or_missing_fence_and_recover_exactly ... ok
test one_statement_snapshot_survives_mid_read_fence_then_next_statement_refuses ... ok
test projections_preserve_empty_present_unused_and_nonself_without_private_state ... ok
test projections_take_no_company_user_or_account_row_locks ... ok

test result: ok. 9 passed; 0 failed; 0 ignored; 0 measured; 0 filtered out; finished in 51.36s

cargo-postgres-timing: {"name": "platform-auth-auth7-legacy-projection-pg", "package": "console-platform-auth", "seconds": 52.682, "shard": "", "status": "pass"}

cargo-postgres: summary
  PASS  platform-auth-auth7-legacy-projection-pg
cargo-postgres: 1 passed, 0 failed
cargo-postgres: all 1 invocations passed
cargo-postgres: cluster PASS platform-auth-auth7-legacy-projection-pg
NOTICE:  topology.canonical_enforcement: examined 0 canonical tables []
topology: seven application roles reconciled and verified
NOTICE:  database "canonical_probe_50743" does not exist, skipping
NOTICE:  topology.canonical_enforcement: examined 0 canonical tables []
topology: seven application roles reconciled and verified
psql:/canonical-migrations/0023_coldstart_revoke_fixed_seed.sql:29: NOTICE:  extension "pgcrypto" already exists, skipping
psql:/canonical-migrations/0118_search_trgm_indexes.sql:7: NOTICE:  extension "pg_trgm" already exists, skipping
psql:/canonical-migrations/0193_maintenance_gaps.sql:136: NOTICE:  identifier "equipment_maintenance_history_evidence_require_verified_snapshot" will be truncated to "equipment_maintenance_history_evidence_require_verified_snapsho"
psql:/canonical-migrations/0193_maintenance_gaps.sql:167: NOTICE:  identifier "equipment_maintenance_history_evidence_require_verified_snapshot" will be truncated to "equipment_maintenance_history_evidence_require_verified_snapsho"
psql:/canonical-migrations/0207_create_erasure_ledger.sql:131: NOTICE:  extension "pgcrypto" already exists, skipping
NOTICE:  topology.canonical_enforcement: examined 20 canonical tables [company_revisions,employee_person_bindings,employees,employment_heads,employment_revisions,employment_source_bindings,job_position_revisions,job_positions,org_unit_revisions,org_unit_source_bindings,org_units,organizations,payroll_disbursements,payroll_draft_lines,payroll_draft_runs,payroll_line_calculations,payroll_payslip_deliveries,payroll_run_exceptions,person_revisions,persons]
topology: seven application roles reconciled and verified
canonical-enforce: enforced on canonical_probe_50743, examined 20 tables [company_revisions,employee_person_bindings,employees,employment_heads,employment_revisions,employment_source_bindings,job_position_revisions,job_positions,org_unit_revisions,org_unit_source_bindings,org_units,organizations,payroll_disbursements,payroll_draft_lines,payroll_draft_runs,payroll_line_calculations,payroll_payslip_deliveries,payroll_run_exceptions,person_revisions,persons]
cargo-postgres: running 2 cargo test invocations (threads=1)
cargo-postgres: building packages...
[1m[33mwarning[0m[1m: linker stderr: ld: __eh_frame section too large (max 16MB) to encode dwarf unwind offsets in compact unwind table, performance of exception handling might be affected[0m
  [1m[94m|[0m
  [1m[94m= [0m[1mnote[0m: `#[warn(linker_messages)]` on by default

[1m[33mwarning[0m: `console-app` (bin "console-app") generated 1 warning
[1m[33mwarning[0m: `console-app` (test "hr_attendance_manager_scope") generated 1 warning (1 duplicate)
[1m[33mwarning[0m: `console-app` (test "workflow_four_eyes_publish") generated 1 warning (1 duplicate)
[1m[33mwarning[0m: `console-app` (test "finance_gl_voucher_sod") generated 1 warning (1 duplicate)
[1m[33mwarning[0m: `console-app` (test "registry_api") generated 1 warning (1 duplicate)
[1m[33mwarning[0m: `console-app` (test "object_resolve_api") generated 1 warning (1 duplicate)
[1m[33mwarning[0m: `console-app` (test "object_ontology_api") generated 1 warning (1 duplicate)
[1m[33mwarning[0m: `console-app` (test "attendance_persona_api") generated 1 warning (1 duplicate)
[1m[33mwarning[0m: `console-app` (test "workflow_object_context_api") generated 1 warning (1 duplicate)
[1m[33mwarning[0m: `console-app` (test "compliance_api") generated 1 warning (1 duplicate)
[1m[33mwarning[0m: `console-app` (test "board_ack_api") generated 1 warning (1 duplicate)
[1m[33mwarning[0m: `console-app` (test "intelligence_bind") generated 1 warning (1 duplicate)
[1m[33mwarning[0m: `console-app` (test "org_change_api") generated 1 warning (1 duplicate)
[1m[33mwarning[0m: `console-app` (test "mobile_api") generated 1 warning (1 duplicate)
[1m[33mwarning[0m: `console-app` (test "field_visit_api") generated 1 warning (1 duplicate)
[1m[33mwarning[0m: `console-app` (test "workflow_runtime_instance_api") generated 1 warning (1 duplicate)
[1m[33mwarning[0m: `console-app` (test "facilities_pilot_story") generated 1 warning (1 duplicate)
[1m[33mwarning[0m: `console-app` (test "notif_routing_api") generated 1 warning (1 duplicate)
[1m[33mwarning[0m: `console-app` (test "hr_ingest_checklist_gate") generated 1 warning (1 duplicate)
[1m[33mwarning[0m: `console-app` (test "recruiting_pipeline_api") generated 1 warning (1 duplicate)
[1m[33mwarning[0m: `console-app` (test "persona_ess_http") generated 1 warning (1 duplicate)
[1m[33mwarning[0m: `console-app` (test "router_layers") generated 1 warning (1 duplicate)
[1m[33mwarning[0m: `console-app` (test "well_known") generated 1 warning (1 duplicate)
[1m[33mwarning[0m: `console-app` (test "benefit_catalog_api") generated 1 warning (1 duplicate)
[1m[33mwarning[0m: `console-app` (test "consulting_engagement_api") generated 1 warning (1 duplicate)
[1m[33mwarning[0m: `console-app` (test "workorder_api") generated 1 warning (1 duplicate)
[1m[33mwarning[0m: `console-app` (test "search_api") generated 1 warning (1 duplicate)
[1m[33mwarning[0m: `console-app` (test "audit_api") generated 1 warning (1 duplicate)
[1m[33mwarning[0m: `console-app` (test "console_route_telemetry") generated 1 warning (1 duplicate)
[1m[33mwarning[0m: `console-app` (test "console_kill_switch") generated 1 warning (1 duplicate)
[1m[33mwarning[0m: `console-app` (test "workflow_object_kind_dynamics") generated 1 warning (1 duplicate)
[1m[33mwarning[0m: `console-app` (test "platform_onboarding_e2e") generated 1 warning (1 duplicate)
[1m[33mwarning[0m: `console-app` (test "object_graph_api") generated 1 warning (1 duplicate)
[1m[33mwarning[0m: `console-app` (test "maintenance_chain_api") generated 1 warning (1 duplicate)
[1m[33mwarning[0m: `console-app` (test "submittable_definitions_api") generated 1 warning (1 duplicate)
[1m[33mwarning[0m: `console-app` (test "notifications_api") generated 1 warning (1 duplicate)
[1m[33mwarning[0m: `console-app` (test "evaluation_cycle_api") generated 1 warning (1 duplicate)
[1m[33mwarning[0m: `console-app` (test "workflow_runtime_finalize_api") generated 1 warning (1 duplicate)
[1m[33mwarning[0m: `console-app` (test "auth_rest") generated 1 warning (1 duplicate)
[1m[33mwarning[0m: `console-app` (test "realtime_ws") generated 1 warning (1 duplicate)
[1m[33mwarning[0m: `console-app` (test "health_readiness") generated 1 warning (1 duplicate)
[1m[33mwarning[0m: `console-app` (test "action_inbox_api") generated 1 warning (1 duplicate)
[1m[33mwarning[0m: `console-app` (test "object_links_api") generated 1 warning (1 duplicate)
[1m[33mwarning[0m: `console-app` (test "purchase_request_collection_api") generated 1 warning (1 duplicate)
[1m[33mwarning[0m: `console-app` (test "hr_people_create_api") generated 1 warning (1 duplicate)
[1m[33mwarning[0m: `console-app` (test "workbench_native_api") generated 1 warning (1 duplicate)
[1m[33mwarning[0m: `console-app` (test "dispatch_pipeline_api") generated 1 warning (1 duplicate)
[1m[33mwarning[0m: `console-app` (test "compliance_catalog_api") generated 1 warning (1 duplicate)
[1m[33mwarning[0m: `console-app` (test "workflow_run_read_surface") generated 1 warning (1 duplicate)
[1m[33mwarning[0m: `console-app` (test "logistics_pilot_story") generated 1 warning (1 duplicate)
[1m[33mwarning[0m: `console-app` (test "tenant_context_e2e") generated 1 warning (1 duplicate)
[1m[33mwarning[0m: `console-app` (test "equipment_3r_api") generated 1 warning (1 duplicate)
[1m[33mwarning[0m: `console-app` (test "hr_attendance_self_read") generated 1 warning (1 duplicate)
[1m[92m    Finished[0m ]8;;https://doc.rust-lang.org/cargo/reference/profiles.html#default-profiles\`test` profile [unoptimized + debuginfo]]8;;\ target(s) in 0.43s
[1m[33mwarning[0m: the following packages contain code that will be rejected by a future version of Rust: proc-macro-error2 v2.0.1
[1m[92mnote[0m: to see what the problems were, use the option `--future-incompat-report`, or run `cargo report future-incompatibilities --id 1`
[1m[92m  Executable[0m unittests src/lib.rs (/private/tmp/console-rust1981-owner-target/debug/deps/console_app-cd8cc61804be2ef1)
[1m[92m  Executable[0m unittests src/main.rs (/private/tmp/console-rust1981-owner-target/debug/deps/console_app-9e9036dbe46fdf31)
[1m[92m  Executable[0m unittests src/bin/console_cedar_parity_report.rs (/private/tmp/console-rust1981-owner-target/debug/deps/console_cedar_parity_report-145ad9c7074ce61c)
[1m[92m  Executable[0m unittests src/bin/console_deployment_operator.rs (/private/tmp/console-rust1981-owner-target/debug/deps/console_deployment_operator-07b966d6e24143cc)
[1m[92m  Executable[0m tests/account_migration.rs (/private/tmp/console-rust1981-owner-target/debug/deps/account_migration-6b544f3e38f60815)
[1m[92m  Executable[0m tests/action_inbox_api.rs (/private/tmp/console-rust1981-owner-target/debug/deps/action_inbox_api-22a6e187ae950456)
[1m[92m  Executable[0m tests/attendance_persona_api.rs (/private/tmp/console-rust1981-owner-target/debug/deps/attendance_persona_api-4bb2ae3b6e21c51f)
[1m[92m  Executable[0m tests/audit_api.rs (/private/tmp/console-rust1981-owner-target/debug/deps/audit_api-294ad3d144758f0e)
[1m[92m  Executable[0m tests/auth_rest.rs (/private/tmp/console-rust1981-owner-target/debug/deps/auth_rest-a7c214d310a8f5c1)
[1m[92m  Executable[0m tests/benefit_catalog_api.rs (/private/tmp/console-rust1981-owner-target/debug/deps/benefit_catalog_api-2dadab0a41b41505)
[1m[92m  Executable[0m tests/board_ack_api.rs (/private/tmp/console-rust1981-owner-target/debug/deps/board_ack_api-deb138e74a54d677)
[1m[92m  Executable[0m tests/cedar_freshness_mint.rs (/private/tmp/console-rust1981-owner-target/debug/deps/cedar_freshness_mint-b1923790de0169d4)
[1m[92m  Executable[0m tests/cedar_parity_shadow.rs (/private/tmp/console-rust1981-owner-target/debug/deps/cedar_parity_shadow-112ff9fd7965d259)
[1m[92m  Executable[0m tests/cedar_shadow_role_manage.rs (/private/tmp/console-rust1981-owner-target/debug/deps/cedar_shadow_role_manage-1e653653bda0fec3)
[1m[92m  Executable[0m tests/compliance_api.rs (/private/tmp/console-rust1981-owner-target/debug/deps/compliance_api-33e4ea22a281c952)
[1m[92m  Executable[0m tests/compliance_catalog_api.rs (/private/tmp/console-rust1981-owner-target/debug/deps/compliance_catalog_api-5e9e255bd33b8cae)
[1m[92m  Executable[0m tests/config.rs (/private/tmp/console-rust1981-owner-target/debug/deps/config-0d3e3370e6a7e32e)
[1m[92m  Executable[0m tests/console_kill_switch.rs (/private/tmp/console-rust1981-owner-target/debug/deps/console_kill_switch-5c1f73f31dfe9b61)
[1m[92m  Executable[0m tests/console_route_telemetry.rs (/private/tmp/console-rust1981-owner-target/debug/deps/console_route_telemetry-8e91530058af3c21)
[1m[92m  Executable[0m tests/consulting_engagement_api.rs (/private/tmp/console-rust1981-owner-target/debug/deps/consulting_engagement_api-27e39653727a245c)
[1m[92m  Executable[0m tests/dev_auth_persona_guard.rs (/private/tmp/console-rust1981-owner-target/debug/deps/dev_auth_persona_guard-5cd6db207bb656ef)
[1m[92m  Executable[0m tests/dev_auth_persona_guard_feature.rs (/private/tmp/console-rust1981-owner-target/debug/deps/dev_auth_persona_guard_feature-d061a92246c375d1)
[1m[92m  Executable[0m tests/dev_seed_notification_links.rs (/private/tmp/console-rust1981-owner-target/debug/deps/dev_seed_notification_links-850c947c98bb73f8)
[1m[92m  Executable[0m tests/dispatch_pipeline_api.rs (/private/tmp/console-rust1981-owner-target/debug/deps/dispatch_pipeline_api-20b865a995871fe5)
[1m[92m  Executable[0m tests/equipment_3r_api.rs (/private/tmp/console-rust1981-owner-target/debug/deps/equipment_3r_api-dff75550656bca12)
[1m[92m  Executable[0m tests/evaluation_cycle_api.rs (/private/tmp/console-rust1981-owner-target/debug/deps/evaluation_cycle_api-588e3254b547c2db)
[1m[92m  Executable[0m tests/facilities_pilot_story.rs (/private/tmp/console-rust1981-owner-target/debug/deps/facilities_pilot_story-4be6f246d9b8f5e3)
[1m[92m  Executable[0m tests/field_visit_api.rs (/private/tmp/console-rust1981-owner-target/debug/deps/field_visit_api-ad20c983228fe94a)
[1m[92m  Executable[0m tests/finance_gl_voucher_sod.rs (/private/tmp/console-rust1981-owner-target/debug/deps/finance_gl_voucher_sod-880bd67e9866c348)
[1m[92m  Executable[0m tests/health_readiness.rs (/private/tmp/console-rust1981-owner-target/debug/deps/health_readiness-9026b9f9e48b94af)
[1m[92m  Executable[0m tests/hr_attendance_manager_scope.rs (/private/tmp/console-rust1981-owner-target/debug/deps/hr_attendance_manager_scope-3ccfbfd8ee5e64c7)
[1m[92m  Executable[0m tests/hr_attendance_self_read.rs (/private/tmp/console-rust1981-owner-target/debug/deps/hr_attendance_self_read-6937e0cb7a346711)
[1m[92m  Executable[0m tests/hr_ingest_checklist_gate.rs (/private/tmp/console-rust1981-owner-target/debug/deps/hr_ingest_checklist_gate-cefbf8ea88e0ea12)
[1m[92m  Executable[0m tests/hr_people_create_api.rs (/private/tmp/console-rust1981-owner-target/debug/deps/hr_people_create_api-d357752e5859ef1c)
[1m[92m  Executable[0m tests/intelligence_bind.rs (/private/tmp/console-rust1981-owner-target/debug/deps/intelligence_bind-2848960282575bac)
[1m[92m  Executable[0m tests/logistics_pilot_story.rs (/private/tmp/console-rust1981-owner-target/debug/deps/logistics_pilot_story-ead2d95d026a98af)
[1m[92m  Executable[0m tests/m2_real_engine_drive.rs (/private/tmp/console-rust1981-owner-target/debug/deps/m2_real_engine_drive-1a32813d0615eda4)
[1m[92m  Executable[0m tests/maintenance_chain_api.rs (/private/tmp/console-rust1981-owner-target/debug/deps/maintenance_chain_api-862334737244b194)
[1m[92m  Executable[0m tests/mobile_api.rs (/private/tmp/console-rust1981-owner-target/debug/deps/mobile_api-58702c9736fb28c6)
[1m[92m  Executable[0m tests/notif_routing_api.rs (/private/tmp/console-rust1981-owner-target/debug/deps/notif_routing_api-57981d51aefe17eb)
[1m[92m  Executable[0m tests/notifications_api.rs (/private/tmp/console-rust1981-owner-target/debug/deps/notifications_api-a27ebb480841ec3b)
[1m[92m  Executable[0m tests/object_graph_api.rs (/private/tmp/console-rust1981-owner-target/debug/deps/object_graph_api-4c4b455963c5944e)
[1m[92m  Executable[0m tests/object_links_api.rs (/private/tmp/console-rust1981-owner-target/debug/deps/object_links_api-a9379d888569c76a)
[1m[92m  Executable[0m tests/object_ontology_api.rs (/private/tmp/console-rust1981-owner-target/debug/deps/object_ontology_api-fb81d164d41b1df2)
[1m[92m  Executable[0m tests/object_resolve_api.rs (/private/tmp/console-rust1981-owner-target/debug/deps/object_resolve_api-888ea274f640b674)
[1m[92m  Executable[0m tests/office_versions.rs (/private/tmp/console-rust1981-owner-target/debug/deps/office_versions-b011e2aa247c456e)
[1m[92m  Executable[0m tests/openapi_drift.rs (/private/tmp/console-rust1981-owner-target/debug/deps/openapi_drift-c8ecc2860532140f)
[1m[92m  Executable[0m tests/openslo_files.rs (/private/tmp/console-rust1981-owner-target/debug/deps/openslo_files-ff7d6ea4dec22906)
[1m[92m  Executable[0m tests/org_change_api.rs (/private/tmp/console-rust1981-owner-target/debug/deps/org_change_api-6af95266d097afc2)
[1m[92m  Executable[0m tests/persona_ess_http.rs (/private/tmp/console-rust1981-owner-target/debug/deps/persona_ess_http-0bf8c946128901b4)
[1m[92m  Executable[0m tests/platform_onboarding_e2e.rs (/private/tmp/console-rust1981-owner-target/debug/deps/platform_onboarding_e2e-50b9478beb20261f)
[1m[92m  Executable[0m tests/purchase_request_collection_api.rs (/private/tmp/console-rust1981-owner-target/debug/deps/purchase_request_collection_api-3eb342fc8bae9d4c)
[1m[92m  Executable[0m tests/realtime_ws.rs (/private/tmp/console-rust1981-owner-target/debug/deps/realtime_ws-ed15b968de5b5e61)
[1m[92m  Executable[0m tests/recruiting_pipeline_api.rs (/private/tmp/console-rust1981-owner-target/debug/deps/recruiting_pipeline_api-7b38f14e7257fc4f)
[1m[92m  Executable[0m tests/registry_api.rs (/private/tmp/console-rust1981-owner-target/debug/deps/registry_api-afda823af80a380a)
[1m[92m  Executable[0m tests/router_layers.rs (/private/tmp/console-rust1981-owner-target/debug/deps/router_layers-0439a59d491585b2)
[1m[92m  Executable[0m tests/search_api.rs (/private/tmp/console-rust1981-owner-target/debug/deps/search_api-a13691ba61111e62)
[1m[92m  Executable[0m tests/submittable_definitions_api.rs (/private/tmp/console-rust1981-owner-target/debug/deps/submittable_definitions_api-52c33e6752df767f)
[1m[92m  Executable[0m tests/tenant_context_e2e.rs (/private/tmp/console-rust1981-owner-target/debug/deps/tenant_context_e2e-2ebc346f909877d4)
[1m[92m  Executable[0m tests/well_known.rs (/private/tmp/console-rust1981-owner-target/debug/deps/well_known-19a7018a29223f49)
[1m[92m  Executable[0m tests/workbench_api.rs (/private/tmp/console-rust1981-owner-target/debug/deps/workbench_api-fa2ab240af85d516)
[1m[92m  Executable[0m tests/workbench_native_api.rs (/private/tmp/console-rust1981-owner-target/debug/deps/workbench_native_api-d0c1ffecd2ce75da)
[1m[92m  Executable[0m tests/workflow_automation_triggers.rs (/private/tmp/console-rust1981-owner-target/debug/deps/workflow_automation_triggers-32a72de9de0af284)
[1m[92m  Executable[0m tests/workflow_dynamics_branch.rs (/private/tmp/console-rust1981-owner-target/debug/deps/workflow_dynamics_branch-e085ca0c94ed7928)
[1m[92m  Executable[0m tests/workflow_four_eyes_publish.rs (/private/tmp/console-rust1981-owner-target/debug/deps/workflow_four_eyes_publish-6d5b12afda023830)
[1m[92m  Executable[0m tests/workflow_object_context_api.rs (/private/tmp/console-rust1981-owner-target/debug/deps/workflow_object_context_api-469a4a5d6debae4b)
[1m[92m  Executable[0m tests/workflow_object_kind_dynamics.rs (/private/tmp/console-rust1981-owner-target/debug/deps/workflow_object_kind_dynamics-0cb21ab337adc64e)
[1m[92m  Executable[0m tests/workflow_run_read_surface.rs (/private/tmp/console-rust1981-owner-target/debug/deps/workflow_run_read_surface-ce558810566e2ce7)
[1m[92m  Executable[0m tests/workflow_runtime_finalize_api.rs (/private/tmp/console-rust1981-owner-target/debug/deps/workflow_runtime_finalize_api-0940b5d4432b0b61)
[1m[92m  Executable[0m tests/workflow_runtime_instance_api.rs (/private/tmp/console-rust1981-owner-target/debug/deps/workflow_runtime_instance_api-8998936626b8a34b)
[1m[92m  Executable[0m tests/workorder_api.rs (/private/tmp/console-rust1981-owner-target/debug/deps/workorder_api-815ea44dc1c14ecd)
cargo-postgres: === legacy-passkey-suite ===
cargo-postgres: cargo test --locked --manifest-path backend/Cargo.toml -p console-app --test auth_rest legacy_bound_passkey_reads:: -- --nocapture --test-threads=1
[1m[33mwarning[0m[1m: linker stderr: ld: __eh_frame section too large (max 16MB) to encode dwarf unwind offsets in compact unwind table, performance of exception handling might be affected[0m
  [1m[94m|[0m
  [1m[94m= [0m[1mnote[0m: `#[warn(linker_messages)]` on by default

[1m[33mwarning[0m: `console-app` (bin "console-app") generated 1 warning
[1m[33mwarning[0m: `console-app` (test "auth_rest") generated 1 warning (1 duplicate)
[1m[92m    Finished[0m ]8;;https://doc.rust-lang.org/cargo/reference/profiles.html#default-profiles\`test` profile [unoptimized + debuginfo]]8;;\ target(s) in 0.37s
[1m[33mwarning[0m: the following packages contain code that will be rejected by a future version of Rust: proc-macro-error2 v2.0.1
[1m[92mnote[0m: to see what the problems were, use the option `--future-incompat-report`, or run `cargo report future-incompatibilities --id 1`
[1m[92m     Running[0m tests/auth_rest.rs (/private/tmp/console-rust1981-owner-target/debug/deps/auth_rest-a7c214d310a8f5c1)

running 23 tests
test legacy_bound_passkey_reads::availability::absent_auth_pool_keeps_pure_invalid_token_refusal_and_valid_unavailability ... ok
test legacy_bound_passkey_reads::disclosure_oracle_rejects_body_header_echo_and_cookie ... ok
test legacy_bound_passkey_reads::extended::bound_signed_times_and_historical_expiry_use_fresh_strict_checks ... ok
test legacy_bound_passkey_reads::extended::exact_unknown_cross_subject_cross_home_and_native_families_refuse ... ok
test legacy_bound_passkey_reads::extended::existing_server_family_ttl_limits_bound_access_without_rewriting_family ... ok
test legacy_bound_passkey_reads::extended::explicit_derived_shapes_refuse_even_with_live_sibling_family ... ok
test legacy_bound_passkey_reads::extended::historical_platform_self_stays_compatible_but_new_bound_platform_refuses ... ok
test legacy_bound_passkey_reads::extended::histories::bound_expiry_is_rechecked_after_observed_projection_wait ... ok
test legacy_bound_passkey_reads::extended::histories::bound_expiry_is_rechecked_after_observed_subject_wait ... ok
test legacy_bound_passkey_reads::extended::histories::family_deadline_is_rechecked_after_observed_projection_wait ... ok
test legacy_bound_passkey_reads::extended::histories::historical_expiry_is_rechecked_after_observed_projection_wait ... ok
test legacy_bound_passkey_reads::extended::histories::independent_company_read_progresses_while_actual_subject_guard_is_held ... ok
test legacy_bound_passkey_reads::extended::histories::reader_first_retains_subject_and_exact_family_guards_through_projection ... ok
test legacy_bound_passkey_reads::extended::histories::revoker_first_commits_before_waiting_reader_rechecks_exact_family ... ok
test legacy_bound_passkey_reads::extended::inactive_or_fenced_current_self_refuses_with_unchanged_credentials ... ok
test legacy_bound_passkey_reads::extended::malformed_present_binding_never_falls_back_to_historical_access ... ok
test legacy_bound_passkey_reads::extended::missing_actual_projection_returns_503_preserves_rows_and_recovers ... ok
test legacy_bound_passkey_reads::extended::rotation_keeps_exact_family_access_but_real_refresh_reuse_revokes_it ... ok
test legacy_bound_passkey_reads::extended::self_security_read_survives_role_changes_and_company_suspension ... ok
test legacy_bound_passkey_reads::logout_audit_oracle_rejects_missing_extra_and_corrupted_fields ... ok
test legacy_bound_passkey_reads::privacy_oracle_rejects_omitted_changed_and_duplicate_fields ... ok
test legacy_bound_passkey_reads::revoked_exact_family_cannot_read_or_borrow_live_sibling ... ok
test legacy_bound_passkey_reads::success_and_errors_have_local_private_headers ... ok

test result: ok. 23 passed; 0 failed; 0 ignored; 0 measured; 402 filtered out; finished in 214.58s

cargo-postgres-timing: {"name": "legacy-passkey-suite", "package": "console-app", "seconds": 215.014, "shard": "", "status": "pass"}
cargo-postgres: === platform-list-retained-company-transition ===
cargo-postgres: cargo test --locked --manifest-path backend/Cargo.toml -p console-app --test auth_rest eligibility_transition:: -- --nocapture --test-threads=1
[1m[33mwarning[0m[1m: linker stderr: ld: __eh_frame section too large (max 16MB) to encode dwarf unwind offsets in compact unwind table, performance of exception handling might be affected[0m
  [1m[94m|[0m
  [1m[94m= [0m[1mnote[0m: `#[warn(linker_messages)]` on by default

[1m[33mwarning[0m: `console-app` (bin "console-app") generated 1 warning
[1m[33mwarning[0m: `console-app` (test "auth_rest") generated 1 warning (1 duplicate)
[1m[92m    Finished[0m ]8;;https://doc.rust-lang.org/cargo/reference/profiles.html#default-profiles\`test` profile [unoptimized + debuginfo]]8;;\ target(s) in 0.33s
[1m[33mwarning[0m: the following packages contain code that will be rejected by a future version of Rust: proc-macro-error2 v2.0.1
[1m[92mnote[0m: to see what the problems were, use the option `--future-incompat-report`, or run `cargo report future-incompatibilities --id 1`
[1m[92m     Running[0m tests/auth_rest.rs (/private/tmp/console-rust1981-owner-target/debug/deps/auth_rest-a7c214d310a8f5c1)

running 6 tests
test account_browser::audit_account_transition::business_session_transition::eligibility_transition::corrupt_designation_target_or_missing_receipt_is_unavailable_not_ineligible ... ok
test account_browser::audit_account_transition::business_session_transition::eligibility_transition::eligibility_addition_oracle_rejects_missing_extra_modified_and_stale_evidence ... 
thread 'account_browser::audit_account_transition::business_session_transition::eligibility_transition::eligibility_addition_oracle_rejects_missing_extra_modified_and_stale_evidence' (67844989) panicked at app/tests/auth_rest/audit_company_eligibility_transition.rs:169:13:
assertion `left == right` failed
  left: 1
 right: 2
note: run with `RUST_BACKTRACE=1` environment variable to display a backtrace

thread 'account_browser::audit_account_transition::business_session_transition::eligibility_transition::eligibility_addition_oracle_rejects_missing_extra_modified_and_stale_evidence' (67844989) panicked at app/tests/auth_rest/audit_company_eligibility_transition.rs:169:13:
assertion `left == right` failed
  left: 3
 right: 2

thread 'account_browser::audit_account_transition::business_session_transition::eligibility_transition::eligibility_addition_oracle_rejects_missing_extra_modified_and_stale_evidence' (67844989) panicked at app/tests/auth_rest/audit_company_eligibility_transition.rs:173:13:
assertion failed: strip_checked_one(left, right, allowed) == *left

thread 'account_browser::audit_account_transition::business_session_transition::eligibility_transition::eligibility_addition_oracle_rejects_missing_extra_modified_and_stale_evidence' (67844989) panicked at app/tests/auth_rest/audit_company_eligibility_transition.rs:169:13:
assertion `left == right` failed
  left: 1
 right: 2

thread 'account_browser::audit_account_transition::business_session_transition::eligibility_transition::eligibility_addition_oracle_rejects_missing_extra_modified_and_stale_evidence' (67844989) panicked at app/tests/auth_rest/audit_company_eligibility_transition.rs:169:13:
assertion `left == right` failed
  left: 3
 right: 2

thread 'account_browser::audit_account_transition::business_session_transition::eligibility_transition::eligibility_addition_oracle_rejects_missing_extra_modified_and_stale_evidence' (67844989) panicked at app/tests/auth_rest/audit_company_eligibility_transition.rs:118:9:
assertion `left == right` failed: missing/altered/duplicate vetted addition
  left: 0
 right: 1

thread 'account_browser::audit_account_transition::business_session_transition::eligibility_transition::eligibility_addition_oracle_rejects_missing_extra_modified_and_stale_evidence' (67844989) panicked at app/tests/auth_rest/audit_company_eligibility_transition.rs:112:9:
predecessor already had helper identity

thread 'account_browser::audit_account_transition::business_session_transition::eligibility_transition::eligibility_addition_oracle_rejects_missing_extra_modified_and_stale_evidence' (67844989) panicked at app/tests/auth_rest/audit_company_eligibility_transition.rs:111:9:
assertion failed: numeric > 0 && numeric.to_string() == id && addition["proname"] == NAME

thread 'account_browser::audit_account_transition::business_session_transition::eligibility_transition::eligibility_addition_oracle_rejects_missing_extra_modified_and_stale_evidence' (67844989) panicked at app/tests/auth_rest/audit_company_eligibility_transition.rs:173:13:
assertion failed: strip_checked_one(left, right, allowed) == *left
ok
test account_browser::audit_account_transition::business_session_transition::eligibility_transition::finalized_eligibility_body_acl_and_overload_drift_are_never_resealed ... ok
test account_browser::audit_account_transition::business_session_transition::eligibility_transition::initialized_observer_business_session_eligibility_upgrade_preserves_history ... 
thread 'account_browser::audit_account_transition::business_session_transition::eligibility_transition::initialized_observer_business_session_eligibility_upgrade_preserves_history' (67845334) panicked at app/tests/auth_rest/audit_company_eligibility_transition.rs:147:9:
assertion `left == right` failed
  left: 241
 right: 240
FAILED
test account_browser::audit_account_transition::business_session_transition::eligibility_transition::malformed_eligibility_helpers_refuse_without_repair_and_actual_install_is_atomic ... 
thread 'account_browser::audit_account_transition::business_session_transition::eligibility_transition::malformed_eligibility_helpers_refuse_without_repair_and_actual_install_is_atomic' (67845584) panicked at app/tests/auth_rest/audit_company_eligibility_transition.rs:147:9:
assertion `left == right` failed
  left: 240
 right: 239
FAILED
test account_browser::audit_account_transition::business_session_transition::eligibility_transition::populated_business_session_eligibility_upgrade_preserves_history_and_replays ... 
thread 'account_browser::audit_account_transition::business_session_transition::eligibility_transition::populated_business_session_eligibility_upgrade_preserves_history_and_replays' (67845907) panicked at app/tests/auth_rest/audit_company_eligibility_transition.rs:147:9:
assertion `left == right` failed
  left: 240
 right: 239
FAILED

failures:

failures:
    account_browser::audit_account_transition::business_session_transition::eligibility_transition::initialized_observer_business_session_eligibility_upgrade_preserves_history
    account_browser::audit_account_transition::business_session_transition::eligibility_transition::malformed_eligibility_helpers_refuse_without_repair_and_actual_install_is_atomic
    account_browser::audit_account_transition::business_session_transition::eligibility_transition::populated_business_session_eligibility_upgrade_preserves_history_and_replays

test result: FAILED. 3 passed; 3 failed; 0 ignored; 0 measured; 419 filtered out; finished in 67.27s

[1m[91merror[0m: test failed, to rerun pass `-p console-app --test auth_rest`
cargo-postgres-timing: {"name": "platform-list-retained-company-transition", "package": "console-app", "seconds": 67.676, "shard": "", "status": "fail"}

cargo-postgres: summary
  PASS  legacy-passkey-suite
  FAIL  platform-list-retained-company-transition
cargo-postgres: 1 passed, 1 failed
cargo-postgres: one or more invocations failed
cargo-postgres: cluster FAIL legacy-passkey-suite,platform-list-retained-company-transition
