▶ Cedar SDK identity workflow reachability
  ✖ domain-unit invokes the complete SDK identity binary and retains the existing Cedar invocations (6.326167ms)
  ✖ the static attribute baseline records the two existing SDK identity tests (1.072125ms)
  ✔ rejects nonexecuting and partial workflow claims (0.747875ms)
✖ Cedar SDK identity workflow reachability (8.654334ms)
ℹ tests 3
ℹ suites 1
ℹ pass 1
ℹ fail 2
ℹ cancelled 0
ℹ skipped 0
ℹ todo 0
ℹ duration_ms 49.480042

✖ failing tests:

test at scripts/check-executed-tests.test.mjs:169:3
✖ domain-unit invokes the complete SDK identity binary and retains the existing Cedar invocations (6.326167ms)
  AssertionError [ERR_ASSERTION]: domain-unit must execute cedar_sdk_identity once with the failure-collecting check_status
  
  0 !== 1
  
      at TestContext.<anonymous> (file:///private/tmp/console-client-release-20260919/scripts/check-executed-tests.test.mjs:171:12)
      at Test.runInAsyncScope (node:async_hooks:226:14)
      at Test.run (node:internal/test_runner/test:1397:25)
      at Test.start (node:internal/test_runner/test:1257:17)
      at node:internal/test_runner/test:1887:71
      at node:internal/per_context/primordials:504:82
      at new Promise (<anonymous>)
      at new SafePromise (node:internal/per_context/primordials:478:3)
      at node:internal/per_context/primordials:504:9
      at Array.map (<anonymous>) {
    generatedMessage: false,
    code: 'ERR_ASSERTION',
    actual: 0,
    expected: 1,
    operator: 'strictEqual',
    diff: 'simple'
  }

test at scripts/check-executed-tests.test.mjs:183:3
✖ the static attribute baseline records the two existing SDK identity tests (1.072125ms)
  AssertionError [ERR_ASSERTION]: reachable-source baseline must include both SDK identity tests; this is not runtime evidence
  
  undefined !== 2
  
      at TestContext.<anonymous> (file:///private/tmp/console-client-release-20260919/scripts/check-executed-tests.test.mjs:187:12)
      at Test.runInAsyncScope (node:async_hooks:226:14)
      at Test.run (node:internal/test_runner/test:1397:25)
      at Suite.processPendingSubtests (node:internal/test_runner/test:969:18)
      at Test.postRun (node:internal/test_runner/test:1537:19)
      at Test.run (node:internal/test_runner/test:1462:12)
      at async Promise.all (index 0)
      at async Suite.run (node:internal/test_runner/test:1889:7)
      at async startSubtestAfterBootstrap (node:internal/test_runner/harness:387:3) {
    generatedMessage: false,
    code: 'ERR_ASSERTION',
    actual: undefined,
    expected: 2,
    operator: 'strictEqual',
    diff: 'simple'
  }
