▶ CI preflight contract
  ✖ accepts the workflow's cheap preflight and protected expensive jobs (85.353834ms)
✖ CI preflight contract (86.29925ms)
ℹ tests 1
ℹ suites 1
ℹ pass 0
ℹ fail 1
ℹ cancelled 0
ℹ skipped 0
ℹ todo 0
ℹ duration_ms 133.459

✖ failing tests:

test at scripts/check-ci-preflight.test.mjs:826:3
✖ accepts the workflow's cheap preflight and protected expensive jobs (85.353834ms)
  AssertionError [ERR_ASSERTION]: Expected values to be strictly deep-equal:
  + actual - expected
  
  + [
  +   'domain-unit proof run step 2 must preserve its exact name, command, condition, and execution semantics'
  + ]
  - []
  
      at TestContext.<anonymous> (file:///private/tmp/console-client-release-20260919/scripts/check-ci-preflight.test.mjs:827:12)
      at Test.runInAsyncScope (node:async_hooks:226:14)
      at Test.run (node:internal/test_runner/test:1397:25)
      at Test.start (node:internal/test_runner/test:1257:17)
      at node:internal/test_runner/test:1887:71
      at node:internal/per_context/primordials:504:82
      at new Promise (<anonymous>)
      at new SafePromise (node:internal/per_context/primordials:478:3)
      at node:internal/per_context/primordials:504:9
      at Array.map (<anonymous>) {
    generatedMessage: true,
    code: 'ERR_ASSERTION',
    actual: [ 'domain-unit proof run step 2 must preserve its exact name, command, condition, and execution semantics' ],
    expected: [],
    operator: 'deepStrictEqual',
    diff: 'simple'
  }
