▶ CI preflight contract
  ✔ ignores an inherited alternate Git index (113.826333ms)
  ✔ isolates fixture Git from hostile external repository controls (94.228625ms)
  ✔ classifies docs-only narrowly and keeps unmapped or product paths heavy (0.487334ms)
  ✔ path-gates live Postgres like oyatie pg-gate (4.826166ms)
  ✔ resolves a merge group's diff range, and fails closed without its SHAs (0.211ms)
  ✔ classifies only the complete release metadata shape as thin (0.154292ms)
  ✔ empty successful changed-path list keeps runHeavy / non-docs-only (0.036875ms)
  ✔ lists rename sources so product→docs rename is not docs-only (72.831792ms)
  ✔ lists deletions so docs edit + product delete is mixed / runHeavy (68.376125ms)
  ✔ preserves exact Git pathname bytes so whitespace cannot alias a release path (63.560375ms)
  ✔ fails closed on malformed or non-UTF-8 NUL-delimited Git path output (0.18775ms)
  ✔ invokes Git with an exact NUL-delimited no-helper path inventory (0.083541ms)
  ✔ accepts the workflow's cheap preflight and protected expensive jobs (60.300958ms)
  ✔ locks Required / CI to the oyatie-style presubmit proofs (223.141917ms)
  ✔ keeps PostgreSQL reachability non-evaluated when preflight fails (51.56075ms)
  ✔ rejects every run-step condition, soft-failure, and retained-text early-exit bypass (6241.356084ms)
  ✔ rejects every setup-action condition and soft-failure bypass (1255.408459ms)
  ✔ locks every setup action's identity, inputs, totality, and interleaving (3689.187375ms)
  ✔ locks the setup-rust action body, which is now the only namer of a Rust version (31.367042ms)
  ✔ locks the candidate-controlled local free-runner-disk action body (31.759208ms)
  ✔ locks every required job's complete execution envelope (349.7245ms)
  ✔ locks the top-level trigger, permission, concurrency, and job-id envelope (68.905041ms)
  ✔ forbids push and pull-request path filters so every required context is created (67.255417ms)
  ✔ locks both reasoning-lens steps to one occurrence each, gated on npm ci (64.982917ms)
  ✔ rejects Buck2 jobs that do not bootstrap pinned DotSlash before invocation (15.8465ms)
  ✔ resolves the backend DotSlash bootstrap from its effective working directory (16.099ms)
  ✔ requires backend Buck2 commands to run from the repository root (47.664917ms)
  ✔ rejects CONSOLE_APP_BIN anywhere in the text-only API contract job (64.349416ms)
  ✔ rejects every GITHUB_ENV handoff surface in the API contract job (46.950792ms)
  ✔ rejects any build or executable surface added to the text-only API contract job (126.102667ms)
  ✔ rejects a duplicated platform contract drift gate (15.754834ms)
  ✔ accepts the text-only API contract surface (15.955458ms)
  ✔ rejects services and job-level environment on the text-only API contract (32.104459ms)
  ✔ requires backend DotSlash bootstrap before any Buck or DotSlash invocation (32.916ms)
  ✔ rejects a generated-face authority job without the complete closure (17.0375ms)
  ✔ requires the lock-sourced Reindeer toolchain before the full generated-face closure (99.40375ms)
  ✔ requires the pinned Rust toolchain before Cargo-dependent preflight tests (15.713083ms)
  ✔ requires a full-history checkout for fail-closed path classification (16.625459ms)
  ✔ keeps authority regressions without live C/T/M admission in general CI (94.495375ms)
  ✔ runs release metadata semantics, custody, and links on the exact thin boundary (111.088584ms)
  ✔ rejects omission and comment-only reachability regressions (94.013458ms)
  ✔ rejects conditional and continue-on-error reachability regressions (95.709916ms)
  ✔ rejects a preflight that does not run npm and Cargo lock consistency gates (36.00925ms)
  ✔ rejects a dependency missing from Cargo.lock while the clean lock passes (113.262625ms)
  ✔ rejects a preflight command that appears only in a comment (15.585584ms)
  ✔ rejects a required preflight step guarded by a condition (15.604834ms)
  ✔ rejects a required preflight step allowed to continue on error (15.551875ms)
  ✔ rejects any expensive job without the preflight dependency (82.662709ms)
  ✔ rejects failure-insensitive job-level conditions on protected jobs (172.747167ms)
  ✔ rejects job-level preflight failure bypasses (62.335334ms)
  ✔ rejects workflow-level environment and shell overrides (33.0705ms)
  ✔ locks exact job-level environment and defaults metadata (81.599208ms)
  ✔ rejects step environment injection across every protected proof class (140.578542ms)
  ✔ locks post-preflight Buck2 reachability targets and disallows added run surfaces (2736.492417ms)
  ✔ keeps both payroll release-gate halves reachable from domain-unit (106.499666ms)
  ✔ rejects non-executing or non-gating domain-unit command surfaces (139.954042ms)
  ✔ derives the ordered domain-unit integration inventory and checks its baseline (155.834084ms)
  ✔ preserves fail-fast backend ordering (31.985208ms)
  ✔ locks the company-conformance proof and its execution semantics (77.709416ms)
  ✔ locks the Kubernetes production-hardening proof (62.132542ms)
  ✔ fails closed when optimized gates or targets are commented, weakened, or duplicated (78.510708ms)
  ✔ keeps protected backend steps fail-slow and runs PR 473 contract tests before topology (46.909875ms)
  ✔ locks the documentation manifest gate and its doc-test to doc-link position (155.993041ms)
  ✔ locks the undeclared-imports gate step in repo-gates (15.994666ms)
  ✔ locks the request-body-contract gate step in repo-gates (30.969792ms)
  ✔ locks the console-app OpenAPI drift suite step in backend (47.823458ms)
✔ CI preflight contract (17969.558708ms)
✔ every mirrored CI run-step is classified (5.689958ms)
✔ hosted hardening dependency bootstrap is explicit and lifecycle-script free (0.286167ms)
✔ local verification mirrors release content proofs without deriving an authority train (0.245166ms)
✔ a new CI step that nobody classified fails the guard (2.143875ms)
✔ every CI job is declared mirrored or explicitly not mirrored (1.731959ms)
✔ Required / CI is orchestration-only while every leaf proof remains classified (1.399333ms)
✔ a whole new CI job that nobody declared fails the guard (1.26275ms)
✔ a declared job that CI no longer runs fails the guard (1.236459ms)
✔ a plan entry whose CI step disappeared fails the guard (1.044583ms)
✔ domain-unit is part of the local mirror (1.179917ms)
✔ the reasoning-lens manifest check is a fast-tier local gate (0.049875ms)
✔ PostgreSQL provisioning keeps generated credentials out of Docker argv (0.306292ms)
✔ secret-bearing temporary files are private at creation (0.4425ms)
✔ topology env assembly requires pairwise-distinct role credentials (0.118291ms)
✔ the topology script rejects duplicate role passwords before DB access (17.336333ms)
ℹ tests 81
ℹ suites 1
ℹ pass 81
ℹ fail 0
ℹ cancelled 0
ℹ skipped 0
ℹ todo 0
ℹ duration_ms 18022.957
